Reading Spago workspace configuration...

✓ Selecting package to build: sharpurs

Downloading dependencies...
Building...
[1 of 1] Compiling Spago.Generated.BuildInfo
           Src   Lib   All
Warnings     0     0     0
Errors       0     0     0

✓ Build succeeded.

Reading Spago workspace configuration...

✓ Selecting package to build: sharpurs

Downloading dependencies...
Building...
           Src   Lib   All
Warnings     0     0     0
Errors       0     0     0

✓ Build succeeded.

Bundling...

  bin/sharpurs.js  948.0kb

⚡ Done in 24ms

✓ Bundle succeeded.

Reading Spago workspace configuration...

✓ Selecting package to build: ps-cs-test

Downloading dependencies...
Building...
[  1 of 299] Compiling Unsafe.Coerce
[  3 of 299] Compiling Type.Proxy
[  2 of 299] Compiling Type.Equality
[  4 of 299] Compiling Spago.Generated.BuildInfo
[  5 of 299] Compiling Partial
[  6 of 299] Compiling Data.Int.Bits
[  7 of 299] Compiling Record.Unsafe
[  8 of 299] Compiling Data.Traversable.Accum
[  9 of 299] Compiling Data.Void
[ 10 of 299] Compiling Data.Unit
[ 11 of 299] Compiling Data.String.Unsafe
[ 12 of 299] Compiling Data.NaturalTransformation
[ 13 of 299] Compiling Data.Boolean
[ 14 of 299] Compiling Control.Semigroupoid
[ 15 of 299] Compiling Control.Lazy
[ 17 of 299] Compiling Partial.Unsafe
[ 16 of 299] Compiling Data.Function.Uncurried
[ 18 of 299] Compiling Data.Symbol
[ 19 of 299] Compiling Data.Exists
[ 20 of 299] Compiling Control.Category
[ 21 of 299] Compiling Safe.Coerce
[ 23 of 299] Compiling Data.Semiring
[ 22 of 299] Compiling Data.HeytingAlgebra
[ 24 of 299] Compiling Data.Semigroup
[ 25 of 299] Compiling Data.Show
[ 26 of 299] Compiling Data.Ring
[ 27 of 299] Compiling Data.Generic.Rep
[ 28 of 299] Compiling Data.BooleanAlgebra
[ 29 of 299] Compiling Data.Eq
[ 30 of 299] Compiling Data.CommutativeRing
[ 31 of 299] Compiling Data.Ordering
[ 32 of 299] Compiling Data.EuclideanRing
[ 33 of 299] Compiling Data.Ord
[ 34 of 299] Compiling Data.DivisionRing
[ 35 of 299] Compiling Data.Field
[ 36 of 299] Compiling Data.Bounded
[ 37 of 299] Compiling Data.Monoid
[ 38 of 299] Compiling Data.Reflectable
[ 39 of 299] Compiling Data.Function
[ 40 of 299] Compiling Data.Functor
[ 43 of 299] Compiling Control.Alt
[ 41 of 299] Compiling Control.Apply
[ 42 of 299] Compiling Control.Extend
[ 44 of 299] Compiling Data.Monoid.Generic
[ 45 of 299] Compiling Data.Bounded.Generic
[ 46 of 299] Compiling Control.Plus
[ 47 of 299] Compiling Control.Comonad
[ 48 of 299] Compiling Control.Applicative
[ 49 of 299] Compiling Control.Alternative
[ 50 of 299] Compiling Control.Bind
[ 51 of 299] Compiling Control.Monad
[ 52 of 299] Compiling Control.MonadPlus
[ 53 of 299] Compiling Prelude
[ 55 of 299] Compiling Data.Eq.Generic
[ 54 of 299] Compiling Data.Ring.Generic
[ 56 of 299] Compiling Control.Monad.Cont.Class
[ 57 of 299] Compiling Data.Monoid.Endo
[ 58 of 299] Compiling Data.Monoid.Additive
[ 59 of 299] Compiling Data.Monoid.Multiplicative
[ 60 of 299] Compiling Data.Semiring.Generic
[ 61 of 299] Compiling Data.Monoid.Conj
[ 62 of 299] Compiling Data.Ord.Generic
[ 63 of 299] Compiling Data.Semigroup.Last
[ 64 of 299] Compiling Data.Semigroup.Generic
[ 65 of 299] Compiling Data.Show.Generic
[ 66 of 299] Compiling Data.Monoid.Disj
[ 67 of 299] Compiling Control.Monad.Trans.Class
[ 69 of 299] Compiling Effect
[ 68 of 299] Compiling Control.Monad.Reader.Class
[ 70 of 299] Compiling Data.Monoid.Dual
[ 71 of 299] Compiling Data.Traversable.Accum.Internal
[ 72 of 299] Compiling Data.Number.Format
[ 73 of 299] Compiling Data.HeytingAlgebra.Generic
[ 74 of 299] Compiling Data.Semigroup.First
[ 75 of 299] Compiling Control.Monad.Gen.Class
[ 77 of 299] Compiling Effect.Class
[ 76 of 299] Compiling Effect.Console
[ 78 of 299] Compiling Effect.Uncurried
[ 81 of 299] Compiling Test.Main
[ 79 of 299] Compiling Effect.Unsafe
[ 80 of 299] Compiling Effect.Ref
[ 82 of 299] Compiling Data.Newtype
[ 84 of 299] Compiling Test.TC
[ 85 of 299] Compiling Bench
[ 83 of 299] Compiling Effect.Class.Console
[ 86 of 299] Compiling Test.AckermannFFI
[ 87 of 299] Compiling Test.RBTreeFFI
[ 88 of 299] Compiling Test.RecordsFFICheatcode
[ 89 of 299] Compiling Test.AstTreeFFICheatcode
[ 90 of 299] Compiling Test.AckermannFFICheatcode
[ 91 of 299] Compiling Test.Primes
[ 92 of 299] Compiling Test.ListOpsFFICheatcode
[ 93 of 299] Compiling Test.StateMonadFFI
[ 94 of 299] Compiling Test.RowToList
[ 95 of 299] Compiling Test.AstTreeFFI
[ 96 of 299] Compiling Test.ArrayOpsFFI
[ 97 of 299] Compiling Test.PrimesFFI
[ 98 of 299] Compiling Test.TCOFFI
[100 of 299] Compiling Test.PolymorphismFFI
[ 99 of 299] Compiling Test.ListOpsFFI
[101 of 299] Compiling Test.RowToListFFICheatcode
[103 of 299] Compiling Test.ListOps
[105 of 299] Compiling Test.StateMonadFFICheatcode
[102 of 299] Compiling Test.TCO
[106 of 299] Compiling Test.Polymorphism
[107 of 299] Compiling Test.Ackermann
[104 of 299] Compiling Test.ChurchFFI
[108 of 299] Compiling Test.StateMonad
[109 of 299] Compiling Test.RowToListFFI
[110 of 299] Compiling Test.RecordsFFI
[111 of 299] Compiling Test.PolymorphismFFICheatcode
[112 of 299] Compiling Test.RBTreeFFICheatcode
[114 of 299] Compiling Test.LazyEvaluationFFI
[115 of 299] Compiling Test.FibFFI
[116 of 299] Compiling Test.AstTree
[113 of 299] Compiling Test.Church
[117 of 299] Compiling Test.ArrayOpsFFICheatcode
[118 of 299] Compiling Test.RBTree
[119 of 299] Compiling Test.LazyEvaluationFFICheatcode
[120 of 299] Compiling Test.FibFFICheatcode
[122 of 299] Compiling Test.LazyEvaluation
[121 of 299] Compiling Test.Records
[123 of 299] Compiling Test.PrimesFFICheatcode
[124 of 299] Compiling Test.ChurchFFICheatcode
[125 of 299] Compiling Test.TCOFFICheatcode
[127 of 299] Compiling Data.String.Pattern
[129 of 299] Compiling Data.Ord.Max
[128 of 299] Compiling Data.Time.Duration
[126 of 299] Compiling Test.Fib
[130 of 299] Compiling Data.Functor.App
[131 of 299] Compiling Data.Ord.Min
[132 of 299] Compiling Data.Monoid.Alternate
[133 of 299] Compiling Data.Ord.Down
[135 of 299] Compiling AppFFICheatcode
[134 of 299] Compiling Data.Profunctor
[136 of 299] Compiling AppFFI
[137 of 299] Compiling Data.String.Common
[138 of 299] Compiling Data.Profunctor.Closed
[139 of 299] Compiling Data.Functor.Invariant
[140 of 299] Compiling Data.Functor.Compose
[141 of 299] Compiling Data.Identity
[142 of 299] Compiling Data.Tuple
[143 of 299] Compiling Data.Const
[144 of 299] Compiling Data.Profunctor.Join
[145 of 299] Compiling Data.Profunctor.Split
[146 of 299] Compiling Data.Maybe
[147 of 299] Compiling Data.Functor.Contravariant
[148 of 299] Compiling Data.Predicate
[150 of 299] Compiling Data.Op
[149 of 299] Compiling Data.Comparison
[152 of 299] Compiling Data.Number
[151 of 299] Compiling Data.Either
[154 of 299] Compiling Data.Maybe.First
[155 of 299] Compiling Data.Maybe.Last
[153 of 299] Compiling Data.String.CodeUnits
[156 of 299] Compiling Data.Equivalence
[157 of 299] Compiling Data.Number.Approximate
[158 of 299] Compiling Data.Int
[159 of 299] Compiling Data.Divide
[160 of 299] Compiling Data.Profunctor.Strong
[161 of 299] Compiling Control.Monad.State.Class
[163 of 299] Compiling Data.Profunctor.Costrong
[164 of 299] Compiling Data.Distributive
[162 of 299] Compiling Data.Tuple.Nested
[165 of 299] Compiling Control.Monad.Writer.Class
[166 of 299] Compiling Data.Divisible
[167 of 299] Compiling Data.Decide
[168 of 299] Compiling Effect.Exception
[169 of 299] Compiling Data.Profunctor.Choice
[172 of 299] Compiling Data.Profunctor.Cochoice
[171 of 299] Compiling Data.Bifunctor
[173 of 299] Compiling Data.Either.Inject
[170 of 299] Compiling Data.Either.Nested
[175 of 299] Compiling Effect.Exception.Unsafe
[174 of 299] Compiling Control.Monad.Error.Class
[176 of 299] Compiling Data.Profunctor.Star
[177 of 299] Compiling Data.Functor.Costar
[178 of 299] Compiling Data.Functor.Product
[179 of 299] Compiling Data.Functor.Coproduct
[180 of 299] Compiling Control.Biapply
[181 of 299] Compiling Control.Monad.Rec.Class
[182 of 299] Compiling Data.Decidable
[183 of 299] Compiling Control.Biapplicative
[184 of 299] Compiling Data.Functor.Joker
[185 of 299] Compiling Data.Bifunctor.Join
[187 of 299] Compiling Data.Functor.Clown
[186 of 299] Compiling Data.Functor.Flip
[188 of 299] Compiling Data.Functor.Product2
[190 of 299] Compiling Data.Functor.Coproduct.Inject
[189 of 299] Compiling Data.Functor.Coproduct.Nested
[191 of 299] Compiling Data.Functor.Product.Nested
[192 of 299] Compiling Data.FunctorWithIndex
[193 of 299] Compiling Data.Foldable
[194 of 299] Compiling Control.Monad.ST.Internal
[195 of 299] Compiling Control.Monad.ST
[196 of 299] Compiling Control.Monad.ST.Uncurried
[197 of 299] Compiling Control.Monad.ST.Ref
[198 of 299] Compiling Control.Monad.ST.Global
[199 of 299] Compiling Control.Monad.ST.Class
[200 of 299] Compiling Control.Monad.RWS.Trans
[201 of 299] Compiling Control.Monad.Writer.Trans
[202 of 299] Compiling Control.Monad.Reader.Trans
[203 of 299] Compiling Control.Monad.Except.Trans
[204 of 299] Compiling Control.Monad.State.Trans
[205 of 299] Compiling Control.Monad.Maybe.Trans
[206 of 299] Compiling Control.Monad.Cont.Trans
[207 of 299] Compiling Data.Array.ST
[209 of 299] Compiling Data.Array.ST.Partial
[208 of 299] Compiling Data.Array.ST.Iterator
[210 of 299] Compiling Control.Monad.Cont
[211 of 299] Compiling Control.Monad.Reader
[212 of 299] Compiling Control.Monad.Except
[213 of 299] Compiling Control.Monad.State
[215 of 299] Compiling Control.Parallel.Class
[214 of 299] Compiling Control.Monad.Writer
[216 of 299] Compiling Control.Monad.RWS
[217 of 299] Compiling Data.Bifoldable
[218 of 299] Compiling Data.FoldableWithIndex
[219 of 299] Compiling Data.Traversable
[220 of 299] Compiling Data.Semigroup.Foldable
[221 of 299] Compiling Data.Bitraversable
[222 of 299] Compiling Data.Semigroup.Traversable
[223 of 299] Compiling Control.Parallel
[224 of 299] Compiling Control.Monad.Identity.Trans
[225 of 299] Compiling Effect.Aff
[226 of 299] Compiling Data.Unfoldable1
[227 of 299] Compiling Data.TraversableWithIndex
[228 of 299] Compiling Control.Comonad.Trans.Class
[229 of 299] Compiling Control.Comonad.Traced.Trans
[230 of 299] Compiling Control.Comonad.Store.Trans
[231 of 299] Compiling Data.Unfoldable
[232 of 299] Compiling Control.Monad.Gen
[233 of 299] Compiling Data.Enum
[234 of 299] Compiling Data.Time.Duration.Gen
[235 of 299] Compiling Data.NonEmpty
[236 of 299] Compiling Data.Lazy
[237 of 299] Compiling Control.Comonad.Env.Trans
[238 of 299] Compiling Data.Array.NonEmpty.Internal
[239 of 299] Compiling Data.Array
[240 of 299] Compiling Effect.Aff.Compat
[241 of 299] Compiling Data.Char
[243 of 299] Compiling Data.Date.Component
[242 of 299] Compiling Data.Enum.Generic
[244 of 299] Compiling Data.Time.Component
[245 of 299] Compiling Control.Comonad.Store.Class
[246 of 299] Compiling Control.Monad.List.Trans
[247 of 299] Compiling Data.List.Lazy.Types
[248 of 299] Compiling Control.Monad.Gen.Common
[249 of 299] Compiling Data.Enum.Gen
[250 of 299] Compiling Data.Char.Gen
[251 of 299] Compiling Data.List.Types
[252 of 299] Compiling Control.Comonad.Store
[253 of 299] Compiling Data.String.Gen
[254 of 299] Compiling Control.Comonad.Env.Class
[255 of 299] Compiling Data.Time.Component.Gen
[256 of 299] Compiling Data.Time
[257 of 299] Compiling Data.Date.Component.Gen
[258 of 299] Compiling Data.Date
[259 of 299] Compiling Control.Comonad.Env
[260 of 299] Compiling Control.Comonad.Traced.Class
[261 of 299] Compiling Data.Time.Gen
[262 of 299] Compiling Control.Comonad.Traced
[264 of 299] Compiling Data.Date.Gen
[263 of 299] Compiling Data.DateTime
[267 of 299] Compiling Test.ArrayOps
[268 of 299] Compiling Data.Array.Partial
[266 of 299] Compiling Data.String.CodePoints
[265 of 299] Compiling Data.Array.NonEmpty
[269 of 299] Compiling App
[271 of 299] Compiling Data.DateTime.Gen
[270 of 299] Compiling Data.DateTime.Instant
[272 of 299] Compiling Data.List.Internal
[273 of 299] Compiling Effect.Aff.Class
[274 of 299] Compiling Effect.Now
[276 of 299] Compiling Data.List.Lazy
[275 of 299] Compiling Data.List
[277 of 299] Compiling Data.String
[278 of 299] Compiling Data.String.CaseInsensitive
[279 of 299] Compiling Data.String.Regex.Flags
[280 of 299] Compiling Data.String.NonEmpty.Internal
[281 of 299] Compiling Data.String.Regex
[283 of 299] Compiling Data.String.NonEmpty.CodeUnits
[282 of 299] Compiling Data.String.NonEmpty.CodePoints
[284 of 299] Compiling Data.String.Regex.Unsafe
[285 of 299] Compiling Data.String.NonEmpty
[286 of 299] Compiling Data.String.NonEmpty.CaseInsensitive
[288 of 299] Compiling Data.List.Partial
[290 of 299] Compiling Main
[289 of 299] Compiling Data.List.NonEmpty
[287 of 299] Compiling Data.Map.Internal
[292 of 299] Compiling Data.List.ZipList
[291 of 299] Compiling Data.List.Lazy.NonEmpty
[293 of 299] Compiling Data.Set
[295 of 299] Compiling Data.Map
[294 of 299] Compiling Data.Set.NonEmpty
[297 of 299] Compiling Data.Map.Gen
[296 of 299] Compiling Data.Interval.Duration
[298 of 299] Compiling Data.Interval
[299 of 299] Compiling Data.Interval.Duration.Iso
           Src   Lib   All
Warnings     0     0     0
Errors       0     0     0

✓ Build succeeded.

Compiling with backend "../sharpurs/sharpurs/bin/sharpurs"

✓ Backend build succeeded.

real 36.74
user 51.04
sys 4.34
