BUILD generated-o1
BUILD generated-o3
BUILD color-copy-o1
BUILD color-copy-o3
BUILD borrow-tests-o3
BUILD color-root-reuse-o3
BUILD color-borrow-o3
BUILD compact-balance-o3
BUILD color-compact-o3
MEASURE 0 generated-o1
MEASURE 0 generated-o3
MEASURE 0 color-copy-o1
MEASURE 0 color-copy-o3
MEASURE 0 borrow-tests-o3
MEASURE 0 color-root-reuse-o3
MEASURE 0 color-borrow-o3
MEASURE 0 compact-balance-o3
MEASURE 0 color-compact-o3
MEASURE 1 generated-o3
MEASURE 1 color-copy-o1
MEASURE 1 color-copy-o3
MEASURE 1 borrow-tests-o3
MEASURE 1 color-root-reuse-o3
MEASURE 1 color-borrow-o3
MEASURE 1 compact-balance-o3
MEASURE 1 color-compact-o3
MEASURE 1 generated-o1
MEASURE 2 color-copy-o1
MEASURE 2 color-copy-o3
MEASURE 2 borrow-tests-o3
MEASURE 2 color-root-reuse-o3
MEASURE 2 color-borrow-o3
MEASURE 2 compact-balance-o3
MEASURE 2 color-compact-o3
MEASURE 2 generated-o1
MEASURE 2 generated-o3
{
  "generated_sha256": "60616a63e65f281c0a481476a2db856f18fd8f61485a9163e2344210178a77ca",
  "rustc": "rustc 1.96.0 (ac68faa20 2026-05-25)",
  "method": "100000 descending insertions + depth + drop; mimalloc; 3 interleaved processes per variant, 1 warm-up + 5 timed runs each; Instant; correctness/persistence outside timing",
  "allocations": {
    "generated-o3": {
      "instrumented_us": 62703.292,
      "allocations": 3283867.0,
      "requested_bytes": 145627200.0,
      "allocations_size_24": 499934.0,
      "tree_size": 32.0,
      "color_size": 1.0
    },
    "color-copy-o3": {
      "instrumented_us": 47222.125,
      "allocations": 2783933.0,
      "requested_bytes": 133628784.0,
      "allocations_size_24": 0.0,
      "tree_size": 32.0,
      "color_size": 1.0
    },
    "color-root-reuse-o3": {
      "instrumented_us": 46623.792,
      "allocations": 2683933.0,
      "requested_bytes": 128828784.0,
      "allocations_size_24": 0.0,
      "tree_size": 32.0,
      "color_size": 1.0
    },
    "color-compact-o3": {
      "instrumented_us": 44122.084,
      "allocations": 2783933.0,
      "requested_bytes": 133628784.0,
      "allocations_size_24": 0.0,
      "tree_size": 32.0,
      "color_size": 1.0
    }
  }
}
generated-o1 min 53734.0 median 55308.29 max 56740.21
generated-o3 min 59446.67 median 59812.54 max 61893.62
color-copy-o1 min 45341.67 median 46455.08 max 47614.71
color-copy-o3 min 46029.21 median 47001.42 max 48406.88
borrow-tests-o3 min 48990.0 median 49651.67 max 50863.88
color-root-reuse-o3 min 44293.04 median 45324.29 max 45734.5
color-borrow-o3 min 41557.17 median 42308.29 max 44042.96
compact-balance-o3 min 49314.12 median 50000.29 max 54166.17
color-compact-o3 min 40769.88 median 41649.79 max 42619.33
