--------------------------------------------------

(Test)

AST Evaluation FFICheatcode:

(Output & Warm-up)

7

(Execution time - best of 10)

1.29 μs

--------------------------------------------------

(Test)

Fibonacci FFICheatcode:

(Output & Warm-up)

55

(Execution time - best of 10)

0.33 μs

--------------------------------------------------

(Test)

List Processing FFICheatcode (900 elements):

(Output & Warm-up)

202950

(Execution time - best of 10)

0.67 μs

--------------------------------------------------

(Test)

Tail Call Optimization FFICheatcode (100k calls):

(Output & Warm-up)

100000

(Execution time - best of 10)

34.08 μs

--------------------------------------------------

(Test)

Deep Record Updates FFICheatcode (10k iterations):

(Output & Warm-up)

20000

(Execution time - best of 10)

3.38 μs

--------------------------------------------------

(Test)

Ackermann FFICheatcode (3, 4):

(Output & Warm-up)

125

(Execution time - best of 10)

14.88 μs

--------------------------------------------------

(Test)

Church Numerals FFICheatcode (100k Closure Applications):

(Output & Warm-up)

100000

(Execution time - best of 10)

0.33 μs

--------------------------------------------------

(Test)

Prime Sieve FFICheatcode (sum primes up to 500):

(Output & Warm-up)

21536

(Execution time - best of 10)

1.42 μs

--------------------------------------------------

(Test)

Red-Black Tree FFICheatcode (100k Worst-Case Insertions):

(Output & Warm-up)

22

(Execution time - best of 10)

21270.88 μs

--------------------------------------------------

(Test)

Polymorphism FFICheatcode (10M Type Class Dict Lookups):

(Output & Warm-up)

10000000

(Execution time - best of 10)

0.38 μs

--------------------------------------------------

(Test)

State Monad FFICheatcode (1.2k Binds, 60 Stack Depth):

(Output & Warm-up)

1200

(Execution time - best of 10)

0.29 μs

--------------------------------------------------

(Test)

Lazy Evaluation FFICheatcode (1M Thunks Forced, 1k Depth):

(Output & Warm-up)

1000000

(Execution time - best of 10)

0.29 μs

--------------------------------------------------

(Test)

Array Processing FFICheatcode (900 elements):

(Output & Warm-up)

202950

(Execution time - best of 10)

0.83 μs

--------------------------------------------------

(Test)

RowToList FFICheatcode (Keys Count):

(Output & Warm-up)

5

(Execution time - best of 10)

0.29 μs


==================================================

Total exec time: 21.33 ms

C++: 14 expected results verified; /Users/0x1/Documents/htdocs/altbak.pub/run/bak/cpp/modes/fficc/run-1789421492267868000.json
