make: psc-package: Command not found
Creating output/src/Main/Main.o (C++)
Creating ffi/arrays/data-array.o (C++)
Creating ffi/assert/test-assert.o (C++)
Creating ffi/console/effect-console.o (C++)
Creating ffi/effect/effect-uncurried.o (C++)
Creating ffi/effect/effect.o (C++)
Creating ffi/foldable-traversable/data-foldable.o (C++)
Creating ffi/foldable-traversable/data-foldablewithindex.o (C++)
Creating ffi/foldable-traversable/data-traversable.o (C++)
Creating ffi/functions/data-functions-uncurried.o (C++)
Creating ffi/integers/data-int.o (C++)
Creating ffi/math/math.o (C++)
Creating ffi/partial/partial-unsafe.o (C++)
Creating ffi/prelude/control-apply.o (C++)
Creating ffi/prelude/data-bounded.o (C++)
Creating ffi/prelude/data-eq.o (C++)
Creating ffi/prelude/data-euclideanring.o (C++)
Creating ffi/prelude/data-functor.o (C++)
Creating ffi/prelude/data-heytingalgebra.o (C++)
Creating ffi/prelude/data-ord.o (C++)
Creating ffi/prelude/data-ring.o (C++)
Creating ffi/prelude/data-semigroup.o (C++)
Creating ffi/prelude/data-semiring.o (C++)
Creating ffi/prelude/data-show.o (C++)
Creating ffi/prelude/data-unit.o (C++)
Creating ffi/refs/effect-ref.o (C++)
Creating ffi/st/control-monad-st-internal.o (C++)
Creating ffi/strings/data-string-common.o (C++)
Creating ffi/strings/data-string-unsafe.o (C++)
Creating ffi/unsafe_coerce/unsafe-coerce.o (C++)
Creating ffi/Bench/bench_ffi.o (C++)
Creating ffi/Test/AckermannFFI.o (C++)
Creating ffi/Test/AckermannFFICheatcode.o (C++)
Creating ffi/Test/ArrayOpsFFI.o (C++)
Creating ffi/Test/ArrayOpsFFICheatcode.o (C++)
Creating ffi/Test/AstTreeFFI.o (C++)
Creating ffi/Test/AstTreeFFICheatcode.o (C++)
Creating ffi/Test/ChurchFFI.o (C++)
Creating ffi/Test/ChurchFFICheatcode.o (C++)
Creating ffi/Test/FibFFI.o (C++)
Creating ffi/Test/FibFFICheatcode.o (C++)
Creating ffi/Test/LazyEvaluationFFI.o (C++)
Creating ffi/Test/LazyEvaluationFFICheatcode.o (C++)
Creating ffi/Test/ListOpsFFI.o (C++)
Creating ffi/Test/ListOpsFFICheatcode.o (C++)
Creating ffi/Test/PolymorphismFFI.o (C++)
Creating ffi/Test/PolymorphismFFICheatcode.o (C++)
Creating ffi/Test/PrimesFFI.o (C++)
Creating ffi/Test/PrimesFFICheatcode.o (C++)
Creating ffi/Test/RBTreeFFI.o (C++)
Creating ffi/Test/RBTreeFFICheatcode.o (C++)
Creating ffi/Test/RecordsFFI.o (C++)
Creating ffi/Test/RecordsFFICheatcode.o (C++)
Creating ffi/Test/RowToListFFI.o (C++)
Creating ffi/Test/RowToListFFICheatcode.o (C++)
Creating ffi/Test/StateMonadFFI.o (C++)
Creating ffi/Test/StateMonadFFICheatcode.o (C++)
Creating ffi/Test/TCOFFI.o (C++)
Creating ffi/Test/TCOFFICheatcode.o (C++)
Linking output/bin/main
