=== Rebuilding gopurs backend ===
Reading Spago workspace configuration...

✓ Selecting package to build: gopurs

Downloading dependencies...
Building...
[1 of 2] Compiling Gopurs.CodeGen
[2 of 2] Compiling Main
[WARNING 1/84 UnusedExplicitImport] src/Gopurs/CodeGen.purs:4:1

  4  import PureScript.Backend.Optimizer.Syntax (BackendSyntax(..), BackendAccessor(..), Pair(..), Level(..), BackendOperator(..), BackendOperator1(..), BackendOperator2(..), BackendOperatorOrd(..), BackendOperatorNum(..), BackendEffect(..))
     ^^^^^^^^^^^^^^^^^^^^^^^^^^^^^^^^^^^^^^^^^^^^^^^^^^^^^^^^^^^^^^^^^^^^^^^^^^^^^^^^^^^^^^^^^^^^^^^^^^^^^^^^^^^^^^^^^^^^^^^^^^^^^^^^^^^^^^^^^^^^^^^^^^^^^^^^^^^^^^^^^^^^^^^^^^^^^^^^^^^^^^^^^^^^^^^^^^^^^^^^^^^^^^^^^^^^^^^^^^^^^^^^^^^^^^^^^^^^

  The import of module PureScript.Backend.Optimizer.Syntax contains the following unused references:
    Level
  It could be replaced with:
    import PureScript.Backend.Optimizer.Syntax (BackendAccessor(..), BackendEffect(..), BackendOperator(..), BackendOperator1(..), BackendOperator2(..), BackendOperatorNum(..), BackendOperatorOrd(..), BackendSyntax(..), Pair(..))

[WARNING 2/84 UnusedImport] src/Gopurs/CodeGen.purs:5:1

  5  import PureScript.Backend.Optimizer.Semantics (NeutralExpr(..))
     ^^^^^^^^^^^^^^^^^^^^^^^^^^^^^^^^^^^^^^^^^^^^^^^^^^^^^^^^^^^^^^^

  The import of PureScript.Backend.Optimizer.Semantics is redundant

[WARNING 3/84 UnusedExplicitImport] src/Gopurs/CodeGen.purs:6:1

  6  import PureScript.Backend.Optimizer.Convert (BackendModule, BackendBindingGroup)
     ^^^^^^^^^^^^^^^^^^^^^^^^^^^^^^^^^^^^^^^^^^^^^^^^^^^^^^^^^^^^^^^^^^^^^^^^^^^^^^^^

  The import of module PureScript.Backend.Optimizer.Convert contains the following unused references:
    BackendBindingGroup
  It could be replaced with:
    import PureScript.Backend.Optimizer.Convert (BackendModule)

[WARNING 4/84 UnusedExplicitImport] src/Gopurs/CodeGen.purs:9:1

  9  import Data.Maybe (Maybe(..), fromMaybe, isJust)
     ^^^^^^^^^^^^^^^^^^^^^^^^^^^^^^^^^^^^^^^^^^^^^^^^

  The import of module Data.Maybe contains the following unused references:
    isJust
  It could be replaced with:
    import Data.Maybe (Maybe(..), fromMaybe)

[WARNING 5/84 UnusedExplicitImport] src/Gopurs/CodeGen.purs:11:1

  11  import PureScript.Backend.Optimizer.CoreFn (Ann(..), Bind(..), Binder(..), Binding(..), CaseAlternative(..), CaseGuard(..), Comment, ConstructorType(..), DataConstructor, DataDecl, Expr(..), ExprType(..), Guard(..), Ident(..), Import(..), Literal(..), Meta(..), Module(..), ModuleName(..), Prop(..), ProperName(..), Qualified(..), ReExport, exprAnn, findProp, propKey, propValue, qualifiedModuleName, unQualified)
      ^^^^^^^^^^^^^^^^^^^^^^^^^^^^^^^^^^^^^^^^^^^^^^^^^^^^^^^^^^^^^^^^^^^^^^^^^^^^^^^^^^^^^^^^^^^^^^^^^^^^^^^^^^^^^^^^^^^^^^^^^^^^^^^^^^^^^^^^^^^^^^^^^^^^^^^^^^^^^^^^^^^^^^^^^^^^^^^^^^^^^^^^^^^^^^^^^^^^^^^^^^^^^^^^^^^^^^^^^^^^^^^^^^^^^^^^^^^^^^^^^^^^^^^^^^^^^^^^^^^^^^^^^^^^^^^^^^^^^^^^^^^^^^^^^^^^^^^^^^^^^^^^^^^^^^^^^^^^^^^^^^^^^^^^^^^^^^^^^^^^^^^^^^^^^^^^^^^^^^^^^^^^^^^^^^^^^^^^^^^^^^^^^^^^^^^^^^^^^^^^^^^^^^^^^^^^^

  The import of module PureScript.Backend.Optimizer.CoreFn contains the following unused references:
    Ann
    Bind
    Binder
    Binding
    CaseAlternative
    CaseGuard
    Comment
    ConstructorType
    DataConstructor
    Expr
    Guard
    Import
    Meta
    Module
    ProperName
    ReExport
    exprAnn
    findProp
    propKey
    propValue
    qualifiedModuleName
    unQualified
  It could be replaced with:
    import PureScript.Backend.Optimizer.CoreFn (DataDecl, ExprType(..), Ident(..), Literal(..), ModuleName(..), Prop(..), Qualified(..))

[WARNING 6/84 UnusedImport] src/Gopurs/CodeGen.purs:13:1

  13  import Data.Array.NonEmpty as NonEmptyArray
      ^^^^^^^^^^^^^^^^^^^^^^^^^^^^^^^^^^^^^^^^^^^

  The qualified import of Data.Array.NonEmpty as NonEmptyArray is redundant

[WARNING 7/84 UnusedExplicitImport] src/Gopurs/CodeGen.purs:14:1

  14  import Data.Array.NonEmpty (NonEmptyArray, fromArray, toArray)
      ^^^^^^^^^^^^^^^^^^^^^^^^^^^^^^^^^^^^^^^^^^^^^^^^^^^^^^^^^^^^^^

  The import of module Data.Array.NonEmpty contains the following unused references:
    NonEmptyArray
  It could be replaced with:
    import Data.Array.NonEmpty (fromArray, toArray)

[WARNING 8/84 UnusedImport] src/Gopurs/CodeGen.purs:15:1

  15  import Effect.Console as Console
      ^^^^^^^^^^^^^^^^^^^^^^^^^^^^^^^^

  The qualified import of Effect.Console as Console is redundant

[WARNING 9/84 UnusedImport] src/Gopurs/CodeGen.purs:19:1

  19  import Partial.Unsafe (unsafePartial)
      ^^^^^^^^^^^^^^^^^^^^^^^^^^^^^^^^^^^^^

  The import of Partial.Unsafe is redundant

[WARNING 10/84 DuplicateImport] src/Gopurs/CodeGen.purs:28:1

  28  import Data.Set as Set
      ^^^^^^^^^^^^^^^^^^^^^^

  Duplicate import of Data.Set as Set

[WARNING 11/84 UnusedExplicitImport] src/Gopurs/CodeGen.purs:36:1

  36  import Gopurs.GoAst (GoFile, GoDecl, GoExpr(..), GoType(..), goTypeToStr)
      ^^^^^^^^^^^^^^^^^^^^^^^^^^^^^^^^^^^^^^^^^^^^^^^^^^^^^^^^^^^^^^^^^^^^^^^^^

  The import of module Gopurs.GoAst contains the following unused references:
    GoFile
  It could be replaced with:
    import Gopurs.GoAst (GoDecl, GoExpr(..), GoType(..), goTypeToStr)

[WARNING 12/84 UnusedExplicitImport] src/Gopurs/CodeGen.purs:41:1

  41  import PureScript.Backend.Optimizer.Codegen.Tco (TcoExpr(..), tcoAnalysisOf)
      ^^^^^^^^^^^^^^^^^^^^^^^^^^^^^^^^^^^^^^^^^^^^^^^^^^^^^^^^^^^^^^^^^^^^^^^^^^^^

  The import of module PureScript.Backend.Optimizer.Codegen.Tco contains the following unused references:
    tcoAnalysisOf
  It could be replaced with:
    import PureScript.Backend.Optimizer.Codegen.Tco (TcoExpr(..))

[WARNING 13/84 UnusedImport] src/Gopurs/CodeGen.purs:43:1

  43  import Node.Path as Path
      ^^^^^^^^^^^^^^^^^^^^^^^^

  The qualified import of Node.Path as Path is redundant

[WARNING 14/84 UnusedImport] src/Gopurs/CodeGen.purs:44:1

  44  import Node.FS.Sync as FS
      ^^^^^^^^^^^^^^^^^^^^^^^^^

  The qualified import of Node.FS.Sync as FS is redundant

[WARNING 15/84 DuplicateSelectiveImport] src/Gopurs/CodeGen.purs:45:1

  45  import Data.Tuple (Tuple(..), fst)
      ^^^^^^^^^^^^^^^^^^^^^^^^^^^^^^^^^^

  There is an existing import of Data.Tuple, consider merging the import lists

[WARNING 16/84 DuplicateSelectiveImport] src/Gopurs/CodeGen.purs:48:1

  48  import Data.Maybe (fromMaybe)
      ^^^^^^^^^^^^^^^^^^^^^^^^^^^^^

  There is an existing import of Data.Maybe, consider merging the import lists

[WARNING 17/84 UnusedName] src/Gopurs/CodeGen.purs:93:18

  93  exprTypeToGoType ptrPaths enumAdts modNameStr (Record _) = TypeValue
                       ^^^^^^^^

  Name ptrPaths was introduced but not used.
  in value declaration exprTypeToGoType

[WARNING 18/84 UnusedName] src/Gopurs/CodeGen.purs:93:27

  93  exprTypeToGoType ptrPaths enumAdts modNameStr (Record _) = TypeValue
                                ^^^^^^^^

  Name enumAdts was introduced but not used.
  in value declaration exprTypeToGoType

[WARNING 19/84 UnusedName] src/Gopurs/CodeGen.purs:93:36

  93  exprTypeToGoType ptrPaths enumAdts modNameStr (Record _) = TypeValue
                                         ^^^^^^^^^^

  Name modNameStr was introduced but not used.
  in value declaration exprTypeToGoType

[WARNING 20/84 UnusedName] src/Gopurs/CodeGen.purs:118:33

  118  exprTypeToGoType _ _ _ (TypeVar v) = TypeValue
                                       ^

  Name v was introduced but not used.
  in value declaration exprTypeToGoType

[WARNING 21/84 UnusedName] src/Gopurs/CodeGen.purs:145:26

  145  instantiateGenericGoType env t = t
                                ^^^

  Name env was introduced but not used.
  in value declaration instantiateGenericGoType

[WARNING 22/84 UnusedName] src/Gopurs/CodeGen.purs:260:79

  260  translate enumAdts enumCtors pointerAdtPaths pointerAdtNodes pointerAdtLeaves adtTypes elidedCtors ctorTypes globalTypes rawInstantiations classDeclsMap classDeclsFields importsArray mod =
                                                                                     ^^^^^^^^

  Name adtTypes was introduced but not used.
  in value declaration translate

[WARNING 23/84 UnusedName] src/Gopurs/CodeGen.purs:260:140

  260  translate enumAdts enumCtors pointerAdtPaths pointerAdtNodes pointerAdtLeaves adtTypes elidedCtors ctorTypes globalTypes rawInstantiations classDeclsMap classDeclsFields importsArray mod =
                                                                                                                                                  ^^^^^^^^^^^^^

  Name classDeclsMap was introduced but not used.
  in value declaration translate

[WARNING 24/84 ShadowedName] src/Gopurs/CodeGen.purs:273:26

  273          checkSafe (ADT _ parts args) = 
                                ^^^^^

  Name parts was shadowed.
  in value declaration translate

[WARNING 25/84 ShadowedName] src/Gopurs/CodeGen.purs:350:5

  350      getExprType (TcoExpr _ (Typed ty _)) = ty
           ^^^^^^^^^^^^^^^^^^^^^^^^^^^^^^^^^^^^^^^^^

  Name getExprType was shadowed.
  in value declaration translate

[WARNING 26/84 ShadowedName] src/Gopurs/CodeGen.purs:351:5

  351      getExprType _ = Any -- fallback
           ^^^^^^^^^^^^^^^^^^^

  Name getExprType was shadowed.
  in value declaration translate

[WARNING 27/84 UnusedName] src/Gopurs/CodeGen.purs:386:28

  386                Just { args, body, fvs } ->
                                  ^^^^

  Name body was introduced but not used.
  in value declaration translate

[WARNING 28/84 UnusedName] src/Gopurs/CodeGen.purs:386:34

  386                Just { args, body, fvs } ->
                                        ^^^

  Name fvs was introduced but not used.
  in value declaration translate

[WARNING 29/84 UnusedName] src/Gopurs/CodeGen.purs:429:45

  429                    processBindingGroup binds isRec =
                                                   ^^^^^

  Name isRec was introduced but not used.
  in value declaration translate

[WARNING 30/84 UnusedName] src/Gopurs/CodeGen.purs:436:29

  436                              loopCtxs = map (\fn -> { ident: fn.ident, params: fn.args, loopParams: map (\p -> p <> "_loop") fn.args }) fns
                                   ^^^^^^^^^^^^^^^^^^^^^^^^^^^^^^^^^^^^^^^^^^^^^^^^^^^^^^^^^^^^^^^^^^^^^^^^^^^^^^^^^^^^^^^^^^^^^^^^^^^^^^^^^^^^^^

  Name loopCtxs was introduced but not used.
  in value declaration translate

[WARNING 31/84 UnusedName] src/Gopurs/CodeGen.purs:451:35

  451                                    loopParams = map (\(Tuple idStr _) -> idStr <> "_loop") paramsWithTypes
                                         ^^^^^^^^^^^^^^^^^^^^^^^^^^^^^^^^^^^^^^^^^^^^^^^^^^^^^^^^^^^^^^^^^^^^^^^

  Name loopParams was introduced but not used.
  in value declaration translate

[WARNING 32/84 UserDefinedWarning] src/Gopurs/CodeGen.purs:603:1

  603  translateExprImpl_ :: Ref { decls :: Array GoDecl, rawDecls :: Array String, elidedCtors :: Set.Set String, ctorTypes :: Map String { vars :: Array String, fields :: Array ExprType }, pointerAdtPaths :: Map String { ctorName :: String, arity :: Int }, pointerAdtNodes :: Set String, pointerAdtLeaves :: Map String String, enumAdts :: Set.Set String, enumCtors :: Set.Set String, globalTypes :: Map.Map String ExprType, classDeclsFields :: Map String { vars :: Array String, fields :: Array { name :: String, "type" :: ExprType } }, globalId :: Int } -> Int -> String -> Array String -> Map String { fullName :: String, fArgs :: Array GoType, fRet :: GoType, arity :: Int } -> Map String { name :: String, goType :: GoType } -> Maybe String -> Array { ident :: String, params :: Array String, loopParams :: Array String, goTypes :: Array GoType } -> Boolean -> Boolean -> Int -> TcoExpr -> { stmts :: StmtTree, expr :: GoExpr, exprType :: GoType, nextId :: Int }
       ^^^^^^^^^^^^^^^^^^^^^^^^^^^^^^^^^^^^^^^^^^^^^^^^^^^^^^^^^^^^^^^^^^^^^^^^^^^^^^^^^^^^^^^^^^^^^^^^^^^^^^^^^^^^^^^^^^^^^^^^^^^^^^^^^^^^^^^^^^^^^^^^^^^^^^^^^^^^^^^^^^^^^^^^^^^^^^^^^^^^^^^^^^^^^^^^^^^^^^^^^^^^^^^^^^^^^^^^^^^^^^^^^^^^^^^^^^^^^^^^^^^^^^^^^^^^^^^^^^^^^^^^^^^^^^^^^^^^^^^^^^^^^^^^^^^^^^^^^^^^^^^^^^^^^^^^^^^^^^^^^^^^^^^^^^^^^^^^^^^^^^^^^^^^^^^^^^^^^^^^^^^^^^^^^^^^^^^^^^^^^^^^^^^^^^^^^^^^^^^^^^^^^^^^^^^^^^^^^^^^^^^^^^^^^^^^^^^^^^^^^^^^^^^^^^^^^^^^^^^^^^^^^^^^^^^^^^^^^^^^^^^^^^^^^^^^^^^^^^^^^^^^^^^^^^^^^^^^^^^^^^^^^^^^^^^^^^^^^^^^^^^^^^^^^^^^^^^^^^^^^^^^^^^^^^^^^^^^^^^^^^^^^^^^^^^^^^^^^^^^^^^^^^^^^^^^^^^^^^^^^^^^^^^^^^^^^^^^^^^^^^^^^^^^^^^^^^^^^^^^^^^^^^^^^^^^^^^^^^^^^^^^^^^^^^^^^^^^^^^^^^^^^^^^^^^^^^^^^^^^^^^^^^^^^^^^^^^^^^^^^^^^^^^^^^^^^^^^^^^^^^^^^^^^^^^^^^^^^^^^^^^^^^^^^^^^^^^^^^^^^^^^^^^^^^^^^^^^^^^^^^^^^^^^^^^^^^^^^^^^^^^^^^^^^^^^^^^^^^^^^^^^^^^^^^^^^^^^^^^^^^^^^^^^^^^^^^^^^^^^^^^^^^^^^^^^^^^^^^^^^^^^^^^^^^^^^^^^^^^^^^^^^^^^^^^^^^^^^^^^^

  A custom warning occurred while solving type class constraints:
    Debug function usage
  in binding group translateExprImpl_

[WARNING 33/84 UserDefinedWarning] src/Gopurs/CodeGen.purs:603:1

  603  translateExprImpl_ :: Ref { decls :: Array GoDecl, rawDecls :: Array String, elidedCtors :: Set.Set String, ctorTypes :: Map String { vars :: Array String, fields :: Array ExprType }, pointerAdtPaths :: Map String { ctorName :: String, arity :: Int }, pointerAdtNodes :: Set String, pointerAdtLeaves :: Map String String, enumAdts :: Set.Set String, enumCtors :: Set.Set String, globalTypes :: Map.Map String ExprType, classDeclsFields :: Map String { vars :: Array String, fields :: Array { name :: String, "type" :: ExprType } }, globalId :: Int } -> Int -> String -> Array String -> Map String { fullName :: String, fArgs :: Array GoType, fRet :: GoType, arity :: Int } -> Map String { name :: String, goType :: GoType } -> Maybe String -> Array { ident :: String, params :: Array String, loopParams :: Array String, goTypes :: Array GoType } -> Boolean -> Boolean -> Int -> TcoExpr -> { stmts :: StmtTree, expr :: GoExpr, exprType :: GoType, nextId :: Int }
       ^^^^^^^^^^^^^^^^^^^^^^^^^^^^^^^^^^^^^^^^^^^^^^^^^^^^^^^^^^^^^^^^^^^^^^^^^^^^^^^^^^^^^^^^^^^^^^^^^^^^^^^^^^^^^^^^^^^^^^^^^^^^^^^^^^^^^^^^^^^^^^^^^^^^^^^^^^^^^^^^^^^^^^^^^^^^^^^^^^^^^^^^^^^^^^^^^^^^^^^^^^^^^^^^^^^^^^^^^^^^^^^^^^^^^^^^^^^^^^^^^^^^^^^^^^^^^^^^^^^^^^^^^^^^^^^^^^^^^^^^^^^^^^^^^^^^^^^^^^^^^^^^^^^^^^^^^^^^^^^^^^^^^^^^^^^^^^^^^^^^^^^^^^^^^^^^^^^^^^^^^^^^^^^^^^^^^^^^^^^^^^^^^^^^^^^^^^^^^^^^^^^^^^^^^^^^^^^^^^^^^^^^^^^^^^^^^^^^^^^^^^^^^^^^^^^^^^^^^^^^^^^^^^^^^^^^^^^^^^^^^^^^^^^^^^^^^^^^^^^^^^^^^^^^^^^^^^^^^^^^^^^^^^^^^^^^^^^^^^^^^^^^^^^^^^^^^^^^^^^^^^^^^^^^^^^^^^^^^^^^^^^^^^^^^^^^^^^^^^^^^^^^^^^^^^^^^^^^^^^^^^^^^^^^^^^^^^^^^^^^^^^^^^^^^^^^^^^^^^^^^^^^^^^^^^^^^^^^^^^^^^^^^^^^^^^^^^^^^^^^^^^^^^^^^^^^^^^^^^^^^^^^^^^^^^^^^^^^^^^^^^^^^^^^^^^^^^^^^^^^^^^^^^^^^^^^^^^^^^^^^^^^^^^^^^^^^^^^^^^^^^^^^^^^^^^^^^^^^^^^^^^^^^^^^^^^^^^^^^^^^^^^^^^^^^^^^^^^^^^^^^^^^^^^^^^^^^^^^^^^^^^^^^^^^^^^^^^^^^^^^^^^^^^^^^^^^^^^^^^^^^^^^^^^^^^^^^^^^^^^^^^^^^^^^^^^^^^^^^^^^

  A custom warning occurred while solving type class constraints:
    Debug function usage
  in binding group translateExprImpl_

[WARNING 34/84 UnusedName] src/Gopurs/CodeGen.purs:653:85

  653            Lit (LitRecord props), TypeStructPointer baseStructName fullName fullPath tArgs ->
                                                                                           ^^^^^

  Name tArgs was introduced but not used.
  in value declaration translateExprImpl_

[WARNING 35/84 ShadowedName] src/Gopurs/CodeGen.purs:659:25

  659                      ADT fullName _ tArgs -> 
                               ^^^^^^^^

  Name fullName was shadowed.
  in value declaration translateExprImpl_

[WARNING 36/84 ShadowedName] src/Gopurs/CodeGen.purs:659:36

  659                      ADT fullName _ tArgs -> 
                                          ^^^^^

  Name tArgs was shadowed.
  in value declaration translateExprImpl_

[WARNING 37/84 ShadowedName] src/Gopurs/CodeGen.purs:741:11

  741            expr = if n == 0.0 && 1.0 / n < 0.0 then GoCall (GoSelector (GoVar "gopurs_runtime") "NegativeZero") [] else GoRaw (show n)
                 ^^^^^^^^^^^^^^^^^^^^^^^^^^^^^^^^^^^^^^^^^^^^^^^^^^^^^^^^^^^^^^^^^^^^^^^^^^^^^^^^^^^^^^^^^^^^^^^^^^^^^^^^^^^^^^^^^^^^^^^^^^^

  Name expr was shadowed.
  in value declaration translateExprImpl_

[WARNING 38/84 ShadowedName] src/Gopurs/CodeGen.purs:766:48

  766                let boxedExprs = Array.zipWith (\expr ty -> boxGoExpr expr ty) accXs.exprs accXs.exprTypes
                                                      ^^^^

  Name expr was shadowed.
  in value declaration translateExprImpl_

[WARNING 39/84 UnusedName] src/Gopurs/CodeGen.purs:790:30

  790                  ADT fullName path adtArgs ->
                                    ^^^^

  Name path was introduced but not used.
  in value declaration translateExprImpl_

[WARNING 40/84 UnusedName] src/Gopurs/CodeGen.purs:826:11

  826        App fn args ->
                 ^^

  Name fn was introduced but not used.
  in value declaration translateExprImpl_

[WARNING 41/84 UnusedName] src/Gopurs/CodeGen.purs:828:11

  828            argsArr = toArray args
                 ^^^^^^^^^^^^^^^^^^^^^^

  Name argsArr was introduced but not used.
  in value declaration translateExprImpl_

[WARNING 42/84 UnusedName] src/Gopurs/CodeGen.purs:838:30

  838                Var (Qualified mbMod (Ident name)) ->
                                    ^^^^^

  Name mbMod was introduced but not used.
  in value declaration translateExprImpl_

[WARNING 43/84 ShadowedName] src/Gopurs/CodeGen.purs:874:43

  874                  flattenFuncType acc (Func args ret) = flattenFuncType (acc <> args) ret
                                                 ^^^^

  Name args was shadowed.
  in value declaration translateExprImpl_

[WARNING 44/84 UnusedName] src/Gopurs/CodeGen.purs:1421:17

  1421                  combinedLoopCtx = loopCtxs <> loopCtx
                        ^^^^^^^^^^^^^^^^^^^^^^^^^^^^^^^^^^^^^

  Name combinedLoopCtx was introduced but not used.
  in value declaration translateExprImpl_

[WARNING 45/84 UnusedName] src/Gopurs/CodeGen.purs:1440:25

  1440                          loopParams = map (\(Tuple idStr _) -> idStr <> "_loop") paramsWithTypes
                                ^^^^^^^^^^^^^^^^^^^^^^^^^^^^^^^^^^^^^^^^^^^^^^^^^^^^^^^^^^^^^^^^^^^^^^^

  Name loopParams was introduced but not used.
  in value declaration translateExprImpl_

[WARNING 46/84 UnusedName] src/Gopurs/CodeGen.purs:1452:59

  1452                          funcExpr = Array.foldr (\(Tuple p goT) acc -> GoCall (GoSelector (GoVar "gopurs_runtime") "Func") [ GoRaw ("func(" <> p <> "_loop_val gopurs_runtime.Value) gopurs_runtime.Value {\nreturn " <> printGoExpr acc <> "\n}") ]) iife paramsWithTypes
                                                                  ^^^

  Name goT was introduced but not used.
  in value declaration translateExprImpl_

[WARNING 47/84 UnusedName] src/Gopurs/CodeGen.purs:1466:47

  1466                    ( \acc (Tuple (Tuple (Ident ident) val) alloc) ->
                                                      ^^^^^

  Name ident was introduced but not used.
  in value declaration translateExprImpl_

[WARNING 48/84 UnusedName] src/Gopurs/CodeGen.purs:1489:28

  1489                  TypeRecord fields -> { stmts: resObj.stmts, expr: GoRecordAccess (boxGoExpr resObj.expr resObj.exprType) prop, exprType: TypeValue, nextId: resObj.nextId }
                                   ^^^^^^

  Name fields was introduced but not used.
  in value declaration translateExprImpl_

[WARNING 49/84 ShadowedName] src/Gopurs/CodeGen.purs:1605:17

  1605              ADT fullName _ tArgs -> 
                        ^^^^^^^^

  Name fullName was shadowed.
  in value declaration translateExprImpl_

[WARNING 50/84 UnusedName] src/Gopurs/CodeGen.purs:1612:21

  1612              TypeApp fn arg ->
                            ^^

  Name fn was introduced but not used.
  in value declaration translateExprImpl_

[WARNING 51/84 UnusedName] src/Gopurs/CodeGen.purs:1612:24

  1612              TypeApp fn arg ->
                               ^^^

  Name arg was introduced but not used.
  in value declaration translateExprImpl_

[WARNING 52/84 UnusedName] src/Gopurs/CodeGen.purs:1617:28

  1617                  Tuple (ADT fnName _ tArgs) allArgs ->
                                   ^^^^^^

  Name fnName was introduced but not used.
  in value declaration translateExprImpl_

[WARNING 53/84 UnusedName] src/Gopurs/CodeGen.purs:1625:15

                      v
  1625                expectedExprType = case Array.index fields' i of
  1626                  Just ty -> ty
  1627                  Nothing -> Any
                                     ^

  Name expectedExprType was introduced but not used.
  in value declaration translateExprImpl_

[WARNING 54/84 ShadowedName] src/Gopurs/CodeGen.purs:1684:17

  1684              ADT fullName _ tArgs -> 
                        ^^^^^^^^

  Name fullName was shadowed.
  in value declaration translateExprImpl_

[WARNING 55/84 ShadowedName] src/Gopurs/CodeGen.purs:1746:17

  1746              ADT fullName _ tArgs ->
                        ^^^^^^^^

  Name fullName was shadowed.
  in value declaration translateExprImpl_

[WARNING 56/84 ShadowedName] src/Gopurs/CodeGen.purs:1754:20

  1754                Just ctorInfo -> map (const TypeValue) ctorInfo.vars
                           ^^^^^^^^

  Name ctorInfo was shadowed.
  in value declaration translateExprImpl_

[WARNING 57/84 ShadowedName] src/Gopurs/CodeGen.purs:1761:22

  1761                  Just expr -> { expr: boxGoExpr expr (fromMaybe TypeValue (map (exprTypeToGoType (unsafePerformEffect (Ref.read helpersRef)).pointerAdtPaths (unsafePerformEffect (Ref.read helpersRef)).enumAdts modNameStr) (Array.index fields 0))), exprType: TypeValue }
                             ^^^^

  Name expr was shadowed.
  in value declaration translateExprImpl_

[WARNING 58/84 UnusedName] src/Gopurs/CodeGen.purs:2106:37

  2106      fieldStr = Array.mapWithIndex (\i (Tuple fK fT) ->
                                            ^

  Name i was introduced but not used.
  in value declaration wrapReturn

[WARNING 59/84 UnusedName] src/Gopurs/CodeGen.purs:2125:41

  2125          fieldStr = Array.mapWithIndex (\i (Tuple fK fT) ->
                                                ^

  Name i was introduced but not used.
  in value declaration wrapReturn

[WARNING 60/84 UnusedName] src/Gopurs/CodeGen.purs:2185:19

  2185    ConstrainedType constraints body -> "(ConstrainedType " <> printExprType body <> ")"
                          ^^^^^^^^^^^

  Name constraints was introduced but not used.
  in value declaration printExprType

[WARNING 61/84 UnusedName] src/Gopurs/CodeGen.purs:2186:7

  2186    ADT fullName path args -> "(ADT " <> show path <> " [" <> String.joinWith ", " (map printExprType args) <> "])"
              ^^^^^^^^

  Name fullName was introduced but not used.
  in value declaration printExprType

[WARNING 62/84 UnusedName] src/Gopurs/CodeGen.purs:2207:15

  2207           Just r -> retStr == "any" || retStr == "interface{}" || retStr == "gopurs_runtime.Value"
                      ^

  Name r was introduced but not used.
  in value declaration isStandardPursFunc

[WARNING 63/84 UnusedName] src/Gopurs/CodeGen.purs:2234:7

              v
  2234        substituteGeneric t = 
  2235          let s = printTypeNode t 
  2236              res = Array.foldl (\acc tp -> String.replaceAll (Pattern ("\\b" <> tp <> "\\b")) (Replacement "gopurs_runtime.Value") acc) s d.typeParams
  2237          in TUnknown res 
                              ^

  Name substituteGeneric was introduced but not used.
  in value declaration generateWrapperFunc

[WARNING 64/84 UnusedName] src/Gopurs/CodeGen.purs:2239:7

  2239        newLines = []
              ^^^^^^^^^^^^^

  Name newLines was introduced but not used.
  in value declaration generateWrapperFunc

[WARNING 65/84 UnusedExplicitImport] src/Main.purs:7:1

  7  import Effect.Aff (Aff, launchAff_, attempt)
     ^^^^^^^^^^^^^^^^^^^^^^^^^^^^^^^^^^^^^^^^^^^^

  The import of module Effect.Aff contains the following unused references:
    Aff
  It could be replaced with:
    import Effect.Aff (attempt, launchAff_)

[WARNING 66/84 UnusedImport] src/Main.purs:8:1

  8  import Effect.Console (log, logShow)
     ^^^^^^^^^^^^^^^^^^^^^^^^^^^^^^^^^^^^

  The import of Effect.Console is redundant

[WARNING 67/84 UnusedExplicitImport] src/Main.purs:16:1

  16  import Data.Either (Either(..), isRight)
      ^^^^^^^^^^^^^^^^^^^^^^^^^^^^^^^^^^^^^^^^

  The import of module Data.Either contains the following unused references:
    isRight
  It could be replaced with:
    import Data.Either (Either(..))

[WARNING 68/84 UnusedImport] src/Main.purs:20:1

  20  import Data.Traversable (for, sequence)
      ^^^^^^^^^^^^^^^^^^^^^^^^^^^^^^^^^^^^^^^

  The import of Data.Traversable is redundant

[WARNING 69/84 UnusedImport] src/Main.purs:21:1

  21  import Debug as Debug
      ^^^^^^^^^^^^^^^^^^^^^

  The qualified import of Debug as Debug is redundant

[WARNING 70/84 UnusedImport] src/Main.purs:24:1

  24  import Data.List as List
      ^^^^^^^^^^^^^^^^^^^^^^^^

  The qualified import of Data.List as List is redundant

[WARNING 71/84 DuplicateSelectiveImport] src/Main.purs:26:1

  26  import Data.Tuple (Tuple(..))
      ^^^^^^^^^^^^^^^^^^^^^^^^^^^^^

  There is an existing import of Data.Tuple, consider merging the import lists

[WARNING 72/84 DuplicateSelectiveImport] src/Main.purs:31:1

  31  import Data.Traversable (traverse)
      ^^^^^^^^^^^^^^^^^^^^^^^^^^^^^^^^^^

  There is an existing import of Data.Traversable, consider merging the import lists

[WARNING 73/84 UnusedImport] src/Main.purs:35:1

  35  import PureScript.Backend.Optimizer.CoreFn.Json (decodeModule)
      ^^^^^^^^^^^^^^^^^^^^^^^^^^^^^^^^^^^^^^^^^^^^^^^^^^^^^^^^^^^^^^

  The import of PureScript.Backend.Optimizer.CoreFn.Json is redundant

[WARNING 74/84 UnusedImport] src/Main.purs:36:1

  36  import PureScript.Backend.Optimizer.CoreFn.Sort (sortModules)
      ^^^^^^^^^^^^^^^^^^^^^^^^^^^^^^^^^^^^^^^^^^^^^^^^^^^^^^^^^^^^^

  The import of PureScript.Backend.Optimizer.CoreFn.Sort is redundant

[WARNING 75/84 UnusedImport] src/Main.purs:38:1

  38  import PureScript.Backend.Optimizer.Directives.Defaults (defaultDirectives)
      ^^^^^^^^^^^^^^^^^^^^^^^^^^^^^^^^^^^^^^^^^^^^^^^^^^^^^^^^^^^^^^^^^^^^^^^^^^^

  The import of PureScript.Backend.Optimizer.Directives.Defaults is redundant

[WARNING 76/84 UnusedImport] src/Main.purs:39:1

  39  import PureScript.Backend.Optimizer.Directives (parseDirectiveFile)
      ^^^^^^^^^^^^^^^^^^^^^^^^^^^^^^^^^^^^^^^^^^^^^^^^^^^^^^^^^^^^^^^^^^^

  The import of PureScript.Backend.Optimizer.Directives is redundant

[WARNING 77/84 UnusedExplicitImport] src/Main.purs:40:1

  40  import PureScript.Backend.Optimizer.Monomorphize (collectInstantiations, InstantiationMap, collectAllTypes, mangleType, monomorphize)
      ^^^^^^^^^^^^^^^^^^^^^^^^^^^^^^^^^^^^^^^^^^^^^^^^^^^^^^^^^^^^^^^^^^^^^^^^^^^^^^^^^^^^^^^^^^^^^^^^^^^^^^^^^^^^^^^^^^^^^^^^^^^^^^^^^^^^^

  The import of module PureScript.Backend.Optimizer.Monomorphize contains the following unused references:
    InstantiationMap
    mangleType
  It could be replaced with:
    import PureScript.Backend.Optimizer.Monomorphize (collectAllTypes, collectInstantiations, getExprAnn, monomorphize)

[WARNING 78/84 DuplicateImport] src/Main.purs:43:1

  43  import Data.String as String
      ^^^^^^^^^^^^^^^^^^^^^^^^^^^^

  Duplicate import of Data.String as String

[WARNING 79/84 DuplicateSelectiveImport] src/Main.purs:44:1

  44  import PureScript.Backend.Optimizer.Monomorphize (getExprAnn)
      ^^^^^^^^^^^^^^^^^^^^^^^^^^^^^^^^^^^^^^^^^^^^^^^^^^^^^^^^^^^^^

  There is an existing import of PureScript.Backend.Optimizer.Monomorphize, consider merging the import lists

[WARNING 80/84 DuplicateSelectiveImport] src/Main.purs:51:1

  51  import PureScript.Backend.Optimizer.Monomorphize (collectInstantiations)
      ^^^^^^^^^^^^^^^^^^^^^^^^^^^^^^^^^^^^^^^^^^^^^^^^^^^^^^^^^^^^^^^^^^^^^^^^

  There is an existing import of PureScript.Backend.Optimizer.Monomorphize, consider merging the import lists

[WARNING 81/84 UnusedName] src/Main.purs:162:5

           v
  162      allClassDecls = foldl (\acc (Module m) ->
  163        foldl (\acc' c -> Set.insert c.name acc') acc m.classDecls
  164      ) Set.empty finalModules
                                  ^

  Name allClassDecls was introduced but not used.
  in value declaration main

[WARNING 82/84 UnusedName] src/Main.purs:206:5

  206      getClassName (ADT fullName _ _) = Just fullName
           ^^^^^^^^^^^^^^^^^^^^^^^^^^^^^^^^^^^^^^^^^^^^^^^

  Name getClassName was introduced but not used.
  in value declaration main

[WARNING 83/84 UnusedName] src/Main.purs:207:5

  207      getClassName _ = Nothing
           ^^^^^^^^^^^^^^^^^^^^^^^^

  Name getClassName was introduced but not used.
  in value declaration main

[WARNING 84/84 UnusedName] src/Main.purs:279:16

  279            Just backendMod -> do
                      ^^^^^^^^^^

  Name backendMod was introduced but not used.
  in value declaration main

           Src   Lib   All
Warnings    84     0    84
Errors       0     0     0

✓ Build succeeded.

[  1 of 418] Building Control.Semigroupoid
[  2 of 418] Building Type.Proxy
[  3 of 418] Building Data.Symbol
[  4 of 418] Building Data.Unit
[  5 of 418] Building Record.Unsafe
[  6 of 418] Building Data.HeytingAlgebra
[  7 of 418] Building Data.Void
[  8 of 418] Building Data.Eq
[  9 of 418] Building Control.Category
[ 10 of 418] Building Data.Boolean
[ 11 of 418] Building Data.Semigroup
[ 12 of 418] Building Data.Show
[ 13 of 418] Building Data.Ordering
[ 14 of 418] Building Data.Semiring
[ 15 of 418] Building Data.Ring
[ 16 of 418] Building Data.Ord
[ 17 of 418] Building Data.Function
[ 18 of 418] Building Data.Functor
[ 19 of 418] Building Control.Alt
[ 20 of 418] Building Control.Apply
[ 21 of 418] Building Control.Applicative
[ 22 of 418] Building Control.Bind
[ 23 of 418] Building Control.Plus
[ 24 of 418] Building Data.BooleanAlgebra
[ 25 of 418] Building Data.Bounded
[ 26 of 418] Building Data.CommutativeRing
[ 27 of 418] Building Data.EuclideanRing
[ 28 of 418] Building Control.Monad
[ 29 of 418] Building Data.Monoid
[ 30 of 418] Building Data.DivisionRing
[ 31 of 418] Building Data.Field
[ 32 of 418] Building Data.NaturalTransformation
[ 33 of 418] Building Prelude
[ 34 of 418] Building Data.Monoid.Additive
[ 35 of 418] Building Control.Alternative
[ 36 of 418] Building Control.Extend
[ 37 of 418] Building Control.Comonad
[ 38 of 418] Building Data.Monoid.Conj
[ 39 of 418] Building Data.Monoid.Disj
[ 40 of 418] Building Data.Monoid.Dual
[ 41 of 418] Building Data.Monoid.Endo
[ 42 of 418] Building Data.Monoid.Multiplicative
[ 43 of 418] Building Data.Semigroup.First
[ 44 of 418] Building Data.Semigroup.Last
[ 45 of 418] Building Unsafe.Coerce
[ 46 of 418] Building Safe.Coerce
[ 47 of 418] Building Data.Newtype
[ 48 of 418] Building Data.Monoid.Alternate
[ 49 of 418] Building Data.Functor.Invariant
[ 50 of 418] Building Data.Const
[ 51 of 418] Building Data.Generic.Rep
[ 52 of 418] Building Data.Maybe
[ 53 of 418] Building Data.Either
[ 54 of 418] Building Control.Lazy
[ 55 of 418] Building Control.MonadPlus
[ 56 of 418] Building Data.Functor.App
[ 57 of 418] Building Data.Functor.Compose
[ 58 of 418] Building Data.Tuple
[ 59 of 418] Building Data.Bifunctor
[ 60 of 418] Building Data.Functor.Coproduct
[ 61 of 418] Building Data.Functor.Product
[ 62 of 418] Building Data.Identity
[ 63 of 418] Building Data.Maybe.First
[ 64 of 418] Building Data.Maybe.Last
[ 65 of 418] Building Data.Foldable
[ 66 of 418] Building Effect
[ 67 of 418] Building Effect.Ref
[ 68 of 418] Building Partial
[ 69 of 418] Building Partial.Unsafe
[ 70 of 418] Building Control.Monad.Rec.Class
[ 71 of 418] Building Data.FunctorWithIndex
[ 72 of 418] Building Data.FoldableWithIndex
[ 73 of 418] Building Data.Ord.Max
[ 74 of 418] Building Data.Ord.Min
[ 75 of 418] Building Data.Semigroup.Foldable
[ 76 of 418] Building Data.Traversable.Accum
[ 77 of 418] Building Data.Traversable.Accum.Internal
[ 78 of 418] Building Data.Traversable
[ 79 of 418] Building Data.TraversableWithIndex
[ 80 of 418] Building Data.Semigroup.Traversable
[ 81 of 418] Building Data.Unfoldable1
[ 82 of 418] Building Data.Unfoldable
[ 83 of 418] Building Data.NonEmpty
[ 84 of 418] Building Data.List.Types
[ 85 of 418] Building Data.List.Internal
[ 86 of 418] Building Data.List
[ 87 of 418] Building Data.List.NonEmpty
[ 88 of 418] Building Data.Show.Generic
[ 89 of 418] Building Ansi.Codes
[ 90 of 418] Building Ansi.Output
[ 91 of 418] Building Control.Biapply
[ 92 of 418] Building Control.Biapplicative
[ 93 of 418] Building Control.Monad.Trans.Class
[ 94 of 418] Building Data.CatQueue
[ 95 of 418] Building Data.CatList
[ 96 of 418] Building Control.Monad.Free
[ 97 of 418] Building Control.Monad.State.Class
[ 98 of 418] Building Control.Monad.Cont.Class
[ 99 of 418] Building Effect.Exception
[100 of 418] Building Control.Monad.Error.Class
[101 of 418] Building Control.Monad.Reader.Class
[102 of 418] Building Control.Monad.ST.Internal
[103 of 418] Building Control.Monad.ST
[104 of 418] Building Control.Monad.ST.Global
[105 of 418] Building Control.Monad.ST.Class
[106 of 418] Building Control.Monad.Writer.Class
[107 of 418] Building Effect.Class
[108 of 418] Building Control.Monad.State.Trans
[109 of 418] Building Control.Monad.State
[110 of 418] Building Data.Lazy
[111 of 418] Building Control.Comonad.Cofree
[112 of 418] Building Control.Monad.Identity.Trans
[113 of 418] Building Control.Comonad.Trans.Class
[114 of 418] Building Control.Comonad.Env.Trans
[115 of 418] Building Control.Comonad.Store.Trans
[116 of 418] Building Control.Comonad.Traced.Trans
[117 of 418] Building Control.Comonad.Cofree.Class
[118 of 418] Building Control.Comonad.Store.Class
[119 of 418] Building Control.Comonad.Store
[120 of 418] Building Control.Comonad.Env.Class
[121 of 418] Building Control.Comonad.Env
[122 of 418] Building Control.Comonad.Traced.Class
[123 of 418] Building Control.Comonad.Traced
[124 of 418] Building Control.Monad.Cont.Trans
[125 of 418] Building Control.Monad.Cont
[126 of 418] Building Control.Monad.Except.Trans
[127 of 418] Building Control.Monad.Except
[128 of 418] Building Control.Monad.Maybe.Trans
[129 of 418] Building Type.Equality
[130 of 418] Building Data.Distributive
[131 of 418] Building Control.Monad.Reader.Trans
[132 of 418] Building Control.Monad.Writer.Trans
[133 of 418] Building Control.Monad.Free.Class
[134 of 418] Building Control.Monad.Gen.Class
[135 of 418] Building Control.Monad.Gen
[136 of 418] Building Control.Monad.Gen.Common
[137 of 418] Building Control.Monad.List.Trans
[138 of 418] Building Control.Monad.RWS.Trans
[139 of 418] Building Control.Monad.RWS
[140 of 418] Building Control.Monad.Reader
[141 of 418] Building Control.Monad.ST.Ref
[142 of 418] Building Control.Monad.ST.Uncurried
[143 of 418] Building Control.Monad.Trampoline
[144 of 418] Building Control.Monad.Writer
[145 of 418] Building Data.Functor.Contravariant
[146 of 418] Building Data.Profunctor
[147 of 418] Building Data.Profunctor.Closed
[148 of 418] Building Data.Profunctor.Strong
[149 of 418] Building Data.Functor.Costar
[150 of 418] Building Data.Profunctor.Choice
[151 of 418] Building Data.Profunctor.Star
[152 of 418] Building Control.Parallel.Class
[153 of 418] Building Control.Parallel
[154 of 418] Building Data.Function.Uncurried
[155 of 418] Building Data.Array.NonEmpty.Internal
[156 of 418] Building Data.Array.ST
[157 of 418] Building Data.Array.ST.Iterator
[158 of 418] Building Data.Array
[159 of 418] Building Foreign.Object.ST
[160 of 418] Building Type.Data.Boolean
[161 of 418] Building Type.Data.Ordering
[162 of 418] Building Type.Data.Symbol
[163 of 418] Building Type.RowList
[164 of 418] Building Type.Row.Homogeneous
[165 of 418] Building Foreign.Object
[166 of 418] Building Data.Argonaut.Core
[167 of 418] Building Data.Argonaut.Decode.Error
[168 of 418] Building Data.Array.NonEmpty
[169 of 418] Building Data.Int.Bits
[170 of 418] Building Data.Number
[171 of 418] Building Data.Int
[172 of 418] Building Data.Map.Internal
[173 of 418] Building Data.Set
[174 of 418] Building Data.Map
[175 of 418] Building Data.Enum
[176 of 418] Building Data.String.Pattern
[177 of 418] Building Data.String.Unsafe
[178 of 418] Building Data.String.CodeUnits
[179 of 418] Building Data.String.Common
[180 of 418] Building Data.String.CodePoints
[181 of 418] Building Data.String
[182 of 418] Building Data.String.NonEmpty.Internal
[183 of 418] Building Data.String.NonEmpty.CodePoints
[184 of 418] Building Data.String.NonEmpty
[185 of 418] Building Data.Argonaut.Decode.Decoders
[186 of 418] Building Record.Unsafe.Union
[187 of 418] Building Record
[188 of 418] Building Data.Argonaut.Decode.Class
[189 of 418] Building Data.Argonaut.Decode.Combinators
[190 of 418] Building Data.Argonaut.Parser
[191 of 418] Building Data.Argonaut.Decode.Parser
[192 of 418] Building Data.Argonaut.Decode
[193 of 418] Building Data.Argonaut.Encode.Encoders
[194 of 418] Building Data.Argonaut.Encode.Class
[195 of 418] Building Data.Argonaut.Encode.Combinators
[196 of 418] Building Data.Argonaut.Encode
[197 of 418] Building Data.Char.Gen
[198 of 418] Building Data.String.Gen
[199 of 418] Building Data.Argonaut.Gen
[200 of 418] Building Data.Argonaut.JCursor
[201 of 418] Building Data.Argonaut.JCursor.Gen
[202 of 418] Building Data.Lens.Internal.Wander
[203 of 418] Building Data.Lens.Internal.Indexed
[204 of 418] Building Data.Lens.Internal.Shop
[205 of 418] Building Data.Functor.Clown
[206 of 418] Building Data.Functor.Flip
[207 of 418] Building Data.Functor.Joker
[208 of 418] Building Data.Functor.Product2
[209 of 418] Building Data.Bifoldable
[210 of 418] Building Data.Bitraversable
[211 of 418] Building Data.Lens.Internal.Bazaar
[212 of 418] Building Data.Lens.Internal.Exchange
[213 of 418] Building Data.Profunctor.Cochoice
[214 of 418] Building Data.Lens.Internal.Forget
[215 of 418] Building Data.Lens.Internal.Grating
[216 of 418] Building Data.Lens.Internal.Market
[217 of 418] Building Data.Profunctor.Costrong
[218 of 418] Building Data.Lens.Internal.Re
[219 of 418] Building Data.Lens.Internal.Stall
[220 of 418] Building Data.Lens.Internal.Tagged
[221 of 418] Building Data.Lens.Types
[222 of 418] Building Data.Lens.Lens
[223 of 418] Building Data.Lens.Lens.Tuple
[224 of 418] Building Data.Lens.Lens.Unit
[225 of 418] Building Data.Lens.Prism
[226 of 418] Building Data.Lens.Prism.Either
[227 of 418] Building Data.Lens.Prism.Maybe
[228 of 418] Building Data.Lens.Common
[229 of 418] Building Data.Lens.Fold
[230 of 418] Building Data.Lens.Getter
[231 of 418] Building Data.Lens.Internal.Zipping
[232 of 418] Building Data.Lens.Grate
[233 of 418] Building Data.Lens.Iso
[234 of 418] Building Data.Lens.Setter
[235 of 418] Building Data.Lens.Iso.Newtype
[236 of 418] Building Data.Lens.Indexed
[237 of 418] Building Data.Lens.Traversal
[238 of 418] Building Data.Lens
[239 of 418] Building Data.Argonaut.Prisms
[240 of 418] Building Data.Argonaut.Traversals
[241 of 418] Building Data.Argonaut
[242 of 418] Building Data.Array.Partial
[243 of 418] Building Data.Array.ST.Partial
[244 of 418] Building Data.ArrayBuffer.Types
[245 of 418] Building Data.Bifunctor.Join
[246 of 418] Building Data.Bounded.Generic
[247 of 418] Building Data.Char
[248 of 418] Building Data.Comparison
[249 of 418] Building Data.Exists
[250 of 418] Building Data.Coyoneda
[251 of 418] Building Data.Date.Component
[252 of 418] Building Data.Enum.Gen
[253 of 418] Building Data.Date.Component.Gen
[254 of 418] Building Data.Time.Duration
[255 of 418] Building Data.Date
[256 of 418] Building Data.Date.Gen
[257 of 418] Building Data.Time.Component
[258 of 418] Building Data.Time
[259 of 418] Building Data.DateTime
[260 of 418] Building Data.Time.Component.Gen
[261 of 418] Building Data.Time.Gen
[262 of 418] Building Data.DateTime.Gen
[263 of 418] Building Data.DateTime.Instant
[264 of 418] Building Data.Equivalence
[265 of 418] Building Data.Op
[266 of 418] Building Data.Predicate
[267 of 418] Building Data.Divide
[268 of 418] Building Data.Decide
[269 of 418] Building Data.Divisible
[270 of 418] Building Data.Decidable
[271 of 418] Building Data.Either.Inject
[272 of 418] Building Data.Either.Nested
[273 of 418] Building Data.Enum.Generic
[274 of 418] Building Data.Eq.Generic
[275 of 418] Building Data.Functor.Coproduct.Inject
[276 of 418] Building Data.Functor.Coproduct.Nested
[277 of 418] Building Data.Functor.Product.Nested
[278 of 418] Building Data.HeytingAlgebra.Generic
[279 of 418] Building Data.Interval.Duration
[280 of 418] Building Data.Interval.Duration.Iso
[281 of 418] Building Data.Interval
[282 of 418] Building Foreign
[283 of 418] Building Data.JSDate
[284 of 418] Building Data.Lens.AffineTraversal
[285 of 418] Building Data.Lens.Index
[286 of 418] Building Data.Lens.At
[287 of 418] Building Data.Lens.Fold.Partial
[288 of 418] Building Data.Lens.Internal.Focusing
[289 of 418] Building Data.Lens.Lens.Product
[290 of 418] Building Data.Lens.Lens.Void
[291 of 418] Building Data.Lens.Prism.Coproduct
[292 of 418] Building Data.Lens.Record
[293 of 418] Building Data.Lens.Zoom
[294 of 418] Building Data.List.Lazy.Types
[295 of 418] Building Data.List.Lazy
[296 of 418] Building Data.List.Lazy.NonEmpty
[297 of 418] Building Data.List.Partial
[298 of 418] Building Data.List.ZipList
[299 of 418] Building Data.Map.Gen
[300 of 418] Building Data.Monoid.Generic
[301 of 418] Building Data.Nullable
[302 of 418] Building Data.Number.Approximate
[303 of 418] Building Data.Number.Format
[304 of 418] Building Data.Ord.Down
[305 of 418] Building Data.Ord.Generic
[306 of 418] Building Data.Posix.Signal
[307 of 418] Building Data.Posix
[308 of 418] Building Data.Profunctor.Join
[309 of 418] Building Data.Profunctor.Split
[310 of 418] Building Data.Reflectable
[311 of 418] Building Data.Ring.Generic
[312 of 418] Building Data.Semigroup.Generic
[313 of 418] Building Data.Semiring.Generic
[314 of 418] Building Data.Set.NonEmpty
[315 of 418] Building Data.String.CaseInsensitive
[316 of 418] Building Data.String.NonEmpty.CaseInsensitive
[317 of 418] Building Data.String.NonEmpty.CodeUnits
[318 of 418] Building Data.String.Regex.Flags
[319 of 418] Building Data.String.Regex
[320 of 418] Building Data.String.Regex.Unsafe
[321 of 418] Building Data.Time.Duration.Gen
[322 of 418] Building Data.Tuple.Nested
[323 of 418] Building Data.Yoneda
[324 of 418] Building Debug
[325 of 418] Building Dodo.Internal
[326 of 418] Building Dodo.Internal.Buffer
[327 of 418] Building Dodo
[328 of 418] Building Dodo.Ansi
[329 of 418] Building Dodo.Box
[330 of 418] Building Dodo.Common
[331 of 418] Building Effect.Unsafe
[332 of 418] Building Effect.Aff
[333 of 418] Building Effect.Aff.Class
[334 of 418] Building Effect.Uncurried
[335 of 418] Building Effect.Aff.Compat
[336 of 418] Building Effect.Console
[337 of 418] Building Effect.Class.Console
[338 of 418] Building Effect.Exception.Unsafe
[339 of 418] Building Foreign.Index
[340 of 418] Building Foreign.Keys
[341 of 418] Building Foreign.Object.Gen
[342 of 418] Building Foreign.Object.ST.Unsafe
[343 of 418] Building Foreign.Object.Unsafe
[344 of 418] Building Gopurs.FfiTypes
[345 of 418] Building PureScript.Backend.Optimizer.CoreFn
[346 of 418] Building Gopurs.GoAst
[347 of 418] Building Gopurs.Printer
[348 of 418] Building Node.Buffer.Types
[349 of 418] Building Node.Encoding
[350 of 418] Building Node.Buffer.Immutable
[351 of 418] Building Node.Buffer.Class
[352 of 418] Building Node.Buffer
[353 of 418] Building Node.FS.Constants
[354 of 418] Building Node.FS
[355 of 418] Building Node.FS.Perms
[356 of 418] Building Node.FS.Stats
[357 of 418] Building Node.Path
[358 of 418] Building Node.FS.Sync
[359 of 418] Building PureScript.Backend.Optimizer.Syntax
[360 of 418] Building PureScript.Backend.Optimizer.Analysis
[361 of 418] Building PureScript.Backend.Optimizer.Utils
[362 of 418] Building PureScript.Backend.Optimizer.Semantics
[363 of 418] Building PureScript.Backend.Optimizer.Codegen.Tco
[364 of 418] Building PureScript.CST.Types
[365 of 418] Building PureScript.CST.Print
[366 of 418] Building PureScript.CST.Errors
[367 of 418] Building PureScript.CST.Layout
[368 of 418] Building PureScript.CST.TokenStream
[369 of 418] Building PureScript.CST.Lexer
[370 of 418] Building PureScript.CST.Parser.Monad
[371 of 418] Building PureScript.Backend.Optimizer.Directives
[372 of 418] Building PureScript.Backend.Optimizer.Semantics.Foreign
[373 of 418] Building PureScript.Backend.Optimizer.Convert
[374 of 418] Building PureScript.Backend.Optimizer.FfiSupport
[375 of 418] Building PureScript.Backend.Optimizer.FreeVars
[376 of 418] Building PureScript.Backend.Optimizer.Substitute
[377 of 418] Building PureScript.Backend.Optimizer.Monomorphize
[378 of 418] Building Gopurs.CodeGen
[379 of 418] Building Gopurs.FBIP
[380 of 418] Building Gopurs.FfiSupport
[381 of 418] Building Gopurs.Runtime
[382 of 418] Building Gopurs.ShowTco
[383 of 418] Building Gopurs.TestTrace
[384 of 418] Building Gopurs.UsageAnalysis
[385 of 418] Building Node.FS.Async
[386 of 418] Building Node.FS.Aff
[387 of 418] Building Node.Symbol
[388 of 418] Building Node.EventEmitter
[389 of 418] Building Node.EventEmitter.UtilTypes
[390 of 418] Building Node.Platform
[391 of 418] Building Node.Stream
[392 of 418] Building Node.Process
[393 of 418] Building PureScript.Backend.Optimizer.CoreFn.Json
[394 of 418] Building PureScript.Backend.Optimizer.CoreFn.Sort
[395 of 418] Building PureScript.Backend.Optimizer.Directives.Defaults
[396 of 418] Building PureScript.Backend.Optimizer.App
[397 of 418] Building PureScript.Backend.Optimizer.Builder
[398 of 418] Building Main
[399 of 418] Building Node.Buffer.Constants
[400 of 418] Building Node.Buffer.ST
[401 of 418] Building Node.FS.Stream
[402 of 418] Building Node.Stream.Aff
[403 of 418] Building PureScript.Backend.Optimizer.Debug
[404 of 418] Building PureScript.Backend.Optimizer.Reachability
[405 of 418] Building PureScript.Backend.Optimizer.TestUnify
[406 of 418] Building PureScript.Backend.Optimizer.Tracer.Printer
[407 of 418] Building PureScript.CST.ModuleGraph
[408 of 418] Building PureScript.CST.Parser
[409 of 418] Building PureScript.CST.Range.TokenList
[410 of 418] Building PureScript.CST.Range
[411 of 418] Building Type.Row
[412 of 418] Building PureScript.CST.Traversal
[413 of 418] Building PureScript.CST
[414 of 418] Building Record.Builder
[415 of 418] Building Spago.Generated.BuildInfo
[416 of 418] Building TestMangle
[417 of 418] Building Type.Function
[418 of 418] Building Type.Prelude

  bin/gopurs.js  981.2kb

⚡ Done in 21ms
Building...
Reading Spago workspace configuration...

✓ Selecting package to build: ps-go-test

Downloading dependencies...
Building...
[  3 of 268] Compiling Type.Proxy
[  1 of 268] Compiling Unsafe.Coerce
[  2 of 268] Compiling Spago.Generated.BuildInfo
[  4 of 268] Compiling Type.Equality
[  5 of 268] Compiling Record.Unsafe
[  6 of 268] Compiling Partial
[  7 of 268] Compiling Data.Int.Bits
[  8 of 268] Compiling Data.NaturalTransformation
[ 10 of 268] Compiling Data.Traversable.Accum
[ 11 of 268] Compiling Data.Unit
[  9 of 268] Compiling Data.Void
[ 12 of 268] Compiling Data.String.Unsafe
[ 13 of 268] Compiling Data.Boolean
[ 14 of 268] Compiling Control.Semigroupoid
[ 15 of 268] Compiling Data.Symbol
[ 17 of 268] Compiling Partial.Unsafe
[ 18 of 268] Compiling Control.Lazy
[ 16 of 268] Compiling Data.Function.Uncurried
[ 19 of 268] Compiling Control.Category
[ 20 of 268] Compiling Safe.Coerce
[ 21 of 268] Compiling Data.Exists
[ 22 of 268] Compiling Data.Semigroup
[ 23 of 268] Compiling Data.HeytingAlgebra
[ 24 of 268] Compiling Data.Semiring
[ 25 of 268] Compiling Data.Show
[ 26 of 268] Compiling Data.Ring
[ 27 of 268] Compiling Data.Generic.Rep
[ 29 of 268] Compiling Data.BooleanAlgebra
[ 28 of 268] Compiling Data.Eq
[ 30 of 268] Compiling Data.CommutativeRing
[ 31 of 268] Compiling Data.Ordering
[ 32 of 268] Compiling Data.Ord
[ 33 of 268] Compiling Data.EuclideanRing
[ 34 of 268] Compiling Data.DivisionRing
[ 35 of 268] Compiling Data.Field
[ 38 of 268] Compiling Data.Bounded
[ 36 of 268] Compiling Data.Reflectable
[ 39 of 268] Compiling Data.Monoid
[ 37 of 268] Compiling Data.Function
[ 40 of 268] Compiling Data.Functor
[ 42 of 268] Compiling Control.Alt
[ 41 of 268] Compiling Control.Extend
[ 43 of 268] Compiling Control.Apply
[ 44 of 268] Compiling Data.Monoid.Generic
[ 45 of 268] Compiling Data.Bounded.Generic
[ 46 of 268] Compiling Control.Plus
[ 47 of 268] Compiling Control.Comonad
[ 48 of 268] Compiling Control.Applicative
[ 49 of 268] Compiling Control.Alternative
[ 50 of 268] Compiling Control.Bind
[ 51 of 268] Compiling Control.Monad
[ 52 of 268] Compiling Prelude
[ 53 of 268] Compiling Control.MonadPlus
[ 54 of 268] Compiling Data.Ord.Generic
[ 55 of 268] Compiling Control.Monad.Reader.Class
[ 56 of 268] Compiling Data.Semigroup.First
[ 57 of 268] Compiling Data.Monoid.Endo
[ 59 of 268] Compiling Data.Ring.Generic
[ 58 of 268] Compiling Data.Semigroup.Last
[ 61 of 268] Compiling TestLoop
[ 60 of 268] Compiling Data.Monoid.Additive
[ 62 of 268] Compiling Data.Number.Format
[ 63 of 268] Compiling Control.Monad.Cont.Class
[ 64 of 268] Compiling Test.Tiny
[ 65 of 268] Compiling Data.Show.Generic
[ 66 of 268] Compiling Data.HeytingAlgebra.Generic
[ 67 of 268] Compiling Control.Monad.Gen.Class
[ 68 of 268] Compiling Control.Monad.Trans.Class
[ 69 of 268] Compiling Data.Semigroup.Generic
[ 70 of 268] Compiling Data.Traversable.Accum.Internal
[ 71 of 268] Compiling Data.Monoid.Multiplicative
[ 72 of 268] Compiling Data.Monoid.Dual
[ 73 of 268] Compiling Data.Eq.Generic
[ 74 of 268] Compiling Data.Monoid.Conj
[ 75 of 268] Compiling Effect
[ 76 of 268] Compiling Data.Monoid.Disj
[ 77 of 268] Compiling Data.Semiring.Generic
[ 78 of 268] Compiling Effect.Unsafe
[ 79 of 268] Compiling Effect.Class
[ 80 of 268] Compiling Effect.Console
[ 81 of 268] Compiling Effect.Ref
[ 82 of 268] Compiling Data.Newtype
[ 83 of 268] Compiling Effect.Uncurried
[ 84 of 268] Compiling Effect.Class.Console
[ 85 of 268] Compiling Data.Ord.Min
[ 86 of 268] Compiling Data.Profunctor
[ 87 of 268] Compiling Data.String.Pattern
[ 88 of 268] Compiling Data.Functor.App
[ 89 of 268] Compiling Data.Monoid.Alternate
[ 90 of 268] Compiling Data.Ord.Max
[ 91 of 268] Compiling Data.Time.Duration
[ 92 of 268] Compiling Data.Ord.Down
[ 93 of 268] Compiling Data.String.Common
[ 94 of 268] Compiling Data.Functor.Invariant
[ 95 of 268] Compiling Data.Profunctor.Closed
[ 96 of 268] Compiling Data.Functor.Compose
[ 98 of 268] Compiling Data.Identity
[ 97 of 268] Compiling Data.Maybe
[ 99 of 268] Compiling Data.Profunctor.Join
[100 of 268] Compiling Data.Const
[101 of 268] Compiling Data.Profunctor.Split
[102 of 268] Compiling Data.Tuple
[103 of 268] Compiling Data.Functor.Contravariant
[104 of 268] Compiling Data.Op
[106 of 268] Compiling Data.Predicate
[105 of 268] Compiling Data.Comparison
[107 of 268] Compiling Data.Maybe.Last
[108 of 268] Compiling Data.String.CodeUnits
[109 of 268] Compiling Data.Number
[110 of 268] Compiling Data.Either
[111 of 268] Compiling Data.Maybe.First
[112 of 268] Compiling Data.Equivalence
[114 of 268] Compiling Data.Number.Approximate
[113 of 268] Compiling Data.Int
[115 of 268] Compiling Data.Divide
[116 of 268] Compiling Control.Monad.Writer.Class
[117 of 268] Compiling Data.Profunctor.Strong
[119 of 268] Compiling Data.Distributive
[121 of 268] Compiling Data.Profunctor.Costrong
[120 of 268] Compiling Control.Monad.State.Class
[118 of 268] Compiling Data.Tuple.Nested
[122 of 268] Compiling Data.Divisible
[124 of 268] Compiling Data.Decide
[123 of 268] Compiling Data.Bifunctor
[125 of 268] Compiling Effect.Exception
[126 of 268] Compiling Data.Profunctor.Choice
[127 of 268] Compiling Data.Profunctor.Cochoice
[128 of 268] Compiling Data.Either.Inject
[129 of 268] Compiling Data.Either.Nested
[130 of 268] Compiling Effect.Exception.Unsafe
[131 of 268] Compiling Control.Monad.Error.Class
[132 of 268] Compiling Data.Functor.Product
[133 of 268] Compiling Data.Profunctor.Star
[134 of 268] Compiling Control.Biapply
[135 of 268] Compiling Data.Functor.Costar
[136 of 268] Compiling Data.Functor.Coproduct
[137 of 268] Compiling Control.Monad.Rec.Class
[138 of 268] Compiling Data.Decidable
[139 of 268] Compiling Control.Biapplicative
[140 of 268] Compiling Data.Bifunctor.Join
[141 of 268] Compiling Data.Functor.Clown
[142 of 268] Compiling Data.Functor.Flip
[143 of 268] Compiling Data.Functor.Product2
[144 of 268] Compiling Data.Functor.Joker
[147 of 268] Compiling Data.Functor.Coproduct.Inject
[145 of 268] Compiling Data.Foldable
[148 of 268] Compiling Data.Functor.Product.Nested
[146 of 268] Compiling Data.Functor.Coproduct.Nested
[149 of 268] Compiling Data.FunctorWithIndex
[150 of 268] Compiling Control.Monad.ST.Internal
[151 of 268] Compiling Control.Monad.ST.Ref
[152 of 268] Compiling Control.Monad.ST.Uncurried
[153 of 268] Compiling Control.Monad.ST
[154 of 268] Compiling Control.Monad.ST.Global
[155 of 268] Compiling Control.Monad.ST.Class
[156 of 268] Compiling Control.Monad.State.Trans
[157 of 268] Compiling Control.Monad.RWS.Trans
[158 of 268] Compiling Control.Monad.Cont.Trans
[159 of 268] Compiling Control.Monad.Maybe.Trans
[160 of 268] Compiling Control.Monad.Writer.Trans
[161 of 268] Compiling Control.Monad.Except.Trans
[163 of 268] Compiling Control.Monad.Reader.Trans
[162 of 268] Compiling Data.Array.ST
[165 of 268] Compiling Data.Array.ST.Partial
[164 of 268] Compiling Data.Array.ST.Iterator
[166 of 268] Compiling Control.Monad.Cont
[167 of 268] Compiling Control.Monad.Reader
[168 of 268] Compiling Control.Monad.State
[169 of 268] Compiling Control.Monad.Except
[170 of 268] Compiling Data.Bifoldable
[171 of 268] Compiling Data.FoldableWithIndex
[172 of 268] Compiling Data.Traversable
[173 of 268] Compiling Data.Semigroup.Foldable
[174 of 268] Compiling Control.Parallel.Class
[175 of 268] Compiling Control.Monad.Writer
[176 of 268] Compiling Control.Monad.RWS
[177 of 268] Compiling Data.Bitraversable
[178 of 268] Compiling Data.Semigroup.Traversable
[179 of 268] Compiling Control.Monad.Identity.Trans
[180 of 268] Compiling Control.Parallel
[181 of 268] Compiling Effect.Aff
[182 of 268] Compiling Data.TraversableWithIndex
[183 of 268] Compiling Data.Unfoldable1
[184 of 268] Compiling Control.Comonad.Trans.Class
[185 of 268] Compiling Data.Unfoldable
[187 of 268] Compiling Control.Comonad.Traced.Trans
[186 of 268] Compiling Control.Comonad.Store.Trans
[188 of 268] Compiling Data.Enum
[189 of 268] Compiling Control.Monad.Gen
[190 of 268] Compiling Data.Time.Duration.Gen
[191 of 268] Compiling Data.NonEmpty
[192 of 268] Compiling Data.Array.NonEmpty.Internal
[193 of 268] Compiling Data.Lazy
[194 of 268] Compiling Control.Comonad.Env.Trans
[195 of 268] Compiling Bench
[196 of 268] Compiling Effect.Aff.Compat
[197 of 268] Compiling Test.LazyEvaluation
[198 of 268] Compiling Test.Records
[199 of 268] Compiling Test.TCO
[200 of 268] Compiling Test.ListOps
[201 of 268] Compiling Test.AstTree
[202 of 268] Compiling Test.Polymorphism
[203 of 268] Compiling Test.Primes
[204 of 268] Compiling Test.Church
[205 of 268] Compiling Test.Ackermann
[206 of 268] Compiling Test.BenchCheck
[207 of 268] Compiling Data.Time.Component
[208 of 268] Compiling Test.Fib
[209 of 268] Compiling Test.RBTree
[210 of 268] Compiling Test.StateMonad
[211 of 268] Compiling Data.Enum.Generic
[212 of 268] Compiling Data.Char
[213 of 268] Compiling Data.Array
[214 of 268] Compiling Data.Date.Component
[215 of 268] Compiling Control.Comonad.Store.Class
[216 of 268] Compiling Data.Enum.Gen
[217 of 268] Compiling Data.List.Types
[218 of 268] Compiling Data.Char.Gen
[219 of 268] Compiling Control.Monad.Gen.Common
[221 of 268] Compiling Data.List.Lazy.Types
[220 of 268] Compiling Control.Monad.List.Trans
[222 of 268] Compiling Data.Time.Component.Gen
[223 of 268] Compiling Data.Time
[224 of 268] Compiling Data.String.Gen
[225 of 268] Compiling Control.Comonad.Store
[226 of 268] Compiling Control.Comonad.Env.Class
[227 of 268] Compiling Data.Date.Component.Gen
[228 of 268] Compiling Data.Date
[229 of 268] Compiling Control.Comonad.Env
[230 of 268] Compiling Data.Time.Gen
[231 of 268] Compiling Control.Comonad.Traced.Class
[232 of 268] Compiling Control.Comonad.Traced
[233 of 268] Compiling Data.Date.Gen
[234 of 268] Compiling Data.DateTime
[236 of 268] Compiling Test.ArrayOps
[238 of 268] Compiling Data.Array.Partial
[237 of 268] Compiling Data.String.CodePoints
[235 of 268] Compiling Data.Array.NonEmpty
[240 of 268] Compiling Data.DateTime.Gen
[239 of 268] Compiling Data.DateTime.Instant
[241 of 268] Compiling App
[242 of 268] Compiling Data.List.Internal
[243 of 268] Compiling Effect.Now
[244 of 268] Compiling Effect.Aff.Class
[245 of 268] Compiling Data.List
[246 of 268] Compiling Data.List.Lazy
[247 of 268] Compiling Data.String
[248 of 268] Compiling Data.String.NonEmpty.Internal
[249 of 268] Compiling Data.String.CaseInsensitive
[250 of 268] Compiling Data.String.Regex.Flags
[251 of 268] Compiling Data.String.Regex
[253 of 268] Compiling Data.String.NonEmpty.CodeUnits
[252 of 268] Compiling Data.String.NonEmpty.CodePoints
[254 of 268] Compiling Data.String.Regex.Unsafe
[255 of 268] Compiling Data.String.NonEmpty
[256 of 268] Compiling Data.String.NonEmpty.CaseInsensitive
[258 of 268] Compiling Data.List.Partial
[259 of 268] Compiling Data.List.NonEmpty
[257 of 268] Compiling Data.Map.Internal
[261 of 268] Compiling Data.List.ZipList
[260 of 268] Compiling Data.List.Lazy.NonEmpty
[262 of 268] Compiling Data.Set
[264 of 268] Compiling Data.Map
[263 of 268] Compiling Data.Set.NonEmpty
[266 of 268] Compiling Data.Map.Gen
[265 of 268] Compiling Data.Interval.Duration
[268 of 268] Compiling Data.Interval
[267 of 268] Compiling Data.Interval.Duration.Iso
           Src   Lib   All
Warnings     0     0     0
Errors       0     0     0

✓ Build succeeded.

Compiling with backend "../gopurs/gopurs/bin/gopurs"

✓ Backend build succeeded.

=== Go ===
--------------------------------------------------

(Test)

AST Evaluation:

(Output)

7

(Execution time)

5.00 μs

--------------------------------------------------

(Test)

Fibonacci:

(Output)

55

(Execution time)

3.00 μs

--------------------------------------------------

(Test)

List Processing (900 elements):

(Output)

202950

(Execution time)

124.75 μs

--------------------------------------------------

(Test)

Tail Call Optimization (100k calls):

(Output)

100000

(Execution time)

1710.00 μs

--------------------------------------------------

(Test)

Deep Record Updates (10k iterations):

(Output)

20000

(Execution time)

1478.00 μs

--------------------------------------------------

(Test)

Ackermann (3, 4):

(Output)

125

(Execution time)

28.00 μs

--------------------------------------------------

(Test)

Church Numerals (100k Closure Applications):

(Output)

100000

(Execution time)

3516.00 μs

--------------------------------------------------

(Test)

Prime Sieve (sum primes up to 500):

(Output)

21536

(Execution time)

410.00 μs

--------------------------------------------------

(Test)

Red-Black Tree (100k Worst-Case Insertions):

(Output)

22

(Execution time)

57961.25 μs

--------------------------------------------------

(Test)

Polymorphism (10M Type Class Dict Lookups):

(Output)

10000000

(Execution time)

2802.00 μs

--------------------------------------------------

(Test)

State Monad (1.2k Binds, 60 Stack Depth):

(Output)

1200

(Execution time)

89.00 μs

--------------------------------------------------

(Test)

Lazy Evaluation (1M Thunks Forced, 1k Depth):

(Output)

1000000

(Execution time)

24901.00 μs

--------------------------------------------------

(Test)

Array Processing (900 elements):

(Output)

202950

(Execution time)

84.00 μs


==================================================

Total exec time: 93.11 ms

