=== Rebuilding gopurs backend ===
Reading Spago workspace configuration...

✓ Selecting package to build: gopurs

Downloading dependencies...
Building...
[1 of 1] Compiling Spago.Generated.BuildInfo
           Src   Lib   All
Warnings     0     0     0
Errors       0     0     0

✓ Build succeeded.

[  1 of 421] Building Control.Semigroupoid
[  2 of 421] Building Type.Proxy
[  3 of 421] Building Data.Symbol
[  4 of 421] Building Data.Unit
[  5 of 421] Building Record.Unsafe
[  6 of 421] Building Data.HeytingAlgebra
[  7 of 421] Building Data.Void
[  8 of 421] Building Data.Eq
[  9 of 421] Building Control.Category
[ 10 of 421] Building Data.Boolean
[ 11 of 421] Building Data.Semigroup
[ 12 of 421] Building Data.Show
[ 13 of 421] Building Data.Ordering
[ 14 of 421] Building Data.Semiring
[ 15 of 421] Building Data.Ring
[ 16 of 421] Building Data.Ord
[ 17 of 421] Building Data.Function
[ 18 of 421] Building Data.Functor
[ 19 of 421] Building Control.Alt
[ 20 of 421] Building Control.Apply
[ 21 of 421] Building Control.Applicative
[ 22 of 421] Building Control.Bind
[ 23 of 421] Building Control.Plus
[ 24 of 421] Building Data.BooleanAlgebra
[ 25 of 421] Building Data.Bounded
[ 26 of 421] Building Data.CommutativeRing
[ 27 of 421] Building Data.EuclideanRing
[ 28 of 421] Building Control.Monad
[ 29 of 421] Building Data.Monoid
[ 30 of 421] Building Data.DivisionRing
[ 31 of 421] Building Data.Field
[ 32 of 421] Building Data.NaturalTransformation
[ 33 of 421] Building Prelude
[ 34 of 421] Building Data.Monoid.Additive
[ 35 of 421] Building Control.Alternative
[ 36 of 421] Building Control.Extend
[ 37 of 421] Building Control.Comonad
[ 38 of 421] Building Data.Monoid.Conj
[ 39 of 421] Building Data.Monoid.Disj
[ 40 of 421] Building Data.Monoid.Dual
[ 41 of 421] Building Data.Monoid.Endo
[ 42 of 421] Building Data.Monoid.Multiplicative
[ 43 of 421] Building Data.Semigroup.First
[ 44 of 421] Building Data.Semigroup.Last
[ 45 of 421] Building Unsafe.Coerce
[ 46 of 421] Building Safe.Coerce
[ 47 of 421] Building Data.Newtype
[ 48 of 421] Building Data.Monoid.Alternate
[ 49 of 421] Building Data.Functor.Invariant
[ 50 of 421] Building Data.Const
[ 51 of 421] Building Data.Generic.Rep
[ 52 of 421] Building Data.Maybe
[ 53 of 421] Building Data.Either
[ 54 of 421] Building Control.Lazy
[ 55 of 421] Building Control.MonadPlus
[ 56 of 421] Building Data.Functor.App
[ 57 of 421] Building Data.Functor.Compose
[ 58 of 421] Building Data.Tuple
[ 59 of 421] Building Data.Bifunctor
[ 60 of 421] Building Data.Functor.Coproduct
[ 61 of 421] Building Data.Functor.Product
[ 62 of 421] Building Data.Identity
[ 63 of 421] Building Data.Maybe.First
[ 64 of 421] Building Data.Maybe.Last
[ 65 of 421] Building Data.Foldable
[ 66 of 421] Building Effect
[ 67 of 421] Building Effect.Ref
[ 68 of 421] Building Partial
[ 69 of 421] Building Partial.Unsafe
[ 70 of 421] Building Control.Monad.Rec.Class
[ 71 of 421] Building Data.FunctorWithIndex
[ 72 of 421] Building Data.FoldableWithIndex
[ 73 of 421] Building Data.Ord.Max
[ 74 of 421] Building Data.Ord.Min
[ 75 of 421] Building Data.Semigroup.Foldable
[ 76 of 421] Building Data.Traversable.Accum
[ 77 of 421] Building Data.Traversable.Accum.Internal
[ 78 of 421] Building Data.Traversable
[ 79 of 421] Building Data.TraversableWithIndex
[ 80 of 421] Building Data.Semigroup.Traversable
[ 81 of 421] Building Data.Unfoldable1
[ 82 of 421] Building Data.Unfoldable
[ 83 of 421] Building Data.NonEmpty
[ 84 of 421] Building Data.List.Types
[ 85 of 421] Building Data.List.Internal
[ 86 of 421] Building Data.List
[ 87 of 421] Building Data.List.NonEmpty
[ 88 of 421] Building Data.Show.Generic
[ 89 of 421] Building Ansi.Codes
[ 90 of 421] Building Ansi.Output
[ 91 of 421] Building Control.Biapply
[ 92 of 421] Building Control.Biapplicative
[ 93 of 421] Building Control.Monad.Trans.Class
[ 94 of 421] Building Data.CatQueue
[ 95 of 421] Building Data.CatList
[ 96 of 421] Building Control.Monad.Free
[ 97 of 421] Building Control.Monad.State.Class
[ 98 of 421] Building Control.Monad.Cont.Class
[ 99 of 421] Building Effect.Exception
[100 of 421] Building Control.Monad.Error.Class
[101 of 421] Building Control.Monad.Reader.Class
[102 of 421] Building Control.Monad.ST.Internal
[103 of 421] Building Control.Monad.ST
[104 of 421] Building Control.Monad.ST.Global
[105 of 421] Building Control.Monad.ST.Class
[106 of 421] Building Control.Monad.Writer.Class
[107 of 421] Building Effect.Class
[108 of 421] Building Control.Monad.State.Trans
[109 of 421] Building Control.Monad.State
[110 of 421] Building Data.Lazy
[111 of 421] Building Control.Comonad.Cofree
[112 of 421] Building Control.Monad.Identity.Trans
[113 of 421] Building Control.Comonad.Trans.Class
[114 of 421] Building Control.Comonad.Env.Trans
[115 of 421] Building Control.Comonad.Store.Trans
[116 of 421] Building Control.Comonad.Traced.Trans
[117 of 421] Building Control.Comonad.Cofree.Class
[118 of 421] Building Control.Comonad.Store.Class
[119 of 421] Building Control.Comonad.Store
[120 of 421] Building Control.Comonad.Env.Class
[121 of 421] Building Control.Comonad.Env
[122 of 421] Building Control.Comonad.Traced.Class
[123 of 421] Building Control.Comonad.Traced
[124 of 421] Building Control.Monad.Cont.Trans
[125 of 421] Building Control.Monad.Cont
[126 of 421] Building Control.Monad.Except.Trans
[127 of 421] Building Control.Monad.Except
[128 of 421] Building Control.Monad.Maybe.Trans
[129 of 421] Building Type.Equality
[130 of 421] Building Data.Distributive
[131 of 421] Building Control.Monad.Reader.Trans
[132 of 421] Building Control.Monad.Writer.Trans
[133 of 421] Building Control.Monad.Free.Class
[134 of 421] Building Control.Monad.Gen.Class
[135 of 421] Building Control.Monad.Gen
[136 of 421] Building Control.Monad.Gen.Common
[137 of 421] Building Control.Monad.List.Trans
[138 of 421] Building Control.Monad.RWS.Trans
[139 of 421] Building Control.Monad.RWS
[140 of 421] Building Control.Monad.Reader
[141 of 421] Building Control.Monad.ST.Ref
[142 of 421] Building Control.Monad.ST.Uncurried
[143 of 421] Building Control.Monad.Trampoline
[144 of 421] Building Control.Monad.Writer
[145 of 421] Building Data.Functor.Contravariant
[146 of 421] Building Data.Profunctor
[147 of 421] Building Data.Profunctor.Closed
[148 of 421] Building Data.Profunctor.Strong
[149 of 421] Building Data.Functor.Costar
[150 of 421] Building Data.Profunctor.Choice
[151 of 421] Building Data.Profunctor.Star
[152 of 421] Building Control.Parallel.Class
[153 of 421] Building Control.Parallel
[154 of 421] Building Data.Function.Uncurried
[155 of 421] Building Data.Array.NonEmpty.Internal
[156 of 421] Building Data.Array.ST
[157 of 421] Building Data.Array.ST.Iterator
[158 of 421] Building Data.Array
[159 of 421] Building Foreign.Object.ST
[160 of 421] Building Type.Data.Boolean
[161 of 421] Building Type.Data.Ordering
[162 of 421] Building Type.Data.Symbol
[163 of 421] Building Type.RowList
[164 of 421] Building Type.Row.Homogeneous
[165 of 421] Building Foreign.Object
[166 of 421] Building Data.Argonaut.Core
[167 of 421] Building Data.Argonaut.Decode.Error
[168 of 421] Building Data.Array.NonEmpty
[169 of 421] Building Data.Int.Bits
[170 of 421] Building Data.Number
[171 of 421] Building Data.Int
[172 of 421] Building Data.Map.Internal
[173 of 421] Building Data.Set
[174 of 421] Building Data.Map
[175 of 421] Building Data.Enum
[176 of 421] Building Data.String.Pattern
[177 of 421] Building Data.String.Unsafe
[178 of 421] Building Data.String.CodeUnits
[179 of 421] Building Data.String.Common
[180 of 421] Building Data.String.CodePoints
[181 of 421] Building Data.String
[182 of 421] Building Data.String.NonEmpty.Internal
[183 of 421] Building Data.String.NonEmpty.CodePoints
[184 of 421] Building Data.String.NonEmpty
[185 of 421] Building Data.Argonaut.Decode.Decoders
[186 of 421] Building Record.Unsafe.Union
[187 of 421] Building Record
[188 of 421] Building Data.Argonaut.Decode.Class
[189 of 421] Building Data.Argonaut.Decode.Combinators
[190 of 421] Building Data.Argonaut.Parser
[191 of 421] Building Data.Argonaut.Decode.Parser
[192 of 421] Building Data.Argonaut.Decode
[193 of 421] Building Data.Argonaut.Encode.Encoders
[194 of 421] Building Data.Argonaut.Encode.Class
[195 of 421] Building Data.Argonaut.Encode.Combinators
[196 of 421] Building Data.Argonaut.Encode
[197 of 421] Building Data.Char.Gen
[198 of 421] Building Data.String.Gen
[199 of 421] Building Data.Argonaut.Gen
[200 of 421] Building Data.Argonaut.JCursor
[201 of 421] Building Data.Argonaut.JCursor.Gen
[202 of 421] Building Data.Lens.Internal.Wander
[203 of 421] Building Data.Lens.Internal.Indexed
[204 of 421] Building Data.Lens.Internal.Shop
[205 of 421] Building Data.Functor.Clown
[206 of 421] Building Data.Functor.Flip
[207 of 421] Building Data.Functor.Joker
[208 of 421] Building Data.Functor.Product2
[209 of 421] Building Data.Bifoldable
[210 of 421] Building Data.Bitraversable
[211 of 421] Building Data.Lens.Internal.Bazaar
[212 of 421] Building Data.Lens.Internal.Exchange
[213 of 421] Building Data.Profunctor.Cochoice
[214 of 421] Building Data.Lens.Internal.Forget
[215 of 421] Building Data.Lens.Internal.Grating
[216 of 421] Building Data.Lens.Internal.Market
[217 of 421] Building Data.Profunctor.Costrong
[218 of 421] Building Data.Lens.Internal.Re
[219 of 421] Building Data.Lens.Internal.Stall
[220 of 421] Building Data.Lens.Internal.Tagged
[221 of 421] Building Data.Lens.Types
[222 of 421] Building Data.Lens.Lens
[223 of 421] Building Data.Lens.Lens.Tuple
[224 of 421] Building Data.Lens.Lens.Unit
[225 of 421] Building Data.Lens.Prism
[226 of 421] Building Data.Lens.Prism.Either
[227 of 421] Building Data.Lens.Prism.Maybe
[228 of 421] Building Data.Lens.Common
[229 of 421] Building Data.Lens.Fold
[230 of 421] Building Data.Lens.Getter
[231 of 421] Building Data.Lens.Internal.Zipping
[232 of 421] Building Data.Lens.Grate
[233 of 421] Building Data.Lens.Iso
[234 of 421] Building Data.Lens.Setter
[235 of 421] Building Data.Lens.Iso.Newtype
[236 of 421] Building Data.Lens.Indexed
[237 of 421] Building Data.Lens.Traversal
[238 of 421] Building Data.Lens
[239 of 421] Building Data.Argonaut.Prisms
[240 of 421] Building Data.Argonaut.Traversals
[241 of 421] Building Data.Argonaut
[242 of 421] Building Data.Array.Partial
[243 of 421] Building Data.Array.ST.Partial
[244 of 421] Building Data.ArrayBuffer.Types
[245 of 421] Building Data.Bifunctor.Join
[246 of 421] Building Data.Bounded.Generic
[247 of 421] Building Data.Char
[248 of 421] Building Data.Comparison
[249 of 421] Building Data.Exists
[250 of 421] Building Data.Coyoneda
[251 of 421] Building Data.Date.Component
[252 of 421] Building Data.Enum.Gen
[253 of 421] Building Data.Date.Component.Gen
[254 of 421] Building Data.Time.Duration
[255 of 421] Building Data.Date
[256 of 421] Building Data.Date.Gen
[257 of 421] Building Data.Time.Component
[258 of 421] Building Data.Time
[259 of 421] Building Data.DateTime
[260 of 421] Building Data.Time.Component.Gen
[261 of 421] Building Data.Time.Gen
[262 of 421] Building Data.DateTime.Gen
[263 of 421] Building Data.DateTime.Instant
[264 of 421] Building Data.Equivalence
[265 of 421] Building Data.Op
[266 of 421] Building Data.Predicate
[267 of 421] Building Data.Divide
[268 of 421] Building Data.Decide
[269 of 421] Building Data.Divisible
[270 of 421] Building Data.Decidable
[271 of 421] Building Data.Either.Inject
[272 of 421] Building Data.Either.Nested
[273 of 421] Building Data.Enum.Generic
[274 of 421] Building Data.Eq.Generic
[275 of 421] Building Data.Functor.Coproduct.Inject
[276 of 421] Building Data.Functor.Coproduct.Nested
[277 of 421] Building Data.Functor.Product.Nested
[278 of 421] Building Data.HeytingAlgebra.Generic
[279 of 421] Building Data.Interval.Duration
[280 of 421] Building Data.Interval.Duration.Iso
[281 of 421] Building Data.Interval
[282 of 421] Building Foreign
[283 of 421] Building Data.JSDate
[284 of 421] Building Data.Lens.AffineTraversal
[285 of 421] Building Data.Lens.Index
[286 of 421] Building Data.Lens.At
[287 of 421] Building Data.Lens.Fold.Partial
[288 of 421] Building Data.Lens.Internal.Focusing
[289 of 421] Building Data.Lens.Lens.Product
[290 of 421] Building Data.Lens.Lens.Void
[291 of 421] Building Data.Lens.Prism.Coproduct
[292 of 421] Building Data.Lens.Record
[293 of 421] Building Data.Lens.Zoom
[294 of 421] Building Data.List.Lazy.Types
[295 of 421] Building Data.List.Lazy
[296 of 421] Building Data.List.Lazy.NonEmpty
[297 of 421] Building Data.List.Partial
[298 of 421] Building Data.List.ZipList
[299 of 421] Building Data.Map.Gen
[300 of 421] Building Data.Monoid.Generic
[301 of 421] Building Data.Nullable
[302 of 421] Building Data.Number.Approximate
[303 of 421] Building Data.Number.Format
[304 of 421] Building Data.Ord.Down
[305 of 421] Building Data.Ord.Generic
[306 of 421] Building Data.Posix.Signal
[307 of 421] Building Data.Posix
[308 of 421] Building Data.Profunctor.Join
[309 of 421] Building Data.Profunctor.Split
[310 of 421] Building Data.Reflectable
[311 of 421] Building Data.Ring.Generic
[312 of 421] Building Data.Semigroup.Generic
[313 of 421] Building Data.Semiring.Generic
[314 of 421] Building Data.Set.NonEmpty
[315 of 421] Building Data.String.CaseInsensitive
[316 of 421] Building Data.String.NonEmpty.CaseInsensitive
[317 of 421] Building Data.String.NonEmpty.CodeUnits
[318 of 421] Building Data.String.Regex.Flags
[319 of 421] Building Data.String.Regex
[320 of 421] Building Data.String.Regex.Unsafe
[321 of 421] Building Data.Time.Duration.Gen
[322 of 421] Building Data.Tuple.Nested
[323 of 421] Building Data.Yoneda
[324 of 421] Building Debug
[325 of 421] Building Dodo.Internal
[326 of 421] Building Dodo.Internal.Buffer
[327 of 421] Building Dodo
[328 of 421] Building Dodo.Ansi
[329 of 421] Building Dodo.Box
[330 of 421] Building Dodo.Common
[331 of 421] Building Effect.Unsafe
[332 of 421] Building Effect.Aff
[333 of 421] Building Effect.Aff.Class
[334 of 421] Building Effect.Uncurried
[335 of 421] Building Effect.Aff.Compat
[336 of 421] Building Effect.Console
[337 of 421] Building Effect.Class.Console
[338 of 421] Building Effect.Exception.Unsafe
[339 of 421] Building Foreign.Index
[340 of 421] Building Foreign.Keys
[341 of 421] Building Foreign.Object.Gen
[342 of 421] Building Foreign.Object.ST.Unsafe
[343 of 421] Building Foreign.Object.Unsafe
[344 of 421] Building Gopurs.FfiTypes
[345 of 421] Building PureScript.Backend.Optimizer.CoreFn
[346 of 421] Building Gopurs.GoAst
[347 of 421] Building Gopurs.Printer
[348 of 421] Building PureScript.Backend.Optimizer.Syntax
[349 of 421] Building PureScript.Backend.Optimizer.Analysis
[350 of 421] Building PureScript.Backend.Optimizer.Utils
[351 of 421] Building PureScript.Backend.Optimizer.Semantics
[352 of 421] Building PureScript.Backend.Optimizer.Codegen.Tco
[353 of 421] Building Gopurs.ShowTco
[354 of 421] Building Node.Buffer.Types
[355 of 421] Building Node.Encoding
[356 of 421] Building Node.Buffer.Immutable
[357 of 421] Building Node.Buffer.Class
[358 of 421] Building Node.Buffer
[359 of 421] Building Node.FS.Constants
[360 of 421] Building Node.FS
[361 of 421] Building Node.FS.Perms
[362 of 421] Building Node.FS.Stats
[363 of 421] Building Node.Path
[364 of 421] Building Node.FS.Sync
[365 of 421] Building PureScript.CST.Types
[366 of 421] Building PureScript.CST.Print
[367 of 421] Building PureScript.CST.Errors
[368 of 421] Building PureScript.CST.Layout
[369 of 421] Building PureScript.CST.TokenStream
[370 of 421] Building PureScript.CST.Lexer
[371 of 421] Building PureScript.CST.Parser.Monad
[372 of 421] Building PureScript.Backend.Optimizer.Directives
[373 of 421] Building PureScript.Backend.Optimizer.Semantics.Foreign
[374 of 421] Building PureScript.Backend.Optimizer.Convert
[375 of 421] Building PureScript.Backend.Optimizer.FfiSupport
[376 of 421] Building PureScript.Backend.Optimizer.FreeVars
[377 of 421] Building PureScript.Backend.Optimizer.Substitute
[378 of 421] Building PureScript.Backend.Optimizer.Monomorphize
[379 of 421] Building Gopurs.CodeGen
[380 of 421] Building Gopurs.CodeGenBackend
[381 of 421] Building Gopurs.FBIP
[382 of 421] Building Gopurs.FfiSupport
[383 of 421] Building Gopurs.QuoteTAST
[384 of 421] Building Gopurs.OptimizeTAST
[385 of 421] Building Gopurs.Runtime
[386 of 421] Building Gopurs.TestTrace
[387 of 421] Building Gopurs.UsageAnalysis
[388 of 421] Building Node.FS.Async
[389 of 421] Building Node.FS.Aff
[390 of 421] Building Node.Symbol
[391 of 421] Building Node.EventEmitter
[392 of 421] Building Node.EventEmitter.UtilTypes
[393 of 421] Building Node.Platform
[394 of 421] Building Node.Stream
[395 of 421] Building Node.Process
[396 of 421] Building PureScript.Backend.Optimizer.CoreFn.Json
[397 of 421] Building PureScript.Backend.Optimizer.CoreFn.Sort
[398 of 421] Building PureScript.Backend.Optimizer.Directives.Defaults
[399 of 421] Building PureScript.Backend.Optimizer.App
[400 of 421] Building PureScript.Backend.Optimizer.Builder
[401 of 421] Building Main
[402 of 421] Building Node.Buffer.Constants
[403 of 421] Building Node.Buffer.ST
[404 of 421] Building Node.FS.Stream
[405 of 421] Building Node.Stream.Aff
[406 of 421] Building PureScript.Backend.Optimizer.Debug
[407 of 421] Building PureScript.Backend.Optimizer.Reachability
[408 of 421] Building PureScript.Backend.Optimizer.TestUnify
[409 of 421] Building PureScript.Backend.Optimizer.Tracer.Printer
[410 of 421] Building PureScript.CST.ModuleGraph
[411 of 421] Building PureScript.CST.Parser
[412 of 421] Building PureScript.CST.Range.TokenList
[413 of 421] Building PureScript.CST.Range
[414 of 421] Building Type.Row
[415 of 421] Building PureScript.CST.Traversal
[416 of 421] Building PureScript.CST
[417 of 421] Building Record.Builder
[418 of 421] Building Spago.Generated.BuildInfo
[419 of 421] Building TestMangle
[420 of 421] Building Type.Function
[421 of 421] Building Type.Prelude

  bin/gopurs.js  1.0mb ⚠️

⚡ Done in 38ms
Building...
Reading Spago workspace configuration...

✓ Selecting package to build: ps-go-test

Downloading dependencies...
Building...
[  1 of 273] Compiling Unsafe.Coerce
[  2 of 273] Compiling Type.Equality
[  4 of 273] Compiling Data.Unit
[  3 of 273] Compiling Type.Proxy
[  5 of 273] Compiling Spago.Generated.BuildInfo
[  6 of 273] Compiling Data.NaturalTransformation
[  7 of 273] Compiling Record.Unsafe
[  8 of 273] Compiling Data.Traversable.Accum
[  9 of 273] Compiling Partial
[ 10 of 273] Compiling Data.String.Unsafe
[ 11 of 273] Compiling Data.Void
[ 12 of 273] Compiling Data.Int.Bits
[ 13 of 273] Compiling Data.Boolean
[ 14 of 273] Compiling Control.Semigroupoid
[ 16 of 273] Compiling Control.Lazy
[ 15 of 273] Compiling Data.Function.Uncurried
[ 17 of 273] Compiling Data.Symbol
[ 19 of 273] Compiling Safe.Coerce
[ 18 of 273] Compiling Partial.Unsafe
[ 20 of 273] Compiling Data.Exists
[ 21 of 273] Compiling Control.Category
[ 22 of 273] Compiling Data.HeytingAlgebra
[ 23 of 273] Compiling Data.Semiring
[ 24 of 273] Compiling Data.Semigroup
[ 25 of 273] Compiling Data.Show
[ 26 of 273] Compiling Data.Ring
[ 28 of 273] Compiling Data.BooleanAlgebra
[ 27 of 273] Compiling Data.Eq
[ 29 of 273] Compiling Data.Generic.Rep
[ 30 of 273] Compiling Data.CommutativeRing
[ 31 of 273] Compiling Data.Ordering
[ 32 of 273] Compiling Data.EuclideanRing
[ 33 of 273] Compiling Data.Ord
[ 34 of 273] Compiling Data.DivisionRing
[ 35 of 273] Compiling Data.Field
[ 36 of 273] Compiling Data.Bounded
[ 37 of 273] Compiling Data.Function
[ 38 of 273] Compiling Data.Monoid
[ 39 of 273] Compiling Data.Reflectable
[ 40 of 273] Compiling Data.Functor
[ 41 of 273] Compiling Control.Alt
[ 44 of 273] Compiling Data.Bounded.Generic
[ 42 of 273] Compiling Control.Extend
[ 43 of 273] Compiling Control.Apply
[ 45 of 273] Compiling Data.Monoid.Generic
[ 46 of 273] Compiling Control.Plus
[ 47 of 273] Compiling Control.Comonad
[ 48 of 273] Compiling Control.Applicative
[ 49 of 273] Compiling Control.Alternative
[ 50 of 273] Compiling Control.Bind
[ 51 of 273] Compiling Control.Monad
[ 52 of 273] Compiling Control.MonadPlus
[ 53 of 273] Compiling Prelude
[ 54 of 273] Compiling Data.Semigroup.Last
[ 55 of 273] Compiling Data.Show.Generic
[ 56 of 273] Compiling TestDPE
[ 57 of 273] Compiling TestLet
[ 58 of 273] Compiling Data.Ring.Generic
[ 59 of 273] Compiling Data.Eq.Generic
[ 60 of 273] Compiling Data.Semiring.Generic
[ 61 of 273] Compiling Data.Monoid.Endo
[ 62 of 273] Compiling Data.Traversable.Accum.Internal
[ 63 of 273] Compiling Control.Monad.Cont.Class
[ 64 of 273] Compiling Test.Tiny
[ 65 of 273] Compiling Data.Monoid.Multiplicative
[ 66 of 273] Compiling Data.Monoid.Disj
[ 67 of 273] Compiling Control.Monad.Trans.Class
[ 68 of 273] Compiling Data.Number.Format
[ 69 of 273] Compiling Data.Semigroup.Generic
[ 70 of 273] Compiling TestLoop
[ 71 of 273] Compiling Data.Monoid.Additive
[ 72 of 273] Compiling Data.Ord.Generic
[ 73 of 273] Compiling Data.Semigroup.First
[ 74 of 273] Compiling Control.Monad.Reader.Class
[ 75 of 273] Compiling Data.Monoid.Conj
[ 76 of 273] Compiling Data.HeytingAlgebra.Generic
[ 77 of 273] Compiling Effect
[ 78 of 273] Compiling Data.Monoid.Dual
[ 79 of 273] Compiling Control.Monad.Gen.Class
[ 80 of 273] Compiling Effect.Class
[ 81 of 273] Compiling Test.Main
[ 82 of 273] Compiling Effect.Unsafe
[ 83 of 273] Compiling Effect.Console
[ 85 of 273] Compiling Effect.Ref
[ 84 of 273] Compiling Effect.Uncurried
[ 86 of 273] Compiling Effect.Class.Console
[ 87 of 273] Compiling Data.Newtype
[ 88 of 273] Compiling Data.String.Pattern
[ 89 of 273] Compiling Data.Ord.Max
[ 90 of 273] Compiling Data.Ord.Down
[ 91 of 273] Compiling Data.Ord.Min
[ 92 of 273] Compiling Data.Monoid.Alternate
[ 93 of 273] Compiling Data.Time.Duration
[ 94 of 273] Compiling Data.Functor.App
[ 95 of 273] Compiling Data.Profunctor
[ 96 of 273] Compiling Data.String.Common
[ 97 of 273] Compiling Data.Profunctor.Closed
[ 98 of 273] Compiling Data.Functor.Invariant
[ 99 of 273] Compiling Data.Functor.Compose
[100 of 273] Compiling Data.Profunctor.Split
[101 of 273] Compiling Data.Identity
[102 of 273] Compiling Data.Const
[103 of 273] Compiling Data.Profunctor.Join
[105 of 273] Compiling Data.Tuple
[104 of 273] Compiling Data.Maybe
[106 of 273] Compiling Data.Functor.Contravariant
[107 of 273] Compiling Data.Op
[108 of 273] Compiling Data.Predicate
[109 of 273] Compiling Data.Comparison
[111 of 273] Compiling Data.Number
[110 of 273] Compiling Data.Either
[113 of 273] Compiling Data.Maybe.First
[112 of 273] Compiling Data.String.CodeUnits
[114 of 273] Compiling Data.Maybe.Last
[115 of 273] Compiling Data.Number.Approximate
[116 of 273] Compiling Data.Equivalence
[117 of 273] Compiling Data.Int
[118 of 273] Compiling Data.Divide
[120 of 273] Compiling Data.Profunctor.Costrong
[123 of 273] Compiling Control.Monad.Writer.Class
[121 of 273] Compiling Data.Profunctor.Strong
[122 of 273] Compiling Data.Distributive
[124 of 273] Compiling Control.Monad.State.Class
[119 of 273] Compiling Data.Tuple.Nested
[125 of 273] Compiling Data.Divisible
[126 of 273] Compiling Data.Decide
[127 of 273] Compiling Data.Profunctor.Cochoice
[128 of 273] Compiling Data.Bifunctor
[129 of 273] Compiling Effect.Exception
[131 of 273] Compiling Data.Profunctor.Choice
[130 of 273] Compiling Data.Either.Nested
[132 of 273] Compiling Data.Either.Inject
[133 of 273] Compiling Effect.Exception.Unsafe
[134 of 273] Compiling Control.Monad.Error.Class
[135 of 273] Compiling Data.Profunctor.Star
[136 of 273] Compiling Data.Functor.Coproduct
[137 of 273] Compiling Control.Biapply
[138 of 273] Compiling Control.Monad.Rec.Class
[139 of 273] Compiling Data.Functor.Product
[140 of 273] Compiling Data.Functor.Costar
[141 of 273] Compiling Data.Decidable
[142 of 273] Compiling Control.Biapplicative
[143 of 273] Compiling Data.Functor.Clown
[144 of 273] Compiling Data.Bifunctor.Join
[145 of 273] Compiling Data.Functor.Product2
[146 of 273] Compiling Data.Functor.Flip
[147 of 273] Compiling Data.Functor.Joker
[148 of 273] Compiling Data.Functor.Coproduct.Inject
[149 of 273] Compiling Data.Functor.Coproduct.Nested
[151 of 273] Compiling Data.Functor.Product.Nested
[150 of 273] Compiling Data.Foldable
[152 of 273] Compiling Data.FunctorWithIndex
[153 of 273] Compiling Control.Monad.ST.Internal
[155 of 273] Compiling Control.Monad.ST.Ref
[154 of 273] Compiling Control.Monad.ST
[156 of 273] Compiling Control.Monad.ST.Uncurried
[157 of 273] Compiling Control.Monad.ST.Global
[158 of 273] Compiling Control.Monad.ST.Class
[159 of 273] Compiling Control.Monad.Maybe.Trans
[160 of 273] Compiling Control.Monad.RWS.Trans
[162 of 273] Compiling Control.Monad.State.Trans
[163 of 273] Compiling Control.Monad.Reader.Trans
[164 of 273] Compiling Control.Monad.Writer.Trans
[161 of 273] Compiling Control.Monad.Cont.Trans
[165 of 273] Compiling Control.Monad.Except.Trans
[166 of 273] Compiling Data.Array.ST
[167 of 273] Compiling Data.Array.ST.Partial
[168 of 273] Compiling Data.Array.ST.Iterator
[169 of 273] Compiling Control.Monad.Cont
[170 of 273] Compiling Control.Monad.Reader
[171 of 273] Compiling Control.Monad.State
[172 of 273] Compiling Control.Monad.Except
[173 of 273] Compiling Control.Monad.Writer
[174 of 273] Compiling Control.Parallel.Class
[175 of 273] Compiling Data.Bifoldable
[176 of 273] Compiling Data.Semigroup.Foldable
[177 of 273] Compiling Data.FoldableWithIndex
[178 of 273] Compiling Data.Traversable
[179 of 273] Compiling Control.Monad.RWS
[180 of 273] Compiling Data.Bitraversable
[181 of 273] Compiling Data.Semigroup.Traversable
[182 of 273] Compiling Control.Parallel
[183 of 273] Compiling Control.Monad.Identity.Trans
[184 of 273] Compiling Effect.Aff
[185 of 273] Compiling Data.Unfoldable1
[186 of 273] Compiling Data.TraversableWithIndex
[187 of 273] Compiling Control.Comonad.Trans.Class
[188 of 273] Compiling Control.Comonad.Traced.Trans
[189 of 273] Compiling Control.Comonad.Store.Trans
[190 of 273] Compiling Data.Unfoldable
[191 of 273] Compiling Data.Enum
[192 of 273] Compiling Control.Monad.Gen
[193 of 273] Compiling Data.NonEmpty
[194 of 273] Compiling Data.Array.NonEmpty.Internal
[196 of 273] Compiling Data.Lazy
[195 of 273] Compiling Control.Comonad.Env.Trans
[197 of 273] Compiling Data.Time.Duration.Gen
[198 of 273] Compiling Data.Array
[199 of 273] Compiling Effect.Aff.Compat
[200 of 273] Compiling Bench
[201 of 273] Compiling Data.Enum.Generic
[202 of 273] Compiling Data.Char
[203 of 273] Compiling Data.Time.Component
[204 of 273] Compiling Test.AstTree
[205 of 273] Compiling Test.Polymorphism
[206 of 273] Compiling Test.ListOps
[208 of 273] Compiling Test.BenchCheck
[207 of 273] Compiling Test.Church
[209 of 273] Compiling Test.Fib
[210 of 273] Compiling Test.Primes
[211 of 273] Compiling Test.RBTree
[212 of 273] Compiling Test.TCO
[214 of 273] Compiling Test.LazyEvaluation
[213 of 273] Compiling Test.Records
[215 of 273] Compiling Test.Ackermann
[216 of 273] Compiling Test.StateMonad
[217 of 273] Compiling Data.Date.Component
[218 of 273] Compiling Test.RowToList
[219 of 273] Compiling Control.Comonad.Store.Class
[220 of 273] Compiling Control.Monad.List.Trans
[221 of 273] Compiling Data.List.Types
[223 of 273] Compiling Data.List.Lazy.Types
[222 of 273] Compiling Data.Enum.Gen
[224 of 273] Compiling Data.Char.Gen
[225 of 273] Compiling Control.Monad.Gen.Common
[226 of 273] Compiling AppTest
[227 of 273] Compiling Data.Time
[228 of 273] Compiling Data.Time.Component.Gen
[229 of 273] Compiling Control.Comonad.Store
[230 of 273] Compiling Data.String.Gen
[231 of 273] Compiling Control.Comonad.Env.Class
[233 of 273] Compiling Data.Date.Component.Gen
[232 of 273] Compiling Data.Date
[234 of 273] Compiling Data.Time.Gen
[235 of 273] Compiling Control.Comonad.Env
[236 of 273] Compiling Control.Comonad.Traced.Class
[237 of 273] Compiling Control.Comonad.Traced
[239 of 273] Compiling Test.ArrayOps
[241 of 273] Compiling Data.Array.Partial
[238 of 273] Compiling Data.String.CodePoints
[240 of 273] Compiling Data.Array.NonEmpty
[242 of 273] Compiling App
[243 of 273] Compiling Data.Date.Gen
[244 of 273] Compiling Data.DateTime
[245 of 273] Compiling Data.List.Internal
[246 of 273] Compiling Data.DateTime.Gen
[247 of 273] Compiling Data.DateTime.Instant
[248 of 273] Compiling Data.String
[249 of 273] Compiling Effect.Aff.Class
[250 of 273] Compiling Data.String.CaseInsensitive
[252 of 273] Compiling Data.String.Regex.Flags
[251 of 273] Compiling Data.String.NonEmpty.Internal
[253 of 273] Compiling Effect.Now
[254 of 273] Compiling Data.List
[255 of 273] Compiling Data.List.Lazy
[256 of 273] Compiling Data.String.NonEmpty.CodePoints
[257 of 273] Compiling Data.String.Regex
[258 of 273] Compiling Data.String.NonEmpty.CodeUnits
[259 of 273] Compiling Data.String.Regex.Unsafe
[260 of 273] Compiling Data.String.NonEmpty
[261 of 273] Compiling Data.String.NonEmpty.CaseInsensitive
[263 of 273] Compiling Data.List.Partial
[262 of 273] Compiling Data.List.NonEmpty
[264 of 273] Compiling Data.Map.Internal
[266 of 273] Compiling Data.List.ZipList
[265 of 273] Compiling Data.List.Lazy.NonEmpty
[267 of 273] Compiling Data.Set
[269 of 273] Compiling Data.Map
[268 of 273] Compiling Data.Set.NonEmpty
[270 of 273] Compiling Data.Interval.Duration
[271 of 273] Compiling Data.Map.Gen
[272 of 273] Compiling Data.Interval
[273 of 273] Compiling Data.Interval.Duration.Iso
           Src   Lib   All
Warnings     0     0     0
Errors       0     0     0

✓ Build succeeded.

Compiling with backend "../gopurs/gopurs/bin/gopurs"

--- Processing c100k --- 
fn.body = Typed(Func([Func([Int],Int),Int],Int),Let(Typed(Int,Let(Typed(Func([Func([OtherType],OtherType),OtherType],OtherType),Abs(Typed(Func([OtherType],OtherType),Abs(Typed(OtherType,App(Local,2))))))))))
exprType: (Func [(Func [Int] Int), Int] Int)
--- AFTER resBodyMut --- 
expr=gopurs_runtime.Int(gopurs_runtime.Func(func(f_3 gopurs_runtime.Value) gopurs_runtime.Value {
return gopurs_runtime.Func(func(x_4 gopurs_runtime.Value) gopurs_runtime.Value {
return gopurs_runtime.Apply2(__local_var_1_0, gopurs_runtime.Apply(__local_var_2_1, f_3), x_4)
})
}).IntVal)
exprType=gopurs_runtime.Value

--- AFTER coerceGoExpr c100k --- 
expr=gopurs_runtime.Int(gopurs_runtime.Func(func(f_3 gopurs_runtime.Value) gopurs_runtime.Value {
return gopurs_runtime.Func(func(x_4 gopurs_runtime.Value) gopurs_runtime.Value {
return gopurs_runtime.Apply2(__local_var_1_0, gopurs_runtime.Apply(__local_var_2_1, f_3), x_4)
})
}).IntVal) 
from resBodyMut.exprType=gopurs_runtime.Value to expectedRetType=gopurs_runtime.Value

✓ Backend build succeeded.

=== Go ===
--------------------------------------------------

(Test)

AST Evaluation:

(Output)

7

(Execution time)

17.00 μs

--------------------------------------------------

(Test)

Fibonacci:

(Output)

55

(Execution time)

3.00 μs

--------------------------------------------------

(Test)

List Processing (900 elements):

(Output)

202950

(Execution time)

73.25 μs

--------------------------------------------------

(Test)

Tail Call Optimization (100k calls):

(Output)

100000

(Execution time)

918.00 μs

--------------------------------------------------

(Test)

Deep Record Updates (10k iterations):

(Output)

20000

(Execution time)

1120.00 μs

--------------------------------------------------

(Test)

Ackermann (3, 4):

(Output)

125

(Execution time)

49.00 μs

--------------------------------------------------

(Test)

Church Numerals (100k Closure Applications):

(Output)

panic: PANIC in Apply: f.Type = 6, f.UnsafePtr is nil

goroutine 1 [running]:
gopurs/output/gopurs_runtime.Apply({0x6, 0x0, 0x0}, {0x397a0adba860?, 0x397a0b0f3b28?, 0x1052add38?})
	/Users/0x1/Documents/htdocs/altbak.pub/output/gopurs_runtime/runtime.go:480 +0x714
gopurs/output/gopurs_runtime.Apply2({0xa, 0x0, 0x397a0ad34a80}, {0x10506e6b0?, 0x254360b4b9ab?, 0x1052add38?}, {0x11c0d0a800000007?, 0x4319646dc0f3efe4?, 0x0?})
	/Users/0x1/Documents/htdocs/altbak.pub/output/gopurs_runtime/runtime.go:534 +0x154
gopurs/output/purescript.Get_Test_Church_act.func1.1({0x397a0b0f3c08?, 0x1050c4dfc?, 0x0?})
	/Users/0x1/Documents/htdocs/altbak.pub/output/purescript/Test_Church.go:148 +0xf0
gopurs/output/gopurs_runtime.Apply({0x1, 0x0, 0x1052add30}, {0x105295420?, 0x1?, 0x0?})
	/Users/0x1/Documents/htdocs/altbak.pub/output/gopurs_runtime/runtime.go:484 +0x6c
gopurs/output/purescript.Get_Bench_runBench.func1.1.Call_Bench_runBench.1({0x397a0ae8d710?, 0x1397a0adf2000?, 0x105076610?})
	/Users/0x1/Documents/htdocs/altbak.pub/output/purescript/Bench.go:81 +0x130
gopurs/output/gopurs_runtime.Apply({0x1, 0x0, 0x397a0add0700}, {0x1052899e0?, 0xb?, 0x0?})
	/Users/0x1/Documents/htdocs/altbak.pub/output/gopurs_runtime/runtime.go:484 +0x6c
gopurs/output/purescript.Get_App_main.func1.1({0x105139b33?, 0x1000000000005?, 0x105076610?})
	/Users/0x1/Documents/htdocs/altbak.pub/output/purescript/App.go:28 +0x2bc
gopurs/output/gopurs_runtime.Apply({0x1, 0x0, 0x1052adcc8}, {0x0?, 0x0?, 0x0?})
	/Users/0x1/Documents/htdocs/altbak.pub/output/gopurs_runtime/runtime.go:484 +0x6c
main.main()
	/Users/0x1/Documents/htdocs/altbak.pub/output/main/main.go:18 +0xb0
