================================
    Running pure backends...    
================================

Building...
=== JS V8 ===
--------------------------------------------------

(Test)

AST Evaluation:

(Output)

7

(Execution time)

128.83 μs

--------------------------------------------------

(Test)

Fibonacci:

(Output)

55

(Execution time)

51.92 μs

--------------------------------------------------

(Test)

List Processing (900 elements):

(Output)

202950

(Execution time)

503.83 μs

--------------------------------------------------

(Test)

Tail Call Optimization (100k calls):

(Output)

100000

(Execution time)

2098.96 μs

--------------------------------------------------

(Test)

Deep Record Updates (10k iterations):

(Output)

20000

(Execution time)

482.58 μs

--------------------------------------------------

(Test)

Ackermann (3, 4):

(Output)

125

(Execution time)

354.75 μs

--------------------------------------------------

(Test)

Church Numerals (100k Closure Applications):

(Output)

100000

(Execution time)

2156.96 μs

--------------------------------------------------

(Test)

Prime Sieve (sum primes up to 500):

(Output)

21536

(Execution time)

935.08 μs

--------------------------------------------------

(Test)

Red-Black Tree (100k Worst-Case Insertions):

(Output)

22

(Execution time)

105976.13 μs

--------------------------------------------------

(Test)

Polymorphism (10M Type Class Dict Lookups):

(Output)

10000000

(Execution time)

10280.08 μs

--------------------------------------------------

(Test)

State Monad (1.2k Binds, 60 Stack Depth):

(Output)

1200

(Execution time)

417.67 μs

--------------------------------------------------

(Test)

Lazy Evaluation (1M Thunks Forced, 1k Depth):

(Output)

1000000

(Execution time)

15681.25 μs

--------------------------------------------------

(Test)

Array Processing (900 elements):

(Output)

202950

(Execution time)

254.08 μs


==================================================

Total exec time: 139.32 ms


Building...
=== Arista ES V8 ===
--------------------------------------------------

(Test)

AST Evaluation:

(Output)

7

(Execution time)

80.29 μs

--------------------------------------------------

(Test)

Fibonacci:

(Output)

55

(Execution time)

44.29 μs

--------------------------------------------------

(Test)

List Processing (900 elements):

(Output)

202950

(Execution time)

882.71 μs

--------------------------------------------------

(Test)

Tail Call Optimization (100k calls):

(Output)

100000

(Execution time)

1464.75 μs

--------------------------------------------------

(Test)

Deep Record Updates (10k iterations):

(Output)

20000

(Execution time)

717.63 μs

--------------------------------------------------

(Test)

Ackermann (3, 4):

(Output)

125

(Execution time)

282.71 μs

--------------------------------------------------

(Test)

Church Numerals (100k Closure Applications):

(Output)

100000

(Execution time)

1817.75 μs

--------------------------------------------------

(Test)

Prime Sieve (sum primes up to 500):

(Output)

21536

(Execution time)

726.54 μs

--------------------------------------------------

(Test)

Red-Black Tree (100k Worst-Case Insertions):

(Output)

22

(Execution time)

61075.21 μs

--------------------------------------------------

(Test)

Polymorphism (10M Type Class Dict Lookups):

(Output)

10000000

(Execution time)

8686.62 μs

--------------------------------------------------

(Test)

State Monad (1.2k Binds, 60 Stack Depth):

(Output)

1200

(Execution time)

187.38 μs

--------------------------------------------------

(Test)

Lazy Evaluation (1M Thunks Forced, 1k Depth):

(Output)

1000000

(Execution time)

15265.58 μs

--------------------------------------------------

(Test)

Array Processing (900 elements):

(Output)

202950

(Execution time)

217.63 μs


==================================================

Total exec time: 91.45 ms


Building...
Reading Spago workspace configuration...

✓ Selecting package to build: ps-scheme-test

Downloading dependencies...
Building...
[ERROR 1/1 ModuleNotFound] src/Bench.purs:5:1

  5  import Effect.Aff (Aff)
     ^^^^^^^^^^^^^^^^^^^^^^^

  Module Effect.Aff was not found.
  Make sure the source file exists, and that it has been provided as an input to the compiler.

           Src   Lib   All
Warnings     0     0     0
Errors       1     0     1

✘ Failed to build.

=== Scheme failed ===

Building...
=== Erlang failed ===

Building...
Reading Spago workspace configuration...

✓ Selecting package to build: ps-php-test

Downloading dependencies...
Building...
           Src   Lib   All
Warnings     0     0     0
Errors       0     0     0

✓ Build succeeded.

Compiling with backend "../phpurs/phpurs/bin/phpurs"
Writing main.mod.php for App

✓ Backend build succeeded.

=== PHP ===
Loading composer repositories with package information
Updating dependencies
Nothing to modify in lock file
Writing lock file
Installing dependencies from lock file (including require-dev)
Nothing to install, update or remove
Generating autoload files
No security vulnerability advisories found.
--------------------------------------------------

(Test)

AST Evaluation:

(Output)

7

(Execution time)

14.00 μs

--------------------------------------------------

(Test)

Fibonacci:

(Output)

55

(Execution time)

11.00 μs

--------------------------------------------------

(Test)

List Processing (900 elements):

(Output)

202950

(Execution time)

2154.00 μs

--------------------------------------------------

(Test)

Tail Call Optimization (100k calls):

(Output)

100000

(Execution time)

24019.00 μs

--------------------------------------------------

(Test)

Deep Record Updates (10k iterations):

(Output)

20000

(Execution time)

5100.00 μs

--------------------------------------------------

(Test)

Ackermann (3, 4):

(Output)

125

(Execution time)

502.00 μs

--------------------------------------------------

(Test)

Church Numerals (100k Closure Applications):

(Output)

100000

(Execution time)

12478.00 μs

--------------------------------------------------

(Test)

Prime Sieve (sum primes up to 500):

(Output)

21536

(Execution time)

7197.00 μs

--------------------------------------------------

(Test)

Red-Black Tree (100k Worst-Case Insertions):

(Output)

22

(Execution time)

466980.00 μs

--------------------------------------------------

(Test)

Polymorphism (10M Type Class Dict Lookups):

(Output)

10000000

(Execution time)

9490.00 μs

--------------------------------------------------

(Test)

State Monad (1.2k Binds, 60 Stack Depth):

(Output)

1200

(Execution time)

1534.00 μs

--------------------------------------------------

(Test)

Lazy Evaluation (1M Thunks Forced, 1k Depth):

(Output)

1000000

(Execution time)

101344.00 μs

--------------------------------------------------

(Test)

Array Processing (900 elements):

(Output)

202950

(Execution time)

1982.00 μs


==================================================

Total exec time: 632.81 ms


Building...
Reading Spago workspace configuration...

✓ Selecting package to build: ps-go-test

Downloading dependencies...
Building...
           Src   Lib   All
Warnings     0     0     0
Errors       0     0     0

✓ Build succeeded.

Compiling with backend "../gopurs/gopurs/bin/gopurs"

✓ Backend build succeeded.

=== Go ===
--------------------------------------------------

(Test)

AST Evaluation:

(Output)

7

(Execution time)

8.00 μs

--------------------------------------------------

(Test)

Fibonacci:

(Output)

55

(Execution time)

4.00 μs

--------------------------------------------------

(Test)

List Processing (900 elements):

(Output)

202950

(Execution time)

147.00 μs

--------------------------------------------------

(Test)

Tail Call Optimization (100k calls):

(Output)

100000

(Execution time)

1828.00 μs

--------------------------------------------------

(Test)

Deep Record Updates (10k iterations):

(Output)

20000

(Execution time)

1586.00 μs

--------------------------------------------------

(Test)

Ackermann (3, 4):

(Output)

125

(Execution time)

32.00 μs

--------------------------------------------------

(Test)

Church Numerals (100k Closure Applications):

(Output)

100000

(Execution time)

3562.00 μs

--------------------------------------------------

(Test)

Prime Sieve (sum primes up to 500):

(Output)

21536

(Execution time)

435.00 μs

--------------------------------------------------

(Test)

Red-Black Tree (100k Worst-Case Insertions):

(Output)

22

(Execution time)

66929.00 μs

--------------------------------------------------

(Test)

Polymorphism (10M Type Class Dict Lookups):

(Output)

10000000

(Execution time)

2616.00 μs

--------------------------------------------------

(Test)

State Monad (1.2k Binds, 60 Stack Depth):

(Output)

1200

(Execution time)

115.00 μs

--------------------------------------------------

(Test)

Lazy Evaluation (1M Thunks Forced, 1k Depth):

(Output)

1000000

(Execution time)

24826.00 μs

--------------------------------------------------

(Test)

Array Processing (900 elements):

(Output)

202950

(Execution time)

71.00 μs


==================================================

Total exec time: 102.16 ms


Building CoreFn for Gnomon...
Reading Spago workspace configuration...

✓ Selecting package to build: ps-gnomon-test

Downloading dependencies...
Building...
           Src   Lib   All
Warnings     0     0     0
Errors       0     0     0

✓ Build succeeded.

Generating Go via Gnomon...
Reading Spago workspace configuration...

✓ Selecting package to build: backend-go

Adding dependency ranges to the config in "spago.yaml"
Downloading dependencies...
Building...
           Src   Lib   All
Warnings     0     0     0
Errors       0     0     0

✓ Build succeeded.

=== Gnomon Go ===
--------------------------------------------------

(Test)

AST Evaluation:

(Output)

7

(Execution time)

9.00 μs

--------------------------------------------------

(Test)

Fibonacci:

(Output)

55

(Execution time)

5.00 μs

--------------------------------------------------

(Test)

List Processing (900 elements):

(Output)

202950

(Execution time)

592.00 μs

--------------------------------------------------

(Test)

Tail Call Optimization (100k calls):

(Output)

100000

(Execution time)

12669.00 μs

--------------------------------------------------

(Test)

Deep Record Updates (10k iterations):

(Output)

20000

(Execution time)

11972.00 μs

--------------------------------------------------

(Test)

Ackermann (3, 4):

(Output)

125

(Execution time)

226.00 μs

--------------------------------------------------

(Test)

Church Numerals (100k Closure Applications):

(Output)

100000

(Execution time)

2530.00 μs

--------------------------------------------------

(Test)

Prime Sieve (sum primes up to 500):

(Output)

21536

(Execution time)

1198.00 μs

--------------------------------------------------

(Test)

Red-Black Tree (100k Worst-Case Insertions):

(Output)

22

(Execution time)

594015.00 μs

--------------------------------------------------

(Test)

Polymorphism (10M Type Class Dict Lookups):

(Output)

runtime: goroutine stack exceeds 1000000000-byte limit
runtime: sp=0x6a75356663a0 stack=[0x6a7535666000, 0x6a7555666000]
fatal error: stack overflow

runtime stack:
runtime.throw({0x102870dbc?, 0x1027c7204?})
	/opt/homebrew/Cellar/go/1.26.5/libexec/src/runtime/panic.go:1229 +0x38 fp=0x16de0eda0 sp=0x16de0ed70 pc=0x1028061e8
runtime.newstack()
	/opt/homebrew/Cellar/go/1.26.5/libexec/src/runtime/stack.go:1178 +0x498 fp=0x16de0eed0 sp=0x16de0eda0 pc=0x1027eefe8
runtime.morestack()
	/opt/homebrew/Cellar/go/1.26.5/libexec/src/runtime/asm_arm64.s:507 +0x70 fp=0x16de0eed0 sp=0x16de0eed0 pc=0x10280a260

goroutine 1 gp=0x6a7503ed01e0 m=14 mp=0x6a7507681808 [running]:
runtime.mallocgcTiny(0x8?, 0x102950420?)
	/opt/homebrew/Cellar/go/1.26.5/libexec/src/runtime/malloc.go:1202 +0x2ec fp=0x6a75356663a0 sp=0x6a75356663a0 pc=0x1027ab74c
runtime.mallocgc(0x8, 0x102950420, 0x0)
	/opt/homebrew/Cellar/go/1.26.5/libexec/src/runtime/malloc.go:1141 +0xac fp=0x6a75356663d0 sp=0x6a75356663a0 pc=0x102804bec
runtime.convT64(0x589693)
	/opt/homebrew/Cellar/go/1.26.5/libexec/src/runtime/iface.go:404 +0x48 fp=0x6a7535666400 sp=0x6a75356663d0 pc=0x1028049b8
main._intSub({0x10294ffa0?, 0x6a751f2f5790?}, {0x10294ffa0?, 0x1028797e0?})
	/Users/0x1/Documents/htdocs/altbak.pub/run/bak/gnomon/output-go/runtime.go:2314 +0x50 fp=0x6a7535666430 sp=0x6a7535666400 pc=0x102850510
main.init.20.func2.1.init.20.func2.1.1.2.1.1({0x10294ffa0, 0x6a751f2f5790}, {0x10294ffa0, 0x6a751f2f5798}, 0x6a7503fa4120)
	/Users/0x1/Documents/htdocs/altbak.pub/run/bak/gnomon/output-go/Test_Polymorphism.go:16 +0x64 fp=0x6a7535666470 sp=0x6a7535666430 pc=0x1028631d4
main.init.20.func2.1.init.20.func2.1.1.2.1({0x10294ffa0?, 0x6a751f2f5798?})
	/Users/0x1/Documents/htdocs/altbak.pub/run/bak/gnomon/output-go/Test_Polymorphism.go:17 +0x3c fp=0x6a75356664b0 sp=0x6a7535666470 pc=0x10286314c
main.init.20.func2.1.init.20.func2.1.1.2.1.1({0x10294ffa0, 0x6a751f2f5780}, {0x10294ffa0, 0x6a751f2f5788}, 0x6a7503fa4120)
	/Users/0x1/Documents/htdocs/altbak.pub/run/bak/gnomon/output-go/Test_Polymorphism.go:16 +0xc0 fp=0x6a75356664f0 sp=0x6a75356664b0 pc=0x102863230
main.init.20.func2.1.init.20.func2.1.1.2.1({0x10294ffa0?, 0x6a751f2f5788?})
	/Users/0x1/Documents/htdocs/altbak.pub/run/bak/gnomon/output-go/Test_Polymorphism.go:17 +0x3c fp=0x6a7535666530 sp=0x6a75356664f0 pc=0x10286314c
main.init.20.func2.1.init.20.func2.1.1.2.1.1({0x10294ffa0, 0x6a751f2f5770}, {0x10294ffa0, 0x6a751f2f5778}, 0x6a7503fa4120)
	/Users/0x1/Documents/htdocs/altbak.pub/run/bak/gnomon/output-go/Test_Polymorphism.go:16 +0xc0 fp=0x6a7535666570 sp=0x6a7535666530 pc=0x102863230
main.init.20.func2.1.init.20.func2.1.1.2.1({0x10294ffa0?, 0x6a751f2f5778?})
	/Users/0x1/Documents/htdocs/altbak.pub/run/bak/gnomon/output-go/Test_Polymorphism.go:17 +0x3c fp=0x6a75356665b0 sp=0x6a7535666570 pc=0x10286314c
main.init.20.func2.1.init.20.func2.1.1.2.1.1({0x10294ffa0, 0x6a751f2f5760}, {0x10294ffa0, 0x6a751f2f5768}, 0x6a7503fa4120)
	/Users/0x1/Documents/htdocs/altbak.pub/run/bak/gnomon/output-go/Test_Polymorphism.go:16 +0xc0 fp=0x6a75356665f0 sp=0x6a75356665b0 pc=0x102863230
main.init.20.func2.1.init.20.func2.1.1.2.1({0x10294ffa0?, 0x6a751f2f5768?})
	/Users/0x1/Documents/htdocs/altbak.pub/run/bak/gnomon/output-go/Test_Polymorphism.go:17 +0x3c fp=0x6a7535666630 sp=0x6a75356665f0 pc=0x10286314c
main.init.20.func2.1.init.20.func2.1.1.2.1.1({0x10294ffa0, 0x6a751f2f5750}, {0x10294ffa0, 0x6a751f2f5758}, 0x6a7503fa4120)
	/Users/0x1/Documents/htdocs/altbak.pub/run/bak/gnomon/output-go/Test_Polymorphism.go:16 +0xc0 fp=0x6a7535666670 sp=0x6a7535666630 pc=0x102863230
main.init.20.func2.1.init.20.func2.1.1.2.1({0x10294ffa0?, 0x6a751f2f5758?})
	/Users/0x1/Documents/htdocs/altbak.pub/run/bak/gnomon/output-go/Test_Polymorphism.go:17 +0x3c fp=0x6a75356666b0 sp=0x6a7535666670 pc=0x10286314c
main.init.20.func2.1.init.20.func2.1.1.2.1.1({0x10294ffa0, 0x6a751f2f5740}, {0x10294ffa0, 0x6a751f2f5748}, 0x6a7503fa4120)
	/Users/0x1/Documents/htdocs/altbak.pub/run/bak/gnomon/output-go/Test_Polymorphism.go:16 +0xc0 fp=0x6a75356666f0 sp=0x6a75356666b0 pc=0x102863230
main.init.20.func2.1.init.20.func2.1.1.2.1({0x10294ffa0?, 0x6a751f2f5748?})
	/Users/0x1/Documents/htdocs/altbak.pub/run/bak/gnomon/output-go/Test_Polymorphism.go:17 +0x3c fp=0x6a7535666730 sp=0x6a75356666f0 pc=0x10286314c
main.init.20.func2.1.init.20.func2.1.1.2.1.1({0x10294ffa0, 0x6a751f2f5730}, {0x10294ffa0, 0x6a751f2f5738}, 0x6a7503fa4120)
	/Users/0x1/Documents/htdocs/altbak.pub/run/bak/gnomon/output-go/Test_Polymorphism.go:16 +0xc0 fp=0x6a7535666770 sp=0x6a7535666730 pc=0x102863230
main.init.20.func2.1.init.20.func2.1.1.2.1({0x10294ffa0?, 0x6a751f2f5738?})
	/Users/0x1/Documents/htdocs/altbak.pub/run/bak/gnomon/output-go/Test_Polymorphism.go:17 +0x3c fp=0x6a75356667b0 sp=0x6a7535666770 pc=0x10286314c
main.init.20.func2.1.init.20.func2.1.1.2.1.1({0x10294ffa0, 0x6a751f2f5720}, {0x10294ffa0, 0x6a751f2f5728}, 0x6a7503fa4120)
	/Users/0x1/Documents/htdocs/altbak.pub/run/bak/gnomon/output-go/Test_Polymorphism.go:16 +0xc0 fp=0x6a75356667f0 sp=0x6a75356667b0 pc=0x102863230
main.init.20.func2.1.init.20.func2.1.1.2.1({0x10294ffa0?, 0x6a751f2f5728?})
	/Users/0x1/Documents/htdocs/altbak.pub/run/bak/gnomon/output-go/Test_Polymorphism.go:17 +0x3c fp=0x6a7535666830 sp=0x6a75356667f0 pc=0x10286314c
main.init.20.func2.1.init.20.func2.1.1.2.1.1({0x10294ffa0, 0x6a751f2f5710}, {0x10294ffa0, 0x6a751f2f5718}, 0x6a7503fa4120)
	/Users/0x1/Documents/htdocs/altbak.pub/run/bak/gnomon/output-go/Test_Polymorphism.go:16 +0xc0 fp=0x6a7535666870 sp=0x6a7535666830 pc=0x102863230
main.init.20.func2.1.init.20.func2.1.1.2.1({0x10294ffa0?, 0x6a751f2f5718?})
	/Users/0x1/Documents/htdocs/altbak.pub/run/bak/gnomon/output-go/Test_Polymorphism.go:17 +0x3c fp=0x6a75356668b0 sp=0x6a7535666870 pc=0x10286314c
main.init.20.func2.1.init.20.func2.1.1.2.1.1({0x10294ffa0, 0x6a751f2f5700}, {0x10294ffa0, 0x6a751f2f5708}, 0x6a7503fa4120)
	/Users/0x1/Documents/htdocs/altbak.pub/run/bak/gnomon/output-go/Test_Polymorphism.go:16 +0xc0 fp=0x6a75356668f0 sp=0x6a75356668b0 pc=0x102863230
main.init.20.func2.1.init.20.func2.1.1.2.1({0x10294ffa0?, 0x6a751f2f5708?})
	/Users/0x1/Documents/htdocs/altbak.pub/run/bak/gnomon/output-go/Test_Polymorphism.go:17 +0x3c fp=0x6a7535666930 sp=0x6a75356668f0 pc=0x10286314c
main.init.20.func2.1.init.20.func2.1.1.2.1.1({0x10294ffa0, 0x6a751f2f56f0}, {0x10294ffa0, 0x6a751f2f56f8}, 0x6a7503fa4120)
	/Users/0x1/Documents/htdocs/altbak.pub/run/bak/gnomon/output-go/Test_Polymorphism.go:16 +0xc0 fp=0x6a7535666970 sp=0x6a7535666930 pc=0x102863230
main.init.20.func2.1.init.20.func2.1.1.2.1({0x10294ffa0?, 0x6a751f2f56f8?})
	/Users/0x1/Documents/htdocs/altbak.pub/run/bak/gnomon/output-go/Test_Polymorphism.go:17 +0x3c fp=0x6a75356669b0 sp=0x6a7535666970 pc=0x10286314c
main.init.20.func2.1.init.20.func2.1.1.2.1.1({0x10294ffa0, 0x6a751f2f56e0}, {0x10294ffa0, 0x6a751f2f56e8}, 0x6a7503fa4120)
	/Users/0x1/Documents/htdocs/altbak.pub/run/bak/gnomon/output-go/Test_Polymorphism.go:16 +0xc0 fp=0x6a75356669f0 sp=0x6a75356669b0 pc=0x102863230
main.init.20.func2.1.init.20.func2.1.1.2.1({0x10294ffa0?, 0x6a751f2f56e8?})
	/Users/0x1/Documents/htdocs/altbak.pub/run/bak/gnomon/output-go/Test_Polymorphism.go:17 +0x3c fp=0x6a7535666a30 sp=0x6a75356669f0 pc=0x10286314c
main.init.20.func2.1.init.20.func2.1.1.2.1.1({0x10294ffa0, 0x6a751f2f56d0}, {0x10294ffa0, 0x6a751f2f56d8}, 0x6a7503fa4120)
	/Users/0x1/Documents/htdocs/altbak.pub/run/bak/gnomon/output-go/Test_Polymorphism.go:16 +0xc0 fp=0x6a7535666a70 sp=0x6a7535666a30 pc=0x102863230
main.init.20.func2.1.init.20.func2.1.1.2.1({0x10294ffa0?, 0x6a751f2f56d8?})
	/Users/0x1/Documents/htdocs/altbak.pub/run/bak/gnomon/output-go/Test_Polymorphism.go:17 +0x3c fp=0x6a7535666ab0 sp=0x6a7535666a70 pc=0x10286314c
main.init.20.func2.1.init.20.func2.1.1.2.1.1({0x10294ffa0, 0x6a751f2f56c0}, {0x10294ffa0, 0x6a751f2f56c8}, 0x6a7503fa4120)
	/Users/0x1/Documents/htdocs/altbak.pub/run/bak/gnomon/output-go/Test_Polymorphism.go:16 +0xc0 fp=0x6a7535666af0 sp=0x6a7535666ab0 pc=0x102863230
main.init.20.func2.1.init.20.func2.1.1.2.1({0x10294ffa0?, 0x6a751f2f56c8?})
	/Users/0x1/Documents/htdocs/altbak.pub/run/bak/gnomon/output-go/Test_Polymorphism.go:17 +0x3c fp=0x6a7535666b30 sp=0x6a7535666af0 pc=0x10286314c
main.init.20.func2.1.init.20.func2.1.1.2.1.1({0x10294ffa0, 0x6a751f2f56b0}, {0x10294ffa0, 0x6a751f2f56b8}, 0x6a7503fa4120)
	/Users/0x1/Documents/htdocs/altbak.pub/run/bak/gnomon/output-go/Test_Polymorphism.go:16 +0xc0 fp=0x6a7535666b70 sp=0x6a7535666b30 pc=0x102863230
main.init.20.func2.1.init.20.func2.1.1.2.1({0x10294ffa0?, 0x6a751f2f56b8?})
	/Users/0x1/Documents/htdocs/altbak.pub/run/bak/gnomon/output-go/Test_Polymorphism.go:17 +0x3c fp=0x6a7535666bb0 sp=0x6a7535666b70 pc=0x10286314c
main.init.20.func2.1.init.20.func2.1.1.2.1.1({0x10294ffa0, 0x6a751f2f56a0}, {0x10294ffa0, 0x6a751f2f56a8}, 0x6a7503fa4120)
	/Users/0x1/Documents/htdocs/altbak.pub/run/bak/gnomon/output-go/Test_Polymorphism.go:16 +0xc0 fp=0x6a7535666bf0 sp=0x6a7535666bb0 pc=0x102863230
main.init.20.func2.1.init.20.func2.1.1.2.1({0x10294ffa0?, 0x6a751f2f56a8?})
	/Users/0x1/Documents/htdocs/altbak.pub/run/bak/gnomon/output-go/Test_Polymorphism.go:17 +0x3c fp=0x6a7535666c30 sp=0x6a7535666bf0 pc=0x10286314c
main.init.20.func2.1.init.20.func2.1.1.2.1.1({0x10294ffa0, 0x6a751f2f5690}, {0x10294ffa0, 0x6a751f2f5698}, 0x6a7503fa4120)
	/Users/0x1/Documents/htdocs/altbak.pub/run/bak/gnomon/output-go/Test_Polymorphism.go:16 +0xc0 fp=0x6a7535666c70 sp=0x6a7535666c30 pc=0x102863230
main.init.20.func2.1.init.20.func2.1.1.2.1({0x10294ffa0?, 0x6a751f2f5698?})
	/Users/0x1/Documents/htdocs/altbak.pub/run/bak/gnomon/output-go/Test_Polymorphism.go:17 +0x3c fp=0x6a7535666cb0 sp=0x6a7535666c70 pc=0x10286314c
main.init.20.func2.1.init.20.func2.1.1.2.1.1({0x10294ffa0, 0x6a751f2f5680}, {0x10294ffa0, 0x6a751f2f5688}, 0x6a7503fa4120)
	/Users/0x1/Documents/htdocs/altbak.pub/run/bak/gnomon/output-go/Test_Polymorphism.go:16 +0xc0 fp=0x6a7535666cf0 sp=0x6a7535666cb0 pc=0x102863230
main.init.20.func2.1.init.20.func2.1.1.2.1({0x10294ffa0?, 0x6a751f2f5688?})
	/Users/0x1/Documents/htdocs/altbak.pub/run/bak/gnomon/output-go/Test_Polymorphism.go:17 +0x3c fp=0x6a7535666d30 sp=0x6a7535666cf0 pc=0x10286314c
main.init.20.func2.1.init.20.func2.1.1.2.1.1({0x10294ffa0, 0x6a751f2f5670}, {0x10294ffa0, 0x6a751f2f5678}, 0x6a7503fa4120)
	/Users/0x1/Documents/htdocs/altbak.pub/run/bak/gnomon/output-go/Test_Polymorphism.go:16 +0xc0 fp=0x6a7535666d70 sp=0x6a7535666d30 pc=0x102863230
main.init.20.func2.1.init.20.func2.1.1.2.1({0x10294ffa0?, 0x6a751f2f5678?})
	/Users/0x1/Documents/htdocs/altbak.pub/run/bak/gnomon/output-go/Test_Polymorphism.go:17 +0x3c fp=0x6a7535666db0 sp=0x6a7535666d70 pc=0x10286314c
main.init.20.func2.1.init.20.func2.1.1.2.1.1({0x10294ffa0, 0x6a751f2f5660}, {0x10294ffa0, 0x6a751f2f5668}, 0x6a7503fa4120)
	/Users/0x1/Documents/htdocs/altbak.pub/run/bak/gnomon/output-go/Test_Polymorphism.go:16 +0xc0 fp=0x6a7535666df0 sp=0x6a7535666db0 pc=0x102863230
main.init.20.func2.1.init.20.func2.1.1.2.1({0x10294ffa0?, 0x6a751f2f5668?})
	/Users/0x1/Documents/htdocs/altbak.pub/run/bak/gnomon/output-go/Test_Polymorphism.go:17 +0x3c fp=0x6a7535666e30 sp=0x6a7535666df0 pc=0x10286314c
main.init.20.func2.1.init.20.func2.1.1.2.1.1({0x10294ffa0, 0x6a751f2f5650}, {0x10294ffa0, 0x6a751f2f5658}, 0x6a7503fa4120)
	/Users/0x1/Documents/htdocs/altbak.pub/run/bak/gnomon/output-go/Test_Polymorphism.go:16 +0xc0 fp=0x6a7535666e70 sp=0x6a7535666e30 pc=0x102863230
main.init.20.func2.1.init.20.func2.1.1.2.1({0x10294ffa0?, 0x6a751f2f5658?})
	/Users/0x1/Documents/htdocs/altbak.pub/run/bak/gnomon/output-go/Test_Polymorphism.go:17 +0x3c fp=0x6a7535666eb0 sp=0x6a7535666e70 pc=0x10286314c
main.init.20.func2.1.init.20.func2.1.1.2.1.1({0x10294ffa0, 0x6a751f2f5640}, {0x10294ffa0, 0x6a751f2f5648}, 0x6a7503fa4120)
	/Users/0x1/Documents/htdocs/altbak.pub/run/bak/gnomon/output-go/Test_Polymorphism.go:16 +0xc0 fp=0x6a7535666ef0 sp=0x6a7535666eb0 pc=0x102863230
main.init.20.func2.1.init.20.func2.1.1.2.1({0x10294ffa0?, 0x6a751f2f5648?})
	/Users/0x1/Documents/htdocs/altbak.pub/run/bak/gnomon/output-go/Test_Polymorphism.go:17 +0x3c fp=0x6a7535666f30 sp=0x6a7535666ef0 pc=0x10286314c
main.init.20.func2.1.init.20.func2.1.1.2.1.1({0x10294ffa0, 0x6a751f2f5630}, {0x10294ffa0, 0x6a751f2f5638}, 0x6a7503fa4120)
	/Users/0x1/Documents/htdocs/altbak.pub/run/bak/gnomon/output-go/Test_Polymorphism.go:16 +0xc0 fp=0x6a7535666f70 sp=0x6a7535666f30 pc=0x102863230
main.init.20.func2.1.init.20.func2.1.1.2.1({0x10294ffa0?, 0x6a751f2f5638?})
	/Users/0x1/Documents/htdocs/altbak.pub/run/bak/gnomon/output-go/Test_Polymorphism.go:17 +0x3c fp=0x6a7535666fb0 sp=0x6a7535666f70 pc=0x10286314c
...8388496 frames elided...
main.init.20.func2.1.init.20.func2.1.1.2.1.1({0x10294ffa0, 0x6a7508e460b8}, {0x10294ffa0, 0x10287a408}, 0x6a7503fa4120)
	/Users/0x1/Documents/htdocs/altbak.pub/run/bak/gnomon/output-go/Test_Polymorphism.go:16 +0xc0 fp=0x6a75556653f0 sp=0x6a75556653b0 pc=0x102863230
main.init.20.func2.1.init.20.func2.1.1.2.1({0x10294ffa0?, 0x10287a408?})
	/Users/0x1/Documents/htdocs/altbak.pub/run/bak/gnomon/output-go/Test_Polymorphism.go:17 +0x3c fp=0x6a7555665430 sp=0x6a75556653f0 pc=0x10286314c
main.init.20.func2.1.init.20.func2.1.1.2.1.1({0x10294ffa0, 0x6a7508e460b0}, {0x10294ffa0, 0x10287a400}, 0x6a7503fa4120)
	/Users/0x1/Documents/htdocs/altbak.pub/run/bak/gnomon/output-go/Test_Polymorphism.go:16 +0xc0 fp=0x6a7555665470 sp=0x6a7555665430 pc=0x102863230
main.init.20.func2.1.init.20.func2.1.1.2.1({0x10294ffa0?, 0x10287a400?})
	/Users/0x1/Documents/htdocs/altbak.pub/run/bak/gnomon/output-go/Test_Polymorphism.go:17 +0x3c fp=0x6a75556654b0 sp=0x6a7555665470 pc=0x10286314c
main.init.20.func2.1.init.20.func2.1.1.2.1.1({0x10294ffa0, 0x6a7508e460a8}, {0x10294ffa0, 0x10287a3f8}, 0x6a7503fa4120)
	/Users/0x1/Documents/htdocs/altbak.pub/run/bak/gnomon/output-go/Test_Polymorphism.go:16 +0xc0 fp=0x6a75556654f0 sp=0x6a75556654b0 pc=0x102863230
main.init.20.func2.1.init.20.func2.1.1.2.1({0x10294ffa0?, 0x10287a3f8?})
	/Users/0x1/Documents/htdocs/altbak.pub/run/bak/gnomon/output-go/Test_Polymorphism.go:17 +0x3c fp=0x6a7555665530 sp=0x6a75556654f0 pc=0x10286314c
main.init.20.func2.1.init.20.func2.1.1.2.1.1({0x10294ffa0, 0x6a7508e460a0}, {0x10294ffa0, 0x10287a3f0}, 0x6a7503fa4120)
	/Users/0x1/Documents/htdocs/altbak.pub/run/bak/gnomon/output-go/Test_Polymorphism.go:16 +0xc0 fp=0x6a7555665570 sp=0x6a7555665530 pc=0x102863230
main.init.20.func2.1.init.20.func2.1.1.2.1({0x10294ffa0?, 0x10287a3f0?})
	/Users/0x1/Documents/htdocs/altbak.pub/run/bak/gnomon/output-go/Test_Polymorphism.go:17 +0x3c fp=0x6a75556655b0 sp=0x6a7555665570 pc=0x10286314c
main.init.20.func2.1.init.20.func2.1.1.2.1.1({0x10294ffa0, 0x6a7508e46098}, {0x10294ffa0, 0x10287a3e8}, 0x6a7503fa4120)
	/Users/0x1/Documents/htdocs/altbak.pub/run/bak/gnomon/output-go/Test_Polymorphism.go:16 +0xc0 fp=0x6a75556655f0 sp=0x6a75556655b0 pc=0x102863230
main.init.20.func2.1.init.20.func2.1.1.2.1({0x10294ffa0?, 0x10287a3e8?})
	/Users/0x1/Documents/htdocs/altbak.pub/run/bak/gnomon/output-go/Test_Polymorphism.go:17 +0x3c fp=0x6a7555665630 sp=0x6a75556655f0 pc=0x10286314c
main.init.20.func2.1.init.20.func2.1.1.2.1.1({0x10294ffa0, 0x6a7508e46090}, {0x10294ffa0, 0x10287a3e0}, 0x6a7503fa4120)
	/Users/0x1/Documents/htdocs/altbak.pub/run/bak/gnomon/output-go/Test_Polymorphism.go:16 +0xc0 fp=0x6a7555665670 sp=0x6a7555665630 pc=0x102863230
main.init.20.func2.1.init.20.func2.1.1.2.1({0x10294ffa0?, 0x10287a3e0?})
	/Users/0x1/Documents/htdocs/altbak.pub/run/bak/gnomon/output-go/Test_Polymorphism.go:17 +0x3c fp=0x6a75556656b0 sp=0x6a7555665670 pc=0x10286314c
main.init.20.func2.1.init.20.func2.1.1.2.1.1({0x10294ffa0, 0x6a7508e46088}, {0x10294ffa0, 0x10287a3d8}, 0x6a7503fa4120)
	/Users/0x1/Documents/htdocs/altbak.pub/run/bak/gnomon/output-go/Test_Polymorphism.go:16 +0xc0 fp=0x6a75556656f0 sp=0x6a75556656b0 pc=0x102863230
main.init.20.func2.1.init.20.func2.1.1.2.1({0x10294ffa0?, 0x10287a3d8?})
	/Users/0x1/Documents/htdocs/altbak.pub/run/bak/gnomon/output-go/Test_Polymorphism.go:17 +0x3c fp=0x6a7555665730 sp=0x6a75556656f0 pc=0x10286314c
main.init.20.func2.1.init.20.func2.1.1.2.1.1({0x10294ffa0, 0x6a7508e46080}, {0x10294ffa0, 0x10287a3d0}, 0x6a7503fa4120)
	/Users/0x1/Documents/htdocs/altbak.pub/run/bak/gnomon/output-go/Test_Polymorphism.go:16 +0xc0 fp=0x6a7555665770 sp=0x6a7555665730 pc=0x102863230
main.init.20.func2.1.init.20.func2.1.1.2.1({0x10294ffa0?, 0x10287a3d0?})
	/Users/0x1/Documents/htdocs/altbak.pub/run/bak/gnomon/output-go/Test_Polymorphism.go:17 +0x3c fp=0x6a75556657b0 sp=0x6a7555665770 pc=0x10286314c
main.init.20.func2.1.init.20.func2.1.1.2.1.1({0x10294ffa0, 0x6a7508e46078}, {0x10294ffa0, 0x10287a3c8}, 0x6a7503fa4120)
	/Users/0x1/Documents/htdocs/altbak.pub/run/bak/gnomon/output-go/Test_Polymorphism.go:16 +0xc0 fp=0x6a75556657f0 sp=0x6a75556657b0 pc=0x102863230
main.init.20.func2.1.init.20.func2.1.1.2.1({0x10294ffa0?, 0x10287a3c8?})
	/Users/0x1/Documents/htdocs/altbak.pub/run/bak/gnomon/output-go/Test_Polymorphism.go:17 +0x3c fp=0x6a7555665830 sp=0x6a75556657f0 pc=0x10286314c
main.init.20.func2.1.init.20.func2.1.1.2.1.1({0x10294ffa0, 0x6a7508e46070}, {0x10294ffa0, 0x10287a3c0}, 0x6a7503fa4120)
	/Users/0x1/Documents/htdocs/altbak.pub/run/bak/gnomon/output-go/Test_Polymorphism.go:16 +0xc0 fp=0x6a7555665870 sp=0x6a7555665830 pc=0x102863230
main.init.20.func2.1.init.20.func2.1.1.2.1({0x10294ffa0?, 0x10287a3c0?})
	/Users/0x1/Documents/htdocs/altbak.pub/run/bak/gnomon/output-go/Test_Polymorphism.go:17 +0x3c fp=0x6a75556658b0 sp=0x6a7555665870 pc=0x10286314c
main.init.20.func2.1.init.20.func2.1.1.2.1.1({0x10294ffa0, 0x6a7508e46068}, {0x10294ffa0, 0x10287a3b8}, 0x6a7503fa4120)
	/Users/0x1/Documents/htdocs/altbak.pub/run/bak/gnomon/output-go/Test_Polymorphism.go:16 +0xc0 fp=0x6a75556658f0 sp=0x6a75556658b0 pc=0x102863230
main.init.20.func2.1.init.20.func2.1.1.2.1({0x10294ffa0?, 0x10287a3b8?})
	/Users/0x1/Documents/htdocs/altbak.pub/run/bak/gnomon/output-go/Test_Polymorphism.go:17 +0x3c fp=0x6a7555665930 sp=0x6a75556658f0 pc=0x10286314c
main.init.20.func2.1.init.20.func2.1.1.2.1.1({0x10294ffa0, 0x6a7508e46060}, {0x10294ffa0, 0x10287a3b0}, 0x6a7503fa4120)
	/Users/0x1/Documents/htdocs/altbak.pub/run/bak/gnomon/output-go/Test_Polymorphism.go:16 +0xc0 fp=0x6a7555665970 sp=0x6a7555665930 pc=0x102863230
main.init.20.func2.1.init.20.func2.1.1.2.1({0x10294ffa0?, 0x10287a3b0?})
	/Users/0x1/Documents/htdocs/altbak.pub/run/bak/gnomon/output-go/Test_Polymorphism.go:17 +0x3c fp=0x6a75556659b0 sp=0x6a7555665970 pc=0x10286314c
main.init.20.func2.1.init.20.func2.1.1.2.1.1({0x10294ffa0, 0x6a7508e46058}, {0x10294ffa0, 0x10287a3a8}, 0x6a7503fa4120)
	/Users/0x1/Documents/htdocs/altbak.pub/run/bak/gnomon/output-go/Test_Polymorphism.go:16 +0xc0 fp=0x6a75556659f0 sp=0x6a75556659b0 pc=0x102863230
main.init.20.func2.1.init.20.func2.1.1.2.1({0x10294ffa0?, 0x10287a3a8?})
	/Users/0x1/Documents/htdocs/altbak.pub/run/bak/gnomon/output-go/Test_Polymorphism.go:17 +0x3c fp=0x6a7555665a30 sp=0x6a75556659f0 pc=0x10286314c
main.init.20.func2.1.init.20.func2.1.1.2.1.1({0x10294ffa0, 0x102879fd8}, {0x10294ffa0, 0x102879f80}, 0x6a7503fa4120)
	/Users/0x1/Documents/htdocs/altbak.pub/run/bak/gnomon/output-go/Test_Polymorphism.go:16 +0xc0 fp=0x6a7555665a70 sp=0x6a7555665a30 pc=0x102863230
main.init.20.func2.1.init.20.func2.1.1.2.1({0x10294ffa0?, 0x102879f80?})
	/Users/0x1/Documents/htdocs/altbak.pub/run/bak/gnomon/output-go/Test_Polymorphism.go:17 +0x3c fp=0x6a7555665ab0 sp=0x6a7555665a70 pc=0x10286314c
main.init.20.func2.1.1(...)
	/Users/0x1/Documents/htdocs/altbak.pub/run/bak/gnomon/output-go/Test_Polymorphism.go:21
main.init.20.func2.1({0x10294ffa0, 0x102879fd8})
	/Users/0x1/Documents/htdocs/altbak.pub/run/bak/gnomon/output-go/Test_Polymorphism.go:22 +0x140 fp=0x6a7555665b00 sp=0x6a7555665ab0 pc=0x102862fe0
main.init.func48.1.1()
	/Users/0x1/Documents/htdocs/altbak.pub/run/bak/gnomon/output-go/runtime.go:707 +0x60 fp=0x6a7555665b40 sp=0x6a7555665b00 pc=0x10284dae0
main.init.func48.1.1()
	/Users/0x1/Documents/htdocs/altbak.pub/run/bak/gnomon/output-go/runtime.go:707 +0x40 fp=0x6a7555665b80 sp=0x6a7555665b40 pc=0x10284dac0
main.init.func48.1.1()
	/Users/0x1/Documents/htdocs/altbak.pub/run/bak/gnomon/output-go/runtime.go:707 +0x7c fp=0x6a7555665bc0 sp=0x6a7555665b80 pc=0x10284dafc
main.init.func48.1.1()
	/Users/0x1/Documents/htdocs/altbak.pub/run/bak/gnomon/output-go/runtime.go:707 +0x7c fp=0x6a7555665c00 sp=0x6a7555665bc0 pc=0x10284dafc
main.init.func48.1.1()
	/Users/0x1/Documents/htdocs/altbak.pub/run/bak/gnomon/output-go/runtime.go:707 +0x7c fp=0x6a7555665c40 sp=0x6a7555665c00 pc=0x10284dafc
main.init.func48.1.1()
	/Users/0x1/Documents/htdocs/altbak.pub/run/bak/gnomon/output-go/runtime.go:707 +0x7c fp=0x6a7555665c80 sp=0x6a7555665c40 pc=0x10284dafc
main.init.func48.1.1()
	/Users/0x1/Documents/htdocs/altbak.pub/run/bak/gnomon/output-go/runtime.go:707 +0x40 fp=0x6a7555665cc0 sp=0x6a7555665c80 pc=0x10284dac0
main.init.func48.1.1()
	/Users/0x1/Documents/htdocs/altbak.pub/run/bak/gnomon/output-go/runtime.go:707 +0x7c fp=0x6a7555665d00 sp=0x6a7555665cc0 pc=0x10284dafc
main.init.func48.1.1()
	/Users/0x1/Documents/htdocs/altbak.pub/run/bak/gnomon/output-go/runtime.go:707 +0x7c fp=0x6a7555665d40 sp=0x6a7555665d00 pc=0x10284dafc
main.init.func48.1.1()
	/Users/0x1/Documents/htdocs/altbak.pub/run/bak/gnomon/output-go/runtime.go:707 +0x7c fp=0x6a7555665d80 sp=0x6a7555665d40 pc=0x10284dafc
main.init.func48.1.1()
	/Users/0x1/Documents/htdocs/altbak.pub/run/bak/gnomon/output-go/runtime.go:707 +0x7c fp=0x6a7555665dc0 sp=0x6a7555665d80 pc=0x10284dafc
main.init.func48.1.1()
	/Users/0x1/Documents/htdocs/altbak.pub/run/bak/gnomon/output-go/runtime.go:707 +0x7c fp=0x6a7555665e00 sp=0x6a7555665dc0 pc=0x10284dafc
main.init.func48.1.1()
	/Users/0x1/Documents/htdocs/altbak.pub/run/bak/gnomon/output-go/runtime.go:707 +0x7c fp=0x6a7555665e40 sp=0x6a7555665e00 pc=0x10284dafc
main.init.func48.1.1()
	/Users/0x1/Documents/htdocs/altbak.pub/run/bak/gnomon/output-go/runtime.go:707 +0x7c fp=0x6a7555665e80 sp=0x6a7555665e40 pc=0x10284dafc
main.init.func48.1.1()
	/Users/0x1/Documents/htdocs/altbak.pub/run/bak/gnomon/output-go/runtime.go:707 +0x7c fp=0x6a7555665ec0 sp=0x6a7555665e80 pc=0x10284dafc
main.init.func48.1.1()
	/Users/0x1/Documents/htdocs/altbak.pub/run/bak/gnomon/output-go/runtime.go:707 +0x7c fp=0x6a7555665f00 sp=0x6a7555665ec0 pc=0x10284dafc
main._runEffect(...)
	/Users/0x1/Documents/htdocs/altbak.pub/run/bak/gnomon/output-go/runtime.go:2457
main.main()
	/Users/0x1/Documents/htdocs/altbak.pub/run/bak/gnomon/output-go/entrypoint.go:5 +0x44 fp=0x6a7555665f30 sp=0x6a7555665f00 pc=0x1028501b4
runtime.main()
	/opt/homebrew/Cellar/go/1.26.5/libexec/src/runtime/proc.go:290 +0x2b4 fp=0x6a7555665fd0 sp=0x6a7555665f30 pc=0x1027d6974
runtime.goexit({})
	/opt/homebrew/Cellar/go/1.26.5/libexec/src/runtime/asm_arm64.s:1447 +0x4 fp=0x6a7555665fd0 sp=0x6a7555665fd0 pc=0x10280c174

goroutine 2 gp=0x6a7503ed0780 m=nil [force gc (idle)]:
runtime.gopark(0x0?, 0x0?, 0x0?, 0x0?, 0x0?)
	/opt/homebrew/Cellar/go/1.26.5/libexec/src/runtime/proc.go:462 +0xbc fp=0x6a7503f46f90 sp=0x6a7503f46f70 pc=0x1028062bc
runtime.goparkunlock(...)
	/opt/homebrew/Cellar/go/1.26.5/libexec/src/runtime/proc.go:468
runtime.forcegchelper()
	/opt/homebrew/Cellar/go/1.26.5/libexec/src/runtime/proc.go:375 +0xb4 fp=0x6a7503f46fd0 sp=0x6a7503f46f90 pc=0x1027d6c94
runtime.goexit({})
	/opt/homebrew/Cellar/go/1.26.5/libexec/src/runtime/asm_arm64.s:1447 +0x4 fp=0x6a7503f46fd0 sp=0x6a7503f46fd0 pc=0x10280c174
created by runtime.init.7 in goroutine 1
	/opt/homebrew/Cellar/go/1.26.5/libexec/src/runtime/proc.go:363 +0x24

goroutine 3 gp=0x6a7503ed0d20 m=nil [GC sweep wait]:
runtime.gopark(0x1?, 0x0?, 0x0?, 0x0?, 0x0?)
	/opt/homebrew/Cellar/go/1.26.5/libexec/src/runtime/proc.go:462 +0xbc fp=0x6a7503f47770 sp=0x6a7503f47750 pc=0x1028062bc
runtime.goparkunlock(...)
	/opt/homebrew/Cellar/go/1.26.5/libexec/src/runtime/proc.go:468
runtime.bgsweep(0x6a7503eea380)
	/opt/homebrew/Cellar/go/1.26.5/libexec/src/runtime/mgcsweep.go:324 +0x178 fp=0x6a7503f477b0 sp=0x6a7503f47770 pc=0x1027c2fe8
runtime.gcenable.gowrap1()
	/opt/homebrew/Cellar/go/1.26.5/libexec/src/runtime/mgc.go:214 +0x20 fp=0x6a7503f477d0 sp=0x6a7503f477b0 pc=0x1027b46a0
runtime.goexit({})
	/opt/homebrew/Cellar/go/1.26.5/libexec/src/runtime/asm_arm64.s:1447 +0x4 fp=0x6a7503f477d0 sp=0x6a7503f477d0 pc=0x10280c174
created by runtime.gcenable in goroutine 1
	/opt/homebrew/Cellar/go/1.26.5/libexec/src/runtime/mgc.go:214 +0x6c

goroutine 4 gp=0x6a7503ed0f00 m=nil [GC scavenge wait]:
runtime.gopark(0x10000?, 0x6553f100?, 0x0?, 0x0?, 0x0?)
	/opt/homebrew/Cellar/go/1.26.5/libexec/src/runtime/proc.go:462 +0xbc fp=0x6a7503f47f60 sp=0x6a7503f47f40 pc=0x1028062bc
runtime.goparkunlock(...)
	/opt/homebrew/Cellar/go/1.26.5/libexec/src/runtime/proc.go:468
runtime.(*scavengerState).park(0x102995540)
	/opt/homebrew/Cellar/go/1.26.5/libexec/src/runtime/mgcscavenge.go:425 +0x5c fp=0x6a7503f47f90 sp=0x6a7503f47f60 pc=0x1027c0afc
runtime.bgscavenge(0x6a7503eea380)
	/opt/homebrew/Cellar/go/1.26.5/libexec/src/runtime/mgcscavenge.go:658 +0xac fp=0x6a7503f47fb0 sp=0x6a7503f47f90 pc=0x1027c109c
runtime.gcenable.gowrap2()
	/opt/homebrew/Cellar/go/1.26.5/libexec/src/runtime/mgc.go:215 +0x20 fp=0x6a7503f47fd0 sp=0x6a7503f47fb0 pc=0x1027b4660
runtime.goexit({})
	/opt/homebrew/Cellar/go/1.26.5/libexec/src/runtime/asm_arm64.s:1447 +0x4 fp=0x6a7503f47fd0 sp=0x6a7503f47fd0 pc=0x10280c174
created by runtime.gcenable in goroutine 1
	/opt/homebrew/Cellar/go/1.26.5/libexec/src/runtime/mgc.go:215 +0xac

goroutine 17 gp=0x6a7503f843c0 m=nil [GOMAXPROCS updater (idle)]:
runtime.gopark(0x0?, 0x0?, 0x0?, 0x0?, 0x0?)
	/opt/homebrew/Cellar/go/1.26.5/libexec/src/runtime/proc.go:462 +0xbc fp=0x6a7503f42770 sp=0x6a7503f42750 pc=0x1028062bc
runtime.goparkunlock(...)
	/opt/homebrew/Cellar/go/1.26.5/libexec/src/runtime/proc.go:468
runtime.updateMaxProcsGoroutine()
	/opt/homebrew/Cellar/go/1.26.5/libexec/src/runtime/proc.go:7095 +0xf4 fp=0x6a7503f427d0 sp=0x6a7503f42770 pc=0x1027e52e4
runtime.goexit({})
	/opt/homebrew/Cellar/go/1.26.5/libexec/src/runtime/asm_arm64.s:1447 +0x4 fp=0x6a7503f427d0 sp=0x6a7503f427d0 pc=0x10280c174
created by runtime.defaultGOMAXPROCSUpdateEnable in goroutine 1
	/opt/homebrew/Cellar/go/1.26.5/libexec/src/runtime/proc.go:7083 +0x48

goroutine 18 gp=0x6a7503f845a0 m=nil [finalizer wait]:
runtime.gopark(0x0?, 0x0?, 0xb8?, 0x65?, 0x102806dc4?)
	/opt/homebrew/Cellar/go/1.26.5/libexec/src/runtime/proc.go:462 +0xbc fp=0x6a7503f46580 sp=0x6a7503f46560 pc=0x1028062bc
runtime.runFinalizers()
	/opt/homebrew/Cellar/go/1.26.5/libexec/src/runtime/mfinal.go:210 +0x100 fp=0x6a7503f467d0 sp=0x6a7503f46580 pc=0x1027b3770
runtime.goexit({})
	/opt/homebrew/Cellar/go/1.26.5/libexec/src/runtime/asm_arm64.s:1447 +0x4 fp=0x6a7503f467d0 sp=0x6a7503f467d0 pc=0x10280c174
created by runtime.createfing in goroutine 1
	/opt/homebrew/Cellar/go/1.26.5/libexec/src/runtime/mfinal.go:172 +0x78

goroutine 19 gp=0x6a7503f84780 m=nil [GC worker (idle)]:
runtime.gopark(0x0?, 0x0?, 0x0?, 0x0?, 0x0?)
	/opt/homebrew/Cellar/go/1.26.5/libexec/src/runtime/proc.go:462 +0xbc fp=0x6a7503f42f20 sp=0x6a7503f42f00 pc=0x1028062bc
runtime.gcBgMarkWorker(0x6a7503f92070)
	/opt/homebrew/Cellar/go/1.26.5/libexec/src/runtime/mgc.go:1791 +0xe0 fp=0x6a7503f42fb0 sp=0x6a7503f42f20 pc=0x1027b6e80
runtime.gcBgMarkStartWorkers.gowrap1()
	/opt/homebrew/Cellar/go/1.26.5/libexec/src/runtime/mgc.go:1695 +0x20 fp=0x6a7503f42fd0 sp=0x6a7503f42fb0 pc=0x1027b6d80
runtime.goexit({})
	/opt/homebrew/Cellar/go/1.26.5/libexec/src/runtime/asm_arm64.s:1447 +0x4 fp=0x6a7503f42fd0 sp=0x6a7503f42fd0 pc=0x10280c174
created by runtime.gcBgMarkStartWorkers in goroutine 1
	/opt/homebrew/Cellar/go/1.26.5/libexec/src/runtime/mgc.go:1695 +0x134

goroutine 20 gp=0x6a7503f84960 m=nil [GC worker (idle)]:
runtime.gopark(0x55fc64a1e5db?, 0x1?, 0x64?, 0xa4?, 0x0?)
	/opt/homebrew/Cellar/go/1.26.5/libexec/src/runtime/proc.go:462 +0xbc fp=0x6a7503f43720 sp=0x6a7503f43700 pc=0x1028062bc
runtime.gcBgMarkWorker(0x6a7503f92070)
	/opt/homebrew/Cellar/go/1.26.5/libexec/src/runtime/mgc.go:1791 +0xe0 fp=0x6a7503f437b0 sp=0x6a7503f43720 pc=0x1027b6e80
runtime.gcBgMarkStartWorkers.gowrap1()
	/opt/homebrew/Cellar/go/1.26.5/libexec/src/runtime/mgc.go:1695 +0x20 fp=0x6a7503f437d0 sp=0x6a7503f437b0 pc=0x1027b6d80
runtime.goexit({})
	/opt/homebrew/Cellar/go/1.26.5/libexec/src/runtime/asm_arm64.s:1447 +0x4 fp=0x6a7503f437d0 sp=0x6a7503f437d0 pc=0x10280c174
created by runtime.gcBgMarkStartWorkers in goroutine 1
	/opt/homebrew/Cellar/go/1.26.5/libexec/src/runtime/mgc.go:1695 +0x134

goroutine 21 gp=0x6a7503f84b40 m=nil [GC worker (idle)]:
runtime.gopark(0x55fc64a51985?, 0x3?, 0x11?, 0xdc?, 0x0?)
	/opt/homebrew/Cellar/go/1.26.5/libexec/src/runtime/proc.go:462 +0xbc fp=0x6a7503f43f20 sp=0x6a7503f43f00 pc=0x1028062bc
runtime.gcBgMarkWorker(0x6a7503f92070)
	/opt/homebrew/Cellar/go/1.26.5/libexec/src/runtime/mgc.go:1791 +0xe0 fp=0x6a7503f43fb0 sp=0x6a7503f43f20 pc=0x1027b6e80
runtime.gcBgMarkStartWorkers.gowrap1()
	/opt/homebrew/Cellar/go/1.26.5/libexec/src/runtime/mgc.go:1695 +0x20 fp=0x6a7503f43fd0 sp=0x6a7503f43fb0 pc=0x1027b6d80
runtime.goexit({})
	/opt/homebrew/Cellar/go/1.26.5/libexec/src/runtime/asm_arm64.s:1447 +0x4 fp=0x6a7503f43fd0 sp=0x6a7503f43fd0 pc=0x10280c174
created by runtime.gcBgMarkStartWorkers in goroutine 1
	/opt/homebrew/Cellar/go/1.26.5/libexec/src/runtime/mgc.go:1695 +0x134

goroutine 22 gp=0x6a7503f84d20 m=nil [GC worker (idle)]:
runtime.gopark(0x55fc64a1e729?, 0x1?, 0x47?, 0x8d?, 0x0?)
	/opt/homebrew/Cellar/go/1.26.5/libexec/src/runtime/proc.go:462 +0xbc fp=0x6a7503f44720 sp=0x6a7503f44700 pc=0x1028062bc
runtime.gcBgMarkWorker(0x6a7503f92070)
	/opt/homebrew/Cellar/go/1.26.5/libexec/src/runtime/mgc.go:1791 +0xe0 fp=0x6a7503f447b0 sp=0x6a7503f44720 pc=0x1027b6e80
runtime.gcBgMarkStartWorkers.gowrap1()
	/opt/homebrew/Cellar/go/1.26.5/libexec/src/runtime/mgc.go:1695 +0x20 fp=0x6a7503f447d0 sp=0x6a7503f447b0 pc=0x1027b6d80
runtime.goexit({})
	/opt/homebrew/Cellar/go/1.26.5/libexec/src/runtime/asm_arm64.s:1447 +0x4 fp=0x6a7503f447d0 sp=0x6a7503f447d0 pc=0x10280c174
created by runtime.gcBgMarkStartWorkers in goroutine 1
	/opt/homebrew/Cellar/go/1.26.5/libexec/src/runtime/mgc.go:1695 +0x134

goroutine 23 gp=0x6a7503f84f00 m=nil [GC worker (idle)]:
runtime.gopark(0x55fc64a1b5ae?, 0x3?, 0x4?, 0xa6?, 0x0?)
	/opt/homebrew/Cellar/go/1.26.5/libexec/src/runtime/proc.go:462 +0xbc fp=0x6a7503f44f20 sp=0x6a7503f44f00 pc=0x1028062bc
runtime.gcBgMarkWorker(0x6a7503f92070)
	/opt/homebrew/Cellar/go/1.26.5/libexec/src/runtime/mgc.go:1791 +0xe0 fp=0x6a7503f44fb0 sp=0x6a7503f44f20 pc=0x1027b6e80
runtime.gcBgMarkStartWorkers.gowrap1()
	/opt/homebrew/Cellar/go/1.26.5/libexec/src/runtime/mgc.go:1695 +0x20 fp=0x6a7503f44fd0 sp=0x6a7503f44fb0 pc=0x1027b6d80
runtime.goexit({})
	/opt/homebrew/Cellar/go/1.26.5/libexec/src/runtime/asm_arm64.s:1447 +0x4 fp=0x6a7503f44fd0 sp=0x6a7503f44fd0 pc=0x10280c174
created by runtime.gcBgMarkStartWorkers in goroutine 1
	/opt/homebrew/Cellar/go/1.26.5/libexec/src/runtime/mgc.go:1695 +0x134

goroutine 24 gp=0x6a7503f850e0 m=nil [GC worker (idle)]:
runtime.gopark(0x55fc64a55a4c?, 0x3?, 0x68?, 0xf4?, 0x0?)
	/opt/homebrew/Cellar/go/1.26.5/libexec/src/runtime/proc.go:462 +0xbc fp=0x6a7503f45720 sp=0x6a7503f45700 pc=0x1028062bc
runtime.gcBgMarkWorker(0x6a7503f92070)
	/opt/homebrew/Cellar/go/1.26.5/libexec/src/runtime/mgc.go:1791 +0xe0 fp=0x6a7503f457b0 sp=0x6a7503f45720 pc=0x1027b6e80
runtime.gcBgMarkStartWorkers.gowrap1()
	/opt/homebrew/Cellar/go/1.26.5/libexec/src/runtime/mgc.go:1695 +0x20 fp=0x6a7503f457d0 sp=0x6a7503f457b0 pc=0x1027b6d80
runtime.goexit({})
	/opt/homebrew/Cellar/go/1.26.5/libexec/src/runtime/asm_arm64.s:1447 +0x4 fp=0x6a7503f457d0 sp=0x6a7503f457d0 pc=0x10280c174
created by runtime.gcBgMarkStartWorkers in goroutine 1
	/opt/homebrew/Cellar/go/1.26.5/libexec/src/runtime/mgc.go:1695 +0x134

goroutine 25 gp=0x6a7503f852c0 m=nil [GC worker (idle)]:
runtime.gopark(0x55fc64a1eb64?, 0x1?, 0x5a?, 0xff?, 0x0?)
	/opt/homebrew/Cellar/go/1.26.5/libexec/src/runtime/proc.go:462 +0xbc fp=0x6a7503f45f20 sp=0x6a7503f45f00 pc=0x1028062bc
runtime.gcBgMarkWorker(0x6a7503f92070)
	/opt/homebrew/Cellar/go/1.26.5/libexec/src/runtime/mgc.go:1791 +0xe0 fp=0x6a7503f45fb0 sp=0x6a7503f45f20 pc=0x1027b6e80
runtime.gcBgMarkStartWorkers.gowrap1()
	/opt/homebrew/Cellar/go/1.26.5/libexec/src/runtime/mgc.go:1695 +0x20 fp=0x6a7503f45fd0 sp=0x6a7503f45fb0 pc=0x1027b6d80
runtime.goexit({})
	/opt/homebrew/Cellar/go/1.26.5/libexec/src/runtime/asm_arm64.s:1447 +0x4 fp=0x6a7503f45fd0 sp=0x6a7503f45fd0 pc=0x10280c174
created by runtime.gcBgMarkStartWorkers in goroutine 1
	/opt/homebrew/Cellar/go/1.26.5/libexec/src/runtime/mgc.go:1695 +0x134

goroutine 26 gp=0x6a7503f854a0 m=nil [GC worker (idle)]:
runtime.gopark(0x1029bc4a0?, 0x1?, 0x78?, 0xd3?, 0x0?)
	/opt/homebrew/Cellar/go/1.26.5/libexec/src/runtime/proc.go:462 +0xbc fp=0x6a7507550720 sp=0x6a7507550700 pc=0x1028062bc
runtime.gcBgMarkWorker(0x6a7503f92070)
	/opt/homebrew/Cellar/go/1.26.5/libexec/src/runtime/mgc.go:1791 +0xe0 fp=0x6a75075507b0 sp=0x6a7507550720 pc=0x1027b6e80
runtime.gcBgMarkStartWorkers.gowrap1()
	/opt/homebrew/Cellar/go/1.26.5/libexec/src/runtime/mgc.go:1695 +0x20 fp=0x6a75075507d0 sp=0x6a75075507b0 pc=0x1027b6d80
runtime.goexit({})
	/opt/homebrew/Cellar/go/1.26.5/libexec/src/runtime/asm_arm64.s:1447 +0x4 fp=0x6a75075507d0 sp=0x6a75075507d0 pc=0x10280c174
created by runtime.gcBgMarkStartWorkers in goroutine 1
	/opt/homebrew/Cellar/go/1.26.5/libexec/src/runtime/mgc.go:1695 +0x134

goroutine 27 gp=0x6a7503f85680 m=nil [GC worker (idle)]:
runtime.gopark(0x55fc64a567a5?, 0x3?, 0x10?, 0x27?, 0x0?)
	/opt/homebrew/Cellar/go/1.26.5/libexec/src/runtime/proc.go:462 +0xbc fp=0x6a7507550f20 sp=0x6a7507550f00 pc=0x1028062bc
runtime.gcBgMarkWorker(0x6a7503f92070)
	/opt/homebrew/Cellar/go/1.26.5/libexec/src/runtime/mgc.go:1791 +0xe0 fp=0x6a7507550fb0 sp=0x6a7507550f20 pc=0x1027b6e80
runtime.gcBgMarkStartWorkers.gowrap1()
	/opt/homebrew/Cellar/go/1.26.5/libexec/src/runtime/mgc.go:1695 +0x20 fp=0x6a7507550fd0 sp=0x6a7507550fb0 pc=0x1027b6d80
runtime.goexit({})
	/opt/homebrew/Cellar/go/1.26.5/libexec/src/runtime/asm_arm64.s:1447 +0x4 fp=0x6a7507550fd0 sp=0x6a7507550fd0 pc=0x10280c174
created by runtime.gcBgMarkStartWorkers in goroutine 1
	/opt/homebrew/Cellar/go/1.26.5/libexec/src/runtime/mgc.go:1695 +0x134

goroutine 28 gp=0x6a7503f85860 m=nil [GC worker (idle)]:
runtime.gopark(0x55fc64a51a2b?, 0x3?, 0x12?, 0x81?, 0x0?)
	/opt/homebrew/Cellar/go/1.26.5/libexec/src/runtime/proc.go:462 +0xbc fp=0x6a7507551720 sp=0x6a7507551700 pc=0x1028062bc
runtime.gcBgMarkWorker(0x6a7503f92070)
	/opt/homebrew/Cellar/go/1.26.5/libexec/src/runtime/mgc.go:1791 +0xe0 fp=0x6a75075517b0 sp=0x6a7507551720 pc=0x1027b6e80
runtime.gcBgMarkStartWorkers.gowrap1()
	/opt/homebrew/Cellar/go/1.26.5/libexec/src/runtime/mgc.go:1695 +0x20 fp=0x6a75075517d0 sp=0x6a75075517b0 pc=0x1027b6d80
runtime.goexit({})
	/opt/homebrew/Cellar/go/1.26.5/libexec/src/runtime/asm_arm64.s:1447 +0x4 fp=0x6a75075517d0 sp=0x6a75075517d0 pc=0x10280c174
created by runtime.gcBgMarkStartWorkers in goroutine 1
	/opt/homebrew/Cellar/go/1.26.5/libexec/src/runtime/mgc.go:1695 +0x134

goroutine 29 gp=0x6a7503f85a40 m=nil [GC worker (idle)]:
runtime.gopark(0x55fc64a1ea17?, 0x1?, 0x4e?, 0x0?, 0x0?)
	/opt/homebrew/Cellar/go/1.26.5/libexec/src/runtime/proc.go:462 +0xbc fp=0x6a7507551f20 sp=0x6a7507551f00 pc=0x1028062bc
runtime.gcBgMarkWorker(0x6a7503f92070)
	/opt/homebrew/Cellar/go/1.26.5/libexec/src/runtime/mgc.go:1791 +0xe0 fp=0x6a7507551fb0 sp=0x6a7507551f20 pc=0x1027b6e80
runtime.gcBgMarkStartWorkers.gowrap1()
	/opt/homebrew/Cellar/go/1.26.5/libexec/src/runtime/mgc.go:1695 +0x20 fp=0x6a7507551fd0 sp=0x6a7507551fb0 pc=0x1027b6d80
runtime.goexit({})
	/opt/homebrew/Cellar/go/1.26.5/libexec/src/runtime/asm_arm64.s:1447 +0x4 fp=0x6a7507551fd0 sp=0x6a7507551fd0 pc=0x10280c174
created by runtime.gcBgMarkStartWorkers in goroutine 1
	/opt/homebrew/Cellar/go/1.26.5/libexec/src/runtime/mgc.go:1695 +0x134

goroutine 30 gp=0x6a7503f85c20 m=nil [GC worker (idle)]:
runtime.gopark(0x55fc64a1e6d5?, 0x1?, 0xd2?, 0xc9?, 0x0?)
	/opt/homebrew/Cellar/go/1.26.5/libexec/src/runtime/proc.go:462 +0xbc fp=0x6a7507552720 sp=0x6a7507552700 pc=0x1028062bc
runtime.gcBgMarkWorker(0x6a7503f92070)
	/opt/homebrew/Cellar/go/1.26.5/libexec/src/runtime/mgc.go:1791 +0xe0 fp=0x6a75075527b0 sp=0x6a7507552720 pc=0x1027b6e80
runtime.gcBgMarkStartWorkers.gowrap1()
	/opt/homebrew/Cellar/go/1.26.5/libexec/src/runtime/mgc.go:1695 +0x20 fp=0x6a75075527d0 sp=0x6a75075527b0 pc=0x1027b6d80
runtime.goexit({})
	/opt/homebrew/Cellar/go/1.26.5/libexec/src/runtime/asm_arm64.s:1447 +0x4 fp=0x6a75075527d0 sp=0x6a75075527d0 pc=0x10280c174
created by runtime.gcBgMarkStartWorkers in goroutine 1
	/opt/homebrew/Cellar/go/1.26.5/libexec/src/runtime/mgc.go:1695 +0x134

goroutine 31 gp=0x6a7507556000 m=nil [GC worker (idle)]:
runtime.gopark(0x55fc64a1e535?, 0x3?, 0xae?, 0x94?, 0x0?)
	/opt/homebrew/Cellar/go/1.26.5/libexec/src/runtime/proc.go:462 +0xbc fp=0x6a7507552f20 sp=0x6a7507552f00 pc=0x1028062bc
runtime.gcBgMarkWorker(0x6a7503f92070)
	/opt/homebrew/Cellar/go/1.26.5/libexec/src/runtime/mgc.go:1791 +0xe0 fp=0x6a7507552fb0 sp=0x6a7507552f20 pc=0x1027b6e80
runtime.gcBgMarkStartWorkers.gowrap1()
	/opt/homebrew/Cellar/go/1.26.5/libexec/src/runtime/mgc.go:1695 +0x20 fp=0x6a7507552fd0 sp=0x6a7507552fb0 pc=0x1027b6d80
runtime.goexit({})
	/opt/homebrew/Cellar/go/1.26.5/libexec/src/runtime/asm_arm64.s:1447 +0x4 fp=0x6a7507552fd0 sp=0x6a7507552fd0 pc=0x10280c174
created by runtime.gcBgMarkStartWorkers in goroutine 1
	/opt/homebrew/Cellar/go/1.26.5/libexec/src/runtime/mgc.go:1695 +0x134

goroutine 32 gp=0x6a75075561e0 m=nil [GC worker (idle)]:
runtime.gopark(0x55fc64a41eb4?, 0x3?, 0x14?, 0x70?, 0x0?)
	/opt/homebrew/Cellar/go/1.26.5/libexec/src/runtime/proc.go:462 +0xbc fp=0x6a7507553720 sp=0x6a7507553700 pc=0x1028062bc
runtime.gcBgMarkWorker(0x6a7503f92070)
	/opt/homebrew/Cellar/go/1.26.5/libexec/src/runtime/mgc.go:1791 +0xe0 fp=0x6a75075537b0 sp=0x6a7507553720 pc=0x1027b6e80
runtime.gcBgMarkStartWorkers.gowrap1()
	/opt/homebrew/Cellar/go/1.26.5/libexec/src/runtime/mgc.go:1695 +0x20 fp=0x6a75075537d0 sp=0x6a75075537b0 pc=0x1027b6d80
runtime.goexit({})
	/opt/homebrew/Cellar/go/1.26.5/libexec/src/runtime/asm_arm64.s:1447 +0x4 fp=0x6a75075537d0 sp=0x6a75075537d0 pc=0x10280c174
created by runtime.gcBgMarkStartWorkers in goroutine 1
	/opt/homebrew/Cellar/go/1.26.5/libexec/src/runtime/mgc.go:1695 +0x134
=== Go (Gnomon) failed ===

Building...
=== C# failed ===
