================================
  Running test RBTree...  
================================

Building...
=== JS V8 ===
--------------------------------------------------

(Test)

Red-Black Tree (100k Worst-Case Insertions):

(Output)

22

(Execution time)

105263.63 μs


Building...
=== Arista ES V8 ===
--------------------------------------------------

(Test)

Red-Black Tree (100k Worst-Case Insertions):

(Output)

22

(Execution time)

57919.21 μs


=== Rebuilding phpurs backend ===

> phpurs@0.1.0 build
> spago build && NODE_OPTIONS="--no-deprecation" purs-backend-es bundle-app -p node -m Main --to bin/phpurs.js

Reading Spago workspace configuration...

✓ Selecting package to build: phpurs

Downloading dependencies...
Building...
[1 of 8] Compiling Spago.Generated.BuildInfo
[3 of 8] Compiling PureScript.Backend.Optimizer.Monomorphize
[2 of 8] Compiling PureScript.Backend.Optimizer.Convert
[4 of 8] Compiling Phpurs.CodeGen
[5 of 8] Compiling PureScript.Backend.Optimizer.Reachability
[6 of 8] Compiling PureScript.Backend.Optimizer.Builder
[7 of 8] Compiling PureScript.Backend.Optimizer.Tracer.Printer
[8 of 8] Compiling Main
[WARNING 1/28 ShadowedName] ../../purescript-backend-optimizer/src/PureScript/Backend/Optimizer/Convert.purs:473:7

             v
  473        go bind' next = case bind' of
  474          NonRec (Binding _ ident expr) ->
  475            makeLet (Just ident) (toBackendExpr expr) \_ -> next
       ...
  481              <*> intro idents lvl next
  482          Rec _ ->
  483            unsafeCrashWith "CoreFn empty Rec binding group"
                                                                ^

  Name go was shadowed.
  in value declaration toBackendExpr

[WARNING 2/28 ShadowedName] ../../purescript-backend-optimizer/src/PureScript/Backend/Optimizer/Convert.purs:474:33

  474          NonRec (Binding _ ident expr) ->
                                       ^^^^

  Name expr was shadowed.
  in value declaration toBackendExpr

[WARNING 3/28 ShadowedName] ../../purescript-backend-optimizer/src/PureScript/Backend/Optimizer/Convert.purs:486:12

  486          ( \expr next idents ->
                  ^^^^

  Name expr was shadowed.
  in value declaration toBackendExpr

[WARNING 4/28 UnusedExplicitImport] ../../purescript-backend-optimizer/src/PureScript/Backend/Optimizer/Monomorphize.purs:19:1

  19  import Data.Foldable (foldl, class Foldable)
      ^^^^^^^^^^^^^^^^^^^^^^^^^^^^^^^^^^^^^^^^^^^^

  The import of module Data.Foldable contains the following unused references:
    Foldable
  It could be replaced with:
    import Data.Foldable (foldl)

[WARNING 5/28 UnusedExplicitImport] ../../purescript-backend-optimizer/src/PureScript/Backend/Optimizer/Monomorphize.purs:21:1

  21  import PureScript.Backend.Optimizer.CoreFn (Ann(..), Bind(..), Binding(..), CaseAlternative(..), CaseGuard(..), Expr(..), ExprType(..), Guard(..), Module(..), Prop(..), Ident(..), Qualified(..), unQualified, qualifiedModuleName)
      ^^^^^^^^^^^^^^^^^^^^^^^^^^^^^^^^^^^^^^^^^^^^^^^^^^^^^^^^^^^^^^^^^^^^^^^^^^^^^^^^^^^^^^^^^^^^^^^^^^^^^^^^^^^^^^^^^^^^^^^^^^^^^^^^^^^^^^^^^^^^^^^^^^^^^^^^^^^^^^^^^^^^^^^^^^^^^^^^^^^^^^^^^^^^^^^^^^^^^^^^^^^^^^^^^^^^^^^^^^^^^^^^^^^^

  The import of module PureScript.Backend.Optimizer.CoreFn contains the following unused references:
    unQualified
    qualifiedModuleName
  It could be replaced with:
    import PureScript.Backend.Optimizer.CoreFn (Ann(..), Bind(..), Binding(..), CaseAlternative(..), CaseGuard(..), Expr(..), ExprType(..), Guard(..), Ident(..), Module(..), Prop(..), Qualified(..))

[WARNING 6/28 UnusedImport] ../../purescript-backend-optimizer/src/PureScript/Backend/Optimizer/Monomorphize.purs:25:1

  25  import Data.String.Pattern (Pattern(..), Replacement(..))
      ^^^^^^^^^^^^^^^^^^^^^^^^^^^^^^^^^^^^^^^^^^^^^^^^^^^^^^^^^

  The import of Data.String.Pattern is redundant

[WARNING 7/28 OverlappingPattern] ../../purescript-backend-optimizer/src/PureScript/Backend/Optimizer/Monomorphize.purs:52:1

  52  mangleType :: ExprType -> String
      ^^^^^^^^^^^^^^^^^^^^^^^^^^^^^^^^

  A case expression contains unreachable cases:
  Any
  in binding group mangleType

[WARNING 8/28 UnusedName] ../../purescript-backend-optimizer/src/PureScript/Backend/Optimizer/Monomorphize.purs:117:44

  117  partitionArgs (ConstrainedType constraints body) args =
                                                  ^^^^

  Name body was introduced but not used.
  in value declaration partitionArgs

[WARNING 9/28 UnusedName] ../../purescript-backend-optimizer/src/PureScript/Backend/Optimizer/Monomorphize.purs:251:19

  251            ExprAbs ann id b ->
                         ^^^

  Name ann was introduced but not used.
  in value declaration applyDicts

[WARNING 10/28 UnusedImport] ../../purescript-backend-optimizer/src/PureScript/Backend/Optimizer/Reachability.purs:5:1

  5  import Prelude
     ^^^^^^^^^^^^^^

  The import of Prelude is redundant

[WARNING 11/28 UnusedDctorImport] ../../purescript-backend-optimizer/src/PureScript/Backend/Optimizer/Reachability.purs:16:1

  16  import PureScript.Backend.Optimizer.CoreFn (Ident, ModuleName(..), Qualified(..))
      ^^^^^^^^^^^^^^^^^^^^^^^^^^^^^^^^^^^^^^^^^^^^^^^^^^^^^^^^^^^^^^^^^^^^^^^^^^^^^^^^^

  The import of type ModuleName from module PureScript.Backend.Optimizer.CoreFn includes data constructors but only the type is used
  It could be replaced with:
    import PureScript.Backend.Optimizer.CoreFn (Ident, ModuleName, Qualified(..))

[WARNING 12/28 UnusedExplicitImport] src/Main.purs:7:1

  7  import Effect.Aff (Aff, launchAff_, attempt)
     ^^^^^^^^^^^^^^^^^^^^^^^^^^^^^^^^^^^^^^^^^^^^

  The import of module Effect.Aff contains the following unused references:
    Aff
  It could be replaced with:
    import Effect.Aff (attempt, launchAff_)

[WARNING 13/28 UnusedImport] src/Main.purs:10:1

  10  import Node.FS.Stats as Stats
      ^^^^^^^^^^^^^^^^^^^^^^^^^^^^^

  The qualified import of Node.FS.Stats as Stats is redundant

[WARNING 14/28 UnusedImport] src/Main.purs:13:1

  13  import Data.Argonaut.Parser (jsonParser)
      ^^^^^^^^^^^^^^^^^^^^^^^^^^^^^^^^^^^^^^^^

  The import of Data.Argonaut.Parser is redundant

[WARNING 15/28 UnusedImport] src/Main.purs:14:1

  14  import Data.Either (Either(..), isRight)
      ^^^^^^^^^^^^^^^^^^^^^^^^^^^^^^^^^^^^^^^^

  The import of Data.Either is redundant

[WARNING 16/28 UnusedImport] src/Main.purs:15:1

  15  import Data.Bifunctor (lmap)
      ^^^^^^^^^^^^^^^^^^^^^^^^^^^^

  The import of Data.Bifunctor is redundant

[WARNING 17/28 UnusedImport] src/Main.purs:16:1

  16  import Data.Argonaut.Decode.Error (printJsonDecodeError)
      ^^^^^^^^^^^^^^^^^^^^^^^^^^^^^^^^^^^^^^^^^^^^^^^^^^^^^^^^

  The import of Data.Argonaut.Decode.Error is redundant

[WARNING 18/28 UnusedImport] src/Main.purs:18:1

  18  import Data.List as List
      ^^^^^^^^^^^^^^^^^^^^^^^^

  The qualified import of Data.List as List is redundant

[WARNING 19/28 UnusedExplicitImport] src/Main.purs:19:1

  19  import Data.Maybe (Maybe(..), isJust, maybe, fromMaybe)
      ^^^^^^^^^^^^^^^^^^^^^^^^^^^^^^^^^^^^^^^^^^^^^^^^^^^^^^^

  The import of module Data.Maybe contains the following unused references:
    maybe
  It could be replaced with:
    import Data.Maybe (Maybe(..), fromMaybe, isJust)

[WARNING 20/28 UnusedImport] src/Main.purs:26:1

  26  import PureScript.Backend.Optimizer.CoreFn.Json (decodeModule)
      ^^^^^^^^^^^^^^^^^^^^^^^^^^^^^^^^^^^^^^^^^^^^^^^^^^^^^^^^^^^^^^

  The import of PureScript.Backend.Optimizer.CoreFn.Json is redundant

[WARNING 21/28 UnusedImport] src/Main.purs:27:1

  27  import PureScript.Backend.Optimizer.CoreFn.Sort (sortModules)
      ^^^^^^^^^^^^^^^^^^^^^^^^^^^^^^^^^^^^^^^^^^^^^^^^^^^^^^^^^^^^^

  The import of PureScript.Backend.Optimizer.CoreFn.Sort is redundant

[WARNING 22/28 UnusedExplicitImport] src/Main.purs:29:1

  29  import PureScript.Backend.Optimizer.CoreFn (Module(..), Ann, Ident(..), importName, Qualified(..), ModuleName(..), ExprType(..))
      ^^^^^^^^^^^^^^^^^^^^^^^^^^^^^^^^^^^^^^^^^^^^^^^^^^^^^^^^^^^^^^^^^^^^^^^^^^^^^^^^^^^^^^^^^^^^^^^^^^^^^^^^^^^^^^^^^^^^^^^^^^^^^^^^

  The import of module PureScript.Backend.Optimizer.CoreFn contains the following unused references:
    Ann
  It could be replaced with:
    import PureScript.Backend.Optimizer.CoreFn (ExprType(..), Ident(..), Module(..), ModuleName(..), Qualified(..), importName)

[WARNING 23/28 UnusedExplicitImport] src/Main.purs:39:1

  39  import PureScript.Backend.Optimizer.App (coreFnModulesFromOutput, parseCLIArgs, checkCache, writeCache, loadDirectives)
      ^^^^^^^^^^^^^^^^^^^^^^^^^^^^^^^^^^^^^^^^^^^^^^^^^^^^^^^^^^^^^^^^^^^^^^^^^^^^^^^^^^^^^^^^^^^^^^^^^^^^^^^^^^^^^^^^^^^^^^^

  The import of module PureScript.Backend.Optimizer.App contains the following unused references:
    checkCache
  It could be replaced with:
    import PureScript.Backend.Optimizer.App (coreFnModulesFromOutput, loadDirectives, parseCLIArgs, writeCache)

[WARNING 24/28 UnusedName] src/Main.purs:70:13

  70          let modNameStr = unwrap coreFnMod.name
                  ^^^^^^^^^^^^^^^^^^^^^^^^^^^^^^^^^^

  Name modNameStr was introduced but not used.
  in value declaration main

[WARNING 25/28 UnusedExplicitImport] src/Phpurs/CodeGen.purs:16:1

  16  import PureScript.Backend.Optimizer.Codegen.Tco (TcoExpr(..), tcoAnalysisOf, unTcoExpr)
      ^^^^^^^^^^^^^^^^^^^^^^^^^^^^^^^^^^^^^^^^^^^^^^^^^^^^^^^^^^^^^^^^^^^^^^^^^^^^^^^^^^^^^^^

  The import of module PureScript.Backend.Optimizer.Codegen.Tco contains the following unused references:
    unTcoExpr
  It could be replaced with:
    import PureScript.Backend.Optimizer.Codegen.Tco (TcoExpr(..), tcoAnalysisOf)

[WARNING 26/28 UnusedExplicitImport] src/Phpurs/CodeGen.purs:27:1

  27  import Data.Foldable (foldl, foldr, foldMap)
      ^^^^^^^^^^^^^^^^^^^^^^^^^^^^^^^^^^^^^^^^^^^^

  The import of module Data.Foldable contains the following unused references:
    foldr
  It could be replaced with:
    import Data.Foldable (foldMap, foldl)

[WARNING 27/28 UnusedImport] src/Phpurs/CodeGen.purs:29:1

  29  import Debug as Debug
      ^^^^^^^^^^^^^^^^^^^^^

  The qualified import of Debug as Debug is redundant

[WARNING 28/28 UnusedName] src/Phpurs/CodeGen.purs:676:29

  676                              useVarsOuter = Array.nub (map (\mapped -> if Array.elem mapped recVars then "&" <> mapped else mapped) mappedFvs)
                                   ^^^^^^^^^^^^^^^^^^^^^^^^^^^^^^^^^^^^^^^^^^^^^^^^^^^^^^^^^^^^^^^^^^^^^^^^^^^^^^^^^^^^^^^^^^^^^^^^^^^^^^^^^^^^^^^^^

  Name useVarsOuter was introduced but not used.
  in value declaration translate

           Src   Lib   All
Warnings    17    11    28
Errors       0     0     0

✓ Build succeeded.

output/PureScript.Backend.Optimizer.App/corefn.json An error occurred while decoding a JSON value:
  At array index 17:
  At array index 0:
  At array index 0:
  At object key 'constructorName':
  No value was found.
output/PureScript.Backend.Optimizer.CoreFn.Json/corefn.json An error occurred while decoding a JSON value:
  At array index 43:
  At array index 0:
  At array index 0:
  At object key 'constructorName':
  No value was found.
=== PHP failed ===

=== Rebuilding gopurs backend ===
Reading Spago workspace configuration...

✓ Selecting package to build: gopurs

Downloading dependencies...
Building...
[1 of 1] Compiling Spago.Generated.BuildInfo
           Src   Lib   All
Warnings     0     0     0
Errors       0     0     0

✓ Build succeeded.

[  1 of 418] Building Control.Semigroupoid
[  2 of 418] Building Type.Proxy
[  3 of 418] Building Data.Symbol
[  4 of 418] Building Data.Unit
[  5 of 418] Building Record.Unsafe
[  6 of 418] Building Data.HeytingAlgebra
[  7 of 418] Building Data.Void
[  8 of 418] Building Data.Eq
[  9 of 418] Building Control.Category
[ 10 of 418] Building Data.Boolean
[ 11 of 418] Building Data.Semigroup
[ 12 of 418] Building Data.Show
[ 13 of 418] Building Data.Ordering
[ 14 of 418] Building Data.Semiring
[ 15 of 418] Building Data.Ring
[ 16 of 418] Building Data.Ord
[ 17 of 418] Building Data.Function
[ 18 of 418] Building Data.Functor
[ 19 of 418] Building Control.Alt
[ 20 of 418] Building Control.Apply
[ 21 of 418] Building Control.Applicative
[ 22 of 418] Building Control.Bind
[ 23 of 418] Building Control.Plus
[ 24 of 418] Building Data.BooleanAlgebra
[ 25 of 418] Building Data.Bounded
[ 26 of 418] Building Data.CommutativeRing
[ 27 of 418] Building Data.EuclideanRing
[ 28 of 418] Building Control.Monad
[ 29 of 418] Building Data.Monoid
[ 30 of 418] Building Data.DivisionRing
[ 31 of 418] Building Data.Field
[ 32 of 418] Building Data.NaturalTransformation
[ 33 of 418] Building Prelude
[ 34 of 418] Building Data.Monoid.Additive
[ 35 of 418] Building Control.Alternative
[ 36 of 418] Building Control.Extend
[ 37 of 418] Building Control.Comonad
[ 38 of 418] Building Data.Monoid.Conj
[ 39 of 418] Building Data.Monoid.Disj
[ 40 of 418] Building Data.Monoid.Dual
[ 41 of 418] Building Data.Monoid.Endo
[ 42 of 418] Building Data.Monoid.Multiplicative
[ 43 of 418] Building Data.Semigroup.First
[ 44 of 418] Building Data.Semigroup.Last
[ 45 of 418] Building Unsafe.Coerce
[ 46 of 418] Building Safe.Coerce
[ 47 of 418] Building Data.Newtype
[ 48 of 418] Building Data.Monoid.Alternate
[ 49 of 418] Building Data.Functor.Invariant
[ 50 of 418] Building Data.Const
[ 51 of 418] Building Data.Generic.Rep
[ 52 of 418] Building Data.Maybe
[ 53 of 418] Building Data.Either
[ 54 of 418] Building Control.Lazy
[ 55 of 418] Building Control.MonadPlus
[ 56 of 418] Building Data.Functor.App
[ 57 of 418] Building Data.Functor.Compose
[ 58 of 418] Building Data.Tuple
[ 59 of 418] Building Data.Bifunctor
[ 60 of 418] Building Data.Functor.Coproduct
[ 61 of 418] Building Data.Functor.Product
[ 62 of 418] Building Data.Identity
[ 63 of 418] Building Data.Maybe.First
[ 64 of 418] Building Data.Maybe.Last
[ 65 of 418] Building Data.Foldable
[ 66 of 418] Building Effect
[ 67 of 418] Building Effect.Ref
[ 68 of 418] Building Partial
[ 69 of 418] Building Partial.Unsafe
[ 70 of 418] Building Control.Monad.Rec.Class
[ 71 of 418] Building Data.FunctorWithIndex
[ 72 of 418] Building Data.FoldableWithIndex
[ 73 of 418] Building Data.Ord.Max
[ 74 of 418] Building Data.Ord.Min
[ 75 of 418] Building Data.Semigroup.Foldable
[ 76 of 418] Building Data.Traversable.Accum
[ 77 of 418] Building Data.Traversable.Accum.Internal
[ 78 of 418] Building Data.Traversable
[ 79 of 418] Building Data.TraversableWithIndex
[ 80 of 418] Building Data.Semigroup.Traversable
[ 81 of 418] Building Data.Unfoldable1
[ 82 of 418] Building Data.Unfoldable
[ 83 of 418] Building Data.NonEmpty
[ 84 of 418] Building Data.List.Types
[ 85 of 418] Building Data.List.Internal
[ 86 of 418] Building Data.List
[ 87 of 418] Building Data.List.NonEmpty
[ 88 of 418] Building Data.Show.Generic
[ 89 of 418] Building Ansi.Codes
[ 90 of 418] Building Ansi.Output
[ 91 of 418] Building Control.Biapply
[ 92 of 418] Building Control.Biapplicative
[ 93 of 418] Building Control.Monad.Trans.Class
[ 94 of 418] Building Data.CatQueue
[ 95 of 418] Building Data.CatList
[ 96 of 418] Building Control.Monad.Free
[ 97 of 418] Building Control.Monad.State.Class
[ 98 of 418] Building Control.Monad.Cont.Class
[ 99 of 418] Building Effect.Exception
[100 of 418] Building Control.Monad.Error.Class
[101 of 418] Building Control.Monad.Reader.Class
[102 of 418] Building Control.Monad.ST.Internal
[103 of 418] Building Control.Monad.ST
[104 of 418] Building Control.Monad.ST.Global
[105 of 418] Building Control.Monad.ST.Class
[106 of 418] Building Control.Monad.Writer.Class
[107 of 418] Building Effect.Class
[108 of 418] Building Control.Monad.State.Trans
[109 of 418] Building Control.Monad.State
[110 of 418] Building Data.Lazy
[111 of 418] Building Control.Comonad.Cofree
[112 of 418] Building Control.Monad.Identity.Trans
[113 of 418] Building Control.Comonad.Trans.Class
[114 of 418] Building Control.Comonad.Env.Trans
[115 of 418] Building Control.Comonad.Store.Trans
[116 of 418] Building Control.Comonad.Traced.Trans
[117 of 418] Building Control.Comonad.Cofree.Class
[118 of 418] Building Control.Comonad.Store.Class
[119 of 418] Building Control.Comonad.Store
[120 of 418] Building Control.Comonad.Env.Class
[121 of 418] Building Control.Comonad.Env
[122 of 418] Building Control.Comonad.Traced.Class
[123 of 418] Building Control.Comonad.Traced
[124 of 418] Building Control.Monad.Cont.Trans
[125 of 418] Building Control.Monad.Cont
[126 of 418] Building Control.Monad.Except.Trans
[127 of 418] Building Control.Monad.Except
[128 of 418] Building Control.Monad.Maybe.Trans
[129 of 418] Building Type.Equality
[130 of 418] Building Data.Distributive
[131 of 418] Building Control.Monad.Reader.Trans
[132 of 418] Building Control.Monad.Writer.Trans
[133 of 418] Building Control.Monad.Free.Class
[134 of 418] Building Control.Monad.Gen.Class
[135 of 418] Building Control.Monad.Gen
[136 of 418] Building Control.Monad.Gen.Common
[137 of 418] Building Control.Monad.List.Trans
[138 of 418] Building Control.Monad.RWS.Trans
[139 of 418] Building Control.Monad.RWS
[140 of 418] Building Control.Monad.Reader
[141 of 418] Building Control.Monad.ST.Ref
[142 of 418] Building Control.Monad.ST.Uncurried
[143 of 418] Building Control.Monad.Trampoline
[144 of 418] Building Control.Monad.Writer
[145 of 418] Building Data.Functor.Contravariant
[146 of 418] Building Data.Profunctor
[147 of 418] Building Data.Profunctor.Closed
[148 of 418] Building Data.Profunctor.Strong
[149 of 418] Building Data.Functor.Costar
[150 of 418] Building Data.Profunctor.Choice
[151 of 418] Building Data.Profunctor.Star
[152 of 418] Building Control.Parallel.Class
[153 of 418] Building Control.Parallel
[154 of 418] Building Data.Function.Uncurried
[155 of 418] Building Data.Array.NonEmpty.Internal
[156 of 418] Building Data.Array.ST
[157 of 418] Building Data.Array.ST.Iterator
[158 of 418] Building Data.Array
[159 of 418] Building Foreign.Object.ST
[160 of 418] Building Type.Data.Boolean
[161 of 418] Building Type.Data.Ordering
[162 of 418] Building Type.Data.Symbol
[163 of 418] Building Type.RowList
[164 of 418] Building Type.Row.Homogeneous
[165 of 418] Building Foreign.Object
[166 of 418] Building Data.Argonaut.Core
[167 of 418] Building Data.Argonaut.Decode.Error
[168 of 418] Building Data.Array.NonEmpty
[169 of 418] Building Data.Int.Bits
[170 of 418] Building Data.Number
[171 of 418] Building Data.Int
[172 of 418] Building Data.Map.Internal
[173 of 418] Building Data.Set
[174 of 418] Building Data.Map
[175 of 418] Building Data.Enum
[176 of 418] Building Data.String.Pattern
[177 of 418] Building Data.String.Unsafe
[178 of 418] Building Data.String.CodeUnits
[179 of 418] Building Data.String.Common
[180 of 418] Building Data.String.CodePoints
[181 of 418] Building Data.String
[182 of 418] Building Data.String.NonEmpty.Internal
[183 of 418] Building Data.String.NonEmpty.CodePoints
[184 of 418] Building Data.String.NonEmpty
[185 of 418] Building Data.Argonaut.Decode.Decoders
[186 of 418] Building Record.Unsafe.Union
[187 of 418] Building Record
[188 of 418] Building Data.Argonaut.Decode.Class
[189 of 418] Building Data.Argonaut.Decode.Combinators
[190 of 418] Building Data.Argonaut.Parser
[191 of 418] Building Data.Argonaut.Decode.Parser
[192 of 418] Building Data.Argonaut.Decode
[193 of 418] Building Data.Argonaut.Encode.Encoders
[194 of 418] Building Data.Argonaut.Encode.Class
[195 of 418] Building Data.Argonaut.Encode.Combinators
[196 of 418] Building Data.Argonaut.Encode
[197 of 418] Building Data.Char.Gen
[198 of 418] Building Data.String.Gen
[199 of 418] Building Data.Argonaut.Gen
[200 of 418] Building Data.Argonaut.JCursor
[201 of 418] Building Data.Argonaut.JCursor.Gen
[202 of 418] Building Data.Lens.Internal.Wander
[203 of 418] Building Data.Lens.Internal.Indexed
[204 of 418] Building Data.Lens.Internal.Shop
[205 of 418] Building Data.Functor.Clown
[206 of 418] Building Data.Functor.Flip
[207 of 418] Building Data.Functor.Joker
[208 of 418] Building Data.Functor.Product2
[209 of 418] Building Data.Bifoldable
[210 of 418] Building Data.Bitraversable
[211 of 418] Building Data.Lens.Internal.Bazaar
[212 of 418] Building Data.Lens.Internal.Exchange
[213 of 418] Building Data.Profunctor.Cochoice
[214 of 418] Building Data.Lens.Internal.Forget
[215 of 418] Building Data.Lens.Internal.Grating
[216 of 418] Building Data.Lens.Internal.Market
[217 of 418] Building Data.Profunctor.Costrong
[218 of 418] Building Data.Lens.Internal.Re
[219 of 418] Building Data.Lens.Internal.Stall
[220 of 418] Building Data.Lens.Internal.Tagged
[221 of 418] Building Data.Lens.Types
[222 of 418] Building Data.Lens.Lens
[223 of 418] Building Data.Lens.Lens.Tuple
[224 of 418] Building Data.Lens.Lens.Unit
[225 of 418] Building Data.Lens.Prism
[226 of 418] Building Data.Lens.Prism.Either
[227 of 418] Building Data.Lens.Prism.Maybe
[228 of 418] Building Data.Lens.Common
[229 of 418] Building Data.Lens.Fold
[230 of 418] Building Data.Lens.Getter
[231 of 418] Building Data.Lens.Internal.Zipping
[232 of 418] Building Data.Lens.Grate
[233 of 418] Building Data.Lens.Iso
[234 of 418] Building Data.Lens.Setter
[235 of 418] Building Data.Lens.Iso.Newtype
[236 of 418] Building Data.Lens.Indexed
[237 of 418] Building Data.Lens.Traversal
[238 of 418] Building Data.Lens
[239 of 418] Building Data.Argonaut.Prisms
[240 of 418] Building Data.Argonaut.Traversals
[241 of 418] Building Data.Argonaut
[242 of 418] Building Data.Array.Partial
[243 of 418] Building Data.Array.ST.Partial
[244 of 418] Building Data.ArrayBuffer.Types
[245 of 418] Building Data.Bifunctor.Join
[246 of 418] Building Data.Bounded.Generic
[247 of 418] Building Data.Char
[248 of 418] Building Data.Comparison
[249 of 418] Building Data.Exists
[250 of 418] Building Data.Coyoneda
[251 of 418] Building Data.Date.Component
[252 of 418] Building Data.Enum.Gen
[253 of 418] Building Data.Date.Component.Gen
[254 of 418] Building Data.Time.Duration
[255 of 418] Building Data.Date
[256 of 418] Building Data.Date.Gen
[257 of 418] Building Data.Time.Component
[258 of 418] Building Data.Time
[259 of 418] Building Data.DateTime
[260 of 418] Building Data.Time.Component.Gen
[261 of 418] Building Data.Time.Gen
[262 of 418] Building Data.DateTime.Gen
[263 of 418] Building Data.DateTime.Instant
[264 of 418] Building Data.Equivalence
[265 of 418] Building Data.Op
[266 of 418] Building Data.Predicate
[267 of 418] Building Data.Divide
[268 of 418] Building Data.Decide
[269 of 418] Building Data.Divisible
[270 of 418] Building Data.Decidable
[271 of 418] Building Data.Either.Inject
[272 of 418] Building Data.Either.Nested
[273 of 418] Building Data.Enum.Generic
[274 of 418] Building Data.Eq.Generic
[275 of 418] Building Data.Functor.Coproduct.Inject
[276 of 418] Building Data.Functor.Coproduct.Nested
[277 of 418] Building Data.Functor.Product.Nested
[278 of 418] Building Data.HeytingAlgebra.Generic
[279 of 418] Building Data.Interval.Duration
[280 of 418] Building Data.Interval.Duration.Iso
[281 of 418] Building Data.Interval
[282 of 418] Building Foreign
[283 of 418] Building Data.JSDate
[284 of 418] Building Data.Lens.AffineTraversal
[285 of 418] Building Data.Lens.Index
[286 of 418] Building Data.Lens.At
[287 of 418] Building Data.Lens.Fold.Partial
[288 of 418] Building Data.Lens.Internal.Focusing
[289 of 418] Building Data.Lens.Lens.Product
[290 of 418] Building Data.Lens.Lens.Void
[291 of 418] Building Data.Lens.Prism.Coproduct
[292 of 418] Building Data.Lens.Record
[293 of 418] Building Data.Lens.Zoom
[294 of 418] Building Data.List.Lazy.Types
[295 of 418] Building Data.List.Lazy
[296 of 418] Building Data.List.Lazy.NonEmpty
[297 of 418] Building Data.List.Partial
[298 of 418] Building Data.List.ZipList
[299 of 418] Building Data.Map.Gen
[300 of 418] Building Data.Monoid.Generic
[301 of 418] Building Data.Nullable
[302 of 418] Building Data.Number.Approximate
[303 of 418] Building Data.Number.Format
[304 of 418] Building Data.Ord.Down
[305 of 418] Building Data.Ord.Generic
[306 of 418] Building Data.Posix.Signal
[307 of 418] Building Data.Posix
[308 of 418] Building Data.Profunctor.Join
[309 of 418] Building Data.Profunctor.Split
[310 of 418] Building Data.Reflectable
[311 of 418] Building Data.Ring.Generic
[312 of 418] Building Data.Semigroup.Generic
[313 of 418] Building Data.Semiring.Generic
[314 of 418] Building Data.Set.NonEmpty
[315 of 418] Building Data.String.CaseInsensitive
[316 of 418] Building Data.String.NonEmpty.CaseInsensitive
[317 of 418] Building Data.String.NonEmpty.CodeUnits
[318 of 418] Building Data.String.Regex.Flags
[319 of 418] Building Data.String.Regex
[320 of 418] Building Data.String.Regex.Unsafe
[321 of 418] Building Data.Time.Duration.Gen
[322 of 418] Building Data.Tuple.Nested
[323 of 418] Building Data.Yoneda
[324 of 418] Building Debug
[325 of 418] Building Dodo.Internal
[326 of 418] Building Dodo.Internal.Buffer
[327 of 418] Building Dodo
[328 of 418] Building Dodo.Ansi
[329 of 418] Building Dodo.Box
[330 of 418] Building Dodo.Common
[331 of 418] Building Effect.Unsafe
[332 of 418] Building Effect.Aff
[333 of 418] Building Effect.Aff.Class
[334 of 418] Building Effect.Uncurried
[335 of 418] Building Effect.Aff.Compat
[336 of 418] Building Effect.Console
[337 of 418] Building Effect.Class.Console
[338 of 418] Building Effect.Exception.Unsafe
[339 of 418] Building Foreign.Index
[340 of 418] Building Foreign.Keys
[341 of 418] Building Foreign.Object.Gen
[342 of 418] Building Foreign.Object.ST.Unsafe
[343 of 418] Building Foreign.Object.Unsafe
[344 of 418] Building Gopurs.FfiTypes
[345 of 418] Building PureScript.Backend.Optimizer.CoreFn
[346 of 418] Building Gopurs.GoAst
[347 of 418] Building Gopurs.Printer
[348 of 418] Building Node.Buffer.Types
[349 of 418] Building Node.Encoding
[350 of 418] Building Node.Buffer.Immutable
[351 of 418] Building Node.Buffer.Class
[352 of 418] Building Node.Buffer
[353 of 418] Building Node.FS.Constants
[354 of 418] Building Node.FS
[355 of 418] Building Node.FS.Perms
[356 of 418] Building Node.FS.Stats
[357 of 418] Building Node.Path
[358 of 418] Building Node.FS.Sync
[359 of 418] Building PureScript.Backend.Optimizer.Syntax
[360 of 418] Building PureScript.Backend.Optimizer.Analysis
[361 of 418] Building PureScript.Backend.Optimizer.Utils
[362 of 418] Building PureScript.Backend.Optimizer.Semantics
[363 of 418] Building PureScript.Backend.Optimizer.Codegen.Tco
[364 of 418] Building PureScript.CST.Types
[365 of 418] Building PureScript.CST.Print
[366 of 418] Building PureScript.CST.Errors
[367 of 418] Building PureScript.CST.Layout
[368 of 418] Building PureScript.CST.TokenStream
[369 of 418] Building PureScript.CST.Lexer
[370 of 418] Building PureScript.CST.Parser.Monad
[371 of 418] Building PureScript.Backend.Optimizer.Directives
[372 of 418] Building PureScript.Backend.Optimizer.Semantics.Foreign
[373 of 418] Building PureScript.Backend.Optimizer.Convert
[374 of 418] Building PureScript.Backend.Optimizer.FfiSupport
[375 of 418] Building PureScript.Backend.Optimizer.FreeVars
[376 of 418] Building PureScript.Backend.Optimizer.Substitute
[377 of 418] Building PureScript.Backend.Optimizer.Monomorphize
[378 of 418] Building Gopurs.CodeGen
[379 of 418] Building Gopurs.FBIP
[380 of 418] Building Gopurs.FfiSupport
[381 of 418] Building Gopurs.Runtime
[382 of 418] Building Gopurs.ShowTco
[383 of 418] Building Gopurs.TestTrace
[384 of 418] Building Gopurs.UsageAnalysis
[385 of 418] Building Node.FS.Async
[386 of 418] Building Node.FS.Aff
[387 of 418] Building Node.Symbol
[388 of 418] Building Node.EventEmitter
[389 of 418] Building Node.EventEmitter.UtilTypes
[390 of 418] Building Node.Platform
[391 of 418] Building Node.Stream
[392 of 418] Building Node.Process
[393 of 418] Building PureScript.Backend.Optimizer.CoreFn.Json
[394 of 418] Building PureScript.Backend.Optimizer.CoreFn.Sort
[395 of 418] Building PureScript.Backend.Optimizer.Directives.Defaults
[396 of 418] Building PureScript.Backend.Optimizer.App
[397 of 418] Building PureScript.Backend.Optimizer.Builder
[398 of 418] Building Main
[399 of 418] Building Node.Buffer.Constants
[400 of 418] Building Node.Buffer.ST
[401 of 418] Building Node.FS.Stream
[402 of 418] Building Node.Stream.Aff
[403 of 418] Building PureScript.Backend.Optimizer.Debug
[404 of 418] Building PureScript.Backend.Optimizer.Reachability
[405 of 418] Building PureScript.Backend.Optimizer.TestUnify
[406 of 418] Building PureScript.Backend.Optimizer.Tracer.Printer
[407 of 418] Building PureScript.CST.ModuleGraph
[408 of 418] Building PureScript.CST.Parser
[409 of 418] Building PureScript.CST.Range.TokenList
[410 of 418] Building PureScript.CST.Range
[411 of 418] Building Type.Row
[412 of 418] Building PureScript.CST.Traversal
[413 of 418] Building PureScript.CST
[414 of 418] Building Record.Builder
[415 of 418] Building Spago.Generated.BuildInfo
[416 of 418] Building TestMangle
[417 of 418] Building Type.Function
[418 of 418] Building Type.Prelude

  bin/gopurs.js  982.9kb

⚡ Done in 23ms
Building...
Reading Spago workspace configuration...

✓ Selecting package to build: ps-go-test

Downloading dependencies...
Building...
[  1 of 269] Compiling Unsafe.Coerce
[  2 of 269] Compiling Type.Equality
[  3 of 269] Compiling Type.Proxy
[  5 of 269] Compiling Record.Unsafe
[  4 of 269] Compiling Spago.Generated.BuildInfo
[  6 of 269] Compiling Data.Void
[  7 of 269] Compiling Partial
[  8 of 269] Compiling Data.Unit
[  9 of 269] Compiling Data.Traversable.Accum
[ 10 of 269] Compiling Data.String.Unsafe
[ 11 of 269] Compiling Data.Int.Bits
[ 12 of 269] Compiling Data.NaturalTransformation
[ 13 of 269] Compiling Data.Boolean
[ 14 of 269] Compiling Control.Semigroupoid
[ 15 of 269] Compiling Partial.Unsafe
[ 16 of 269] Compiling Data.Symbol
[ 17 of 269] Compiling Data.Function.Uncurried
[ 18 of 269] Compiling Control.Lazy
[ 19 of 269] Compiling Safe.Coerce
[ 20 of 269] Compiling Control.Category
[ 21 of 269] Compiling Data.Exists
[ 23 of 269] Compiling Data.HeytingAlgebra
[ 22 of 269] Compiling Data.Semigroup
[ 24 of 269] Compiling Data.Semiring
[ 25 of 269] Compiling Data.Show
[ 26 of 269] Compiling Data.Ring
[ 27 of 269] Compiling Data.Eq
[ 28 of 269] Compiling Data.BooleanAlgebra
[ 29 of 269] Compiling Data.Generic.Rep
[ 30 of 269] Compiling Data.CommutativeRing
[ 31 of 269] Compiling Data.Ordering
[ 32 of 269] Compiling Data.Ord
[ 33 of 269] Compiling Data.EuclideanRing
[ 34 of 269] Compiling Data.DivisionRing
[ 35 of 269] Compiling Data.Field
[ 36 of 269] Compiling Data.Bounded
[ 37 of 269] Compiling Data.Reflectable
[ 38 of 269] Compiling Data.Monoid
[ 39 of 269] Compiling Data.Function
[ 40 of 269] Compiling Data.Functor
[ 41 of 269] Compiling Control.Alt
[ 42 of 269] Compiling Control.Extend
[ 43 of 269] Compiling Control.Apply
[ 44 of 269] Compiling Data.Monoid.Generic
[ 45 of 269] Compiling Data.Bounded.Generic
[ 46 of 269] Compiling Control.Plus
[ 47 of 269] Compiling Control.Comonad
[ 48 of 269] Compiling Control.Applicative
[ 49 of 269] Compiling Control.Alternative
[ 50 of 269] Compiling Control.Bind
[ 51 of 269] Compiling Control.Monad
[ 52 of 269] Compiling Control.MonadPlus
[ 53 of 269] Compiling Prelude
[ 54 of 269] Compiling TestLoop
[ 55 of 269] Compiling Data.Semiring.Generic
[ 56 of 269] Compiling Effect
[ 57 of 269] Compiling Data.Traversable.Accum.Internal
[ 58 of 269] Compiling Data.Ring.Generic
[ 60 of 269] Compiling Data.Semigroup.Generic
[ 59 of 269] Compiling Data.HeytingAlgebra.Generic
[ 61 of 269] Compiling Data.Semigroup.Last
[ 62 of 269] Compiling Data.Monoid.Disj
[ 63 of 269] Compiling Data.Monoid.Dual
[ 64 of 269] Compiling Data.Monoid.Endo
[ 67 of 269] Compiling Control.Monad.Reader.Class
[ 66 of 269] Compiling Data.Number.Format
[ 65 of 269] Compiling Test.Tiny
[ 68 of 269] Compiling Data.Monoid.Additive
[ 70 of 269] Compiling Data.Semigroup.First
[ 71 of 269] Compiling Control.Monad.Trans.Class
[ 69 of 269] Compiling Data.Monoid.Conj
[ 72 of 269] Compiling Data.Show.Generic
[ 73 of 269] Compiling Control.Monad.Cont.Class
[ 75 of 269] Compiling Data.Ord.Generic
[ 74 of 269] Compiling Data.Monoid.Multiplicative
[ 76 of 269] Compiling Data.Eq.Generic
[ 78 of 269] Compiling Effect.Console
[ 79 of 269] Compiling Effect.Class
[ 80 of 269] Compiling Effect.Uncurried
[ 81 of 269] Compiling Effect.Ref
[ 77 of 269] Compiling Control.Monad.Gen.Class
[ 82 of 269] Compiling Effect.Unsafe
[ 83 of 269] Compiling Effect.Class.Console
[ 84 of 269] Compiling Data.Newtype
[ 85 of 269] Compiling Data.Time.Duration
[ 86 of 269] Compiling Data.Ord.Min
[ 87 of 269] Compiling Data.Ord.Down
[ 88 of 269] Compiling Data.String.Pattern
[ 89 of 269] Compiling Data.Profunctor
[ 90 of 269] Compiling Data.Ord.Max
[ 91 of 269] Compiling Data.Monoid.Alternate
[ 92 of 269] Compiling Data.Functor.App
[ 93 of 269] Compiling Data.String.Common
[ 94 of 269] Compiling Data.Profunctor.Closed
[ 95 of 269] Compiling Data.Functor.Invariant
[ 96 of 269] Compiling Data.Functor.Compose
[ 97 of 269] Compiling Data.Const
[ 99 of 269] Compiling Data.Identity
[ 98 of 269] Compiling Data.Maybe
[100 of 269] Compiling Data.Tuple
[102 of 269] Compiling Data.Profunctor.Join
[101 of 269] Compiling Data.Profunctor.Split
[103 of 269] Compiling Data.Functor.Contravariant
[104 of 269] Compiling Data.Predicate
[106 of 269] Compiling Data.Op
[105 of 269] Compiling Data.Comparison
[107 of 269] Compiling Data.Either
[108 of 269] Compiling Data.String.CodeUnits
[109 of 269] Compiling Data.Maybe.First
[110 of 269] Compiling Data.Maybe.Last
[111 of 269] Compiling Data.Number
[112 of 269] Compiling Data.Equivalence
[114 of 269] Compiling Data.Number.Approximate
[113 of 269] Compiling Data.Int
[115 of 269] Compiling Data.Divide
[116 of 269] Compiling Data.Profunctor.Strong
[117 of 269] Compiling Data.Profunctor.Costrong
[118 of 269] Compiling Control.Monad.Writer.Class
[120 of 269] Compiling Control.Monad.State.Class
[119 of 269] Compiling Data.Tuple.Nested
[121 of 269] Compiling Data.Distributive
[122 of 269] Compiling Data.Divisible
[123 of 269] Compiling Data.Decide
[124 of 269] Compiling Data.Bifunctor
[125 of 269] Compiling Data.Profunctor.Choice
[127 of 269] Compiling Data.Profunctor.Cochoice
[128 of 269] Compiling Effect.Exception
[129 of 269] Compiling Data.Either.Inject
[126 of 269] Compiling Data.Either.Nested
[130 of 269] Compiling Effect.Exception.Unsafe
[131 of 269] Compiling Control.Monad.Error.Class
[132 of 269] Compiling Data.Functor.Product
[133 of 269] Compiling Control.Monad.Rec.Class
[134 of 269] Compiling Data.Profunctor.Star
[135 of 269] Compiling Data.Functor.Coproduct
[136 of 269] Compiling Control.Biapply
[137 of 269] Compiling Data.Functor.Costar
[138 of 269] Compiling Data.Decidable
[139 of 269] Compiling Control.Biapplicative
[140 of 269] Compiling Data.Functor.Joker
[141 of 269] Compiling Data.Functor.Clown
[142 of 269] Compiling Data.Bifunctor.Join
[143 of 269] Compiling Data.Functor.Product2
[144 of 269] Compiling Data.Functor.Flip
[146 of 269] Compiling Data.Functor.Coproduct.Inject
[145 of 269] Compiling Data.Functor.Coproduct.Nested
[147 of 269] Compiling Data.Foldable
[148 of 269] Compiling Data.FunctorWithIndex
[149 of 269] Compiling Data.Functor.Product.Nested
[150 of 269] Compiling Control.Monad.ST.Internal
[152 of 269] Compiling Control.Monad.ST.Ref
[151 of 269] Compiling Control.Monad.ST.Uncurried
[153 of 269] Compiling Control.Monad.ST
[154 of 269] Compiling Control.Monad.ST.Global
[155 of 269] Compiling Control.Monad.ST.Class
[156 of 269] Compiling Control.Monad.RWS.Trans
[157 of 269] Compiling Control.Monad.Maybe.Trans
[158 of 269] Compiling Control.Monad.Cont.Trans
[159 of 269] Compiling Control.Monad.Except.Trans
[160 of 269] Compiling Control.Monad.Writer.Trans
[161 of 269] Compiling Control.Monad.State.Trans
[162 of 269] Compiling Control.Monad.Reader.Trans
[163 of 269] Compiling Data.Array.ST
[164 of 269] Compiling Data.Array.ST.Iterator
[165 of 269] Compiling Data.Array.ST.Partial
[166 of 269] Compiling Control.Monad.Cont
[167 of 269] Compiling Control.Monad.Reader
[168 of 269] Compiling Control.Monad.Except
[169 of 269] Compiling Control.Monad.State
[170 of 269] Compiling Data.Bifoldable
[171 of 269] Compiling Data.FoldableWithIndex
[172 of 269] Compiling Data.Traversable
[173 of 269] Compiling Data.Semigroup.Foldable
[175 of 269] Compiling Control.Parallel.Class
[174 of 269] Compiling Control.Monad.Writer
[176 of 269] Compiling Control.Monad.RWS
[177 of 269] Compiling Data.Bitraversable
[178 of 269] Compiling Data.Semigroup.Traversable
[179 of 269] Compiling Control.Monad.Identity.Trans
[180 of 269] Compiling Control.Parallel
[181 of 269] Compiling Effect.Aff
[182 of 269] Compiling Data.TraversableWithIndex
[183 of 269] Compiling Data.Unfoldable1
[184 of 269] Compiling Control.Comonad.Trans.Class
[185 of 269] Compiling Control.Comonad.Traced.Trans
[186 of 269] Compiling Control.Comonad.Store.Trans
[187 of 269] Compiling Data.Unfoldable
[189 of 269] Compiling Control.Monad.Gen
[188 of 269] Compiling Data.Enum
[190 of 269] Compiling Data.Time.Duration.Gen
[191 of 269] Compiling Control.Comonad.Env.Trans
[192 of 269] Compiling Data.NonEmpty
[193 of 269] Compiling Data.Lazy
[194 of 269] Compiling Data.Array.NonEmpty.Internal
[195 of 269] Compiling Bench
[196 of 269] Compiling Effect.Aff.Compat
[197 of 269] Compiling Data.Time.Component
[198 of 269] Compiling Data.Enum.Generic
[200 of 269] Compiling Data.Char
[199 of 269] Compiling Data.Date.Component
[201 of 269] Compiling Test.Fib
[202 of 269] Compiling Test.Records
[203 of 269] Compiling Test.RBTree
[204 of 269] Compiling Test.ListOps
[205 of 269] Compiling Test.StateMonad
[206 of 269] Compiling Test.Ackermann
[207 of 269] Compiling Test.Church
[208 of 269] Compiling Test.Polymorphism
[209 of 269] Compiling Test.LazyEvaluation
[210 of 269] Compiling Test.BenchCheck
[211 of 269] Compiling Test.AstTree
[212 of 269] Compiling Test.TCO
[213 of 269] Compiling Test.Primes
[214 of 269] Compiling Data.Array
[215 of 269] Compiling AppX
[216 of 269] Compiling Control.Comonad.Store.Class
[217 of 269] Compiling Data.Char.Gen
[218 of 269] Compiling Data.Enum.Gen
[219 of 269] Compiling Control.Monad.Gen.Common
[220 of 269] Compiling Data.List.Types
[221 of 269] Compiling Data.Time
[222 of 269] Compiling Data.Time.Component.Gen
[224 of 269] Compiling Data.List.Lazy.Types
[223 of 269] Compiling Control.Monad.List.Trans
[225 of 269] Compiling Data.String.Gen
[226 of 269] Compiling Control.Comonad.Store
[227 of 269] Compiling Control.Comonad.Env.Class
[228 of 269] Compiling Data.Date
[229 of 269] Compiling Data.Date.Component.Gen
[230 of 269] Compiling Data.Time.Gen
[231 of 269] Compiling Control.Comonad.Env
[232 of 269] Compiling Control.Comonad.Traced.Class
[233 of 269] Compiling Data.Date.Gen
[234 of 269] Compiling Data.DateTime
[235 of 269] Compiling Control.Comonad.Traced
[236 of 269] Compiling Data.DateTime.Gen
[237 of 269] Compiling Data.DateTime.Instant
[240 of 269] Compiling Data.Array.Partial
[241 of 269] Compiling Test.ArrayOps
[239 of 269] Compiling Data.String.CodePoints
[238 of 269] Compiling Data.Array.NonEmpty
[242 of 269] Compiling App
[243 of 269] Compiling Effect.Now
[244 of 269] Compiling Data.List.Internal
[245 of 269] Compiling Effect.Aff.Class
[246 of 269] Compiling Data.List
[247 of 269] Compiling Data.List.Lazy
[248 of 269] Compiling Data.String
[249 of 269] Compiling Data.String.Regex.Flags
[251 of 269] Compiling Data.String.CaseInsensitive
[250 of 269] Compiling Data.String.NonEmpty.Internal
[252 of 269] Compiling Data.String.Regex
[253 of 269] Compiling Data.String.NonEmpty.CodeUnits
[254 of 269] Compiling Data.String.NonEmpty.CodePoints
[255 of 269] Compiling Data.String.Regex.Unsafe
[256 of 269] Compiling Data.String.NonEmpty
[257 of 269] Compiling Data.String.NonEmpty.CaseInsensitive
[260 of 269] Compiling Data.List.Partial
[259 of 269] Compiling Data.List.NonEmpty
[258 of 269] Compiling Data.Map.Internal
[262 of 269] Compiling Data.List.ZipList
[261 of 269] Compiling Data.List.Lazy.NonEmpty
[263 of 269] Compiling Data.Set
[264 of 269] Compiling Data.Map
[265 of 269] Compiling Data.Set.NonEmpty
[267 of 269] Compiling Data.Map.Gen
[266 of 269] Compiling Data.Interval.Duration
[268 of 269] Compiling Data.Interval
[269 of 269] Compiling Data.Interval.Duration.Iso
           Src   Lib   All
Warnings     0     0     0
Errors       0     0     0

✓ Build succeeded.

Compiling with backend "../gopurs/gopurs/bin/gopurs"
ENUM ADTS: ["Data.Date.Component.Month","Data.Date.Component.Weekday","Data.Generic.Rep.NoArguments","Data.Int.Parity","Data.Interval.Duration.DurationComponent","Data.Ordering.Ordering","Data.Reflectable.Reifiable","Test.RBTree.Color","Type.Proxy.Proxy"]
structFieldGoType ty: (ForAll [b, c, d] (Func [(TypeApp (TypeVar a) [(TypeVar c), (TypeVar d)]), (TypeApp (TypeVar a) [(TypeVar b), (TypeVar c)])] (TypeApp (TypeVar a) [(TypeVar b), (TypeVar d)])))
structFieldGoType ty: Any
structFieldGoType ty: (ForAll [t] (TypeApp (TypeVar a) [(TypeVar t), (TypeVar t)]))
structFieldGoType ty: (Func [(ADT ["Type","Proxy","Proxy"] [(TypeVar sym)])] String)
structFieldGoType ty: (Func [(ADT ["Type","Proxy","Proxy"] [(TypeVar rowlist)]), (Record (Row [] (TypeVar row))), (Record (Row [] (TypeVar row)))] (Record (Row [] (TypeVar subrow))))
structFieldGoType ty: (Func [(ADT ["Type","Proxy","Proxy"] [(TypeVar rowlist)]), (Record (Row [] (TypeVar row))), (Record (Row [] (TypeVar row)))] (Record (Row [] (TypeVar subrow))))
structFieldGoType ty: (Func [(ADT ["Type","Proxy","Proxy"] [(TypeVar rowlist)]), (ADT ["Type","Proxy","Proxy"] [(TypeVar row)])] (Record (Row [] (TypeVar subrow))))
structFieldGoType ty: (Func [(ADT ["Type","Proxy","Proxy"] [(TypeVar rowlist)]), (Record (Row [] (TypeVar row))), (Record (Row [] (TypeVar row)))] (Record (Row [] (TypeVar subrow))))
structFieldGoType ty: (Func [(ADT ["Type","Proxy","Proxy"] [(TypeVar rowlist)]), (Record (Row [] (TypeVar row)))] (Record (Row [] (TypeVar subrow))))
structFieldGoType ty: (Func [(ADT ["Type","Proxy","Proxy"] [(TypeVar rowlist)]), (ADT ["Type","Proxy","Proxy"] [(TypeVar row)])] (Record (Row [] (TypeVar subrow))))
structFieldGoType ty: (Func [(TypeVar a), (TypeVar a)] (TypeVar a))
structFieldGoType ty: (Func [(TypeVar a), (TypeVar a)] (TypeVar a))
structFieldGoType ty: (TypeVar a)
structFieldGoType ty: (Func [(TypeVar a), (TypeVar a)] (TypeVar a))
structFieldGoType ty: (Func [(TypeVar a)] (TypeVar a))
structFieldGoType ty: (TypeVar a)
structFieldGoType ty: (Func [(ADT ["Type","Proxy","Proxy"] [(TypeVar rowlist)]), (Record (Row [] (TypeVar row))), (Record (Row [] (TypeVar row)))] Boolean)
structFieldGoType ty: (Func [(TypeVar a), (TypeVar a)] Boolean)
structFieldGoType ty: (ForAll [a] (ConstrainedType (Func [(TypeApp (TypeVar f) [(TypeVar a)]), (TypeApp (TypeVar f) [(TypeVar a)])] Boolean)))
structFieldGoType ty: (Func [(ADT ["Type","Proxy","Proxy"] [(TypeVar rowlist)]), (Record (Row [] (TypeVar row))), (Record (Row [] (TypeVar row)))] (Record (Row [] (TypeVar subrow))))
structFieldGoType ty: (Func [(TypeVar a), (TypeVar a)] (TypeVar a))
structFieldGoType ty: (Func [(ADT ["Type","Proxy","Proxy"] [(TypeVar rowlist)]), (Record (Row [] (TypeVar row)))] String)
structFieldGoType ty: (Func [(TypeVar a)] String)
structFieldGoType ty: (Func [(ADT ["Type","Proxy","Proxy"] [(TypeVar rowlist)]), (Record (Row [] (TypeVar row))), (Record (Row [] (TypeVar row)))] (Record (Row [] (TypeVar subrow))))
structFieldGoType ty: (Func [(ADT ["Type","Proxy","Proxy"] [(TypeVar rowlist)]), (Record (Row [] (TypeVar row))), (Record (Row [] (TypeVar row)))] (Record (Row [] (TypeVar subrow))))
structFieldGoType ty: (Func [(ADT ["Type","Proxy","Proxy"] [(TypeVar rowlist)]), (ADT ["Type","Proxy","Proxy"] [(TypeVar row)])] (Record (Row [] (TypeVar subrow))))
structFieldGoType ty: (Func [(ADT ["Type","Proxy","Proxy"] [(TypeVar rowlist)]), (ADT ["Type","Proxy","Proxy"] [(TypeVar row)])] (Record (Row [] (TypeVar subrow))))
structFieldGoType ty: (Func [(TypeVar a), (TypeVar a)] (TypeVar a))
structFieldGoType ty: (Func [(TypeVar a), (TypeVar a)] (TypeVar a))
structFieldGoType ty: (TypeVar a)
structFieldGoType ty: (TypeVar a)
structFieldGoType ty: Any
structFieldGoType ty: (Func [(ADT ["Type","Proxy","Proxy"] [(TypeVar rowlist)]), (Record (Row [] (TypeVar row))), (Record (Row [] (TypeVar row)))] (Record (Row [] (TypeVar subrow))))
structFieldGoType ty: Any
structFieldGoType ty: (Func [(TypeVar a), (TypeVar a)] (TypeVar a))
structFieldGoType ty: Any
structFieldGoType ty: (Func [(ADT ["Type","Proxy","Proxy"] [(TypeVar rowlist)]), (Record (Row [] (TypeVar row))), (Record (Row [] (TypeVar row)))] (ADT ["Data","Ordering","Ordering"] []))
structFieldGoType ty: Any
structFieldGoType ty: (Func [(TypeVar a), (TypeVar a)] (ADT ["Data","Ordering","Ordering"] []))
structFieldGoType ty: Any
structFieldGoType ty: (ForAll [a] (ConstrainedType (Func [(TypeApp (TypeVar f) [(TypeVar a)]), (TypeApp (TypeVar f) [(TypeVar a)])] (ADT ["Data","Ordering","Ordering"] []))))
structFieldGoType ty: (ForAll [a, b] (Func [(Func [(TypeVar a)] (TypeVar b)), (TypeApp (TypeVar f) [(TypeVar a)])] (TypeApp (TypeVar f) [(TypeVar b)])))
structFieldGoType ty: Any
structFieldGoType ty: (ForAll [a, b] (Func [(TypeApp (TypeVar f) [(Func [(TypeVar a)] (TypeVar b))]), (TypeApp (TypeVar f) [(TypeVar a)])] (TypeApp (TypeVar f) [(TypeVar b)])))
structFieldGoType ty: Any
structFieldGoType ty: (ForAll [a] (Func [(TypeVar a)] (TypeApp (TypeVar f) [(TypeVar a)])))
structFieldGoType ty: Any
structFieldGoType ty: (ForAll [a, b] (Func [(TypeApp (TypeVar m) [(TypeVar a)]), (Func [(TypeVar a)] (TypeApp (TypeVar m) [(TypeVar b)]))] (TypeApp (TypeVar m) [(TypeVar b)])))
structFieldGoType ty: (ForAll [f, b] (ConstrainedType (Func [(TypeApp (TypeVar f) [(TypeVar a)]), (Func [(TypeVar a)] (TypeApp (TypeVar f) [(TypeVar b)]))] (TypeApp (TypeVar f) [(TypeVar b)]))))
structFieldGoType ty: Any
structFieldGoType ty: Any
structFieldGoType ty: Any
structFieldGoType ty: Any
structFieldGoType ty: Any
structFieldGoType ty: Any
structFieldGoType ty: Any
structFieldGoType ty: (Func [(TypeVar a)] Int)
structFieldGoType ty: (Func [(TypeVar a), (TypeVar a)] (TypeVar a))
structFieldGoType ty: (Func [(TypeVar a), (TypeVar a)] (TypeVar a))
structFieldGoType ty: Any
structFieldGoType ty: (Func [(ADT ["Type","Proxy","Proxy"] [(TypeVar rowlist)])] (Record (Row [] (TypeVar subrow))))
structFieldGoType ty: Any
structFieldGoType ty: (TypeVar m)
structFieldGoType ty: Any
structFieldGoType ty: (Func [(ADT ["Type","Proxy","Proxy"] [(TypeVar rowlist)]), (ADT ["Type","Proxy","Proxy"] [(TypeVar row)])] (Record (Row [] (TypeVar subrow))))
structFieldGoType ty: (Func [(ADT ["Type","Proxy","Proxy"] [(TypeVar rowlist)]), (ADT ["Type","Proxy","Proxy"] [(TypeVar row)])] (Record (Row [] (TypeVar subrow))))
structFieldGoType ty: Any
structFieldGoType ty: (TypeVar a)
structFieldGoType ty: (TypeVar a)
structFieldGoType ty: Any
structFieldGoType ty: (Func [(TypeVar a)] (TypeVar a))
structFieldGoType ty: Any
structFieldGoType ty: Any
structFieldGoType ty: Any
structFieldGoType ty: (ForAll [a] (Func [(TypeApp (TypeVar f) [(TypeVar a)]), (TypeApp (TypeVar f) [(TypeVar a)])] (TypeApp (TypeVar f) [(TypeVar a)])))
structFieldGoType ty: Any
structFieldGoType ty: (ForAll [a] (TypeApp (TypeVar f) [(TypeVar a)]))
structFieldGoType ty: Any
structFieldGoType ty: Any
structFieldGoType ty: (Func [(Func [Unit] (TypeVar l))] (TypeVar l))
structFieldGoType ty: Any
structFieldGoType ty: (ForAll [b, a] (Func [(Func [(TypeApp (TypeVar w) [(TypeVar a)])] (TypeVar b)), (TypeApp (TypeVar w) [(TypeVar a)])] (TypeApp (TypeVar w) [(TypeVar b)])))
structFieldGoType ty: Any
structFieldGoType ty: (ForAll [a] (Func [(TypeApp (TypeVar w) [(TypeVar a)])] (TypeVar a)))
structFieldGoType ty: Any
structFieldGoType ty: (ForAll [a, b] (Func [(Func [(TypeVar a)] (TypeVar b)), (Func [(TypeVar b)] (TypeVar a)), (TypeApp (TypeVar f) [(TypeVar a)])] (TypeApp (TypeVar f) [(TypeVar b)])))
structFieldGoType ty: (TypeVar a)
structFieldGoType ty: (TypeVar b)
structFieldGoType ty: (TypeVar a)
structFieldGoType ty: (TypeVar b)
structFieldGoType ty: (Func [(TypeVar a)] (TypeVar rep))
structFieldGoType ty: (Func [(TypeVar rep)] (TypeVar a))
structFieldGoType ty: (TypeVar a)
structFieldGoType ty: (TypeVar a)
structFieldGoType ty: (TypeVar b)
structFieldGoType ty: Any
structFieldGoType ty: (ForAll [a] (Func [(TypeVar e)] (TypeApp (TypeVar m) [(TypeVar a)])))
structFieldGoType ty: Any
structFieldGoType ty: (ForAll [a] (Func [(TypeApp (TypeVar m) [(TypeVar a)]), (Func [(TypeVar e)] (TypeApp (TypeVar m) [(TypeVar a)]))] (TypeApp (TypeVar m) [(TypeVar a)])))
structFieldGoType ty: (TypeVar a)
structFieldGoType ty: (TypeVar b)
structFieldGoType ty: (ForAll [a, b, c, d] (Func [(Func [(TypeVar a)] (TypeVar b)), (Func [(TypeVar c)] (TypeVar d)), (TypeApp (TypeVar f) [(TypeVar a), (TypeVar c)])] (TypeApp (TypeVar f) [(TypeVar b), (TypeVar d)])))
structFieldGoType ty: (TypeVar a)
structFieldGoType ty: (TypeVar b)
structFieldGoType ty: Any
structFieldGoType ty: (ForAll [a, b] (Func [(Func [(TypeVar a)] (TypeApp (TypeVar m) [(ADT ["Control","Monad","Rec","Class","Step"] [(TypeVar a), (TypeVar b)])])), (TypeVar a)] (TypeApp (TypeVar m) [(TypeVar b)])))
structFieldGoType ty: Any
structFieldGoType ty: (TypeApp Any [(ADT ["Control","Monad","ST","Internal","ST"] [(TypeVar s)]), (TypeVar m)])
structFieldGoType ty: Any
structFieldGoType ty: (ForAll [a] (Func [(Func [(ForAll [b] (Func [(TypeVar a)] (TypeApp (TypeVar m) [(TypeVar b)])))] (TypeApp (TypeVar m) [(TypeVar a)]))] (TypeApp (TypeVar m) [(TypeVar a)])))
structFieldGoType ty: Any
structFieldGoType ty: (TypeApp (TypeVar m) [(TypeVar r)])
structFieldGoType ty: Any
structFieldGoType ty: (ForAll [a] (Func [(Func [(TypeVar r)] (TypeVar r)), (TypeApp (TypeVar m) [(TypeVar a)])] (TypeApp (TypeVar m) [(TypeVar a)])))
structFieldGoType ty: Any
structFieldGoType ty: (ForAll [a] (Func [(Func [(TypeVar s)] (ADT ["Data","Tuple","Tuple"] [(TypeVar a), (TypeVar s)]))] (TypeApp (TypeVar m) [(TypeVar a)])))
structFieldGoType ty: (ForAll [m, a] (ConstrainedType (Func [(TypeApp (TypeVar m) [(TypeVar a)])] (TypeApp (TypeVar t) [(TypeVar m), (TypeVar a)]))))
structFieldGoType ty: Any
structFieldGoType ty: (ForAll [a] (Func [(ADT ["Effect","Effect"] [(TypeVar a)])] (TypeApp (TypeVar m) [(TypeVar a)])))
structFieldGoType ty: Any
structFieldGoType ty: Any
structFieldGoType ty: (Func [(TypeVar w)] (TypeApp (TypeVar m) [Unit]))
structFieldGoType ty: Any
structFieldGoType ty: Any
structFieldGoType ty: (ForAll [a] (Func [(TypeApp (TypeVar m) [(TypeVar a)])] (TypeApp (TypeVar m) [(ADT ["Data","Tuple","Tuple"] [(TypeVar a), (TypeVar w)])])))
structFieldGoType ty: (ForAll [a] (Func [(TypeApp (TypeVar m) [(ADT ["Data","Tuple","Tuple"] [(TypeVar a), (Func [(TypeVar w)] (TypeVar w))])])] (TypeApp (TypeVar m) [(TypeVar a)])))
structFieldGoType ty: Any
structFieldGoType ty: Any
structFieldGoType ty: Any
structFieldGoType ty: (ForAll [p] (Func [(TypeApp (TypeVar p) [(TypeVar a)])] (TypeApp (TypeVar p) [(TypeVar b)])))
structFieldGoType ty: Any
structFieldGoType ty: (ForAll [a, b, g] (ConstrainedType (Func [(Func [(TypeVar a)] (TypeApp (TypeVar f) [(TypeVar b)])), (TypeApp (TypeVar g) [(TypeVar a)])] (TypeApp (TypeVar f) [(TypeApp (TypeVar g) [(TypeVar b)])]))))
structFieldGoType ty: (ForAll [a, g] (ConstrainedType (Func [(TypeApp (TypeVar g) [(TypeApp (TypeVar f) [(TypeVar a)])])] (TypeApp (TypeVar f) [(TypeApp (TypeVar g) [(TypeVar a)])]))))
structFieldGoType ty: (ForAll [a, b] (Func [(Func [(TypeVar b)] (TypeVar a)), (TypeApp (TypeVar f) [(TypeVar a)])] (TypeApp (TypeVar f) [(TypeVar b)])))
structFieldGoType ty: (ForAll [a, b, c, d] (Func [(Func [(TypeVar a)] (TypeVar b)), (Func [(TypeVar c)] (TypeVar d)), (TypeApp (TypeVar p) [(TypeVar b), (TypeVar c)])] (TypeApp (TypeVar p) [(TypeVar a), (TypeVar d)])))
structFieldGoType ty: Any
structFieldGoType ty: (ForAll [a, b, x] (Func [(TypeApp (TypeVar p) [(TypeVar a), (TypeVar b)])] (TypeApp (TypeVar p) [(Func [(TypeVar x)] (TypeVar a)), (Func [(TypeVar x)] (TypeVar b))])))
structFieldGoType ty: Any
structFieldGoType ty: (ForAll [a, b, c] (Func [(TypeApp (TypeVar p) [(TypeVar a), (TypeVar b)])] (TypeApp (TypeVar p) [(ADT ["Data","Tuple","Tuple"] [(TypeVar a), (TypeVar c)]), (ADT ["Data","Tuple","Tuple"] [(TypeVar b), (TypeVar c)])])))
structFieldGoType ty: (ForAll [a, b, c] (Func [(TypeApp (TypeVar p) [(TypeVar b), (TypeVar c)])] (TypeApp (TypeVar p) [(ADT ["Data","Tuple","Tuple"] [(TypeVar a), (TypeVar b)]), (ADT ["Data","Tuple","Tuple"] [(TypeVar a), (TypeVar c)])])))
structFieldGoType ty: Any
structFieldGoType ty: (ForAll [a, b, c] (Func [(TypeApp (TypeVar p) [(TypeVar a), (TypeVar b)])] (TypeApp (TypeVar p) [(ADT ["Data","Either","Either"] [(TypeVar a), (TypeVar c)]), (ADT ["Data","Either","Either"] [(TypeVar b), (TypeVar c)])])))
structFieldGoType ty: (ForAll [a, b, c] (Func [(TypeApp (TypeVar p) [(TypeVar b), (TypeVar c)])] (TypeApp (TypeVar p) [(ADT ["Data","Either","Either"] [(TypeVar a), (TypeVar b)]), (ADT ["Data","Either","Either"] [(TypeVar a), (TypeVar c)])])))
structFieldGoType ty: Any
structFieldGoType ty: Any
structFieldGoType ty: (TypeApp Any [(TypeVar m), (TypeVar f)])
structFieldGoType ty: (TypeApp Any [(TypeVar f), (TypeVar m)])
structFieldGoType ty: (TypeVar a)
structFieldGoType ty: (ADT ["Data","Foldable","FreeMonoidTree"] [(TypeVar a)])
structFieldGoType ty: (ADT ["Data","Foldable","FreeMonoidTree"] [(TypeVar a)])
structFieldGoType ty: (ForAll [a, m] (ConstrainedType (Func [(Func [(TypeVar a)] (TypeVar m)), (TypeApp (TypeVar f) [(TypeVar a)])] (TypeVar m))))
structFieldGoType ty: (ForAll [a, b] (Func [(Func [(TypeVar b), (TypeVar a)] (TypeVar b)), (TypeVar b), (TypeApp (TypeVar f) [(TypeVar a)])] (TypeVar b)))
structFieldGoType ty: (ForAll [a, b] (Func [(Func [(TypeVar a), (TypeVar b)] (TypeVar b)), (TypeVar b), (TypeApp (TypeVar f) [(TypeVar a)])] (TypeVar b)))
structFieldGoType ty: Any
structFieldGoType ty: Any
structFieldGoType ty: (ForAll [a, m] (ConstrainedType (Func [(TypeApp (TypeVar t) [(TypeApp (TypeVar m) [(TypeVar a)])])] (TypeApp (TypeVar m) [(TypeApp (TypeVar t) [(TypeVar a)])]))))
structFieldGoType ty: (ForAll [a, b, m] (ConstrainedType (Func [(Func [(TypeVar a)] (TypeApp (TypeVar m) [(TypeVar b)])), (TypeApp (TypeVar t) [(TypeVar a)])] (TypeApp (TypeVar m) [(TypeApp (TypeVar t) [(TypeVar b)])]))))
structFieldGoType ty: (Func [(TypeVar a)] Number)
structFieldGoType ty: (Func [Number] (TypeVar a))
structFieldGoType ty: Any
structFieldGoType ty: (ForAll [a, b] (Func [(Func [(TypeVar i), (TypeVar a)] (TypeVar b)), (TypeApp (TypeVar f) [(TypeVar a)])] (TypeApp (TypeVar f) [(TypeVar b)])))
structFieldGoType ty: Any
structFieldGoType ty: (ForAll [a, m] (ConstrainedType (Func [(Func [(TypeVar i), (TypeVar a)] (TypeVar m)), (TypeApp (TypeVar f) [(TypeVar a)])] (TypeVar m))))
structFieldGoType ty: (ForAll [a, b] (Func [(Func [(TypeVar i), (TypeVar b), (TypeVar a)] (TypeVar b)), (TypeVar b), (TypeApp (TypeVar f) [(TypeVar a)])] (TypeVar b)))
structFieldGoType ty: (ForAll [a, b] (Func [(Func [(TypeVar i), (TypeVar a), (TypeVar b)] (TypeVar b)), (TypeVar b), (TypeApp (TypeVar f) [(TypeVar a)])] (TypeVar b)))
structFieldGoType ty: (Func [(TypeVar a), (Func [(TypeVar a), (TypeVar a)] (TypeVar a))] (TypeVar a))
structFieldGoType ty: (TypeVar a)
structFieldGoType ty: Any
structFieldGoType ty: (ForAll [a, m] (ConstrainedType (Func [(Func [(TypeVar a)] (TypeVar m)), (TypeApp (TypeVar t) [(TypeVar a)])] (TypeVar m))))
structFieldGoType ty: (ForAll [a] (Func [(Func [(TypeVar a), (TypeVar a)] (TypeVar a)), (TypeApp (TypeVar t) [(TypeVar a)])] (TypeVar a)))
structFieldGoType ty: (ForAll [a] (Func [(Func [(TypeVar a), (TypeVar a)] (TypeVar a)), (TypeApp (TypeVar t) [(TypeVar a)])] (TypeVar a)))
structFieldGoType ty: Any
structFieldGoType ty: Any
structFieldGoType ty: (ForAll [b, f] (ConstrainedType (Func [(TypeApp (TypeVar t) [(TypeApp (TypeVar f) [(TypeVar b)])])] (TypeApp (TypeVar f) [(TypeApp (TypeVar t) [(TypeVar b)])]))))
structFieldGoType ty: (ForAll [a, b, f] (ConstrainedType (Func [(Func [(TypeVar a)] (TypeApp (TypeVar f) [(TypeVar b)])), (TypeApp (TypeVar t) [(TypeVar a)])] (TypeApp (TypeVar f) [(TypeApp (TypeVar t) [(TypeVar b)])]))))
structFieldGoType ty: Any
structFieldGoType ty: Any
structFieldGoType ty: Any
structFieldGoType ty: (ForAll [a, b, m] (ConstrainedType (Func [(Func [(TypeVar i), (TypeVar a)] (TypeApp (TypeVar m) [(TypeVar b)])), (TypeApp (TypeVar t) [(TypeVar a)])] (TypeApp (TypeVar m) [(TypeApp (TypeVar t) [(TypeVar b)])]))))
structFieldGoType ty: (ForAll [a, b] (Func [(Func [(TypeVar b)] (ADT ["Data","Tuple","Tuple"] [(TypeVar a), (ADT ["Data","Maybe","Maybe"] [(TypeVar b)])])), (TypeVar b)] (TypeApp (TypeVar t) [(TypeVar a)])))
structFieldGoType ty: (Func [Int] (ADT ["Data","Maybe","Maybe"] [(TypeVar a)]))
structFieldGoType ty: (ADT ["Control","Monad","ST","Internal","STRef"] [(TypeVar r), Int])
structFieldGoType ty: Any
structFieldGoType ty: (ForAll [a, b] (Func [(Func [(TypeVar b)] (ADT ["Data","Maybe","Maybe"] [(ADT ["Data","Tuple","Tuple"] [(TypeVar a), (TypeVar b)])])), (TypeVar b)] (TypeApp (TypeVar t) [(TypeVar a)])))
structFieldGoType ty: Int
structFieldGoType ty: (ADT ["Test","AstTree","Expr"] [])
structFieldGoType ty: (ADT ["Test","AstTree","Expr"] [])
structFieldGoType ty: (ADT ["Test","AstTree","Expr"] [])
structFieldGoType ty: (ADT ["Test","AstTree","Expr"] [])
structFieldGoType ty: (ADT ["Test","AstTree","Expr"] [])
structFieldGoType ty: (ADT ["Test","AstTree","Expr"] [])
structFieldGoType ty: (TypeVar a)
structFieldGoType ty: (ADT ["Test","ListOps","List"] [(TypeVar a)])
structFieldGoType ty: (Func [(TypeVar a), (TypeVar a)] (TypeVar a))
structFieldGoType ty: (TypeVar a)
structFieldGoType ty: (TypeVar a)
structFieldGoType ty: (ADT ["Test","Primes","List"] [(TypeVar a)])
structFieldGoType ty: (ADT ["Test","RBTree","Color"] [])
structFieldGoType ty: (ADT ["Test","RBTree","Tree"] [])
structFieldGoType ty: Int
structFieldGoType ty: (ADT ["Test","RBTree","Tree"] [])
structFieldGoType ty: Any
structFieldGoType ty: (ForAll [a, b, c, d] (Func [(TypeApp (TypeVar w) [(Func [(TypeVar a)] (TypeVar b)), (Func [(TypeVar c)] (TypeVar d))]), (TypeApp (TypeVar w) [(TypeVar a), (TypeVar c)])] (TypeApp (TypeVar w) [(TypeVar b), (TypeVar d)])))
structFieldGoType ty: Any
structFieldGoType ty: (ForAll [a, b] (Func [(TypeVar a), (TypeVar b)] (TypeApp (TypeVar w) [(TypeVar a), (TypeVar b)])))
structFieldGoType ty: (ForAll [w, a] (ConstrainedType (Func [(TypeApp (TypeVar f) [(TypeVar w), (TypeVar a)])] (TypeApp (TypeVar w) [(TypeVar a)]))))
structFieldGoType ty: Any
structFieldGoType ty: (ForAll [a] (Func [(TypeVar s), (TypeApp (TypeVar w) [(TypeVar a)])] (TypeVar a)))
structFieldGoType ty: (ForAll [a] (Func [(TypeApp (TypeVar w) [(TypeVar a)])] (TypeVar s)))
structFieldGoType ty: Any
structFieldGoType ty: (ForAll [a] (Func [(TypeApp (TypeVar w) [(TypeVar a)])] (TypeVar e)))
structFieldGoType ty: Any
structFieldGoType ty: (ForAll [a] (Func [(Func [(TypeVar e)] (TypeVar e)), (TypeApp (TypeVar w) [(TypeVar a)])] (TypeApp (TypeVar w) [(TypeVar a)])))
structFieldGoType ty: Any
structFieldGoType ty: (ForAll [a] (Func [(TypeVar t), (TypeApp (TypeVar w) [(TypeVar a)])] (TypeVar a)))
structFieldGoType ty: Any
structFieldGoType ty: (TypeApp (TypeVar m) [Boolean])
structFieldGoType ty: (Func [Number, Number] (TypeApp (TypeVar m) [Number]))
structFieldGoType ty: (Func [Int, Int] (TypeApp (TypeVar m) [Int]))
structFieldGoType ty: (ForAll [a] (Func [(Func [Any] Any), (TypeApp (TypeVar m) [(TypeVar a)])] (TypeApp (TypeVar m) [(TypeVar a)])))
structFieldGoType ty: (ForAll [a] (Func [(Func [Any] (TypeApp (TypeVar m) [(TypeVar a)]))] (TypeApp (TypeVar m) [(TypeVar a)])))
structFieldGoType ty: (TypeVar a)
structFieldGoType ty: (ADT ["Control","Monad","Gen","LL"] [(TypeVar a)])
structFieldGoType ty: (TypeVar a)
structFieldGoType ty: (TypeApp (TypeVar f) [(TypeVar a)])
structFieldGoType ty: (TypeVar a)
structFieldGoType ty: (ADT ["Data","Lazy","Lazy"] [(TypeVar s)])
structFieldGoType ty: (ADT ["Data","Lazy","Lazy"] [(TypeVar s)])
structFieldGoType ty: (TypeVar state)
structFieldGoType ty: (TypeVar result)
structFieldGoType ty: (TypeVar writer)
structFieldGoType ty: (TypeApp (TypeVar f) [(TypeVar a), (TypeVar b)])
structFieldGoType ty: (TypeApp (TypeVar g) [(TypeVar a), (TypeVar b)])
structFieldGoType ty: (ForAll [m, a, b] (ConstrainedType (Func [(Func [(TypeVar a)] (TypeVar m)), (Func [(TypeVar b)] (TypeVar m)), (TypeApp (TypeVar p) [(TypeVar a), (TypeVar b)])] (TypeVar m))))
structFieldGoType ty: (ForAll [a, b, c] (Func [(Func [(TypeVar c), (TypeVar a)] (TypeVar c)), (Func [(TypeVar c), (TypeVar b)] (TypeVar c)), (TypeVar c), (TypeApp (TypeVar p) [(TypeVar a), (TypeVar b)])] (TypeVar c)))
structFieldGoType ty: (ForAll [a, b, c] (Func [(Func [(TypeVar a), (TypeVar c)] (TypeVar c)), (Func [(TypeVar b), (TypeVar c)] (TypeVar c)), (TypeVar c), (TypeApp (TypeVar p) [(TypeVar a), (TypeVar b)])] (TypeVar c)))
structFieldGoType ty: Any
structFieldGoType ty: Any
structFieldGoType ty: (ForAll [f, a, b] (ConstrainedType (Func [(TypeApp (TypeVar t) [(TypeApp (TypeVar f) [(TypeVar a)]), (TypeApp (TypeVar f) [(TypeVar b)])])] (TypeApp (TypeVar f) [(TypeApp (TypeVar t) [(TypeVar a), (TypeVar b)])]))))
structFieldGoType ty: (ForAll [f, a, b, c, d] (ConstrainedType (Func [(Func [(TypeVar a)] (TypeApp (TypeVar f) [(TypeVar c)])), (Func [(TypeVar b)] (TypeApp (TypeVar f) [(TypeVar d)])), (TypeApp (TypeVar t) [(TypeVar a), (TypeVar b)])] (TypeApp (TypeVar f) [(TypeApp (TypeVar t) [(TypeVar c), (TypeVar d)])]))))
structFieldGoType ty: (TypeVar a)
structFieldGoType ty: (TypeVar a)
structFieldGoType ty: Any
structFieldGoType ty: (Func [(TypeVar a)] (ADT ["Data","Maybe","Maybe"] [(TypeVar a)]))
structFieldGoType ty: (Func [(TypeVar a)] (ADT ["Data","Maybe","Maybe"] [(TypeVar a)]))
structFieldGoType ty: Any
structFieldGoType ty: Any
structFieldGoType ty: Int
structFieldGoType ty: (Func [(TypeVar a)] Int)
structFieldGoType ty: (Func [Int] (ADT ["Data","Maybe","Maybe"] [(TypeVar a)]))
structFieldGoType ty: Int
structFieldGoType ty: (ADT ["Data","Date","Component","Month"] [])
structFieldGoType ty: Int
structFieldGoType ty: Int
structFieldGoType ty: Int
structFieldGoType ty: Int
structFieldGoType ty: Int
structFieldGoType ty: (ADT ["Data","Date","Date"] [])
structFieldGoType ty: (ADT ["Data","Time","Time"] [])
structFieldGoType ty: Any
structFieldGoType ty: (ForAll [a, b, c] (Func [(Func [(TypeVar a)] (ADT ["Data","Tuple","Tuple"] [(TypeVar b), (TypeVar c)])), (TypeApp (TypeVar f) [(TypeVar b)]), (TypeApp (TypeVar f) [(TypeVar c)])] (TypeApp (TypeVar f) [(TypeVar a)])))
structFieldGoType ty: Any
structFieldGoType ty: (ForAll [a, b, c] (Func [(Func [(TypeVar a)] (ADT ["Data","Either","Either"] [(TypeVar b), (TypeVar c)])), (TypeApp (TypeVar f) [(TypeVar b)]), (TypeApp (TypeVar f) [(TypeVar c)])] (TypeApp (TypeVar f) [(TypeVar a)])))
structFieldGoType ty: Any
structFieldGoType ty: (ForAll [a] (TypeApp (TypeVar f) [(TypeVar a)]))
structFieldGoType ty: Any
structFieldGoType ty: Any
structFieldGoType ty: (ForAll [a] (Func [(Func [(TypeVar a)] (ADT ["Data","Void","Void"] []))] (TypeApp (TypeVar f) [(TypeVar a)])))
structFieldGoType ty: (Func [(TypeVar a)] (TypeVar b))
structFieldGoType ty: (Func [(TypeVar b)] (ADT ["Data","Maybe","Maybe"] [(TypeVar a)]))
structFieldGoType ty: (Func [(TypeVar a)] (ADT ["Data","Maybe","Maybe"] [(TypeVar a)]))
structFieldGoType ty: (Func [(TypeVar a)] (ADT ["Data","Maybe","Maybe"] [(TypeVar a)]))
structFieldGoType ty: Int
structFieldGoType ty: (Func [(TypeVar a)] Int)
structFieldGoType ty: (Func [Int] (ADT ["Data","Maybe","Maybe"] [(TypeVar a)]))
structFieldGoType ty: (Func [(TypeVar a), (TypeVar a)] Boolean)
structFieldGoType ty: (ForAll [a] (Func [(TypeApp (TypeVar f) [(TypeVar a)])] (TypeApp (TypeVar g) [(TypeVar a)])))
structFieldGoType ty: (ForAll [a] (Func [(TypeApp (TypeVar g) [(TypeVar a)])] (ADT ["Data","Maybe","Maybe"] [(TypeApp (TypeVar f) [(TypeVar a)])])))
structFieldGoType ty: (Func [(TypeVar a), (TypeVar a)] (TypeVar a))
structFieldGoType ty: (Func [(TypeVar a), (TypeVar a)] (TypeVar a))
structFieldGoType ty: (TypeVar a)
structFieldGoType ty: (Func [(TypeVar a), (TypeVar a)] (TypeVar a))
structFieldGoType ty: (Func [(TypeVar a)] (TypeVar a))
structFieldGoType ty: (TypeVar a)
structFieldGoType ty: (TypeVar a)
structFieldGoType ty: (ADT ["Data","List","Types","List"] [(TypeVar a)])
structFieldGoType ty: (ADT ["Data","List","Internal","Set"] [(TypeVar k)])
structFieldGoType ty: (TypeVar k)
structFieldGoType ty: (ADT ["Data","List","Internal","Set"] [(TypeVar k)])
structFieldGoType ty: (ADT ["Data","List","Internal","Set"] [(TypeVar k)])
structFieldGoType ty: (TypeVar k)
structFieldGoType ty: (ADT ["Data","List","Internal","Set"] [(TypeVar k)])
structFieldGoType ty: (TypeVar k)
structFieldGoType ty: (ADT ["Data","List","Internal","Set"] [(TypeVar k)])
structFieldGoType ty: (TypeVar k)
structFieldGoType ty: (ADT ["Data","List","Internal","Set"] [(TypeVar k)])
structFieldGoType ty: (ADT ["Data","List","Internal","Set"] [(TypeVar k)])
structFieldGoType ty: (TypeVar k)
structFieldGoType ty: (TypeVar k)
structFieldGoType ty: (ADT ["Data","List","Internal","Set"] [(TypeVar k)])
structFieldGoType ty: (TypeVar k)
structFieldGoType ty: (ADT ["Data","List","Internal","Set"] [(TypeVar k)])
structFieldGoType ty: (ADT ["Data","List","Internal","Set"] [(TypeVar k)])
structFieldGoType ty: (TypeVar k)
structFieldGoType ty: (TypeVar k)
structFieldGoType ty: (ADT ["Data","List","Internal","Set"] [(TypeVar k)])
structFieldGoType ty: (ADT ["Data","List","Internal","Set"] [(TypeVar k)])
structFieldGoType ty: (TypeVar k)
structFieldGoType ty: (ADT ["Data","List","Internal","Set"] [(TypeVar k)])
structFieldGoType ty: (TypeVar k)
structFieldGoType ty: (ADT ["Data","List","Internal","Set"] [(TypeVar k)])
structFieldGoType ty: (TypeVar k)
structFieldGoType ty: (ADT ["Data","List","Internal","Set"] [(TypeVar k)])
structFieldGoType ty: Int
structFieldGoType ty: Int
structFieldGoType ty: (TypeVar k)
structFieldGoType ty: (TypeVar v)
structFieldGoType ty: (ADT ["Data","Map","Internal","Map"] [(TypeVar k), (TypeVar v)])
structFieldGoType ty: (ADT ["Data","Map","Internal","Map"] [(TypeVar k), (TypeVar v)])
structFieldGoType ty: (TypeVar k)
structFieldGoType ty: (TypeVar v)
structFieldGoType ty: (ADT ["Data","Map","Internal","MapIter"] [(TypeVar k), (TypeVar v)])
structFieldGoType ty: (ADT ["Data","Map","Internal","Map"] [(TypeVar k), (TypeVar v)])
structFieldGoType ty: (ADT ["Data","Map","Internal","MapIter"] [(TypeVar k), (TypeVar v)])
structFieldGoType ty: (TypeVar k)
structFieldGoType ty: (TypeVar v)
structFieldGoType ty: (ADT ["Data","Map","Internal","MapIter"] [(TypeVar k), (TypeVar v)])
structFieldGoType ty: (ADT ["Data","Maybe","Maybe"] [(TypeVar v)])
structFieldGoType ty: (ADT ["Data","Map","Internal","Map"] [(TypeVar k), (TypeVar v)])
structFieldGoType ty: (ADT ["Data","Map","Internal","Map"] [(TypeVar k), (TypeVar v)])
structFieldGoType ty: (TypeVar k)
structFieldGoType ty: (TypeVar v)
structFieldGoType ty: (ADT ["Data","Map","Internal","Map"] [(TypeVar k), (TypeVar v)])
structFieldGoType ty: (TypeVar a)
structFieldGoType ty: (TypeVar a)
structFieldGoType ty: (TypeVar d)
structFieldGoType ty: (TypeVar a)
structFieldGoType ty: (TypeVar a)
structFieldGoType ty: (TypeVar d)
structFieldGoType ty: (TypeVar d)
structFieldGoType ty: (ADT ["Data","Maybe","Maybe"] [Int])
structFieldGoType ty: (ADT ["Data","Interval","Interval"] [(TypeVar d), (TypeVar a)])
structFieldGoType ty: (ADT ["Data","Interval","Duration","DurationComponent"] [])
structFieldGoType ty: (ADT ["Data","Interval","Duration","DurationComponent"] [])
structFieldGoType ty: (TypeVar a)
structFieldGoType ty: (ADT ["Data","Lazy","Lazy"] [(ADT ["Data","List","Lazy","Types","Step"] [(TypeVar a)])])
structFieldGoType ty: (TypeVar a)
structFieldGoType ty: Int
structFieldGoType ty: Int
structFieldGoType ty: Int
structFieldGoType ty: (Func [(TypeVar a), (TypeVar a)] (ADT ["Data","Ordering","Ordering"] []))
structFieldGoType ty: Any
structFieldGoType ty: (ForAll [a, b, c] (Func [(TypeApp (TypeVar p) [(ADT ["Data","Either","Either"] [(TypeVar a), (TypeVar c)]), (ADT ["Data","Either","Either"] [(TypeVar b), (TypeVar c)])])] (TypeApp (TypeVar p) [(TypeVar a), (TypeVar b)])))
structFieldGoType ty: (ForAll [a, b, c] (Func [(TypeApp (TypeVar p) [(ADT ["Data","Either","Either"] [(TypeVar a), (TypeVar b)]), (ADT ["Data","Either","Either"] [(TypeVar a), (TypeVar c)])])] (TypeApp (TypeVar p) [(TypeVar b), (TypeVar c)])))
structFieldGoType ty: Any
structFieldGoType ty: (ForAll [a, b, c] (Func [(TypeApp (TypeVar p) [(ADT ["Data","Tuple","Tuple"] [(TypeVar a), (TypeVar c)]), (ADT ["Data","Tuple","Tuple"] [(TypeVar b), (TypeVar c)])])] (TypeApp (TypeVar p) [(TypeVar a), (TypeVar b)])))
structFieldGoType ty: (ForAll [a, b, c] (Func [(TypeApp (TypeVar p) [(ADT ["Data","Tuple","Tuple"] [(TypeVar a), (TypeVar b)]), (ADT ["Data","Tuple","Tuple"] [(TypeVar a), (TypeVar c)])])] (TypeApp (TypeVar p) [(TypeVar b), (TypeVar c)])))
structFieldGoType ty: (Func [(TypeVar a)] (TypeVar x))
structFieldGoType ty: (Func [(TypeVar x)] (TypeVar b))
structFieldGoType ty: (TypeApp (TypeVar f) [(TypeVar x)])
structFieldGoType ty: (Func [(ADT ["Type","Proxy","Proxy"] [(TypeVar v)])] (TypeVar t))
structFieldGoType ty: (Func [(TypeVar a), (TypeVar a)] (TypeVar a))
structFieldGoType ty: (Func [(TypeVar a), (TypeVar a)] (TypeVar a))
structFieldGoType ty: (Func [(TypeVar a), (TypeVar a)] (TypeVar a))
structFieldGoType ty: (Func [(TypeVar a), (TypeVar a)] (TypeVar a))
structFieldGoType ty: (TypeVar a)
structFieldGoType ty: (TypeVar a)
structFieldGoType ty: (Func [(TypeVar a)] (Array String))
structFieldGoType ty: (Func [(TypeVar a)] String)
structFieldGoType ty: (Func [(ADT ["Type","Proxy","Proxy"] [(TypeVar s)])] String)
structFieldGoType ty: Any
structFieldGoType ty: (TypeApp Any [(ADT ["Effect","Aff","Aff"] []), (TypeVar m)])
structFieldGoType ty: Int
structFieldGoType ty: Int
structFieldGoType ty: Int

✓ Backend build succeeded.

ENUM ADTS: ["Data.Date.Component.Month","Data.Date.Component.Weekday","Data.Generic.Rep.NoArguments","Data.Int.Parity","Data.Interval.Duration.DurationComponent","Data.Ordering.Ordering","Data.Reflectable.Reifiable","Test.RBTree.Color","Type.Proxy.Proxy"]
=== Go ===
--------------------------------------------------

(Test)

Red-Black Tree (100k Worst-Case Insertions):

(Output)

22

(Execution time)

75265.00 μs


Building CoreFn for Gnomon...
Reading Spago workspace configuration...

✓ Selecting package to build: ps-gnomon-test

Downloading dependencies...
Building...
[  1 of 269] Compiling Unsafe.Coerce
[  2 of 269] Compiling Spago.Generated.BuildInfo
[  3 of 269] Compiling Type.Equality
[  4 of 269] Compiling Type.Proxy
[  5 of 269] Compiling Record.Unsafe
[  6 of 269] Compiling Partial
[  7 of 269] Compiling Data.Int.Bits
[  8 of 269] Compiling Data.Unit
[  9 of 269] Compiling Data.Traversable.Accum
[ 10 of 269] Compiling Data.Void
[ 11 of 269] Compiling Data.String.Unsafe
[ 12 of 269] Compiling Data.NaturalTransformation
[ 13 of 269] Compiling Data.Boolean
[ 14 of 269] Compiling Control.Semigroupoid
[ 15 of 269] Compiling Data.Function.Uncurried
[ 17 of 269] Compiling Partial.Unsafe
[ 16 of 269] Compiling Control.Lazy
[ 18 of 269] Compiling Data.Symbol
[ 19 of 269] Compiling Control.Category
[ 20 of 269] Compiling Safe.Coerce
[ 21 of 269] Compiling Data.Exists
[ 22 of 269] Compiling Data.Semigroup
[ 23 of 269] Compiling Data.Semiring
[ 24 of 269] Compiling Data.HeytingAlgebra
[ 25 of 269] Compiling Data.Show
[ 26 of 269] Compiling Data.Ring
[ 27 of 269] Compiling Data.Generic.Rep
[ 28 of 269] Compiling Data.BooleanAlgebra
[ 29 of 269] Compiling Data.Eq
[ 30 of 269] Compiling Data.CommutativeRing
[ 31 of 269] Compiling Data.Ordering
[ 32 of 269] Compiling Data.EuclideanRing
[ 33 of 269] Compiling Data.Ord
[ 34 of 269] Compiling Data.DivisionRing
[ 35 of 269] Compiling Data.Field
[ 36 of 269] Compiling Data.Bounded
[ 37 of 269] Compiling Data.Monoid
[ 38 of 269] Compiling Data.Reflectable
[ 39 of 269] Compiling Data.Function
[ 40 of 269] Compiling Data.Functor
[ 41 of 269] Compiling Control.Alt
[ 42 of 269] Compiling Control.Extend
[ 43 of 269] Compiling Control.Apply
[ 44 of 269] Compiling Data.Monoid.Generic
[ 45 of 269] Compiling Data.Bounded.Generic
[ 46 of 269] Compiling Control.Plus
[ 47 of 269] Compiling Control.Comonad
[ 48 of 269] Compiling Control.Applicative
[ 49 of 269] Compiling Control.Alternative
[ 50 of 269] Compiling Control.Bind
[ 51 of 269] Compiling Control.Monad
[ 53 of 269] Compiling Control.MonadPlus
[ 52 of 269] Compiling Prelude
[ 54 of 269] Compiling Control.Monad.Trans.Class
[ 55 of 269] Compiling Test.Tiny
[ 56 of 269] Compiling Data.Ring.Generic
[ 57 of 269] Compiling Data.Traversable.Accum.Internal
[ 58 of 269] Compiling Data.Monoid.Multiplicative
[ 59 of 269] Compiling Data.Monoid.Additive
[ 60 of 269] Compiling Data.HeytingAlgebra.Generic
[ 62 of 269] Compiling Data.Monoid.Disj
[ 61 of 269] Compiling Data.Semiring.Generic
[ 63 of 269] Compiling Data.Monoid.Conj
[ 64 of 269] Compiling Data.Ord.Generic
[ 65 of 269] Compiling TestLoop
[ 66 of 269] Compiling Data.Number.Format
[ 67 of 269] Compiling Data.Semigroup.Generic
[ 68 of 269] Compiling Control.Monad.Gen.Class
[ 69 of 269] Compiling Data.Monoid.Endo
[ 70 of 269] Compiling Data.Eq.Generic
[ 71 of 269] Compiling Data.Show.Generic
[ 72 of 269] Compiling Data.Monoid.Dual
[ 73 of 269] Compiling Effect
[ 75 of 269] Compiling Data.Semigroup.First
[ 74 of 269] Compiling Data.Semigroup.Last
[ 77 of 269] Compiling Control.Monad.Reader.Class
[ 76 of 269] Compiling Control.Monad.Cont.Class
[ 78 of 269] Compiling Effect.Console
[ 79 of 269] Compiling Effect.Ref
[ 81 of 269] Compiling Effect.Class
[ 80 of 269] Compiling Effect.Uncurried
[ 82 of 269] Compiling Effect.Unsafe
[ 83 of 269] Compiling Data.Newtype
[ 84 of 269] Compiling Effect.Class.Console
[ 85 of 269] Compiling Data.Profunctor
[ 87 of 269] Compiling Data.Ord.Min
[ 86 of 269] Compiling Data.Time.Duration
[ 88 of 269] Compiling Data.Ord.Down
[ 90 of 269] Compiling Data.Monoid.Alternate
[ 89 of 269] Compiling Data.Functor.App
[ 91 of 269] Compiling Data.Ord.Max
[ 92 of 269] Compiling Data.String.Pattern
[ 93 of 269] Compiling Data.Profunctor.Closed
[ 94 of 269] Compiling Data.String.Common
[ 95 of 269] Compiling Data.Functor.Invariant
[ 96 of 269] Compiling Data.Functor.Compose
[ 98 of 269] Compiling Data.Const
[ 97 of 269] Compiling Data.Maybe
[ 99 of 269] Compiling Data.Tuple
[100 of 269] Compiling Data.Identity
[101 of 269] Compiling Data.Profunctor.Join
[102 of 269] Compiling Data.Profunctor.Split
[103 of 269] Compiling Data.Functor.Contravariant
[104 of 269] Compiling Data.Comparison
[105 of 269] Compiling Data.Predicate
[106 of 269] Compiling Data.Op
[107 of 269] Compiling Data.Equivalence
[108 of 269] Compiling Data.Number
[110 of 269] Compiling Data.Maybe.First
[112 of 269] Compiling Data.Maybe.Last
[109 of 269] Compiling Data.String.CodeUnits
[111 of 269] Compiling Data.Either
[113 of 269] Compiling Data.Number.Approximate
[114 of 269] Compiling Data.Int
[115 of 269] Compiling Data.Divide
[116 of 269] Compiling Control.Monad.Writer.Class
[118 of 269] Compiling Data.Distributive
[119 of 269] Compiling Data.Profunctor.Strong
[120 of 269] Compiling Control.Monad.State.Class
[117 of 269] Compiling Data.Tuple.Nested
[121 of 269] Compiling Data.Profunctor.Costrong
[122 of 269] Compiling Data.Divisible
[123 of 269] Compiling Data.Decide
[124 of 269] Compiling Data.Bifunctor
[125 of 269] Compiling Data.Profunctor.Choice
[126 of 269] Compiling Data.Either.Inject
[127 of 269] Compiling Effect.Exception
[128 of 269] Compiling Data.Profunctor.Cochoice
[129 of 269] Compiling Data.Either.Nested
[130 of 269] Compiling Effect.Exception.Unsafe
[131 of 269] Compiling Control.Monad.Error.Class
[132 of 269] Compiling Data.Profunctor.Star
[133 of 269] Compiling Data.Functor.Coproduct
[134 of 269] Compiling Data.Functor.Product
[135 of 269] Compiling Data.Functor.Costar
[136 of 269] Compiling Control.Monad.Rec.Class
[137 of 269] Compiling Control.Biapply
[138 of 269] Compiling Data.Decidable
[139 of 269] Compiling Control.Biapplicative
[140 of 269] Compiling Data.Functor.Flip
[141 of 269] Compiling Data.Functor.Clown
[142 of 269] Compiling Data.Bifunctor.Join
[143 of 269] Compiling Data.Functor.Product2
[144 of 269] Compiling Data.Functor.Joker
[145 of 269] Compiling Data.Functor.Coproduct.Inject
[146 of 269] Compiling Data.Functor.Coproduct.Nested
[147 of 269] Compiling Data.FunctorWithIndex
[148 of 269] Compiling Data.Functor.Product.Nested
[149 of 269] Compiling Data.Foldable
[150 of 269] Compiling Control.Monad.ST.Internal
[151 of 269] Compiling Control.Monad.ST.Uncurried
[152 of 269] Compiling Control.Monad.ST.Ref
[153 of 269] Compiling Control.Monad.ST
[154 of 269] Compiling Control.Monad.ST.Global
[155 of 269] Compiling Control.Monad.ST.Class
[156 of 269] Compiling Control.Monad.Maybe.Trans
[157 of 269] Compiling Control.Monad.RWS.Trans
[158 of 269] Compiling Control.Monad.Writer.Trans
[159 of 269] Compiling Control.Monad.State.Trans
[160 of 269] Compiling Control.Monad.Except.Trans
[161 of 269] Compiling Control.Monad.Cont.Trans
[162 of 269] Compiling Control.Monad.Reader.Trans
[163 of 269] Compiling Data.Array.ST
[164 of 269] Compiling Data.Array.ST.Iterator
[165 of 269] Compiling Data.Array.ST.Partial
[166 of 269] Compiling Control.Monad.Cont
[167 of 269] Compiling Control.Monad.Reader
[168 of 269] Compiling Control.Monad.State
[169 of 269] Compiling Control.Monad.Except
[170 of 269] Compiling Control.Monad.Writer
[171 of 269] Compiling Control.Parallel.Class
[172 of 269] Compiling Data.Bifoldable
[174 of 269] Compiling Data.Traversable
[175 of 269] Compiling Data.Semigroup.Foldable
[173 of 269] Compiling Data.FoldableWithIndex
[176 of 269] Compiling Control.Monad.RWS
[177 of 269] Compiling Data.Bitraversable
[178 of 269] Compiling Data.Semigroup.Traversable
[179 of 269] Compiling Control.Monad.Identity.Trans
[180 of 269] Compiling Control.Parallel
[181 of 269] Compiling Effect.Aff
[182 of 269] Compiling Data.Unfoldable1
[183 of 269] Compiling Data.TraversableWithIndex
[184 of 269] Compiling Control.Comonad.Trans.Class
[185 of 269] Compiling Control.Comonad.Traced.Trans
[186 of 269] Compiling Control.Comonad.Store.Trans
[187 of 269] Compiling Data.Unfoldable
[189 of 269] Compiling Control.Monad.Gen
[188 of 269] Compiling Data.Enum
[190 of 269] Compiling Data.Time.Duration.Gen
[191 of 269] Compiling Effect.Aff.Compat
[192 of 269] Compiling Bench
[193 of 269] Compiling Data.NonEmpty
[194 of 269] Compiling Control.Comonad.Env.Trans
[195 of 269] Compiling Data.Lazy
[196 of 269] Compiling Data.Array.NonEmpty.Internal
[198 of 269] Compiling Test.Church
[197 of 269] Compiling Test.StateMonad
[199 of 269] Compiling Test.Ackermann
[200 of 269] Compiling Test.ListOps
[202 of 269] Compiling Test.Fib
[201 of 269] Compiling Test.Polymorphism
[203 of 269] Compiling Test.Records
[204 of 269] Compiling Test.AstTree
[205 of 269] Compiling Test.TCO
[206 of 269] Compiling Test.Primes
[209 of 269] Compiling Test.BenchCheck
[208 of 269] Compiling Test.LazyEvaluation
[207 of 269] Compiling Test.RBTree
[210 of 269] Compiling Data.Array
[211 of 269] Compiling Data.Date.Component
[212 of 269] Compiling Data.Enum.Generic
[213 of 269] Compiling Data.Time.Component
[214 of 269] Compiling Data.Char
[215 of 269] Compiling Control.Comonad.Store.Class
[216 of 269] Compiling AppX
[217 of 269] Compiling Data.Enum.Gen
[218 of 269] Compiling Control.Monad.Gen.Common
[219 of 269] Compiling Data.List.Types
[220 of 269] Compiling Data.Char.Gen
[222 of 269] Compiling Data.List.Lazy.Types
[221 of 269] Compiling Control.Monad.List.Trans
[223 of 269] Compiling Data.Time
[224 of 269] Compiling Control.Comonad.Store
[225 of 269] Compiling Data.Time.Component.Gen
[226 of 269] Compiling Data.String.Gen
[227 of 269] Compiling Control.Comonad.Env.Class
[228 of 269] Compiling Data.Date.Component.Gen
[229 of 269] Compiling Data.Date
[230 of 269] Compiling Control.Comonad.Env
[231 of 269] Compiling Control.Comonad.Traced.Class
[232 of 269] Compiling Data.Time.Gen
[233 of 269] Compiling Control.Comonad.Traced
[234 of 269] Compiling Data.Date.Gen
[235 of 269] Compiling Data.DateTime
[237 of 269] Compiling Test.ArrayOps
[239 of 269] Compiling Data.Array.Partial
[238 of 269] Compiling Data.String.CodePoints
[236 of 269] Compiling Data.Array.NonEmpty
[240 of 269] Compiling App
[242 of 269] Compiling Data.DateTime.Gen
[241 of 269] Compiling Data.DateTime.Instant
[243 of 269] Compiling Data.List.Internal
[244 of 269] Compiling Effect.Now
[245 of 269] Compiling Effect.Aff.Class
[246 of 269] Compiling Data.String
[247 of 269] Compiling Data.String.CaseInsensitive
[248 of 269] Compiling Data.String.Regex.Flags
[249 of 269] Compiling Data.String.NonEmpty.Internal
[250 of 269] Compiling Data.List
[251 of 269] Compiling Data.List.Lazy
[252 of 269] Compiling Data.String.NonEmpty.CodePoints
[253 of 269] Compiling Data.String.Regex
[254 of 269] Compiling Data.String.NonEmpty.CodeUnits
[255 of 269] Compiling Data.String.Regex.Unsafe
[256 of 269] Compiling Data.String.NonEmpty
[257 of 269] Compiling Data.String.NonEmpty.CaseInsensitive
[259 of 269] Compiling Data.List.ZipList
[258 of 269] Compiling Data.List.Lazy.NonEmpty
[261 of 269] Compiling Data.List.Partial
[262 of 269] Compiling Data.List.NonEmpty
[260 of 269] Compiling Data.Map.Internal
[263 of 269] Compiling Data.Set
[265 of 269] Compiling Data.Map
[264 of 269] Compiling Data.Set.NonEmpty
[266 of 269] Compiling Data.Map.Gen
[267 of 269] Compiling Data.Interval.Duration
[268 of 269] Compiling Data.Interval
[269 of 269] Compiling Data.Interval.Duration.Iso
           Src   Lib   All
Warnings     0     0     0
Errors       0     0     0

✓ Build succeeded.

Generating Go via Gnomon...
Reading Spago workspace configuration...

✓ Selecting package to build: backend-go

Adding dependency ranges to the config in "spago.yaml"
Downloading dependencies...
Building...
           Src   Lib   All
Warnings     0     0     0
Errors       0     0     0

✓ Build succeeded.

=== Gnomon Go ===
--------------------------------------------------

(Test)

Red-Black Tree (100k Worst-Case Insertions):

(Output)

22

(Execution time)

601349.00 μs


=== Rebuilding csharpurs backend ===
./bin/cs/run: line 67: cd: ../csharpurs: No such file or directory
=== C# failed ===

Building...
Reading Spago workspace configuration...

✓ Selecting package to build: ps-scheme-test

Downloading dependencies...
Cloning https://github.com/purescm/purescript-core.git
Building...
[ERROR 1/1 ModuleNotFound] src/Bench.purs:5:1

  5  import Effect.Aff (Aff)
     ^^^^^^^^^^^^^^^^^^^^^^^

  Module Effect.Aff was not found.
  Make sure the source file exists, and that it has been provided as an input to the compiler.

           Src   Lib   All
Warnings     0     0     0
Errors       1     0     1

✘ Failed to build.

=== Scheme failed ===

Building...
=== Erlang failed ===
