Building...
Reading Spago workspace configuration...

✓ Selecting package to build: ps-go-test

Downloading dependencies...
Building...
           Src   Lib   All
Warnings     0     0     0
Errors       0     0     0

✓ Build succeeded.

Compiling with backend "../gopurs/gopurs/bin/gopurs"
ENUM ADTS: ["Data.Date.Component.Month","Data.Date.Component.Weekday","Data.Generic.Rep.NoArguments","Data.Int.Parity","Data.Interval.Duration.DurationComponent","Data.Ordering.Ordering","Data.Reflectable.Reifiable","Test.RBTree.Color","Type.Proxy.Proxy"]

✓ Backend build succeeded.

ENUM ADTS: ["Data.Date.Component.Month","Data.Date.Component.Weekday","Data.Generic.Rep.NoArguments","Data.Int.Parity","Data.Interval.Duration.DurationComponent","Data.Ordering.Ordering","Data.Reflectable.Reifiable","Test.RBTree.Color","Type.Proxy.Proxy"]
=== Go ===
--------------------------------------------------

(Test)

Red-Black Tree (100k Worst-Case Insertions):

(Output)

22

(Execution time)

55926.00 μs

