================================
    Running pure backends...    
================================

Building...
=== JS V8 ===
--------------------------------------------------

(Test)

AST Evaluation:

(Output)

7

(Execution time)

80.42 μs

--------------------------------------------------

(Test)

Fibonacci:

(Output)

55

(Execution time)

36.63 μs

--------------------------------------------------

(Test)

List Processing (900 elements):

(Output)

202950

(Execution time)

409.08 μs

--------------------------------------------------

(Test)

Tail Call Optimization (100k calls):

(Output)

100000

(Execution time)

1587.92 μs

--------------------------------------------------

(Test)

Deep Record Updates (10k iterations):

(Output)

20000

(Execution time)

450.08 μs

--------------------------------------------------

(Test)

Ackermann (3, 4):

(Output)

125

(Execution time)

248.38 μs

--------------------------------------------------

(Test)

Church Numerals (100k Closure Applications):

(Output)

100000

(Execution time)

1708.08 μs

--------------------------------------------------

(Test)

Prime Sieve (sum primes up to 500):

(Output)

21536

(Execution time)

779.71 μs

--------------------------------------------------

(Test)

Red-Black Tree (100k Worst-Case Insertions):

(Output)

22

(Execution time)

101384.92 μs

--------------------------------------------------

(Test)

Polymorphism (10M Type Class Dict Lookups):

(Output)

10000000

(Execution time)

8304.79 μs

--------------------------------------------------

(Test)

State Monad (1.2k Binds, 60 Stack Depth):

(Output)

1200

(Execution time)

415.46 μs

--------------------------------------------------

(Test)

Lazy Evaluation (1M Thunks Forced, 1k Depth):

(Output)

1000000

(Execution time)

14708.00 μs

--------------------------------------------------

(Test)

Array Processing (900 elements):

(Output)

202950

(Execution time)

189.92 μs


==================================================

Total exec time: 130.30 ms


Building...
=== Arista ES V8 ===
--------------------------------------------------

(Test)

AST Evaluation:

(Output)

7

(Execution time)

63.96 μs

--------------------------------------------------

(Test)

Fibonacci:

(Output)

55

(Execution time)

33.92 μs

--------------------------------------------------

(Test)

List Processing (900 elements):

(Output)

202950

(Execution time)

503.63 μs

--------------------------------------------------

(Test)

Tail Call Optimization (100k calls):

(Output)

100000

(Execution time)

1131.17 μs

--------------------------------------------------

(Test)

Deep Record Updates (10k iterations):

(Output)

20000

(Execution time)

477.88 μs

--------------------------------------------------

(Test)

Ackermann (3, 4):

(Output)

125

(Execution time)

180.92 μs

--------------------------------------------------

(Test)

Church Numerals (100k Closure Applications):

(Output)

100000

(Execution time)

1670.25 μs

--------------------------------------------------

(Test)

Prime Sieve (sum primes up to 500):

(Output)

21536

(Execution time)

596.54 μs

--------------------------------------------------

(Test)

Red-Black Tree (100k Worst-Case Insertions):

(Output)

22

(Execution time)

53173.21 μs

--------------------------------------------------

(Test)

Polymorphism (10M Type Class Dict Lookups):

(Output)

10000000

(Execution time)

7762.21 μs

--------------------------------------------------

(Test)

State Monad (1.2k Binds, 60 Stack Depth):

(Output)

1200

(Execution time)

130.29 μs

--------------------------------------------------

(Test)

Lazy Evaluation (1M Thunks Forced, 1k Depth):

(Output)

1000000

(Execution time)

13591.12 μs

--------------------------------------------------

(Test)

Array Processing (900 elements):

(Output)

202950

(Execution time)

149.58 μs


==================================================

Total exec time: 79.46 ms


Building...
Reading Spago workspace configuration...

✓ Selecting package to build: ps-scheme-test

Downloading dependencies...
Building...
[ERROR 1/1 ModuleNotFound] src/Bench.purs:5:1

  5  import Effect.Aff (Aff)
     ^^^^^^^^^^^^^^^^^^^^^^^

  Module Effect.Aff was not found.
  Make sure the source file exists, and that it has been provided as an input to the compiler.

           Src   Lib   All
Warnings     0     0     0
Errors       1     0     1

✘ Failed to build.

=== Scheme failed ===

Building...
=== Erlang failed ===

Building...
Reading Spago workspace configuration...

✓ Selecting package to build: ps-php-test

Downloading dependencies...
Building...
           Src   Lib   All
Warnings     0     0     0
Errors       0     0     0

✓ Build succeeded.

Compiling with backend "../phpurs/phpurs/bin/phpurs"
Writing main.mod.php for App

✓ Backend build succeeded.

=== PHP ===
Loading composer repositories with package information
Updating dependencies
Nothing to modify in lock file
Writing lock file
Installing dependencies from lock file (including require-dev)
Nothing to install, update or remove
Generating autoload files
No security vulnerability advisories found.
--------------------------------------------------

(Test)

AST Evaluation:

(Output)

7

(Execution time)

16.00 μs

--------------------------------------------------

(Test)

Fibonacci:

(Output)

55

(Execution time)

12.00 μs

--------------------------------------------------

(Test)

List Processing (900 elements):

(Output)

202950

(Execution time)

1971.00 μs

--------------------------------------------------

(Test)

Tail Call Optimization (100k calls):

(Output)

100000

(Execution time)

23804.00 μs

--------------------------------------------------

(Test)

Deep Record Updates (10k iterations):

(Output)

20000

(Execution time)

4811.00 μs

--------------------------------------------------

(Test)

Ackermann (3, 4):

(Output)

125

(Execution time)

566.00 μs

--------------------------------------------------

(Test)

Church Numerals (100k Closure Applications):

(Output)

100000

(Execution time)

11871.00 μs

--------------------------------------------------

(Test)

Prime Sieve (sum primes up to 500):

(Output)

21536

(Execution time)

6999.00 μs

--------------------------------------------------

(Test)

Red-Black Tree (100k Worst-Case Insertions):

(Output)

22

(Execution time)

458051.00 μs

--------------------------------------------------

(Test)

Polymorphism (10M Type Class Dict Lookups):

(Output)

10000000

(Execution time)

7881.00 μs

--------------------------------------------------

(Test)

State Monad (1.2k Binds, 60 Stack Depth):

(Output)

1200

(Execution time)

1906.00 μs

--------------------------------------------------

(Test)

Lazy Evaluation (1M Thunks Forced, 1k Depth):

(Output)

1000000

(Execution time)

95939.00 μs

--------------------------------------------------

(Test)

Array Processing (900 elements):

(Output)

202950

(Execution time)

1470.00 μs


==================================================

Total exec time: 615.30 ms


Building...
Reading Spago workspace configuration...

✓ Selecting package to build: ps-go-test

Downloading dependencies...
Building...
           Src   Lib   All
Warnings     0     0     0
Errors       0     0     0

✓ Build succeeded.

Compiling with backend "../gopurs/gopurs/bin/gopurs"

✓ Backend build succeeded.

=== Go ===
--------------------------------------------------

(Test)

AST Evaluation:

(Output)

7

(Execution time)

8.00 μs

--------------------------------------------------

(Test)

Fibonacci:

(Output)

55

(Execution time)

4.00 μs

--------------------------------------------------

(Test)

List Processing (900 elements):

(Output)

202950

(Execution time)

158.00 μs

--------------------------------------------------

(Test)

Tail Call Optimization (100k calls):

(Output)

100000

(Execution time)

2074.75 μs

--------------------------------------------------

(Test)

Deep Record Updates (10k iterations):

(Output)

20000

(Execution time)

1892.00 μs

--------------------------------------------------

(Test)

Ackermann (3, 4):

(Output)

125

(Execution time)

39.00 μs

--------------------------------------------------

(Test)

Church Numerals (100k Closure Applications):

(Output)

100000

(Execution time)

4036.00 μs

--------------------------------------------------

(Test)

Prime Sieve (sum primes up to 500):

(Output)

21536

(Execution time)

484.00 μs

--------------------------------------------------

(Test)

Red-Black Tree (100k Worst-Case Insertions):

(Output)

22

(Execution time)

67684.00 μs

--------------------------------------------------

(Test)

Polymorphism (10M Type Class Dict Lookups):

(Output)

10000000

(Execution time)

2688.00 μs

--------------------------------------------------

(Test)

State Monad (1.2k Binds, 60 Stack Depth):

(Output)

1200

(Execution time)

120.00 μs

--------------------------------------------------

(Test)

Lazy Evaluation (1M Thunks Forced, 1k Depth):

(Output)

1000000

(Execution time)

23945.00 μs

--------------------------------------------------

(Test)

Array Processing (900 elements):

(Output)

202950

(Execution time)

105.00 μs


==================================================

Total exec time: 103.24 ms


Building CoreFn for Gnomon...
Reading Spago workspace configuration...

✓ Selecting package to build: ps-gnomon-test

Downloading dependencies...
Building...
           Src   Lib   All
Warnings     0     0     0
Errors       0     0     0

✓ Build succeeded.

Generating Go via Gnomon...
Reading Spago workspace configuration...

✓ Selecting package to build: backend-go

Adding dependency ranges to the config in "spago.yaml"
Downloading dependencies...
Building...
           Src   Lib   All
Warnings     0     0     0
Errors       0     0     0

✓ Build succeeded.

=== Gnomon Go ===
--------------------------------------------------

(Test)

AST Evaluation:

(Output)

7

(Execution time)

7.00 μs

--------------------------------------------------

(Test)

Fibonacci:

(Output)

55

(Execution time)

4.00 μs

--------------------------------------------------

(Test)

List Processing (900 elements):

(Output)

202950

(Execution time)

359.00 μs

--------------------------------------------------

(Test)

Tail Call Optimization (100k calls):

(Output)

100000

(Execution time)

8451.00 μs

--------------------------------------------------

(Test)

Deep Record Updates (10k iterations):

(Output)

20000

(Execution time)

9678.25 μs

--------------------------------------------------

(Test)

Ackermann (3, 4):

(Output)

125

(Execution time)

180.00 μs

--------------------------------------------------

(Test)

Church Numerals (100k Closure Applications):

(Output)

100000

(Execution time)

2157.00 μs

--------------------------------------------------

(Test)

Prime Sieve (sum primes up to 500):

(Output)

21536

(Execution time)

885.00 μs

--------------------------------------------------

(Test)

Red-Black Tree (100k Worst-Case Insertions):

(Output)

22

(Execution time)

592359.00 μs

--------------------------------------------------

(Test)

Polymorphism (10M Type Class Dict Lookups):

(Output)

runtime: goroutine stack exceeds 1000000000-byte limit
runtime: sp=0x5acbe11803a0 stack=[0x5acbe1180000, 0x5acc01180000]
fatal error: stack overflow

runtime stack:
runtime.throw({0x1030c8dbc?, 0x10301f204?})
	/opt/homebrew/Cellar/go/1.26.5/libexec/src/runtime/panic.go:1229 +0x38 fp=0x16d0cada0 sp=0x16d0cad70 pc=0x10305e1e8
runtime.newstack()
	/opt/homebrew/Cellar/go/1.26.5/libexec/src/runtime/stack.go:1178 +0x498 fp=0x16d0caed0 sp=0x16d0cada0 pc=0x103046fe8
runtime.morestack()
	/opt/homebrew/Cellar/go/1.26.5/libexec/src/runtime/asm_arm64.s:507 +0x70 fp=0x16d0caed0 sp=0x16d0caed0 pc=0x103062260

goroutine 1 gp=0x5acbb46f61e0 m=5 mp=0x5acbb4791008 [running]:
runtime.mallocgcTiny(0x8?, 0x1031a8420?)
	/opt/homebrew/Cellar/go/1.26.5/libexec/src/runtime/malloc.go:1202 +0x2ec fp=0x5acbe11803a0 sp=0x5acbe11803a0 pc=0x10300374c
runtime.mallocgc(0x8, 0x1031a8420, 0x0)
	/opt/homebrew/Cellar/go/1.26.5/libexec/src/runtime/malloc.go:1141 +0xac fp=0x5acbe11803d0 sp=0x5acbe11803a0 pc=0x10305cbec
runtime.convT64(0x589693)
	/opt/homebrew/Cellar/go/1.26.5/libexec/src/runtime/iface.go:404 +0x48 fp=0x5acbe1180400 sp=0x5acbe11803d0 pc=0x10305c9b8
main._intSub({0x1031a7fa0?, 0x5acbbe61ee58?}, {0x1031a7fa0?, 0x1030d17e0?})
	/Users/0x1/Documents/htdocs/altbak.pub/run/bak/gnomon/output-go/runtime.go:2314 +0x50 fp=0x5acbe1180430 sp=0x5acbe1180400 pc=0x1030a8510
main.init.20.func2.1.init.20.func2.1.1.2.1.1({0x1031a7fa0, 0x5acbbe61ee58}, {0x1031a7fa0, 0x5acbbe61ee60}, 0x5acbb47b4120)
	/Users/0x1/Documents/htdocs/altbak.pub/run/bak/gnomon/output-go/Test_Polymorphism.go:16 +0x64 fp=0x5acbe1180470 sp=0x5acbe1180430 pc=0x1030bb1d4
main.init.20.func2.1.init.20.func2.1.1.2.1({0x1031a7fa0?, 0x5acbbe61ee60?})
	/Users/0x1/Documents/htdocs/altbak.pub/run/bak/gnomon/output-go/Test_Polymorphism.go:17 +0x3c fp=0x5acbe11804b0 sp=0x5acbe1180470 pc=0x1030bb14c
main.init.20.func2.1.init.20.func2.1.1.2.1.1({0x1031a7fa0, 0x5acbbe61ee48}, {0x1031a7fa0, 0x5acbbe61ee50}, 0x5acbb47b4120)
	/Users/0x1/Documents/htdocs/altbak.pub/run/bak/gnomon/output-go/Test_Polymorphism.go:16 +0xc0 fp=0x5acbe11804f0 sp=0x5acbe11804b0 pc=0x1030bb230
main.init.20.func2.1.init.20.func2.1.1.2.1({0x1031a7fa0?, 0x5acbbe61ee50?})
	/Users/0x1/Documents/htdocs/altbak.pub/run/bak/gnomon/output-go/Test_Polymorphism.go:17 +0x3c fp=0x5acbe1180530 sp=0x5acbe11804f0 pc=0x1030bb14c
main.init.20.func2.1.init.20.func2.1.1.2.1.1({0x1031a7fa0, 0x5acbbe61ee38}, {0x1031a7fa0, 0x5acbbe61ee40}, 0x5acbb47b4120)
	/Users/0x1/Documents/htdocs/altbak.pub/run/bak/gnomon/output-go/Test_Polymorphism.go:16 +0xc0 fp=0x5acbe1180570 sp=0x5acbe1180530 pc=0x1030bb230
main.init.20.func2.1.init.20.func2.1.1.2.1({0x1031a7fa0?, 0x5acbbe61ee40?})
	/Users/0x1/Documents/htdocs/altbak.pub/run/bak/gnomon/output-go/Test_Polymorphism.go:17 +0x3c fp=0x5acbe11805b0 sp=0x5acbe1180570 pc=0x1030bb14c
main.init.20.func2.1.init.20.func2.1.1.2.1.1({0x1031a7fa0, 0x5acbbe61ee28}, {0x1031a7fa0, 0x5acbbe61ee30}, 0x5acbb47b4120)
	/Users/0x1/Documents/htdocs/altbak.pub/run/bak/gnomon/output-go/Test_Polymorphism.go:16 +0xc0 fp=0x5acbe11805f0 sp=0x5acbe11805b0 pc=0x1030bb230
main.init.20.func2.1.init.20.func2.1.1.2.1({0x1031a7fa0?, 0x5acbbe61ee30?})
	/Users/0x1/Documents/htdocs/altbak.pub/run/bak/gnomon/output-go/Test_Polymorphism.go:17 +0x3c fp=0x5acbe1180630 sp=0x5acbe11805f0 pc=0x1030bb14c
main.init.20.func2.1.init.20.func2.1.1.2.1.1({0x1031a7fa0, 0x5acbbe61ee18}, {0x1031a7fa0, 0x5acbbe61ee20}, 0x5acbb47b4120)
	/Users/0x1/Documents/htdocs/altbak.pub/run/bak/gnomon/output-go/Test_Polymorphism.go:16 +0xc0 fp=0x5acbe1180670 sp=0x5acbe1180630 pc=0x1030bb230
main.init.20.func2.1.init.20.func2.1.1.2.1({0x1031a7fa0?, 0x5acbbe61ee20?})
	/Users/0x1/Documents/htdocs/altbak.pub/run/bak/gnomon/output-go/Test_Polymorphism.go:17 +0x3c fp=0x5acbe11806b0 sp=0x5acbe1180670 pc=0x1030bb14c
main.init.20.func2.1.init.20.func2.1.1.2.1.1({0x1031a7fa0, 0x5acbbe61ee08}, {0x1031a7fa0, 0x5acbbe61ee10}, 0x5acbb47b4120)
	/Users/0x1/Documents/htdocs/altbak.pub/run/bak/gnomon/output-go/Test_Polymorphism.go:16 +0xc0 fp=0x5acbe11806f0 sp=0x5acbe11806b0 pc=0x1030bb230
main.init.20.func2.1.init.20.func2.1.1.2.1({0x1031a7fa0?, 0x5acbbe61ee10?})
	/Users/0x1/Documents/htdocs/altbak.pub/run/bak/gnomon/output-go/Test_Polymorphism.go:17 +0x3c fp=0x5acbe1180730 sp=0x5acbe11806f0 pc=0x1030bb14c
main.init.20.func2.1.init.20.func2.1.1.2.1.1({0x1031a7fa0, 0x5acbbe61edf8}, {0x1031a7fa0, 0x5acbbe61ee00}, 0x5acbb47b4120)
	/Users/0x1/Documents/htdocs/altbak.pub/run/bak/gnomon/output-go/Test_Polymorphism.go:16 +0xc0 fp=0x5acbe1180770 sp=0x5acbe1180730 pc=0x1030bb230
main.init.20.func2.1.init.20.func2.1.1.2.1({0x1031a7fa0?, 0x5acbbe61ee00?})
	/Users/0x1/Documents/htdocs/altbak.pub/run/bak/gnomon/output-go/Test_Polymorphism.go:17 +0x3c fp=0x5acbe11807b0 sp=0x5acbe1180770 pc=0x1030bb14c
main.init.20.func2.1.init.20.func2.1.1.2.1.1({0x1031a7fa0, 0x5acbbe61ede8}, {0x1031a7fa0, 0x5acbbe61edf0}, 0x5acbb47b4120)
	/Users/0x1/Documents/htdocs/altbak.pub/run/bak/gnomon/output-go/Test_Polymorphism.go:16 +0xc0 fp=0x5acbe11807f0 sp=0x5acbe11807b0 pc=0x1030bb230
main.init.20.func2.1.init.20.func2.1.1.2.1({0x1031a7fa0?, 0x5acbbe61edf0?})
	/Users/0x1/Documents/htdocs/altbak.pub/run/bak/gnomon/output-go/Test_Polymorphism.go:17 +0x3c fp=0x5acbe1180830 sp=0x5acbe11807f0 pc=0x1030bb14c
main.init.20.func2.1.init.20.func2.1.1.2.1.1({0x1031a7fa0, 0x5acbbe61edd8}, {0x1031a7fa0, 0x5acbbe61ede0}, 0x5acbb47b4120)
	/Users/0x1/Documents/htdocs/altbak.pub/run/bak/gnomon/output-go/Test_Polymorphism.go:16 +0xc0 fp=0x5acbe1180870 sp=0x5acbe1180830 pc=0x1030bb230
main.init.20.func2.1.init.20.func2.1.1.2.1({0x1031a7fa0?, 0x5acbbe61ede0?})
	/Users/0x1/Documents/htdocs/altbak.pub/run/bak/gnomon/output-go/Test_Polymorphism.go:17 +0x3c fp=0x5acbe11808b0 sp=0x5acbe1180870 pc=0x1030bb14c
main.init.20.func2.1.init.20.func2.1.1.2.1.1({0x1031a7fa0, 0x5acbbe61edc8}, {0x1031a7fa0, 0x5acbbe61edd0}, 0x5acbb47b4120)
	/Users/0x1/Documents/htdocs/altbak.pub/run/bak/gnomon/output-go/Test_Polymorphism.go:16 +0xc0 fp=0x5acbe11808f0 sp=0x5acbe11808b0 pc=0x1030bb230
main.init.20.func2.1.init.20.func2.1.1.2.1({0x1031a7fa0?, 0x5acbbe61edd0?})
	/Users/0x1/Documents/htdocs/altbak.pub/run/bak/gnomon/output-go/Test_Polymorphism.go:17 +0x3c fp=0x5acbe1180930 sp=0x5acbe11808f0 pc=0x1030bb14c
main.init.20.func2.1.init.20.func2.1.1.2.1.1({0x1031a7fa0, 0x5acbbe61edb8}, {0x1031a7fa0, 0x5acbbe61edc0}, 0x5acbb47b4120)
	/Users/0x1/Documents/htdocs/altbak.pub/run/bak/gnomon/output-go/Test_Polymorphism.go:16 +0xc0 fp=0x5acbe1180970 sp=0x5acbe1180930 pc=0x1030bb230
main.init.20.func2.1.init.20.func2.1.1.2.1({0x1031a7fa0?, 0x5acbbe61edc0?})
	/Users/0x1/Documents/htdocs/altbak.pub/run/bak/gnomon/output-go/Test_Polymorphism.go:17 +0x3c fp=0x5acbe11809b0 sp=0x5acbe1180970 pc=0x1030bb14c
main.init.20.func2.1.init.20.func2.1.1.2.1.1({0x1031a7fa0, 0x5acbbe61eda8}, {0x1031a7fa0, 0x5acbbe61edb0}, 0x5acbb47b4120)
	/Users/0x1/Documents/htdocs/altbak.pub/run/bak/gnomon/output-go/Test_Polymorphism.go:16 +0xc0 fp=0x5acbe11809f0 sp=0x5acbe11809b0 pc=0x1030bb230
main.init.20.func2.1.init.20.func2.1.1.2.1({0x1031a7fa0?, 0x5acbbe61edb0?})
	/Users/0x1/Documents/htdocs/altbak.pub/run/bak/gnomon/output-go/Test_Polymorphism.go:17 +0x3c fp=0x5acbe1180a30 sp=0x5acbe11809f0 pc=0x1030bb14c
main.init.20.func2.1.init.20.func2.1.1.2.1.1({0x1031a7fa0, 0x5acbbe61ed98}, {0x1031a7fa0, 0x5acbbe61eda0}, 0x5acbb47b4120)
	/Users/0x1/Documents/htdocs/altbak.pub/run/bak/gnomon/output-go/Test_Polymorphism.go:16 +0xc0 fp=0x5acbe1180a70 sp=0x5acbe1180a30 pc=0x1030bb230
main.init.20.func2.1.init.20.func2.1.1.2.1({0x1031a7fa0?, 0x5acbbe61eda0?})
	/Users/0x1/Documents/htdocs/altbak.pub/run/bak/gnomon/output-go/Test_Polymorphism.go:17 +0x3c fp=0x5acbe1180ab0 sp=0x5acbe1180a70 pc=0x1030bb14c
main.init.20.func2.1.init.20.func2.1.1.2.1.1({0x1031a7fa0, 0x5acbbe61ed88}, {0x1031a7fa0, 0x5acbbe61ed90}, 0x5acbb47b4120)
	/Users/0x1/Documents/htdocs/altbak.pub/run/bak/gnomon/output-go/Test_Polymorphism.go:16 +0xc0 fp=0x5acbe1180af0 sp=0x5acbe1180ab0 pc=0x1030bb230
main.init.20.func2.1.init.20.func2.1.1.2.1({0x1031a7fa0?, 0x5acbbe61ed90?})
	/Users/0x1/Documents/htdocs/altbak.pub/run/bak/gnomon/output-go/Test_Polymorphism.go:17 +0x3c fp=0x5acbe1180b30 sp=0x5acbe1180af0 pc=0x1030bb14c
main.init.20.func2.1.init.20.func2.1.1.2.1.1({0x1031a7fa0, 0x5acbbe61ed78}, {0x1031a7fa0, 0x5acbbe61ed80}, 0x5acbb47b4120)
	/Users/0x1/Documents/htdocs/altbak.pub/run/bak/gnomon/output-go/Test_Polymorphism.go:16 +0xc0 fp=0x5acbe1180b70 sp=0x5acbe1180b30 pc=0x1030bb230
main.init.20.func2.1.init.20.func2.1.1.2.1({0x1031a7fa0?, 0x5acbbe61ed80?})
	/Users/0x1/Documents/htdocs/altbak.pub/run/bak/gnomon/output-go/Test_Polymorphism.go:17 +0x3c fp=0x5acbe1180bb0 sp=0x5acbe1180b70 pc=0x1030bb14c
main.init.20.func2.1.init.20.func2.1.1.2.1.1({0x1031a7fa0, 0x5acbbe61ed68}, {0x1031a7fa0, 0x5acbbe61ed70}, 0x5acbb47b4120)
	/Users/0x1/Documents/htdocs/altbak.pub/run/bak/gnomon/output-go/Test_Polymorphism.go:16 +0xc0 fp=0x5acbe1180bf0 sp=0x5acbe1180bb0 pc=0x1030bb230
main.init.20.func2.1.init.20.func2.1.1.2.1({0x1031a7fa0?, 0x5acbbe61ed70?})
	/Users/0x1/Documents/htdocs/altbak.pub/run/bak/gnomon/output-go/Test_Polymorphism.go:17 +0x3c fp=0x5acbe1180c30 sp=0x5acbe1180bf0 pc=0x1030bb14c
main.init.20.func2.1.init.20.func2.1.1.2.1.1({0x1031a7fa0, 0x5acbbe61ed58}, {0x1031a7fa0, 0x5acbbe61ed60}, 0x5acbb47b4120)
	/Users/0x1/Documents/htdocs/altbak.pub/run/bak/gnomon/output-go/Test_Polymorphism.go:16 +0xc0 fp=0x5acbe1180c70 sp=0x5acbe1180c30 pc=0x1030bb230
main.init.20.func2.1.init.20.func2.1.1.2.1({0x1031a7fa0?, 0x5acbbe61ed60?})
	/Users/0x1/Documents/htdocs/altbak.pub/run/bak/gnomon/output-go/Test_Polymorphism.go:17 +0x3c fp=0x5acbe1180cb0 sp=0x5acbe1180c70 pc=0x1030bb14c
main.init.20.func2.1.init.20.func2.1.1.2.1.1({0x1031a7fa0, 0x5acbbe61ed48}, {0x1031a7fa0, 0x5acbbe61ed50}, 0x5acbb47b4120)
	/Users/0x1/Documents/htdocs/altbak.pub/run/bak/gnomon/output-go/Test_Polymorphism.go:16 +0xc0 fp=0x5acbe1180cf0 sp=0x5acbe1180cb0 pc=0x1030bb230
main.init.20.func2.1.init.20.func2.1.1.2.1({0x1031a7fa0?, 0x5acbbe61ed50?})
	/Users/0x1/Documents/htdocs/altbak.pub/run/bak/gnomon/output-go/Test_Polymorphism.go:17 +0x3c fp=0x5acbe1180d30 sp=0x5acbe1180cf0 pc=0x1030bb14c
main.init.20.func2.1.init.20.func2.1.1.2.1.1({0x1031a7fa0, 0x5acbbe61ed38}, {0x1031a7fa0, 0x5acbbe61ed40}, 0x5acbb47b4120)
	/Users/0x1/Documents/htdocs/altbak.pub/run/bak/gnomon/output-go/Test_Polymorphism.go:16 +0xc0 fp=0x5acbe1180d70 sp=0x5acbe1180d30 pc=0x1030bb230
main.init.20.func2.1.init.20.func2.1.1.2.1({0x1031a7fa0?, 0x5acbbe61ed40?})
	/Users/0x1/Documents/htdocs/altbak.pub/run/bak/gnomon/output-go/Test_Polymorphism.go:17 +0x3c fp=0x5acbe1180db0 sp=0x5acbe1180d70 pc=0x1030bb14c
main.init.20.func2.1.init.20.func2.1.1.2.1.1({0x1031a7fa0, 0x5acbbe61ed28}, {0x1031a7fa0, 0x5acbbe61ed30}, 0x5acbb47b4120)
	/Users/0x1/Documents/htdocs/altbak.pub/run/bak/gnomon/output-go/Test_Polymorphism.go:16 +0xc0 fp=0x5acbe1180df0 sp=0x5acbe1180db0 pc=0x1030bb230
main.init.20.func2.1.init.20.func2.1.1.2.1({0x1031a7fa0?, 0x5acbbe61ed30?})
	/Users/0x1/Documents/htdocs/altbak.pub/run/bak/gnomon/output-go/Test_Polymorphism.go:17 +0x3c fp=0x5acbe1180e30 sp=0x5acbe1180df0 pc=0x1030bb14c
main.init.20.func2.1.init.20.func2.1.1.2.1.1({0x1031a7fa0, 0x5acbbe61ed18}, {0x1031a7fa0, 0x5acbbe61ed20}, 0x5acbb47b4120)
	/Users/0x1/Documents/htdocs/altbak.pub/run/bak/gnomon/output-go/Test_Polymorphism.go:16 +0xc0 fp=0x5acbe1180e70 sp=0x5acbe1180e30 pc=0x1030bb230
main.init.20.func2.1.init.20.func2.1.1.2.1({0x1031a7fa0?, 0x5acbbe61ed20?})
	/Users/0x1/Documents/htdocs/altbak.pub/run/bak/gnomon/output-go/Test_Polymorphism.go:17 +0x3c fp=0x5acbe1180eb0 sp=0x5acbe1180e70 pc=0x1030bb14c
main.init.20.func2.1.init.20.func2.1.1.2.1.1({0x1031a7fa0, 0x5acbbe61ed08}, {0x1031a7fa0, 0x5acbbe61ed10}, 0x5acbb47b4120)
	/Users/0x1/Documents/htdocs/altbak.pub/run/bak/gnomon/output-go/Test_Polymorphism.go:16 +0xc0 fp=0x5acbe1180ef0 sp=0x5acbe1180eb0 pc=0x1030bb230
main.init.20.func2.1.init.20.func2.1.1.2.1({0x1031a7fa0?, 0x5acbbe61ed10?})
	/Users/0x1/Documents/htdocs/altbak.pub/run/bak/gnomon/output-go/Test_Polymorphism.go:17 +0x3c fp=0x5acbe1180f30 sp=0x5acbe1180ef0 pc=0x1030bb14c
main.init.20.func2.1.init.20.func2.1.1.2.1.1({0x1031a7fa0, 0x5acbbe61ecf8}, {0x1031a7fa0, 0x5acbbe61ed00}, 0x5acbb47b4120)
	/Users/0x1/Documents/htdocs/altbak.pub/run/bak/gnomon/output-go/Test_Polymorphism.go:16 +0xc0 fp=0x5acbe1180f70 sp=0x5acbe1180f30 pc=0x1030bb230
main.init.20.func2.1.init.20.func2.1.1.2.1({0x1031a7fa0?, 0x5acbbe61ed00?})
	/Users/0x1/Documents/htdocs/altbak.pub/run/bak/gnomon/output-go/Test_Polymorphism.go:17 +0x3c fp=0x5acbe1180fb0 sp=0x5acbe1180f70 pc=0x1030bb14c
...8388496 frames elided...
main.init.20.func2.1.init.20.func2.1.1.2.1.1({0x1031a7fa0, 0x5acbb6b100b8}, {0x1031a7fa0, 0x1030d2408}, 0x5acbb47b4120)
	/Users/0x1/Documents/htdocs/altbak.pub/run/bak/gnomon/output-go/Test_Polymorphism.go:16 +0xc0 fp=0x5acc0117f3f0 sp=0x5acc0117f3b0 pc=0x1030bb230
main.init.20.func2.1.init.20.func2.1.1.2.1({0x1031a7fa0?, 0x1030d2408?})
	/Users/0x1/Documents/htdocs/altbak.pub/run/bak/gnomon/output-go/Test_Polymorphism.go:17 +0x3c fp=0x5acc0117f430 sp=0x5acc0117f3f0 pc=0x1030bb14c
main.init.20.func2.1.init.20.func2.1.1.2.1.1({0x1031a7fa0, 0x5acbb6b100b0}, {0x1031a7fa0, 0x1030d2400}, 0x5acbb47b4120)
	/Users/0x1/Documents/htdocs/altbak.pub/run/bak/gnomon/output-go/Test_Polymorphism.go:16 +0xc0 fp=0x5acc0117f470 sp=0x5acc0117f430 pc=0x1030bb230
main.init.20.func2.1.init.20.func2.1.1.2.1({0x1031a7fa0?, 0x1030d2400?})
	/Users/0x1/Documents/htdocs/altbak.pub/run/bak/gnomon/output-go/Test_Polymorphism.go:17 +0x3c fp=0x5acc0117f4b0 sp=0x5acc0117f470 pc=0x1030bb14c
main.init.20.func2.1.init.20.func2.1.1.2.1.1({0x1031a7fa0, 0x5acbb6b100a8}, {0x1031a7fa0, 0x1030d23f8}, 0x5acbb47b4120)
	/Users/0x1/Documents/htdocs/altbak.pub/run/bak/gnomon/output-go/Test_Polymorphism.go:16 +0xc0 fp=0x5acc0117f4f0 sp=0x5acc0117f4b0 pc=0x1030bb230
main.init.20.func2.1.init.20.func2.1.1.2.1({0x1031a7fa0?, 0x1030d23f8?})
	/Users/0x1/Documents/htdocs/altbak.pub/run/bak/gnomon/output-go/Test_Polymorphism.go:17 +0x3c fp=0x5acc0117f530 sp=0x5acc0117f4f0 pc=0x1030bb14c
main.init.20.func2.1.init.20.func2.1.1.2.1.1({0x1031a7fa0, 0x5acbb6b100a0}, {0x1031a7fa0, 0x1030d23f0}, 0x5acbb47b4120)
	/Users/0x1/Documents/htdocs/altbak.pub/run/bak/gnomon/output-go/Test_Polymorphism.go:16 +0xc0 fp=0x5acc0117f570 sp=0x5acc0117f530 pc=0x1030bb230
main.init.20.func2.1.init.20.func2.1.1.2.1({0x1031a7fa0?, 0x1030d23f0?})
	/Users/0x1/Documents/htdocs/altbak.pub/run/bak/gnomon/output-go/Test_Polymorphism.go:17 +0x3c fp=0x5acc0117f5b0 sp=0x5acc0117f570 pc=0x1030bb14c
main.init.20.func2.1.init.20.func2.1.1.2.1.1({0x1031a7fa0, 0x5acbb6b10098}, {0x1031a7fa0, 0x1030d23e8}, 0x5acbb47b4120)
	/Users/0x1/Documents/htdocs/altbak.pub/run/bak/gnomon/output-go/Test_Polymorphism.go:16 +0xc0 fp=0x5acc0117f5f0 sp=0x5acc0117f5b0 pc=0x1030bb230
main.init.20.func2.1.init.20.func2.1.1.2.1({0x1031a7fa0?, 0x1030d23e8?})
	/Users/0x1/Documents/htdocs/altbak.pub/run/bak/gnomon/output-go/Test_Polymorphism.go:17 +0x3c fp=0x5acc0117f630 sp=0x5acc0117f5f0 pc=0x1030bb14c
main.init.20.func2.1.init.20.func2.1.1.2.1.1({0x1031a7fa0, 0x5acbb6b10090}, {0x1031a7fa0, 0x1030d23e0}, 0x5acbb47b4120)
	/Users/0x1/Documents/htdocs/altbak.pub/run/bak/gnomon/output-go/Test_Polymorphism.go:16 +0xc0 fp=0x5acc0117f670 sp=0x5acc0117f630 pc=0x1030bb230
main.init.20.func2.1.init.20.func2.1.1.2.1({0x1031a7fa0?, 0x1030d23e0?})
	/Users/0x1/Documents/htdocs/altbak.pub/run/bak/gnomon/output-go/Test_Polymorphism.go:17 +0x3c fp=0x5acc0117f6b0 sp=0x5acc0117f670 pc=0x1030bb14c
main.init.20.func2.1.init.20.func2.1.1.2.1.1({0x1031a7fa0, 0x5acbb6b10088}, {0x1031a7fa0, 0x1030d23d8}, 0x5acbb47b4120)
	/Users/0x1/Documents/htdocs/altbak.pub/run/bak/gnomon/output-go/Test_Polymorphism.go:16 +0xc0 fp=0x5acc0117f6f0 sp=0x5acc0117f6b0 pc=0x1030bb230
main.init.20.func2.1.init.20.func2.1.1.2.1({0x1031a7fa0?, 0x1030d23d8?})
	/Users/0x1/Documents/htdocs/altbak.pub/run/bak/gnomon/output-go/Test_Polymorphism.go:17 +0x3c fp=0x5acc0117f730 sp=0x5acc0117f6f0 pc=0x1030bb14c
main.init.20.func2.1.init.20.func2.1.1.2.1.1({0x1031a7fa0, 0x5acbb6b10080}, {0x1031a7fa0, 0x1030d23d0}, 0x5acbb47b4120)
	/Users/0x1/Documents/htdocs/altbak.pub/run/bak/gnomon/output-go/Test_Polymorphism.go:16 +0xc0 fp=0x5acc0117f770 sp=0x5acc0117f730 pc=0x1030bb230
main.init.20.func2.1.init.20.func2.1.1.2.1({0x1031a7fa0?, 0x1030d23d0?})
	/Users/0x1/Documents/htdocs/altbak.pub/run/bak/gnomon/output-go/Test_Polymorphism.go:17 +0x3c fp=0x5acc0117f7b0 sp=0x5acc0117f770 pc=0x1030bb14c
main.init.20.func2.1.init.20.func2.1.1.2.1.1({0x1031a7fa0, 0x5acbb6b10078}, {0x1031a7fa0, 0x1030d23c8}, 0x5acbb47b4120)
	/Users/0x1/Documents/htdocs/altbak.pub/run/bak/gnomon/output-go/Test_Polymorphism.go:16 +0xc0 fp=0x5acc0117f7f0 sp=0x5acc0117f7b0 pc=0x1030bb230
main.init.20.func2.1.init.20.func2.1.1.2.1({0x1031a7fa0?, 0x1030d23c8?})
	/Users/0x1/Documents/htdocs/altbak.pub/run/bak/gnomon/output-go/Test_Polymorphism.go:17 +0x3c fp=0x5acc0117f830 sp=0x5acc0117f7f0 pc=0x1030bb14c
main.init.20.func2.1.init.20.func2.1.1.2.1.1({0x1031a7fa0, 0x5acbb6b10070}, {0x1031a7fa0, 0x1030d23c0}, 0x5acbb47b4120)
	/Users/0x1/Documents/htdocs/altbak.pub/run/bak/gnomon/output-go/Test_Polymorphism.go:16 +0xc0 fp=0x5acc0117f870 sp=0x5acc0117f830 pc=0x1030bb230
main.init.20.func2.1.init.20.func2.1.1.2.1({0x1031a7fa0?, 0x1030d23c0?})
	/Users/0x1/Documents/htdocs/altbak.pub/run/bak/gnomon/output-go/Test_Polymorphism.go:17 +0x3c fp=0x5acc0117f8b0 sp=0x5acc0117f870 pc=0x1030bb14c
main.init.20.func2.1.init.20.func2.1.1.2.1.1({0x1031a7fa0, 0x5acbb6b10068}, {0x1031a7fa0, 0x1030d23b8}, 0x5acbb47b4120)
	/Users/0x1/Documents/htdocs/altbak.pub/run/bak/gnomon/output-go/Test_Polymorphism.go:16 +0xc0 fp=0x5acc0117f8f0 sp=0x5acc0117f8b0 pc=0x1030bb230
main.init.20.func2.1.init.20.func2.1.1.2.1({0x1031a7fa0?, 0x1030d23b8?})
	/Users/0x1/Documents/htdocs/altbak.pub/run/bak/gnomon/output-go/Test_Polymorphism.go:17 +0x3c fp=0x5acc0117f930 sp=0x5acc0117f8f0 pc=0x1030bb14c
main.init.20.func2.1.init.20.func2.1.1.2.1.1({0x1031a7fa0, 0x5acbb6b10060}, {0x1031a7fa0, 0x1030d23b0}, 0x5acbb47b4120)
	/Users/0x1/Documents/htdocs/altbak.pub/run/bak/gnomon/output-go/Test_Polymorphism.go:16 +0xc0 fp=0x5acc0117f970 sp=0x5acc0117f930 pc=0x1030bb230
main.init.20.func2.1.init.20.func2.1.1.2.1({0x1031a7fa0?, 0x1030d23b0?})
	/Users/0x1/Documents/htdocs/altbak.pub/run/bak/gnomon/output-go/Test_Polymorphism.go:17 +0x3c fp=0x5acc0117f9b0 sp=0x5acc0117f970 pc=0x1030bb14c
main.init.20.func2.1.init.20.func2.1.1.2.1.1({0x1031a7fa0, 0x5acbb6b10058}, {0x1031a7fa0, 0x1030d23a8}, 0x5acbb47b4120)
	/Users/0x1/Documents/htdocs/altbak.pub/run/bak/gnomon/output-go/Test_Polymorphism.go:16 +0xc0 fp=0x5acc0117f9f0 sp=0x5acc0117f9b0 pc=0x1030bb230
main.init.20.func2.1.init.20.func2.1.1.2.1({0x1031a7fa0?, 0x1030d23a8?})
	/Users/0x1/Documents/htdocs/altbak.pub/run/bak/gnomon/output-go/Test_Polymorphism.go:17 +0x3c fp=0x5acc0117fa30 sp=0x5acc0117f9f0 pc=0x1030bb14c
main.init.20.func2.1.init.20.func2.1.1.2.1.1({0x1031a7fa0, 0x1030d1fd8}, {0x1031a7fa0, 0x1030d1f80}, 0x5acbb47b4120)
	/Users/0x1/Documents/htdocs/altbak.pub/run/bak/gnomon/output-go/Test_Polymorphism.go:16 +0xc0 fp=0x5acc0117fa70 sp=0x5acc0117fa30 pc=0x1030bb230
main.init.20.func2.1.init.20.func2.1.1.2.1({0x1031a7fa0?, 0x1030d1f80?})
	/Users/0x1/Documents/htdocs/altbak.pub/run/bak/gnomon/output-go/Test_Polymorphism.go:17 +0x3c fp=0x5acc0117fab0 sp=0x5acc0117fa70 pc=0x1030bb14c
main.init.20.func2.1.1(...)
	/Users/0x1/Documents/htdocs/altbak.pub/run/bak/gnomon/output-go/Test_Polymorphism.go:21
main.init.20.func2.1({0x1031a7fa0, 0x1030d1fd8})
	/Users/0x1/Documents/htdocs/altbak.pub/run/bak/gnomon/output-go/Test_Polymorphism.go:22 +0x140 fp=0x5acc0117fb00 sp=0x5acc0117fab0 pc=0x1030bafe0
main.init.func48.1.1()
	/Users/0x1/Documents/htdocs/altbak.pub/run/bak/gnomon/output-go/runtime.go:707 +0x60 fp=0x5acc0117fb40 sp=0x5acc0117fb00 pc=0x1030a5ae0
main.init.func48.1.1()
	/Users/0x1/Documents/htdocs/altbak.pub/run/bak/gnomon/output-go/runtime.go:707 +0x40 fp=0x5acc0117fb80 sp=0x5acc0117fb40 pc=0x1030a5ac0
main.init.func48.1.1()
	/Users/0x1/Documents/htdocs/altbak.pub/run/bak/gnomon/output-go/runtime.go:707 +0x7c fp=0x5acc0117fbc0 sp=0x5acc0117fb80 pc=0x1030a5afc
main.init.func48.1.1()
	/Users/0x1/Documents/htdocs/altbak.pub/run/bak/gnomon/output-go/runtime.go:707 +0x7c fp=0x5acc0117fc00 sp=0x5acc0117fbc0 pc=0x1030a5afc
main.init.func48.1.1()
	/Users/0x1/Documents/htdocs/altbak.pub/run/bak/gnomon/output-go/runtime.go:707 +0x7c fp=0x5acc0117fc40 sp=0x5acc0117fc00 pc=0x1030a5afc
main.init.func48.1.1()
	/Users/0x1/Documents/htdocs/altbak.pub/run/bak/gnomon/output-go/runtime.go:707 +0x7c fp=0x5acc0117fc80 sp=0x5acc0117fc40 pc=0x1030a5afc
main.init.func48.1.1()
	/Users/0x1/Documents/htdocs/altbak.pub/run/bak/gnomon/output-go/runtime.go:707 +0x40 fp=0x5acc0117fcc0 sp=0x5acc0117fc80 pc=0x1030a5ac0
main.init.func48.1.1()
	/Users/0x1/Documents/htdocs/altbak.pub/run/bak/gnomon/output-go/runtime.go:707 +0x7c fp=0x5acc0117fd00 sp=0x5acc0117fcc0 pc=0x1030a5afc
main.init.func48.1.1()
	/Users/0x1/Documents/htdocs/altbak.pub/run/bak/gnomon/output-go/runtime.go:707 +0x7c fp=0x5acc0117fd40 sp=0x5acc0117fd00 pc=0x1030a5afc
main.init.func48.1.1()
	/Users/0x1/Documents/htdocs/altbak.pub/run/bak/gnomon/output-go/runtime.go:707 +0x7c fp=0x5acc0117fd80 sp=0x5acc0117fd40 pc=0x1030a5afc
main.init.func48.1.1()
	/Users/0x1/Documents/htdocs/altbak.pub/run/bak/gnomon/output-go/runtime.go:707 +0x7c fp=0x5acc0117fdc0 sp=0x5acc0117fd80 pc=0x1030a5afc
main.init.func48.1.1()
	/Users/0x1/Documents/htdocs/altbak.pub/run/bak/gnomon/output-go/runtime.go:707 +0x7c fp=0x5acc0117fe00 sp=0x5acc0117fdc0 pc=0x1030a5afc
main.init.func48.1.1()
	/Users/0x1/Documents/htdocs/altbak.pub/run/bak/gnomon/output-go/runtime.go:707 +0x7c fp=0x5acc0117fe40 sp=0x5acc0117fe00 pc=0x1030a5afc
main.init.func48.1.1()
	/Users/0x1/Documents/htdocs/altbak.pub/run/bak/gnomon/output-go/runtime.go:707 +0x7c fp=0x5acc0117fe80 sp=0x5acc0117fe40 pc=0x1030a5afc
main.init.func48.1.1()
	/Users/0x1/Documents/htdocs/altbak.pub/run/bak/gnomon/output-go/runtime.go:707 +0x7c fp=0x5acc0117fec0 sp=0x5acc0117fe80 pc=0x1030a5afc
main.init.func48.1.1()
	/Users/0x1/Documents/htdocs/altbak.pub/run/bak/gnomon/output-go/runtime.go:707 +0x7c fp=0x5acc0117ff00 sp=0x5acc0117fec0 pc=0x1030a5afc
main._runEffect(...)
	/Users/0x1/Documents/htdocs/altbak.pub/run/bak/gnomon/output-go/runtime.go:2457
main.main()
	/Users/0x1/Documents/htdocs/altbak.pub/run/bak/gnomon/output-go/entrypoint.go:5 +0x44 fp=0x5acc0117ff30 sp=0x5acc0117ff00 pc=0x1030a81b4
runtime.main()
	/opt/homebrew/Cellar/go/1.26.5/libexec/src/runtime/proc.go:290 +0x2b4 fp=0x5acc0117ffd0 sp=0x5acc0117ff30 pc=0x10302e974
runtime.goexit({})
	/opt/homebrew/Cellar/go/1.26.5/libexec/src/runtime/asm_arm64.s:1447 +0x4 fp=0x5acc0117ffd0 sp=0x5acc0117ffd0 pc=0x103064174

goroutine 2 gp=0x5acbb46f6780 m=nil [force gc (idle)]:
runtime.gopark(0x0?, 0x0?, 0x0?, 0x0?, 0x0?)
	/opt/homebrew/Cellar/go/1.26.5/libexec/src/runtime/proc.go:462 +0xbc fp=0x5acbb476cf90 sp=0x5acbb476cf70 pc=0x10305e2bc
runtime.goparkunlock(...)
	/opt/homebrew/Cellar/go/1.26.5/libexec/src/runtime/proc.go:468
runtime.forcegchelper()
	/opt/homebrew/Cellar/go/1.26.5/libexec/src/runtime/proc.go:375 +0xb4 fp=0x5acbb476cfd0 sp=0x5acbb476cf90 pc=0x10302ec94
runtime.goexit({})
	/opt/homebrew/Cellar/go/1.26.5/libexec/src/runtime/asm_arm64.s:1447 +0x4 fp=0x5acbb476cfd0 sp=0x5acbb476cfd0 pc=0x103064174
created by runtime.init.7 in goroutine 1
	/opt/homebrew/Cellar/go/1.26.5/libexec/src/runtime/proc.go:363 +0x24

goroutine 3 gp=0x5acbb46f6d20 m=nil [GC sweep wait]:
runtime.gopark(0x1?, 0x0?, 0x0?, 0x0?, 0x0?)
	/opt/homebrew/Cellar/go/1.26.5/libexec/src/runtime/proc.go:462 +0xbc fp=0x5acbb476d770 sp=0x5acbb476d750 pc=0x10305e2bc
runtime.goparkunlock(...)
	/opt/homebrew/Cellar/go/1.26.5/libexec/src/runtime/proc.go:468
runtime.bgsweep(0x5acbb4710380)
	/opt/homebrew/Cellar/go/1.26.5/libexec/src/runtime/mgcsweep.go:324 +0x178 fp=0x5acbb476d7b0 sp=0x5acbb476d770 pc=0x10301afe8
runtime.gcenable.gowrap1()
	/opt/homebrew/Cellar/go/1.26.5/libexec/src/runtime/mgc.go:214 +0x20 fp=0x5acbb476d7d0 sp=0x5acbb476d7b0 pc=0x10300c6a0
runtime.goexit({})
	/opt/homebrew/Cellar/go/1.26.5/libexec/src/runtime/asm_arm64.s:1447 +0x4 fp=0x5acbb476d7d0 sp=0x5acbb476d7d0 pc=0x103064174
created by runtime.gcenable in goroutine 1
	/opt/homebrew/Cellar/go/1.26.5/libexec/src/runtime/mgc.go:214 +0x6c

goroutine 4 gp=0x5acbb46f6f00 m=nil [GC scavenge wait]:
runtime.gopark(0x10000?, 0x6553f100?, 0x0?, 0x0?, 0x0?)
	/opt/homebrew/Cellar/go/1.26.5/libexec/src/runtime/proc.go:462 +0xbc fp=0x5acbb476df60 sp=0x5acbb476df40 pc=0x10305e2bc
runtime.goparkunlock(...)
	/opt/homebrew/Cellar/go/1.26.5/libexec/src/runtime/proc.go:468
runtime.(*scavengerState).park(0x1031ed540)
	/opt/homebrew/Cellar/go/1.26.5/libexec/src/runtime/mgcscavenge.go:425 +0x5c fp=0x5acbb476df90 sp=0x5acbb476df60 pc=0x103018afc
runtime.bgscavenge(0x5acbb4710380)
	/opt/homebrew/Cellar/go/1.26.5/libexec/src/runtime/mgcscavenge.go:658 +0xac fp=0x5acbb476dfb0 sp=0x5acbb476df90 pc=0x10301909c
runtime.gcenable.gowrap2()
	/opt/homebrew/Cellar/go/1.26.5/libexec/src/runtime/mgc.go:215 +0x20 fp=0x5acbb476dfd0 sp=0x5acbb476dfb0 pc=0x10300c660
runtime.goexit({})
	/opt/homebrew/Cellar/go/1.26.5/libexec/src/runtime/asm_arm64.s:1447 +0x4 fp=0x5acbb476dfd0 sp=0x5acbb476dfd0 pc=0x103064174
created by runtime.gcenable in goroutine 1
	/opt/homebrew/Cellar/go/1.26.5/libexec/src/runtime/mgc.go:215 +0xac

goroutine 17 gp=0x5acbb47943c0 m=nil [GOMAXPROCS updater (idle)]:
runtime.gopark(0x0?, 0x0?, 0x0?, 0x0?, 0x0?)
	/opt/homebrew/Cellar/go/1.26.5/libexec/src/runtime/proc.go:462 +0xbc fp=0x5acbb4768770 sp=0x5acbb4768750 pc=0x10305e2bc
runtime.goparkunlock(...)
	/opt/homebrew/Cellar/go/1.26.5/libexec/src/runtime/proc.go:468
runtime.updateMaxProcsGoroutine()
	/opt/homebrew/Cellar/go/1.26.5/libexec/src/runtime/proc.go:7095 +0xf4 fp=0x5acbb47687d0 sp=0x5acbb4768770 pc=0x10303d2e4
runtime.goexit({})
	/opt/homebrew/Cellar/go/1.26.5/libexec/src/runtime/asm_arm64.s:1447 +0x4 fp=0x5acbb47687d0 sp=0x5acbb47687d0 pc=0x103064174
created by runtime.defaultGOMAXPROCSUpdateEnable in goroutine 1
	/opt/homebrew/Cellar/go/1.26.5/libexec/src/runtime/proc.go:7083 +0x48

goroutine 18 gp=0x5acbb47945a0 m=nil [finalizer wait]:
runtime.gopark(0x0?, 0x0?, 0xb8?, 0xc5?, 0x10305edc4?)
	/opt/homebrew/Cellar/go/1.26.5/libexec/src/runtime/proc.go:462 +0xbc fp=0x5acbb476c580 sp=0x5acbb476c560 pc=0x10305e2bc
runtime.runFinalizers()
	/opt/homebrew/Cellar/go/1.26.5/libexec/src/runtime/mfinal.go:210 +0x100 fp=0x5acbb476c7d0 sp=0x5acbb476c580 pc=0x10300b770
runtime.goexit({})
	/opt/homebrew/Cellar/go/1.26.5/libexec/src/runtime/asm_arm64.s:1447 +0x4 fp=0x5acbb476c7d0 sp=0x5acbb476c7d0 pc=0x103064174
created by runtime.createfing in goroutine 1
	/opt/homebrew/Cellar/go/1.26.5/libexec/src/runtime/mfinal.go:172 +0x78

goroutine 19 gp=0x5acbb4794780 m=nil [GC worker (idle)]:
runtime.gopark(0x0?, 0x0?, 0x0?, 0x0?, 0x0?)
	/opt/homebrew/Cellar/go/1.26.5/libexec/src/runtime/proc.go:462 +0xbc fp=0x5acbb4768f20 sp=0x5acbb4768f00 pc=0x10305e2bc
runtime.gcBgMarkWorker(0x5acbb47a2070)
	/opt/homebrew/Cellar/go/1.26.5/libexec/src/runtime/mgc.go:1791 +0xe0 fp=0x5acbb4768fb0 sp=0x5acbb4768f20 pc=0x10300ee80
runtime.gcBgMarkStartWorkers.gowrap1()
	/opt/homebrew/Cellar/go/1.26.5/libexec/src/runtime/mgc.go:1695 +0x20 fp=0x5acbb4768fd0 sp=0x5acbb4768fb0 pc=0x10300ed80
runtime.goexit({})
	/opt/homebrew/Cellar/go/1.26.5/libexec/src/runtime/asm_arm64.s:1447 +0x4 fp=0x5acbb4768fd0 sp=0x5acbb4768fd0 pc=0x103064174
created by runtime.gcBgMarkStartWorkers in goroutine 1
	/opt/homebrew/Cellar/go/1.26.5/libexec/src/runtime/mgc.go:1695 +0x134

goroutine 20 gp=0x5acbb4794960 m=nil [GC worker (idle)]:
runtime.gopark(0x55ee58f0baf4?, 0x1?, 0x40?, 0x11?, 0x0?)
	/opt/homebrew/Cellar/go/1.26.5/libexec/src/runtime/proc.go:462 +0xbc fp=0x5acbb8b18f20 sp=0x5acbb8b18f00 pc=0x10305e2bc
runtime.gcBgMarkWorker(0x5acbb47a2070)
	/opt/homebrew/Cellar/go/1.26.5/libexec/src/runtime/mgc.go:1791 +0xe0 fp=0x5acbb8b18fb0 sp=0x5acbb8b18f20 pc=0x10300ee80
runtime.gcBgMarkStartWorkers.gowrap1()
	/opt/homebrew/Cellar/go/1.26.5/libexec/src/runtime/mgc.go:1695 +0x20 fp=0x5acbb8b18fd0 sp=0x5acbb8b18fb0 pc=0x10300ed80
runtime.goexit({})
	/opt/homebrew/Cellar/go/1.26.5/libexec/src/runtime/asm_arm64.s:1447 +0x4 fp=0x5acbb8b18fd0 sp=0x5acbb8b18fd0 pc=0x103064174
created by runtime.gcBgMarkStartWorkers in goroutine 1
	/opt/homebrew/Cellar/go/1.26.5/libexec/src/runtime/mgc.go:1695 +0x134

goroutine 21 gp=0x5acbb4794b40 m=nil [GC worker (idle)]:
runtime.gopark(0x55ee5ddc559d?, 0x3?, 0x5f?, 0xff?, 0x0?)
	/opt/homebrew/Cellar/go/1.26.5/libexec/src/runtime/proc.go:462 +0xbc fp=0x5acbb4769f20 sp=0x5acbb4769f00 pc=0x10305e2bc
runtime.gcBgMarkWorker(0x5acbb47a2070)
	/opt/homebrew/Cellar/go/1.26.5/libexec/src/runtime/mgc.go:1791 +0xe0 fp=0x5acbb4769fb0 sp=0x5acbb4769f20 pc=0x10300ee80
runtime.gcBgMarkStartWorkers.gowrap1()
	/opt/homebrew/Cellar/go/1.26.5/libexec/src/runtime/mgc.go:1695 +0x20 fp=0x5acbb4769fd0 sp=0x5acbb4769fb0 pc=0x10300ed80
runtime.goexit({})
	/opt/homebrew/Cellar/go/1.26.5/libexec/src/runtime/asm_arm64.s:1447 +0x4 fp=0x5acbb4769fd0 sp=0x5acbb4769fd0 pc=0x103064174
created by runtime.gcBgMarkStartWorkers in goroutine 1
	/opt/homebrew/Cellar/go/1.26.5/libexec/src/runtime/mgc.go:1695 +0x134

goroutine 22 gp=0x5acbb4794d20 m=nil [GC worker (idle)]:
runtime.gopark(0x55ee5ddc3e57?, 0x3?, 0x67?, 0xd4?, 0x0?)
	/opt/homebrew/Cellar/go/1.26.5/libexec/src/runtime/proc.go:462 +0xbc fp=0x5acbb476a720 sp=0x5acbb476a700 pc=0x10305e2bc
runtime.gcBgMarkWorker(0x5acbb47a2070)
	/opt/homebrew/Cellar/go/1.26.5/libexec/src/runtime/mgc.go:1791 +0xe0 fp=0x5acbb476a7b0 sp=0x5acbb476a720 pc=0x10300ee80
runtime.gcBgMarkStartWorkers.gowrap1()
	/opt/homebrew/Cellar/go/1.26.5/libexec/src/runtime/mgc.go:1695 +0x20 fp=0x5acbb476a7d0 sp=0x5acbb476a7b0 pc=0x10300ed80
runtime.goexit({})
	/opt/homebrew/Cellar/go/1.26.5/libexec/src/runtime/asm_arm64.s:1447 +0x4 fp=0x5acbb476a7d0 sp=0x5acbb476a7d0 pc=0x103064174
created by runtime.gcBgMarkStartWorkers in goroutine 1
	/opt/homebrew/Cellar/go/1.26.5/libexec/src/runtime/mgc.go:1695 +0x134

goroutine 23 gp=0x5acbb4794f00 m=nil [GC worker (idle)]:
runtime.gopark(0x55ee58f12f01?, 0x3?, 0xdb?, 0x21?, 0x0?)
	/opt/homebrew/Cellar/go/1.26.5/libexec/src/runtime/proc.go:462 +0xbc fp=0x5acbb476af20 sp=0x5acbb476af00 pc=0x10305e2bc
runtime.gcBgMarkWorker(0x5acbb47a2070)
	/opt/homebrew/Cellar/go/1.26.5/libexec/src/runtime/mgc.go:1791 +0xe0 fp=0x5acbb476afb0 sp=0x5acbb476af20 pc=0x10300ee80
runtime.gcBgMarkStartWorkers.gowrap1()
	/opt/homebrew/Cellar/go/1.26.5/libexec/src/runtime/mgc.go:1695 +0x20 fp=0x5acbb476afd0 sp=0x5acbb476afb0 pc=0x10300ed80
runtime.goexit({})
	/opt/homebrew/Cellar/go/1.26.5/libexec/src/runtime/asm_arm64.s:1447 +0x4 fp=0x5acbb476afd0 sp=0x5acbb476afd0 pc=0x103064174
created by runtime.gcBgMarkStartWorkers in goroutine 1
	/opt/homebrew/Cellar/go/1.26.5/libexec/src/runtime/mgc.go:1695 +0x134

goroutine 24 gp=0x5acbb47950e0 m=nil [GC worker (idle)]:
runtime.gopark(0x55ee58f17f92?, 0x3?, 0x35?, 0xc?, 0x0?)
	/opt/homebrew/Cellar/go/1.26.5/libexec/src/runtime/proc.go:462 +0xbc fp=0x5acbb476b720 sp=0x5acbb476b700 pc=0x10305e2bc
runtime.gcBgMarkWorker(0x5acbb47a2070)
	/opt/homebrew/Cellar/go/1.26.5/libexec/src/runtime/mgc.go:1791 +0xe0 fp=0x5acbb476b7b0 sp=0x5acbb476b720 pc=0x10300ee80
runtime.gcBgMarkStartWorkers.gowrap1()
	/opt/homebrew/Cellar/go/1.26.5/libexec/src/runtime/mgc.go:1695 +0x20 fp=0x5acbb476b7d0 sp=0x5acbb476b7b0 pc=0x10300ed80
runtime.goexit({})
	/opt/homebrew/Cellar/go/1.26.5/libexec/src/runtime/asm_arm64.s:1447 +0x4 fp=0x5acbb476b7d0 sp=0x5acbb476b7d0 pc=0x103064174
created by runtime.gcBgMarkStartWorkers in goroutine 1
	/opt/homebrew/Cellar/go/1.26.5/libexec/src/runtime/mgc.go:1695 +0x134

goroutine 25 gp=0x5acbb47952c0 m=nil [GC worker (idle)]:
runtime.gopark(0x55ee5fe7f812?, 0x3?, 0xcf?, 0x1c?, 0x0?)
	/opt/homebrew/Cellar/go/1.26.5/libexec/src/runtime/proc.go:462 +0xbc fp=0x5acbb476bf20 sp=0x5acbb476bf00 pc=0x10305e2bc
runtime.gcBgMarkWorker(0x5acbb47a2070)
	/opt/homebrew/Cellar/go/1.26.5/libexec/src/runtime/mgc.go:1791 +0xe0 fp=0x5acbb476bfb0 sp=0x5acbb476bf20 pc=0x10300ee80
runtime.gcBgMarkStartWorkers.gowrap1()
	/opt/homebrew/Cellar/go/1.26.5/libexec/src/runtime/mgc.go:1695 +0x20 fp=0x5acbb476bfd0 sp=0x5acbb476bfb0 pc=0x10300ed80
runtime.goexit({})
	/opt/homebrew/Cellar/go/1.26.5/libexec/src/runtime/asm_arm64.s:1447 +0x4 fp=0x5acbb476bfd0 sp=0x5acbb476bfd0 pc=0x103064174
created by runtime.gcBgMarkStartWorkers in goroutine 1
	/opt/homebrew/Cellar/go/1.26.5/libexec/src/runtime/mgc.go:1695 +0x134

goroutine 26 gp=0x5acbb47954a0 m=nil [GC worker (idle)]:
runtime.gopark(0x55ee58f130cb?, 0x1?, 0xa0?, 0x87?, 0x0?)
	/opt/homebrew/Cellar/go/1.26.5/libexec/src/runtime/proc.go:462 +0xbc fp=0x5acbb7d60720 sp=0x5acbb7d60700 pc=0x10305e2bc
runtime.gcBgMarkWorker(0x5acbb47a2070)
	/opt/homebrew/Cellar/go/1.26.5/libexec/src/runtime/mgc.go:1791 +0xe0 fp=0x5acbb7d607b0 sp=0x5acbb7d60720 pc=0x10300ee80
runtime.gcBgMarkStartWorkers.gowrap1()
	/opt/homebrew/Cellar/go/1.26.5/libexec/src/runtime/mgc.go:1695 +0x20 fp=0x5acbb7d607d0 sp=0x5acbb7d607b0 pc=0x10300ed80
runtime.goexit({})
	/opt/homebrew/Cellar/go/1.26.5/libexec/src/runtime/asm_arm64.s:1447 +0x4 fp=0x5acbb7d607d0 sp=0x5acbb7d607d0 pc=0x103064174
created by runtime.gcBgMarkStartWorkers in goroutine 1
	/opt/homebrew/Cellar/go/1.26.5/libexec/src/runtime/mgc.go:1695 +0x134

goroutine 27 gp=0x5acbb4795680 m=nil [GC worker (idle)]:
runtime.gopark(0x55ee5ddc861e?, 0x1?, 0xf1?, 0x75?, 0x0?)
	/opt/homebrew/Cellar/go/1.26.5/libexec/src/runtime/proc.go:462 +0xbc fp=0x5acbb7d60f20 sp=0x5acbb7d60f00 pc=0x10305e2bc
runtime.gcBgMarkWorker(0x5acbb47a2070)
	/opt/homebrew/Cellar/go/1.26.5/libexec/src/runtime/mgc.go:1791 +0xe0 fp=0x5acbb7d60fb0 sp=0x5acbb7d60f20 pc=0x10300ee80
runtime.gcBgMarkStartWorkers.gowrap1()
	/opt/homebrew/Cellar/go/1.26.5/libexec/src/runtime/mgc.go:1695 +0x20 fp=0x5acbb7d60fd0 sp=0x5acbb7d60fb0 pc=0x10300ed80
runtime.goexit({})
	/opt/homebrew/Cellar/go/1.26.5/libexec/src/runtime/asm_arm64.s:1447 +0x4 fp=0x5acbb7d60fd0 sp=0x5acbb7d60fd0 pc=0x103064174
created by runtime.gcBgMarkStartWorkers in goroutine 1
	/opt/homebrew/Cellar/go/1.26.5/libexec/src/runtime/mgc.go:1695 +0x134

goroutine 28 gp=0x5acbb4795860 m=nil [GC worker (idle)]:
runtime.gopark(0x55ee5ddc58de?, 0x1?, 0xe3?, 0xe9?, 0x0?)
	/opt/homebrew/Cellar/go/1.26.5/libexec/src/runtime/proc.go:462 +0xbc fp=0x5acbb7d61720 sp=0x5acbb7d61700 pc=0x10305e2bc
runtime.gcBgMarkWorker(0x5acbb47a2070)
	/opt/homebrew/Cellar/go/1.26.5/libexec/src/runtime/mgc.go:1791 +0xe0 fp=0x5acbb7d617b0 sp=0x5acbb7d61720 pc=0x10300ee80
runtime.gcBgMarkStartWorkers.gowrap1()
	/opt/homebrew/Cellar/go/1.26.5/libexec/src/runtime/mgc.go:1695 +0x20 fp=0x5acbb7d617d0 sp=0x5acbb7d617b0 pc=0x10300ed80
runtime.goexit({})
	/opt/homebrew/Cellar/go/1.26.5/libexec/src/runtime/asm_arm64.s:1447 +0x4 fp=0x5acbb7d617d0 sp=0x5acbb7d617d0 pc=0x103064174
created by runtime.gcBgMarkStartWorkers in goroutine 1
	/opt/homebrew/Cellar/go/1.26.5/libexec/src/runtime/mgc.go:1695 +0x134

goroutine 29 gp=0x5acbb4795a40 m=nil [GC worker (idle)]:
runtime.gopark(0x55ee58f0de70?, 0x3?, 0xef?, 0x71?, 0x0?)
	/opt/homebrew/Cellar/go/1.26.5/libexec/src/runtime/proc.go:462 +0xbc fp=0x5acbb7d61f20 sp=0x5acbb7d61f00 pc=0x10305e2bc
runtime.gcBgMarkWorker(0x5acbb47a2070)
	/opt/homebrew/Cellar/go/1.26.5/libexec/src/runtime/mgc.go:1791 +0xe0 fp=0x5acbb7d61fb0 sp=0x5acbb7d61f20 pc=0x10300ee80
runtime.gcBgMarkStartWorkers.gowrap1()
	/opt/homebrew/Cellar/go/1.26.5/libexec/src/runtime/mgc.go:1695 +0x20 fp=0x5acbb7d61fd0 sp=0x5acbb7d61fb0 pc=0x10300ed80
runtime.goexit({})
	/opt/homebrew/Cellar/go/1.26.5/libexec/src/runtime/asm_arm64.s:1447 +0x4 fp=0x5acbb7d61fd0 sp=0x5acbb7d61fd0 pc=0x103064174
created by runtime.gcBgMarkStartWorkers in goroutine 1
	/opt/homebrew/Cellar/go/1.26.5/libexec/src/runtime/mgc.go:1695 +0x134

goroutine 30 gp=0x5acbb4795c20 m=nil [GC worker (idle)]:
runtime.gopark(0x55ee5fe7f112?, 0x3?, 0x2c?, 0xb5?, 0x0?)
	/opt/homebrew/Cellar/go/1.26.5/libexec/src/runtime/proc.go:462 +0xbc fp=0x5acbb7d62720 sp=0x5acbb7d62700 pc=0x10305e2bc
runtime.gcBgMarkWorker(0x5acbb47a2070)
	/opt/homebrew/Cellar/go/1.26.5/libexec/src/runtime/mgc.go:1791 +0xe0 fp=0x5acbb7d627b0 sp=0x5acbb7d62720 pc=0x10300ee80
runtime.gcBgMarkStartWorkers.gowrap1()
	/opt/homebrew/Cellar/go/1.26.5/libexec/src/runtime/mgc.go:1695 +0x20 fp=0x5acbb7d627d0 sp=0x5acbb7d627b0 pc=0x10300ed80
runtime.goexit({})
	/opt/homebrew/Cellar/go/1.26.5/libexec/src/runtime/asm_arm64.s:1447 +0x4 fp=0x5acbb7d627d0 sp=0x5acbb7d627d0 pc=0x103064174
created by runtime.gcBgMarkStartWorkers in goroutine 1
	/opt/homebrew/Cellar/go/1.26.5/libexec/src/runtime/mgc.go:1695 +0x134

goroutine 31 gp=0x5acbb7d66000 m=nil [GC worker (idle)]:
runtime.gopark(0x55ee58f13172?, 0x3?, 0xa3?, 0x16?, 0x0?)
	/opt/homebrew/Cellar/go/1.26.5/libexec/src/runtime/proc.go:462 +0xbc fp=0x5acbb7d62f20 sp=0x5acbb7d62f00 pc=0x10305e2bc
runtime.gcBgMarkWorker(0x5acbb47a2070)
	/opt/homebrew/Cellar/go/1.26.5/libexec/src/runtime/mgc.go:1791 +0xe0 fp=0x5acbb7d62fb0 sp=0x5acbb7d62f20 pc=0x10300ee80
runtime.gcBgMarkStartWorkers.gowrap1()
	/opt/homebrew/Cellar/go/1.26.5/libexec/src/runtime/mgc.go:1695 +0x20 fp=0x5acbb7d62fd0 sp=0x5acbb7d62fb0 pc=0x10300ed80
runtime.goexit({})
	/opt/homebrew/Cellar/go/1.26.5/libexec/src/runtime/asm_arm64.s:1447 +0x4 fp=0x5acbb7d62fd0 sp=0x5acbb7d62fd0 pc=0x103064174
created by runtime.gcBgMarkStartWorkers in goroutine 1
	/opt/homebrew/Cellar/go/1.26.5/libexec/src/runtime/mgc.go:1695 +0x134

goroutine 32 gp=0x5acbb7d661e0 m=nil [GC worker (idle)]:
runtime.gopark(0x55ee5ddc525c?, 0x3?, 0xad?, 0x4b?, 0x0?)
	/opt/homebrew/Cellar/go/1.26.5/libexec/src/runtime/proc.go:462 +0xbc fp=0x5acbb7d63720 sp=0x5acbb7d63700 pc=0x10305e2bc
runtime.gcBgMarkWorker(0x5acbb47a2070)
	/opt/homebrew/Cellar/go/1.26.5/libexec/src/runtime/mgc.go:1791 +0xe0 fp=0x5acbb7d637b0 sp=0x5acbb7d63720 pc=0x10300ee80
runtime.gcBgMarkStartWorkers.gowrap1()
	/opt/homebrew/Cellar/go/1.26.5/libexec/src/runtime/mgc.go:1695 +0x20 fp=0x5acbb7d637d0 sp=0x5acbb7d637b0 pc=0x10300ed80
runtime.goexit({})
	/opt/homebrew/Cellar/go/1.26.5/libexec/src/runtime/asm_arm64.s:1447 +0x4 fp=0x5acbb7d637d0 sp=0x5acbb7d637d0 pc=0x103064174
created by runtime.gcBgMarkStartWorkers in goroutine 1
	/opt/homebrew/Cellar/go/1.26.5/libexec/src/runtime/mgc.go:1695 +0x134
=== Go (Gnomon) failed ===

Building...
=== C# failed ===
