=== Rebuilding gopurs backend ===
Reading Spago workspace configuration...

✓ Selecting package to build: gopurs

Downloading dependencies...
Building...
           Src   Lib   All
Warnings     0     0     0
Errors       0     0     0

✓ Build succeeded.

[  1 of 418] Building Control.Semigroupoid
[  2 of 418] Building Type.Proxy
[  3 of 418] Building Data.Symbol
[  4 of 418] Building Data.Unit
[  5 of 418] Building Record.Unsafe
[  6 of 418] Building Data.HeytingAlgebra
[  7 of 418] Building Data.Void
[  8 of 418] Building Data.Eq
[  9 of 418] Building Control.Category
[ 10 of 418] Building Data.Boolean
[ 11 of 418] Building Data.Semigroup
[ 12 of 418] Building Data.Show
[ 13 of 418] Building Data.Ordering
[ 14 of 418] Building Data.Semiring
[ 15 of 418] Building Data.Ring
[ 16 of 418] Building Data.Ord
[ 17 of 418] Building Data.Function
[ 18 of 418] Building Data.Functor
[ 19 of 418] Building Control.Alt
[ 20 of 418] Building Control.Apply
[ 21 of 418] Building Control.Applicative
[ 22 of 418] Building Control.Bind
[ 23 of 418] Building Control.Plus
[ 24 of 418] Building Data.BooleanAlgebra
[ 25 of 418] Building Data.Bounded
[ 26 of 418] Building Data.CommutativeRing
[ 27 of 418] Building Data.EuclideanRing
[ 28 of 418] Building Control.Monad
[ 29 of 418] Building Data.Monoid
[ 30 of 418] Building Data.DivisionRing
[ 31 of 418] Building Data.Field
[ 32 of 418] Building Data.NaturalTransformation
[ 33 of 418] Building Prelude
[ 34 of 418] Building Data.Monoid.Additive
[ 35 of 418] Building Control.Alternative
[ 36 of 418] Building Control.Extend
[ 37 of 418] Building Control.Comonad
[ 38 of 418] Building Data.Monoid.Conj
[ 39 of 418] Building Data.Monoid.Disj
[ 40 of 418] Building Data.Monoid.Dual
[ 41 of 418] Building Data.Monoid.Endo
[ 42 of 418] Building Data.Monoid.Multiplicative
[ 43 of 418] Building Data.Semigroup.First
[ 44 of 418] Building Data.Semigroup.Last
[ 45 of 418] Building Unsafe.Coerce
[ 46 of 418] Building Safe.Coerce
[ 47 of 418] Building Data.Newtype
[ 48 of 418] Building Data.Monoid.Alternate
[ 49 of 418] Building Data.Functor.Invariant
[ 50 of 418] Building Data.Const
[ 51 of 418] Building Data.Generic.Rep
[ 52 of 418] Building Data.Maybe
[ 53 of 418] Building Data.Either
[ 54 of 418] Building Control.Lazy
[ 55 of 418] Building Control.MonadPlus
[ 56 of 418] Building Data.Functor.App
[ 57 of 418] Building Data.Functor.Compose
[ 58 of 418] Building Data.Tuple
[ 59 of 418] Building Data.Bifunctor
[ 60 of 418] Building Data.Functor.Coproduct
[ 61 of 418] Building Data.Functor.Product
[ 62 of 418] Building Data.Identity
[ 63 of 418] Building Data.Maybe.First
[ 64 of 418] Building Data.Maybe.Last
[ 65 of 418] Building Data.Foldable
[ 66 of 418] Building Effect
[ 67 of 418] Building Effect.Ref
[ 68 of 418] Building Partial
[ 69 of 418] Building Partial.Unsafe
[ 70 of 418] Building Control.Monad.Rec.Class
[ 71 of 418] Building Data.FunctorWithIndex
[ 72 of 418] Building Data.FoldableWithIndex
[ 73 of 418] Building Data.Ord.Max
[ 74 of 418] Building Data.Ord.Min
[ 75 of 418] Building Data.Semigroup.Foldable
[ 76 of 418] Building Data.Traversable.Accum
[ 77 of 418] Building Data.Traversable.Accum.Internal
[ 78 of 418] Building Data.Traversable
[ 79 of 418] Building Data.TraversableWithIndex
[ 80 of 418] Building Data.Semigroup.Traversable
[ 81 of 418] Building Data.Unfoldable1
[ 82 of 418] Building Data.Unfoldable
[ 83 of 418] Building Data.NonEmpty
[ 84 of 418] Building Data.List.Types
[ 85 of 418] Building Data.List.Internal
[ 86 of 418] Building Data.List
[ 87 of 418] Building Data.List.NonEmpty
[ 88 of 418] Building Data.Show.Generic
[ 89 of 418] Building Ansi.Codes
[ 90 of 418] Building Ansi.Output
[ 91 of 418] Building Control.Biapply
[ 92 of 418] Building Control.Biapplicative
[ 93 of 418] Building Control.Monad.Trans.Class
[ 94 of 418] Building Data.CatQueue
[ 95 of 418] Building Data.CatList
[ 96 of 418] Building Control.Monad.Free
[ 97 of 418] Building Control.Monad.State.Class
[ 98 of 418] Building Control.Monad.Cont.Class
[ 99 of 418] Building Effect.Exception
[100 of 418] Building Control.Monad.Error.Class
[101 of 418] Building Control.Monad.Reader.Class
[102 of 418] Building Control.Monad.ST.Internal
[103 of 418] Building Control.Monad.ST
[104 of 418] Building Control.Monad.ST.Global
[105 of 418] Building Control.Monad.ST.Class
[106 of 418] Building Control.Monad.Writer.Class
[107 of 418] Building Effect.Class
[108 of 418] Building Control.Monad.State.Trans
[109 of 418] Building Control.Monad.State
[110 of 418] Building Data.Lazy
[111 of 418] Building Control.Comonad.Cofree
[112 of 418] Building Control.Monad.Identity.Trans
[113 of 418] Building Control.Comonad.Trans.Class
[114 of 418] Building Control.Comonad.Env.Trans
[115 of 418] Building Control.Comonad.Store.Trans
[116 of 418] Building Control.Comonad.Traced.Trans
[117 of 418] Building Control.Comonad.Cofree.Class
[118 of 418] Building Control.Comonad.Store.Class
[119 of 418] Building Control.Comonad.Store
[120 of 418] Building Control.Comonad.Env.Class
[121 of 418] Building Control.Comonad.Env
[122 of 418] Building Control.Comonad.Traced.Class
[123 of 418] Building Control.Comonad.Traced
[124 of 418] Building Control.Monad.Cont.Trans
[125 of 418] Building Control.Monad.Cont
[126 of 418] Building Control.Monad.Except.Trans
[127 of 418] Building Control.Monad.Except
[128 of 418] Building Control.Monad.Maybe.Trans
[129 of 418] Building Type.Equality
[130 of 418] Building Data.Distributive
[131 of 418] Building Control.Monad.Reader.Trans
[132 of 418] Building Control.Monad.Writer.Trans
[133 of 418] Building Control.Monad.Free.Class
[134 of 418] Building Control.Monad.Gen.Class
[135 of 418] Building Control.Monad.Gen
[136 of 418] Building Control.Monad.Gen.Common
[137 of 418] Building Control.Monad.List.Trans
[138 of 418] Building Control.Monad.RWS.Trans
[139 of 418] Building Control.Monad.RWS
[140 of 418] Building Control.Monad.Reader
[141 of 418] Building Control.Monad.ST.Ref
[142 of 418] Building Control.Monad.ST.Uncurried
[143 of 418] Building Control.Monad.Trampoline
[144 of 418] Building Control.Monad.Writer
[145 of 418] Building Data.Functor.Contravariant
[146 of 418] Building Data.Profunctor
[147 of 418] Building Data.Profunctor.Closed
[148 of 418] Building Data.Profunctor.Strong
[149 of 418] Building Data.Functor.Costar
[150 of 418] Building Data.Profunctor.Choice
[151 of 418] Building Data.Profunctor.Star
[152 of 418] Building Control.Parallel.Class
[153 of 418] Building Control.Parallel
[154 of 418] Building Data.Function.Uncurried
[155 of 418] Building Data.Array.NonEmpty.Internal
[156 of 418] Building Data.Array.ST
[157 of 418] Building Data.Array.ST.Iterator
[158 of 418] Building Data.Array
[159 of 418] Building Foreign.Object.ST
[160 of 418] Building Type.Data.Boolean
[161 of 418] Building Type.Data.Ordering
[162 of 418] Building Type.Data.Symbol
[163 of 418] Building Type.RowList
[164 of 418] Building Type.Row.Homogeneous
[165 of 418] Building Foreign.Object
[166 of 418] Building Data.Argonaut.Core
[167 of 418] Building Data.Argonaut.Decode.Error
[168 of 418] Building Data.Array.NonEmpty
[169 of 418] Building Data.Int.Bits
[170 of 418] Building Data.Number
[171 of 418] Building Data.Int
[172 of 418] Building Data.Map.Internal
[173 of 418] Building Data.Set
[174 of 418] Building Data.Map
[175 of 418] Building Data.Enum
[176 of 418] Building Data.String.Pattern
[177 of 418] Building Data.String.Unsafe
[178 of 418] Building Data.String.CodeUnits
[179 of 418] Building Data.String.Common
[180 of 418] Building Data.String.CodePoints
[181 of 418] Building Data.String
[182 of 418] Building Data.String.NonEmpty.Internal
[183 of 418] Building Data.String.NonEmpty.CodePoints
[184 of 418] Building Data.String.NonEmpty
[185 of 418] Building Data.Argonaut.Decode.Decoders
[186 of 418] Building Record.Unsafe.Union
[187 of 418] Building Record
[188 of 418] Building Data.Argonaut.Decode.Class
[189 of 418] Building Data.Argonaut.Decode.Combinators
[190 of 418] Building Data.Argonaut.Parser
[191 of 418] Building Data.Argonaut.Decode.Parser
[192 of 418] Building Data.Argonaut.Decode
[193 of 418] Building Data.Argonaut.Encode.Encoders
[194 of 418] Building Data.Argonaut.Encode.Class
[195 of 418] Building Data.Argonaut.Encode.Combinators
[196 of 418] Building Data.Argonaut.Encode
[197 of 418] Building Data.Char.Gen
[198 of 418] Building Data.String.Gen
[199 of 418] Building Data.Argonaut.Gen
[200 of 418] Building Data.Argonaut.JCursor
[201 of 418] Building Data.Argonaut.JCursor.Gen
[202 of 418] Building Data.Lens.Internal.Wander
[203 of 418] Building Data.Lens.Internal.Indexed
[204 of 418] Building Data.Lens.Internal.Shop
[205 of 418] Building Data.Functor.Clown
[206 of 418] Building Data.Functor.Flip
[207 of 418] Building Data.Functor.Joker
[208 of 418] Building Data.Functor.Product2
[209 of 418] Building Data.Bifoldable
[210 of 418] Building Data.Bitraversable
[211 of 418] Building Data.Lens.Internal.Bazaar
[212 of 418] Building Data.Lens.Internal.Exchange
[213 of 418] Building Data.Profunctor.Cochoice
[214 of 418] Building Data.Lens.Internal.Forget
[215 of 418] Building Data.Lens.Internal.Grating
[216 of 418] Building Data.Lens.Internal.Market
[217 of 418] Building Data.Profunctor.Costrong
[218 of 418] Building Data.Lens.Internal.Re
[219 of 418] Building Data.Lens.Internal.Stall
[220 of 418] Building Data.Lens.Internal.Tagged
[221 of 418] Building Data.Lens.Types
[222 of 418] Building Data.Lens.Lens
[223 of 418] Building Data.Lens.Lens.Tuple
[224 of 418] Building Data.Lens.Lens.Unit
[225 of 418] Building Data.Lens.Prism
[226 of 418] Building Data.Lens.Prism.Either
[227 of 418] Building Data.Lens.Prism.Maybe
[228 of 418] Building Data.Lens.Common
[229 of 418] Building Data.Lens.Fold
[230 of 418] Building Data.Lens.Getter
[231 of 418] Building Data.Lens.Internal.Zipping
[232 of 418] Building Data.Lens.Grate
[233 of 418] Building Data.Lens.Iso
[234 of 418] Building Data.Lens.Setter
[235 of 418] Building Data.Lens.Iso.Newtype
[236 of 418] Building Data.Lens.Indexed
[237 of 418] Building Data.Lens.Traversal
[238 of 418] Building Data.Lens
[239 of 418] Building Data.Argonaut.Prisms
[240 of 418] Building Data.Argonaut.Traversals
[241 of 418] Building Data.Argonaut
[242 of 418] Building Data.Array.Partial
[243 of 418] Building Data.Array.ST.Partial
[244 of 418] Building Data.ArrayBuffer.Types
[245 of 418] Building Data.Bifunctor.Join
[246 of 418] Building Data.Bounded.Generic
[247 of 418] Building Data.Char
[248 of 418] Building Data.Comparison
[249 of 418] Building Data.Exists
[250 of 418] Building Data.Coyoneda
[251 of 418] Building Data.Date.Component
[252 of 418] Building Data.Enum.Gen
[253 of 418] Building Data.Date.Component.Gen
[254 of 418] Building Data.Time.Duration
[255 of 418] Building Data.Date
[256 of 418] Building Data.Date.Gen
[257 of 418] Building Data.Time.Component
[258 of 418] Building Data.Time
[259 of 418] Building Data.DateTime
[260 of 418] Building Data.Time.Component.Gen
[261 of 418] Building Data.Time.Gen
[262 of 418] Building Data.DateTime.Gen
[263 of 418] Building Data.DateTime.Instant
[264 of 418] Building Data.Equivalence
[265 of 418] Building Data.Op
[266 of 418] Building Data.Predicate
[267 of 418] Building Data.Divide
[268 of 418] Building Data.Decide
[269 of 418] Building Data.Divisible
[270 of 418] Building Data.Decidable
[271 of 418] Building Data.Either.Inject
[272 of 418] Building Data.Either.Nested
[273 of 418] Building Data.Enum.Generic
[274 of 418] Building Data.Eq.Generic
[275 of 418] Building Data.Functor.Coproduct.Inject
[276 of 418] Building Data.Functor.Coproduct.Nested
[277 of 418] Building Data.Functor.Product.Nested
[278 of 418] Building Data.HeytingAlgebra.Generic
[279 of 418] Building Data.Interval.Duration
[280 of 418] Building Data.Interval.Duration.Iso
[281 of 418] Building Data.Interval
[282 of 418] Building Foreign
[283 of 418] Building Data.JSDate
[284 of 418] Building Data.Lens.AffineTraversal
[285 of 418] Building Data.Lens.Index
[286 of 418] Building Data.Lens.At
[287 of 418] Building Data.Lens.Fold.Partial
[288 of 418] Building Data.Lens.Internal.Focusing
[289 of 418] Building Data.Lens.Lens.Product
[290 of 418] Building Data.Lens.Lens.Void
[291 of 418] Building Data.Lens.Prism.Coproduct
[292 of 418] Building Data.Lens.Record
[293 of 418] Building Data.Lens.Zoom
[294 of 418] Building Data.List.Lazy.Types
[295 of 418] Building Data.List.Lazy
[296 of 418] Building Data.List.Lazy.NonEmpty
[297 of 418] Building Data.List.Partial
[298 of 418] Building Data.List.ZipList
[299 of 418] Building Data.Map.Gen
[300 of 418] Building Data.Monoid.Generic
[301 of 418] Building Data.Nullable
[302 of 418] Building Data.Number.Approximate
[303 of 418] Building Data.Number.Format
[304 of 418] Building Data.Ord.Down
[305 of 418] Building Data.Ord.Generic
[306 of 418] Building Data.Posix.Signal
[307 of 418] Building Data.Posix
[308 of 418] Building Data.Profunctor.Join
[309 of 418] Building Data.Profunctor.Split
[310 of 418] Building Data.Reflectable
[311 of 418] Building Data.Ring.Generic
[312 of 418] Building Data.Semigroup.Generic
[313 of 418] Building Data.Semiring.Generic
[314 of 418] Building Data.Set.NonEmpty
[315 of 418] Building Data.String.CaseInsensitive
[316 of 418] Building Data.String.NonEmpty.CaseInsensitive
[317 of 418] Building Data.String.NonEmpty.CodeUnits
[318 of 418] Building Data.String.Regex.Flags
[319 of 418] Building Data.String.Regex
[320 of 418] Building Data.String.Regex.Unsafe
[321 of 418] Building Data.Time.Duration.Gen
[322 of 418] Building Data.Tuple.Nested
[323 of 418] Building Data.Yoneda
[324 of 418] Building Debug
[325 of 418] Building Dodo.Internal
[326 of 418] Building Dodo.Internal.Buffer
[327 of 418] Building Dodo
[328 of 418] Building Dodo.Ansi
[329 of 418] Building Dodo.Box
[330 of 418] Building Dodo.Common
[331 of 418] Building Effect.Unsafe
[332 of 418] Building Effect.Aff
[333 of 418] Building Effect.Aff.Class
[334 of 418] Building Effect.Uncurried
[335 of 418] Building Effect.Aff.Compat
[336 of 418] Building Effect.Console
[337 of 418] Building Effect.Class.Console
[338 of 418] Building Effect.Exception.Unsafe
[339 of 418] Building Foreign.Index
[340 of 418] Building Foreign.Keys
[341 of 418] Building Foreign.Object.Gen
[342 of 418] Building Foreign.Object.ST.Unsafe
[343 of 418] Building Foreign.Object.Unsafe
[344 of 418] Building Gopurs.FfiTypes
[345 of 418] Building PureScript.Backend.Optimizer.CoreFn
[346 of 418] Building Gopurs.GoAst
[347 of 418] Building Gopurs.Printer
[348 of 418] Building Node.Buffer.Types
[349 of 418] Building Node.Encoding
[350 of 418] Building Node.Buffer.Immutable
[351 of 418] Building Node.Buffer.Class
[352 of 418] Building Node.Buffer
[353 of 418] Building Node.FS.Constants
[354 of 418] Building Node.FS
[355 of 418] Building Node.FS.Perms
[356 of 418] Building Node.FS.Stats
[357 of 418] Building Node.Path
[358 of 418] Building Node.FS.Sync
[359 of 418] Building PureScript.Backend.Optimizer.Syntax
[360 of 418] Building PureScript.Backend.Optimizer.Analysis
[361 of 418] Building PureScript.Backend.Optimizer.Utils
[362 of 418] Building PureScript.Backend.Optimizer.Semantics
[363 of 418] Building PureScript.Backend.Optimizer.Codegen.Tco
[364 of 418] Building PureScript.CST.Types
[365 of 418] Building PureScript.CST.Print
[366 of 418] Building PureScript.CST.Errors
[367 of 418] Building PureScript.CST.Layout
[368 of 418] Building PureScript.CST.TokenStream
[369 of 418] Building PureScript.CST.Lexer
[370 of 418] Building PureScript.CST.Parser.Monad
[371 of 418] Building PureScript.Backend.Optimizer.Directives
[372 of 418] Building PureScript.Backend.Optimizer.Semantics.Foreign
[373 of 418] Building PureScript.Backend.Optimizer.Convert
[374 of 418] Building PureScript.Backend.Optimizer.FfiSupport
[375 of 418] Building PureScript.Backend.Optimizer.FreeVars
[376 of 418] Building PureScript.Backend.Optimizer.Substitute
[377 of 418] Building PureScript.Backend.Optimizer.Monomorphize
[378 of 418] Building Gopurs.CodeGen
[379 of 418] Building Gopurs.FBIP
[380 of 418] Building Gopurs.FfiSupport
[381 of 418] Building Gopurs.Runtime
[382 of 418] Building Gopurs.ShowTco
[383 of 418] Building Gopurs.TestTrace
[384 of 418] Building Gopurs.UsageAnalysis
[385 of 418] Building Node.FS.Async
[386 of 418] Building Node.FS.Aff
[387 of 418] Building Node.Symbol
[388 of 418] Building Node.EventEmitter
[389 of 418] Building Node.EventEmitter.UtilTypes
[390 of 418] Building Node.Platform
[391 of 418] Building Node.Stream
[392 of 418] Building Node.Process
[393 of 418] Building PureScript.Backend.Optimizer.CoreFn.Json
[394 of 418] Building PureScript.Backend.Optimizer.CoreFn.Sort
[395 of 418] Building PureScript.Backend.Optimizer.Directives.Defaults
[396 of 418] Building PureScript.Backend.Optimizer.App
[397 of 418] Building PureScript.Backend.Optimizer.Builder
[398 of 418] Building Main
[399 of 418] Building Node.Buffer.Constants
[400 of 418] Building Node.Buffer.ST
[401 of 418] Building Node.FS.Stream
[402 of 418] Building Node.Stream.Aff
[403 of 418] Building PureScript.Backend.Optimizer.Debug
[404 of 418] Building PureScript.Backend.Optimizer.Reachability
[405 of 418] Building PureScript.Backend.Optimizer.TestUnify
[406 of 418] Building PureScript.Backend.Optimizer.Tracer.Printer
[407 of 418] Building PureScript.CST.ModuleGraph
[408 of 418] Building PureScript.CST.Parser
[409 of 418] Building PureScript.CST.Range.TokenList
[410 of 418] Building PureScript.CST.Range
[411 of 418] Building Type.Row
[412 of 418] Building PureScript.CST.Traversal
[413 of 418] Building PureScript.CST
[414 of 418] Building Record.Builder
[415 of 418] Building Spago.Generated.BuildInfo
[416 of 418] Building TestMangle
[417 of 418] Building Type.Function
[418 of 418] Building Type.Prelude

  bin/gopurs.js  1012.9kb

⚡ Done in 22ms
Building...
Reading Spago workspace configuration...

✓ Selecting package to build: ps-go-test

Downloading dependencies...
Building...
[  1 of 269] Compiling Unsafe.Coerce
[  2 of 269] Compiling Type.Proxy
[  3 of 269] Compiling Spago.Generated.BuildInfo
[  4 of 269] Compiling Type.Equality
[  5 of 269] Compiling Record.Unsafe
[  6 of 269] Compiling Data.Traversable.Accum
[  7 of 269] Compiling Data.Int.Bits
[  8 of 269] Compiling Partial
[  9 of 269] Compiling Data.Void
[ 10 of 269] Compiling Data.String.Unsafe
[ 11 of 269] Compiling Data.Unit
[ 12 of 269] Compiling Data.NaturalTransformation
[ 13 of 269] Compiling Data.Boolean
[ 14 of 269] Compiling Control.Semigroupoid
[ 15 of 269] Compiling Control.Lazy
[ 16 of 269] Compiling Data.Function.Uncurried
[ 18 of 269] Compiling Control.Category
[ 17 of 269] Compiling Partial.Unsafe
[ 19 of 269] Compiling Data.Exists
[ 21 of 269] Compiling Safe.Coerce
[ 20 of 269] Compiling Data.Symbol
[ 22 of 269] Compiling Data.HeytingAlgebra
[ 23 of 269] Compiling Data.Semiring
[ 24 of 269] Compiling Data.Semigroup
[ 25 of 269] Compiling Data.Show
[ 26 of 269] Compiling Data.Ring
[ 27 of 269] Compiling Data.Generic.Rep
[ 29 of 269] Compiling Data.BooleanAlgebra
[ 28 of 269] Compiling Data.Eq
[ 30 of 269] Compiling Data.CommutativeRing
[ 31 of 269] Compiling Data.Ordering
[ 32 of 269] Compiling Data.EuclideanRing
[ 33 of 269] Compiling Data.Ord
[ 34 of 269] Compiling Data.DivisionRing
[ 35 of 269] Compiling Data.Field
[ 37 of 269] Compiling Data.Bounded
[ 38 of 269] Compiling Data.Reflectable
[ 36 of 269] Compiling Data.Monoid
[ 39 of 269] Compiling Data.Function
[ 40 of 269] Compiling Data.Functor
[ 41 of 269] Compiling Control.Alt
[ 43 of 269] Compiling Control.Extend
[ 42 of 269] Compiling Control.Apply
[ 44 of 269] Compiling Data.Monoid.Generic
[ 45 of 269] Compiling Data.Bounded.Generic
[ 46 of 269] Compiling Control.Plus
[ 47 of 269] Compiling Control.Comonad
[ 48 of 269] Compiling Control.Applicative
[ 50 of 269] Compiling Control.Alternative
[ 49 of 269] Compiling Control.Bind
[ 51 of 269] Compiling Control.Monad
[ 52 of 269] Compiling Prelude
[ 53 of 269] Compiling Control.MonadPlus
[ 55 of 269] Compiling Control.Monad.Cont.Class
[ 54 of 269] Compiling Data.Semiring.Generic
[ 56 of 269] Compiling Data.Semigroup.Last
[ 57 of 269] Compiling Data.Monoid.Disj
[ 58 of 269] Compiling Data.Eq.Generic
[ 59 of 269] Compiling Data.Monoid.Conj
[ 60 of 269] Compiling Control.Monad.Reader.Class
[ 61 of 269] Compiling Data.Semigroup.Generic
[ 62 of 269] Compiling Data.Monoid.Additive
[ 63 of 269] Compiling Data.Ring.Generic
[ 64 of 269] Compiling Data.Number.Format
[ 65 of 269] Compiling TestLoop
[ 66 of 269] Compiling Control.Monad.Trans.Class
[ 67 of 269] Compiling Data.Monoid.Dual
[ 69 of 269] Compiling Data.Traversable.Accum.Internal
[ 70 of 269] Compiling Data.Monoid.Multiplicative
[ 71 of 269] Compiling Data.Semigroup.First
[ 68 of 269] Compiling TestDPE
[ 72 of 269] Compiling Control.Monad.Gen.Class
[ 73 of 269] Compiling Test.Tiny
[ 74 of 269] Compiling Effect
[ 76 of 269] Compiling Data.Show.Generic
[ 77 of 269] Compiling Data.Monoid.Endo
[ 75 of 269] Compiling Data.HeytingAlgebra.Generic
[ 78 of 269] Compiling Data.Ord.Generic
[ 79 of 269] Compiling Effect.Ref
[ 80 of 269] Compiling Effect.Console
[ 82 of 269] Compiling Effect.Unsafe
[ 81 of 269] Compiling Effect.Class
[ 83 of 269] Compiling Effect.Uncurried
[ 84 of 269] Compiling Data.Newtype
[ 85 of 269] Compiling Effect.Class.Console
[ 86 of 269] Compiling Data.Ord.Min
[ 87 of 269] Compiling Data.Ord.Max
[ 88 of 269] Compiling Data.String.Pattern
[ 89 of 269] Compiling Data.Profunctor
[ 90 of 269] Compiling Data.Monoid.Alternate
[ 91 of 269] Compiling Data.Ord.Down
[ 92 of 269] Compiling Data.Time.Duration
[ 93 of 269] Compiling Data.Functor.App
[ 94 of 269] Compiling Data.String.Common
[ 95 of 269] Compiling Data.Profunctor.Closed
[ 96 of 269] Compiling Data.Functor.Invariant
[ 97 of 269] Compiling Data.Functor.Compose
[ 98 of 269] Compiling Data.Const
[ 99 of 269] Compiling Data.Identity
[100 of 269] Compiling Data.Maybe
[101 of 269] Compiling Data.Profunctor.Join
[102 of 269] Compiling Data.Profunctor.Split
[103 of 269] Compiling Data.Tuple
[104 of 269] Compiling Data.Functor.Contravariant
[105 of 269] Compiling Data.Op
[106 of 269] Compiling Data.Predicate
[107 of 269] Compiling Data.Comparison
[108 of 269] Compiling Data.Equivalence
[109 of 269] Compiling Data.Maybe.First
[110 of 269] Compiling Data.Number
[113 of 269] Compiling Data.Maybe.Last
[111 of 269] Compiling Data.Either
[112 of 269] Compiling Data.String.CodeUnits
[114 of 269] Compiling Data.Number.Approximate
[115 of 269] Compiling Data.Int
[116 of 269] Compiling Data.Divide
[117 of 269] Compiling Data.Profunctor.Strong
[118 of 269] Compiling Control.Monad.Writer.Class
[121 of 269] Compiling Data.Profunctor.Costrong
[120 of 269] Compiling Data.Distributive
[122 of 269] Compiling Control.Monad.State.Class
[119 of 269] Compiling Data.Tuple.Nested
[123 of 269] Compiling Data.Divisible
[124 of 269] Compiling Data.Decide
[125 of 269] Compiling Data.Bifunctor
[126 of 269] Compiling Data.Profunctor.Choice
[127 of 269] Compiling Data.Either.Inject
[128 of 269] Compiling Effect.Exception
[130 of 269] Compiling Data.Profunctor.Cochoice
[129 of 269] Compiling Data.Either.Nested
[131 of 269] Compiling Effect.Exception.Unsafe
[132 of 269] Compiling Control.Monad.Error.Class
[133 of 269] Compiling Data.Functor.Product
[134 of 269] Compiling Data.Profunctor.Star
[135 of 269] Compiling Control.Biapply
[136 of 269] Compiling Data.Functor.Coproduct
[137 of 269] Compiling Control.Monad.Rec.Class
[138 of 269] Compiling Data.Functor.Costar
[139 of 269] Compiling Data.Decidable
[140 of 269] Compiling Control.Biapplicative
[141 of 269] Compiling Data.Functor.Product2
[142 of 269] Compiling Data.Functor.Flip
[143 of 269] Compiling Data.Functor.Joker
[144 of 269] Compiling Data.Bifunctor.Join
[145 of 269] Compiling Data.Functor.Clown
[146 of 269] Compiling Data.Functor.Product.Nested
[147 of 269] Compiling Data.FunctorWithIndex
[148 of 269] Compiling Data.Foldable
[150 of 269] Compiling Control.Monad.ST.Internal
[149 of 269] Compiling Data.Functor.Coproduct.Nested
[151 of 269] Compiling Data.Functor.Coproduct.Inject
[152 of 269] Compiling Control.Monad.ST.Ref
[154 of 269] Compiling Control.Monad.ST
[153 of 269] Compiling Control.Monad.ST.Uncurried
[155 of 269] Compiling Control.Monad.ST.Global
[156 of 269] Compiling Control.Monad.ST.Class
[157 of 269] Compiling Control.Monad.Writer.Trans
[158 of 269] Compiling Control.Monad.Except.Trans
[159 of 269] Compiling Control.Monad.Cont.Trans
[160 of 269] Compiling Control.Monad.Reader.Trans
[161 of 269] Compiling Control.Monad.State.Trans
[162 of 269] Compiling Data.Array.ST
[163 of 269] Compiling Control.Monad.RWS.Trans
[164 of 269] Compiling Control.Monad.Maybe.Trans
[165 of 269] Compiling Data.Array.ST.Partial
[166 of 269] Compiling Data.Array.ST.Iterator
[167 of 269] Compiling Control.Monad.Cont
[168 of 269] Compiling Control.Monad.Reader
[169 of 269] Compiling Control.Monad.Except
[170 of 269] Compiling Control.Monad.State
[172 of 269] Compiling Control.Parallel.Class
[171 of 269] Compiling Control.Monad.Writer
[173 of 269] Compiling Data.Bifoldable
[174 of 269] Compiling Data.Semigroup.Foldable
[176 of 269] Compiling Data.Traversable
[175 of 269] Compiling Data.FoldableWithIndex
[177 of 269] Compiling Control.Monad.RWS
[178 of 269] Compiling Data.Bitraversable
[179 of 269] Compiling Data.Semigroup.Traversable
[181 of 269] Compiling Control.Monad.Identity.Trans
[180 of 269] Compiling Control.Parallel
[182 of 269] Compiling Data.TraversableWithIndex
[183 of 269] Compiling Effect.Aff
[184 of 269] Compiling Data.Unfoldable1
[185 of 269] Compiling Control.Comonad.Trans.Class
[187 of 269] Compiling Control.Comonad.Store.Trans
[186 of 269] Compiling Control.Comonad.Traced.Trans
[188 of 269] Compiling Data.Unfoldable
[189 of 269] Compiling Control.Monad.Gen
[190 of 269] Compiling Data.Enum
[191 of 269] Compiling Data.Time.Duration.Gen
[192 of 269] Compiling Data.Array.NonEmpty.Internal
[193 of 269] Compiling Control.Comonad.Env.Trans
[195 of 269] Compiling Data.Lazy
[194 of 269] Compiling Data.NonEmpty
[197 of 269] Compiling Bench
[196 of 269] Compiling Effect.Aff.Compat
[198 of 269] Compiling Data.Char
[200 of 269] Compiling Data.Time.Component
[199 of 269] Compiling Data.Enum.Generic
[201 of 269] Compiling Data.Date.Component
[202 of 269] Compiling Test.Fib
[204 of 269] Compiling Test.AstTree
[203 of 269] Compiling Test.ListOps
[205 of 269] Compiling Test.Primes
[206 of 269] Compiling Test.Polymorphism
[207 of 269] Compiling Test.RBTree
[208 of 269] Compiling Test.LazyEvaluation
[209 of 269] Compiling Test.StateMonad
[210 of 269] Compiling Test.TCO
[211 of 269] Compiling Test.Ackermann
[212 of 269] Compiling Test.BenchCheck
[213 of 269] Compiling Test.Church
[214 of 269] Compiling Test.Records
[215 of 269] Compiling Data.Array
[216 of 269] Compiling Control.Comonad.Store.Class
[217 of 269] Compiling Control.Monad.List.Trans
[218 of 269] Compiling Data.Time
[219 of 269] Compiling Data.Enum.Gen
[220 of 269] Compiling Control.Monad.Gen.Common
[221 of 269] Compiling Data.List.Lazy.Types
[222 of 269] Compiling Data.Char.Gen
[223 of 269] Compiling Data.List.Types
[224 of 269] Compiling Data.Time.Component.Gen
[225 of 269] Compiling Control.Comonad.Store
[226 of 269] Compiling Data.String.Gen
[227 of 269] Compiling Data.Date
[228 of 269] Compiling Data.Date.Component.Gen
[229 of 269] Compiling Control.Comonad.Env.Class
[230 of 269] Compiling Data.Time.Gen
[231 of 269] Compiling Control.Comonad.Env
[232 of 269] Compiling Control.Comonad.Traced.Class
[233 of 269] Compiling Data.Date.Gen
[234 of 269] Compiling Data.DateTime
[235 of 269] Compiling Control.Comonad.Traced
[237 of 269] Compiling Data.DateTime.Gen
[236 of 269] Compiling Data.DateTime.Instant
[238 of 269] Compiling Data.Array.Partial
[240 of 269] Compiling Test.ArrayOps
[239 of 269] Compiling Data.Array.NonEmpty
[241 of 269] Compiling Data.String.CodePoints
[242 of 269] Compiling App
[243 of 269] Compiling Effect.Now
[244 of 269] Compiling Data.List.Internal
[245 of 269] Compiling Effect.Aff.Class
[246 of 269] Compiling Data.List.Lazy
[247 of 269] Compiling Data.List
[248 of 269] Compiling Data.String
[249 of 269] Compiling Data.String.NonEmpty.Internal
[251 of 269] Compiling Data.String.CaseInsensitive
[250 of 269] Compiling Data.String.Regex.Flags
[252 of 269] Compiling Data.String.Regex
[253 of 269] Compiling Data.String.NonEmpty.CodePoints
[254 of 269] Compiling Data.String.NonEmpty.CodeUnits
[255 of 269] Compiling Data.String.Regex.Unsafe
[256 of 269] Compiling Data.String.NonEmpty
[257 of 269] Compiling Data.String.NonEmpty.CaseInsensitive
[259 of 269] Compiling Data.List.Partial
[258 of 269] Compiling Data.List.NonEmpty
[260 of 269] Compiling Data.Map.Internal
[262 of 269] Compiling Data.List.ZipList
[261 of 269] Compiling Data.List.Lazy.NonEmpty
[263 of 269] Compiling Data.Set
[264 of 269] Compiling Data.Map
[265 of 269] Compiling Data.Set.NonEmpty
[267 of 269] Compiling Data.Map.Gen
[266 of 269] Compiling Data.Interval.Duration
[269 of 269] Compiling Data.Interval
[268 of 269] Compiling Data.Interval.Duration.Iso
           Src   Lib   All
Warnings     0     0     0
Errors       0     0     0

✓ Build succeeded.

Compiling with backend "../gopurs/gopurs/bin/gopurs"

✓ Backend build succeeded.

=== Go ===
# gopurs/output/Data.Ord
Data.Ord/Data_Ord.go:1358:31: undefined: Get_eq__2276491096
Data.Ord/Data_Ord.go:1366:31: undefined: Get_eq__2276491096
