Building...
Reading Spago workspace configuration...

✓ Selecting package to build: ps-go-test

Downloading dependencies...
Building...
           Src   Lib   All
Warnings     0     0     0
Errors       0     0     0

✓ Build succeeded.

Compiling with backend "../gopurs/gopurs/bin/gopurs"

✓ Backend build succeeded.

=== Go ===
# gopurs/output/purescript
purescript/Control_Monad_RWS_Trans.go:3630:180: undefined: Constructor_Control_Monad_RWS_Trans_RWSResult_4267395230_1030442127_1030442127
purescript/Control_Biapply.go:28:86: undefined: Constructor_Data_Tuple_Tuple
purescript/Control_Comonad_Env.go:63:10: undefined: Constructor_Data_Tuple_Tuple
purescript/Control_Comonad_Env.go:71:10: undefined: Constructor_Data_Tuple_Tuple
purescript/Control_Comonad_Env.go:79:10: undefined: Constructor_Data_Tuple_Tuple
purescript/Control_Comonad_Env_Class.go:72:86: undefined: Constructor_Data_Tuple_Tuple
purescript/Control_Comonad_Env_Class.go:333:86: undefined: Constructor_Data_Tuple_Tuple
purescript/Control_Comonad_Env_Class.go:355:86: undefined: Constructor_Data_Tuple_Tuple
purescript/Control_Comonad_Env_Class.go:394:86: undefined: Constructor_Data_Tuple_Tuple
purescript/Control_Comonad_Env_Class.go:416:86: undefined: Constructor_Data_Tuple_Tuple
purescript/Control_Comonad_Env_Class.go:416:86: too many errors
