================================
    Running pure backends...    
================================

Building...
=== JS V8 ===
Global warm-up in progress (this may take a moment)...

Global warm-up complete. Starting benchmarks...

--------------------------------------------------

(Test)

AST Evaluation:

(Output & Warm-up)

7

(Execution time - best of 10)

2.33 μs

--------------------------------------------------

(Test)

Fibonacci:

(Output & Warm-up)

55

(Execution time - best of 10)

1.79 μs

--------------------------------------------------

(Test)

List Processing (900 elements):

(Output & Warm-up)

202950

(Execution time - best of 10)

43.42 μs

--------------------------------------------------

(Test)

Tail Call Optimization (100k calls):

(Output & Warm-up)

100000

(Execution time - best of 10)

190.67 μs

--------------------------------------------------

(Test)

Deep Record Updates (10k iterations):

(Output & Warm-up)

20000

(Execution time - best of 10)

78.92 μs

--------------------------------------------------

(Test)

Ackermann (3, 4):

(Output & Warm-up)

125

(Execution time - best of 10)

83.83 μs

--------------------------------------------------

(Test)

Church Numerals (100k Closure Applications):

(Output & Warm-up)

100000

(Execution time - best of 10)

1454.38 μs

--------------------------------------------------

(Test)

Prime Sieve (sum primes up to 500):

(Output & Warm-up)

21536

(Execution time - best of 10)

121.25 μs

--------------------------------------------------

(Test)

Red-Black Tree (100k Worst-Case Insertions):

(Output & Warm-up)

22

(Execution time - best of 10)

89800.96 μs

--------------------------------------------------

(Test)

Polymorphism (10M Type Class Dict Lookups):

(Output & Warm-up)

10000000

(Execution time - best of 10)

11936.42 μs

--------------------------------------------------

(Test)

State Monad (1.2k Binds, 60 Stack Depth):

(Output & Warm-up)

1200

(Execution time - best of 10)

71.83 μs

--------------------------------------------------

(Test)

Lazy Evaluation (1M Thunks Forced, 1k Depth):

(Output & Warm-up)

1000000

(Execution time - best of 10)

15264.13 μs

--------------------------------------------------

(Test)

Array Processing (900 elements):

(Output & Warm-up)

202950

(Execution time - best of 10)

26.17 μs

--------------------------------------------------

(Test)

RowToList (Keys Count):

(Output & Warm-up)

5

(Execution time - best of 10)

0.33 μs


==================================================

Total exec time: 119.08 ms


Building...
=== ES failed ===

Building...
Reading Spago workspace configuration...

✓ Selecting package to build: ps-scheme-test

Downloading dependencies...
Cloning https://github.com/purescm/purescript-core.git
Building...
[  1 of 203] Compiling Unsafe.Coerce
[  3 of 203] Compiling Type.Data.RowList
[  2 of 203] Compiling Type.Equality
[  4 of 203] Compiling Type.Data.Row
[  5 of 203] Compiling Type.Proxy
[  6 of 203] Compiling Spago.Generated.BuildInfo
[  7 of 203] Compiling Test.Implicit
[  8 of 203] Compiling Partial
[  9 of 203] Compiling Record.Unsafe
[ 10 of 203] Compiling Data.Void
[ 11 of 203] Compiling Data.Unit
[ 12 of 203] Compiling Data.Traversable.Accum
[ 13 of 203] Compiling Data.NaturalTransformation
[ 14 of 203] Compiling Data.Boolean
[ 15 of 203] Compiling Control.Semigroupoid
[ 16 of 203] Compiling Data.Symbol
[ 17 of 203] Compiling Control.Lazy
[ 18 of 203] Compiling Data.Function.Uncurried
[ 19 of 203] Compiling Safe.Coerce
[ 20 of 203] Compiling Data.Exists
[ 21 of 203] Compiling Control.Category
[ 22 of 203] Compiling Partial.Unsafe
[ 23 of 203] Compiling Data.HeytingAlgebra
[ 24 of 203] Compiling Data.Semigroup
[ 25 of 203] Compiling Data.Semiring
[ 26 of 203] Compiling Data.Show
[ 27 of 203] Compiling Data.Ring
[ 28 of 203] Compiling Data.Generic.Rep
[ 30 of 203] Compiling Data.BooleanAlgebra
[ 29 of 203] Compiling Data.Eq
[ 31 of 203] Compiling Data.CommutativeRing
[ 33 of 203] Compiling Data.EuclideanRing
[ 32 of 203] Compiling Data.Ordering
[ 34 of 203] Compiling Data.Ord
[ 35 of 203] Compiling Data.DivisionRing
[ 36 of 203] Compiling Data.Field
[ 37 of 203] Compiling Data.Reflectable
[ 38 of 203] Compiling Data.Bounded
[ 39 of 203] Compiling Data.Monoid
[ 40 of 203] Compiling Data.Function
[ 41 of 203] Compiling Data.Functor
[ 43 of 203] Compiling Control.Alt
[ 44 of 203] Compiling Control.Extend
[ 42 of 203] Compiling Control.Apply
[ 45 of 203] Compiling Data.Bounded.Generic
[ 46 of 203] Compiling Data.Monoid.Generic
[ 47 of 203] Compiling Control.Plus
[ 48 of 203] Compiling Control.Comonad
[ 49 of 203] Compiling Control.Applicative
[ 50 of 203] Compiling Control.Alternative
[ 51 of 203] Compiling Control.Bind
[ 52 of 203] Compiling Control.Monad
[ 53 of 203] Compiling Control.MonadPlus
[ 54 of 203] Compiling Prelude
[ 55 of 203] Compiling Data.Traversable.Accum.Internal
[ 56 of 203] Compiling Data.Semigroup.First
[ 57 of 203] Compiling Data.Monoid.Additive
[ 58 of 203] Compiling Data.Monoid.Endo
[ 59 of 203] Compiling Data.Semigroup.Last
[ 60 of 203] Compiling Data.Monoid.Multiplicative
[ 61 of 203] Compiling Data.Show.Generic
[ 62 of 203] Compiling Data.Monoid.Disj
[ 63 of 203] Compiling Data.Ord.Generic
[ 64 of 203] Compiling Data.Monoid.Dual
[ 65 of 203] Compiling Data.Monoid.Conj
[ 66 of 203] Compiling Effect
[ 67 of 203] Compiling Data.Ring.Generic
[ 68 of 203] Compiling Data.Semigroup.Generic
[ 69 of 203] Compiling Data.Eq.Generic
[ 71 of 203] Compiling Data.Semiring.Generic
[ 70 of 203] Compiling Data.HeytingAlgebra.Generic
[ 72 of 203] Compiling Effect.Unsafe
[ 73 of 203] Compiling Effect.Class
[ 74 of 203] Compiling Effect.Uncurried
[ 75 of 203] Compiling Test.Main
[ 76 of 203] Compiling Effect.Console
[ 77 of 203] Compiling Effect.Ref
[ 78 of 203] Compiling Data.Newtype
[ 79 of 203] Compiling Effect.Class.Console
[ 80 of 203] Compiling Bench
[ 81 of 203] Compiling Data.Ord.Down
[ 83 of 203] Compiling Data.Ord.Min
[ 82 of 203] Compiling Data.Functor.App
[ 84 of 203] Compiling Data.Profunctor
[ 85 of 203] Compiling Data.Monoid.Alternate
[ 86 of 203] Compiling Data.Ord.Max
[ 87 of 203] Compiling Test.FibFFICheatcode
[ 88 of 203] Compiling Test.Polymorphism
[ 90 of 203] Compiling Test.RBTreeFFI
[ 89 of 203] Compiling Test.Fib
[ 91 of 203] Compiling Test.PrimesFFICheatcode
[ 92 of 203] Compiling Test.Church
[ 93 of 203] Compiling Test.TCO
[ 95 of 203] Compiling Test.RowToListFFICheatcode
[ 94 of 203] Compiling Test.AstTreeFFI
[ 96 of 203] Compiling Test.AstTree
[ 97 of 203] Compiling Test.PolymorphismFFICheatcode
[ 98 of 203] Compiling Test.PrimesFFI
[ 99 of 203] Compiling Test.ListOpsFFI
[101 of 203] Compiling Test.BenchCheck
[102 of 203] Compiling Test.LazyEvaluationFFICheatcode
[104 of 203] Compiling Test.RecordsFFI
[100 of 203] Compiling Test.ChurchFFICheatcode
[105 of 203] Compiling Test.PolymorphismFFI
[107 of 203] Compiling Test.ArrayOpsFFICheatcode
[108 of 203] Compiling Test.FibFFI
[106 of 203] Compiling Test.Ackermann
[109 of 203] Compiling Test.ArrayOpsFFI
[110 of 203] Compiling Test.TCOFFI
[111 of 203] Compiling Test.LazyEvaluationFFI
[112 of 203] Compiling Test.Records
[114 of 203] Compiling Test.RBTree
[113 of 203] Compiling Test.ListOps
[115 of 203] Compiling Test.LazyEvaluation
[116 of 203] Compiling Test.ChurchFFI
[117 of 203] Compiling Test.Primes
[103 of 203] Compiling Test.RecordsFFICheatcode
[118 of 203] Compiling Test.StateMonad
[119 of 203] Compiling Test.AckermannFFI
[120 of 203] Compiling Test.RowToList
[121 of 203] Compiling Test.TCOFFICheatcode
[122 of 203] Compiling Test.ListOpsFFICheatcode
[123 of 203] Compiling Test.RBTreeFFICheatcode
[124 of 203] Compiling Test.StateMonadFFICheatcode
[125 of 203] Compiling Test.AckermannFFICheatcode
[127 of 203] Compiling Test.StateMonadFFI
[126 of 203] Compiling Test.RowToListFFI
[128 of 203] Compiling Data.Functor.Invariant
[129 of 203] Compiling Data.Profunctor.Closed
[130 of 203] Compiling Test.AstTreeFFICheatcode
[131 of 203] Compiling Data.Functor.Compose
[132 of 203] Compiling AppFFICheatcode
[133 of 203] Compiling AppFFI
[134 of 203] Compiling Data.Tuple
[135 of 203] Compiling Data.Identity
[137 of 203] Compiling Data.Profunctor.Join
[136 of 203] Compiling Data.Const
[138 of 203] Compiling Data.Maybe
[139 of 203] Compiling Data.Profunctor.Split
[140 of 203] Compiling Data.Functor.Contravariant
[141 of 203] Compiling Data.Op
[142 of 203] Compiling Data.Predicate
[143 of 203] Compiling Data.Comparison
[144 of 203] Compiling Data.Equivalence
[147 of 203] Compiling Data.Maybe.Last
[146 of 203] Compiling Data.Maybe.First
[145 of 203] Compiling Data.Either
[148 of 203] Compiling Data.Divide
[149 of 203] Compiling Data.Profunctor.Costrong
[150 of 203] Compiling Data.Profunctor.Strong
[152 of 203] Compiling Data.Distributive
[151 of 203] Compiling Data.Tuple.Nested
[153 of 203] Compiling Data.Divisible
[154 of 203] Compiling Data.Decide
[155 of 203] Compiling Data.Bifunctor
[156 of 203] Compiling Data.Profunctor.Cochoice
[157 of 203] Compiling Data.Either.Nested
[158 of 203] Compiling Data.Either.Inject
[159 of 203] Compiling Data.Profunctor.Choice
[161 of 203] Compiling Data.Functor.Coproduct
[160 of 203] Compiling Control.Monad.Rec.Class
[162 of 203] Compiling Data.Functor.Product
[163 of 203] Compiling Data.Functor.Costar
[164 of 203] Compiling Data.Profunctor.Star
[165 of 203] Compiling Control.Biapply
[166 of 203] Compiling Data.Decidable
[167 of 203] Compiling Control.Biapplicative
[168 of 203] Compiling Data.Functor.Flip
[169 of 203] Compiling Data.Functor.Product2
[170 of 203] Compiling Data.Functor.Joker
[171 of 203] Compiling Data.Functor.Clown
[172 of 203] Compiling Data.Bifunctor.Join
[173 of 203] Compiling Data.Functor.Coproduct.Inject
[174 of 203] Compiling Data.Functor.Coproduct.Nested
[175 of 203] Compiling Data.Functor.Product.Nested
[177 of 203] Compiling Data.FunctorWithIndex
[176 of 203] Compiling Data.Foldable
[178 of 203] Compiling Control.Monad.ST.Internal
[179 of 203] Compiling Control.Monad.ST.Uncurried
[180 of 203] Compiling Control.Monad.ST.Ref
[181 of 203] Compiling Control.Monad.ST
[182 of 203] Compiling Control.Monad.ST.Global
[183 of 203] Compiling Control.Monad.ST.Class
[184 of 203] Compiling Data.Array.ST
[186 of 203] Compiling Data.Array.ST.Partial
[185 of 203] Compiling Data.Array.ST.Iterator
[187 of 203] Compiling Data.Bifoldable
[188 of 203] Compiling Data.Traversable
[189 of 203] Compiling Data.Semigroup.Foldable
[190 of 203] Compiling Data.FoldableWithIndex
[191 of 203] Compiling Data.Semigroup.Traversable
[192 of 203] Compiling Data.Bitraversable
[193 of 203] Compiling Data.Unfoldable1
[194 of 203] Compiling Data.TraversableWithIndex
[195 of 203] Compiling Data.Unfoldable
[196 of 203] Compiling Data.Array.NonEmpty.Internal
[197 of 203] Compiling Data.NonEmpty
[198 of 203] Compiling Data.Array
[199 of 203] Compiling Data.Array.Partial
[200 of 203] Compiling Test.ArrayOps
[201 of 203] Compiling Data.Array.NonEmpty
[202 of 203] Compiling App
[203 of 203] Compiling Main
           Src   Lib   All
Warnings     0     0     0
Errors       0     0     0

✓ Build succeeded.

Created run/bak/scm/output_bin/main
=== Scheme ===
Global warm-up in progress (this may take a moment)...

Global warm-up complete. Starting benchmarks...

--------------------------------------------------

(Test)

AST Evaluation:

(Output & Warm-up)

7

(Execution time - best of 10)

0.0 μs

--------------------------------------------------

(Test)

Fibonacci:

(Output & Warm-up)

55

(Execution time - best of 10)

0.0 μs

--------------------------------------------------

(Test)

List Processing (900 elements):

(Output & Warm-up)

202950

(Execution time - best of 10)

6.0 μs

--------------------------------------------------

(Test)

Tail Call Optimization (100k calls):

(Output & Warm-up)

100000

(Execution time - best of 10)

287.0 μs

--------------------------------------------------

(Test)

Deep Record Updates (10k iterations):

(Output & Warm-up)

20000

(Execution time - best of 10)

177.0 μs

--------------------------------------------------

(Test)

Ackermann (3, 4):

(Output & Warm-up)

125

(Execution time - best of 10)

16.0 μs

--------------------------------------------------

(Test)

Church Numerals (100k Closure Applications):

(Output & Warm-up)

100000

(Execution time - best of 10)

237.0 μs

--------------------------------------------------

(Test)

Prime Sieve (sum primes up to 500):

(Output & Warm-up)

21536

(Execution time - best of 10)

35.0 μs

--------------------------------------------------

(Test)

Red-Black Tree (100k Worst-Case Insertions):

(Output & Warm-up)

22

(Execution time - best of 10)

23470.0 μs

--------------------------------------------------

(Test)

Polymorphism (10M Type Class Dict Lookups):

(Output & Warm-up)

10000000

(Execution time - best of 10)

18280.0 μs

--------------------------------------------------

(Test)

State Monad (1.2k Binds, 60 Stack Depth):

(Output & Warm-up)

1200

(Execution time - best of 10)

2.0 μs

--------------------------------------------------

(Test)

Lazy Evaluation (1M Thunks Forced, 1k Depth):

(Output & Warm-up)

1000000

(Execution time - best of 10)

2917.0 μs

--------------------------------------------------

(Test)

Array Processing (900 elements):

(Output & Warm-up)

202950

(Execution time - best of 10)

7.0 μs

--------------------------------------------------

(Test)

RowToList (Keys Count):

(Output & Warm-up)

5

(Execution time - best of 10)

0.0 μs


==================================================

Total exec time: 45.434 ms


Building...
=== Erlang BEAM ===
Global warm-up in progress (this may take a moment)...

Global warm-up complete. Starting benchmarks...

--------------------------------------------------

(Test)

AST Evaluation:

(Output & Warm-up)

7

(Execution time - best of 10)

0.00 μs

--------------------------------------------------

(Test)

Fibonacci:

(Output & Warm-up)

55

(Execution time - best of 10)

0.00 μs

--------------------------------------------------

(Test)

List Processing (900 elements):

(Output & Warm-up)

202950

(Execution time - best of 10)

30.00 μs

--------------------------------------------------

(Test)

Tail Call Optimization (100k calls):

(Output & Warm-up)

100000

(Execution time - best of 10)

1319.00 μs

--------------------------------------------------

(Test)

Deep Record Updates (10k iterations):

(Output & Warm-up)

20000

(Execution time - best of 10)

375.00 μs

--------------------------------------------------

(Test)

Ackermann (3, 4):

(Output & Warm-up)

125

(Execution time - best of 10)

22.00 μs

--------------------------------------------------

(Test)

Church Numerals (100k Closure Applications):

(Output & Warm-up)

100000

(Execution time - best of 10)

620.00 μs

--------------------------------------------------

(Test)

Prime Sieve (sum primes up to 500):

(Output & Warm-up)

21536

(Execution time - best of 10)

141.00 μs

--------------------------------------------------

(Test)

Red-Black Tree (100k Worst-Case Insertions):

(Output & Warm-up)

22

(Execution time - best of 10)

16894.00 μs

--------------------------------------------------

(Test)

Polymorphism (10M Type Class Dict Lookups):

(Output & Warm-up)

10000000

(Execution time - best of 10)

61769.00 μs

--------------------------------------------------

(Test)

State Monad (1.2k Binds, 60 Stack Depth):

(Output & Warm-up)

1200

(Execution time - best of 10)

20.00 μs

--------------------------------------------------

(Test)

Lazy Evaluation (1M Thunks Forced, 1k Depth):

(Output & Warm-up)

1000000

(Execution time - best of 10)

9290.00 μs

--------------------------------------------------

(Test)

Array Processing (900 elements):

(Output & Warm-up)

202950

(Execution time - best of 10)

28.00 μs

--------------------------------------------------

(Test)

RowToList (Keys Count):

(Output & Warm-up)

5

(Execution time - best of 10)

0.00 μs


==================================================

Total exec time: 90.51 ms


=== Rebuilding phpurs backend ===

> phpurs@0.1.0 build
> spago build && spago bundle --module Main --platform node --outfile bin/phpurs.js --bundle-type app

Reading Spago workspace configuration...

✓ Selecting package to build: phpurs

Downloading dependencies...
Building...
[2 of 5] Compiling PureScript.Backend.Optimizer.Substitute
[1 of 5] Compiling Phpurs.CodeGen
[WARNING 1/3 UnusedName] ../../purescript-backend-optimizer/src/PureScript/Backend/Optimizer/Substitute.purs:48:18

  48  unify (ADT name1 path1 args1) (ADT name2 path2 args2) acc =
                       ^^^^^

  Name path1 was introduced but not used.
  in value declaration unify

[WARNING 2/3 UnusedName] ../../purescript-backend-optimizer/src/PureScript/Backend/Optimizer/Substitute.purs:48:42

  48  unify (ADT name1 path1 args1) (ADT name2 path2 args2) acc =
                                               ^^^^^

  Name path2 was introduced but not used.
  in value declaration unify

[WARNING 3/3 UnusedName] src/Phpurs/CodeGen.purs:743:29

  743                              useVarsOuter = Array.nub (map (\mapped -> if Array.elem mapped recVars then "&" <> mapped else mapped) mappedFvs)
                                   ^^^^^^^^^^^^^^^^^^^^^^^^^^^^^^^^^^^^^^^^^^^^^^^^^^^^^^^^^^^^^^^^^^^^^^^^^^^^^^^^^^^^^^^^^^^^^^^^^^^^^^^^^^^^^^^^^

  Name useVarsOuter was introduced but not used.
  in value declaration translate

[ERROR 1/2 NoInstanceFound] ../../purescript-backend-optimizer/src/PureScript/Backend/Optimizer/Substitute.purs:63:91

  63          _ = unsafePerformEffect (Console.log ("substituting TypeVar " <> a <> " with " <> show concrete))
                                                                                                ^^^^^^^^^^^^^

  No type class instance was found for
    Data.Show.Show ExprType
  while applying a function show
    of type Show t0 => t0 -> String
    to argument concrete
  while checking that expression show concrete
    has type String
  in binding group substituteExprType
  where t0 is an unknown type

[ERROR 2/2 NoInstanceFound] src/Phpurs/CodeGen.purs:69:1

  69  translateOperator2 :: BackendOperator2 -> PhpExpr -> PhpExpr -> PhpExpr
      ^^^^^^^^^^^^^^^^^^^^^^^^^^^^^^^^^^^^^^^^^^^^^^^^^^^^^^^^^^^^^^^^^^^^^^^

  A case expression could not be determined to cover all inputs.
  The following additional cases are required to cover all inputs:
    (OpIntNum OpMod)    _ _
    (OpNumberNum OpMod) _ _
  Alternatively, add a Partial constraint to the type of the enclosing value.
  while checking that type Partial => t0
    is at least as general as type PhpExpr
  while checking that expression case $42 $43 $44 of
                                   OpArrayIndex arr ix -> (PhpArrayIndex arr) ix
                                   OpBooleanAnd l r -> ((...) l) r
                                   OpBooleanOr l r -> ((...) l) r
                                   (OpBooleanOrd OpEq) l r -> ((...) l) r
                                   (OpBooleanOrd OpNotEq) l r -> ((...) l) r
                                   (OpBooleanOrd OpGt) l r -> ((...) l) r
                                   (OpBooleanOrd OpGte) l r -> ((...) l) r
                                   (OpBooleanOrd OpLt) l r -> ((...) l) r
                                   (OpBooleanOrd OpLte) l r -> ((...) l) r
                                   (OpCharOrd OpEq) l r -> ((...) l) r
                                   (OpCharOrd OpNotEq) l r -> ((...) l) r
                                   (OpCharOrd OpGt) l r -> ((...) l) r
                                   (OpCharOrd OpGte) l r -> ((...) l) r
                                   (OpCharOrd OpLt) l r -> ((...) l) r
                                   (OpCharOrd OpLte) l r -> ((...) l) r
                                   OpIntBitAnd l r -> ((...) l) r
                                   OpIntBitOr l r -> ((...) l) r
                                   OpIntBitShiftLeft l r -> ((...) l) r
                                   OpIntBitShiftRight l r -> ((...) l) r
                                   OpIntBitXor l r -> ((...) l) r
                                   OpIntBitZeroFillShiftRight l r -> ((...) l) r
                                   (OpIntNum OpAdd) l r -> ((...) l) r
                                   (OpIntNum OpSubtract) l r -> ((...) l) r
                                   (OpIntNum OpMultiply) l r -> ((...) l) r
                                   (OpIntNum OpDivide) l r -> ((...) l) r
                                   (OpIntOrd OpEq) l r -> ((...) l) r
                                   (OpIntOrd OpNotEq) l r -> ((...) l) r
                                   (OpIntOrd OpGt) l r -> ((...) l) r
                                   (OpIntOrd OpGte) l r -> ((...) l) r
                                   (OpIntOrd OpLt) l r -> ((...) l) r
                                   (OpIntOrd OpLte) l r -> ((...) l) r
                                   (OpNumberNum OpAdd) l r -> ((...) l) r
                                   (OpNumberNum OpSubtract) l r -> ((...) l) r
                                   (OpNumberNum OpMultiply) l r -> ((...) l) r
                                   (OpNumberNum OpDivide) l r -> ((...) l) r
                                   (OpNumberOrd OpEq) l r -> ((...) l) r
                                   (OpNumberOrd OpNotEq) l r -> ((...) l) r
                                   (OpNumberOrd OpGt) l r -> ((...) l) r
                                   (OpNumberOrd OpGte) l r -> ((...) l) r
                                   (OpNumberOrd OpLt) l r -> ((...) l) r
                                   (OpNumberOrd OpLte) l r -> ((...) l) r
                                   OpStringAppend l r -> ((...) l) r
                                   (OpStringOrd OpEq) l r -> ((...) l) r
                                   (OpStringOrd OpNotEq) l r -> ((...) l) r
                                   (OpStringOrd OpGt) l r -> ((...) l) r
                                   (OpStringOrd OpGte) l r -> ((...) l) r
                                   (OpStringOrd OpLt) l r -> ((...) l) r
                                   (OpStringOrd OpLte) l r -> ((...) l) r
    has type PhpExpr
  in value declaration translateOperator2
  where t0 is an unknown type

           Src   Lib   All
Warnings     1     2     3
Errors       1     1     2

✘ Failed to build.

=== PHP failed ===

=== Rebuilding gopurs backend ===
Reading Spago workspace configuration...

✓ Selecting package to build: gopurs

Downloading dependencies...
Building...
[1 of 5] Compiling PureScript.Backend.Optimizer.Substitute
[WARNING 1/2 UnusedName] ../../purescript-backend-optimizer/src/PureScript/Backend/Optimizer/Substitute.purs:48:18

  48  unify (ADT name1 path1 args1) (ADT name2 path2 args2) acc =
                       ^^^^^

  Name path1 was introduced but not used.
  in value declaration unify

[WARNING 2/2 UnusedName] ../../purescript-backend-optimizer/src/PureScript/Backend/Optimizer/Substitute.purs:48:42

  48  unify (ADT name1 path1 args1) (ADT name2 path2 args2) acc =
                                               ^^^^^

  Name path2 was introduced but not used.
  in value declaration unify

[ERROR 1/1 NoInstanceFound] ../../purescript-backend-optimizer/src/PureScript/Backend/Optimizer/Substitute.purs:63:91

  63          _ = unsafePerformEffect (Console.log ("substituting TypeVar " <> a <> " with " <> show concrete))
                                                                                                ^^^^^^^^^^^^^

  No type class instance was found for
    Data.Show.Show ExprType
  while applying a function show
    of type Show t0 => t0 -> String
    to argument concrete
  while checking that expression show concrete
    has type String
  in binding group substituteExprType
  where t0 is an unknown type

           Src   Lib   All
Warnings     0     2     2
Errors       0     1     1

✘ Failed to build.

=== Go (gopurs) failed ===

=== Rebuilding purust backend ===
Reading Spago workspace configuration...

✓ Selecting package to build: purust

Downloading dependencies...
Building...
[1 of 3] Compiling PureScript.Backend.Optimizer.Substitute
[WARNING 1/2 UnusedName] ../../purescript-backend-optimizer/src/PureScript/Backend/Optimizer/Substitute.purs:48:18

  48  unify (ADT name1 path1 args1) (ADT name2 path2 args2) acc =
                       ^^^^^

  Name path1 was introduced but not used.
  in value declaration unify

[WARNING 2/2 UnusedName] ../../purescript-backend-optimizer/src/PureScript/Backend/Optimizer/Substitute.purs:48:42

  48  unify (ADT name1 path1 args1) (ADT name2 path2 args2) acc =
                                               ^^^^^

  Name path2 was introduced but not used.
  in value declaration unify

[ERROR 1/1 NoInstanceFound] ../../purescript-backend-optimizer/src/PureScript/Backend/Optimizer/Substitute.purs:63:91

  63          _ = unsafePerformEffect (Console.log ("substituting TypeVar " <> a <> " with " <> show concrete))
                                                                                                ^^^^^^^^^^^^^

  No type class instance was found for
    Data.Show.Show ExprType
  while applying a function show
    of type Show t0 => t0 -> String
    to argument concrete
  while checking that expression show concrete
    has type String
  in binding group substituteExprType
  where t0 is an unknown type

           Src   Lib   All
Warnings     0     2     2
Errors       0     1     1

✘ Failed to build.

=== Rust (purust) failed ===

=== Rebuilding sharpurs backend ===
Reading Spago workspace configuration...

✓ Selecting package to build: sharpurs

Downloading dependencies...
Building...
[1 of 3] Compiling PureScript.Backend.Optimizer.Substitute
[WARNING 1/2 UnusedName] ../../purescript-backend-optimizer/src/PureScript/Backend/Optimizer/Substitute.purs:48:18

  48  unify (ADT name1 path1 args1) (ADT name2 path2 args2) acc =
                       ^^^^^

  Name path1 was introduced but not used.
  in value declaration unify

[WARNING 2/2 UnusedName] ../../purescript-backend-optimizer/src/PureScript/Backend/Optimizer/Substitute.purs:48:42

  48  unify (ADT name1 path1 args1) (ADT name2 path2 args2) acc =
                                               ^^^^^

  Name path2 was introduced but not used.
  in value declaration unify

[ERROR 1/1 NoInstanceFound] ../../purescript-backend-optimizer/src/PureScript/Backend/Optimizer/Substitute.purs:63:91

  63          _ = unsafePerformEffect (Console.log ("substituting TypeVar " <> a <> " with " <> show concrete))
                                                                                                ^^^^^^^^^^^^^

  No type class instance was found for
    Data.Show.Show ExprType
  while applying a function show
    of type Show t0 => t0 -> String
    to argument concrete
  while checking that expression show concrete
    has type String
  in binding group substituteExprType
  where t0 is an unknown type

           Src   Lib   All
Warnings     0     2     2
Errors       0     1     1

✘ Failed to build.

=== F#/C# failed ===
