
> purust@0.1.0 test:codegen
> node --test tests/codegen/*.mjs

MonadAff: native dictionary construction, superclass identity, deferred methods and opaque ABI passed in Rc/Arc.
✔ tests/codegen/aff-class.mjs (5001.332083ms)
Branches reconcile boxed values, primitives, functions and ADTs.
✔ tests/codegen/branch-representations.mjs (2479.93925ms)
Constructor branches: ordered paths, dominating tags, aliases, short-circuiting, layouts and opaque boundaries checked.
✔ tests/codegen/child-branches.mjs (445.928375ms)
Child-call proof: aliasing, conversions, field order, saturation, recursive graphs and opaque boundaries checked.
✔ tests/codegen/child-call-eligibility.mjs (3505.017583ms)
Keyword class fields: native literals, constructors, dynamic conversion, projections and distinct labels passed in Rc/Arc.
✔ tests/codegen/class-keyword-fields.mjs (4493.111833ms)
Class record values: top-level bindings, superclass callbacks, native identity, deferred effects and non-class downcasts passed in Rc and Arc.
✔ tests/codegen/class-record-values.mjs (6955.672166ms)
Constructor reuse: native locals, shared inputs, later uses, conversions and single evaluation checked.
✔ tests/codegen/constructor-reuse.mjs (2743.845ms)
/Users/0x1/Documents/htdocs/b8x/run/bak/rust/output/purust-crypto-hash-38I41N
node:internal/modules/run_main:107
    triggerUncaughtException(
    ^

AssertionError [ERR_ASSERTION]: reference: 

permission denied while trying to connect to the docker API at unix:///Users/0x1/.orbstack/run/docker.sock


1 !== 0

    at run (file:///Users/0x1/Documents/htdocs/purust/purust/tests/codegen/crypto-hash-ffi.mjs:35:10)
    at file:///Users/0x1/Documents/htdocs/purust/purust/tests/codegen/crypto-hash-ffi.mjs:121:32
    at ModuleJob.run (node:internal/modules/esm/module_job:371:25)
    at async onImport.tracePromise.__proto__ (node:internal/modules/esm/loader:702:26)
    at async asyncRunEntryPointWithESMLoader (node:internal/modules/run_main:101:5) {
  generatedMessage: false,
  code: 'ERR_ASSERTION',
  actual: 1,
  expected: 0,
  operator: 'strictEqual',
  diff: 'simple'
}

Node.js v24.8.0
✖ tests/codegen/crypto-hash-ffi.mjs (1280.052458ms)
/Users/0x1/Documents/htdocs/b8x/run/bak/rust/output/purust-datetime-instant-V5cs9B
node:internal/modules/run_main:107
    triggerUncaughtException(
    ^

AssertionError [ERR_ASSERTION]: reference: 

permission denied while trying to connect to the docker API at unix:///Users/0x1/.orbstack/run/docker.sock


1 !== 0

    at run (file:///Users/0x1/Documents/htdocs/purust/purust/tests/codegen/datetime-instant-ffi.mjs:35:10)
    at file:///Users/0x1/Documents/htdocs/purust/purust/tests/codegen/datetime-instant-ffi.mjs:183:32
    at ModuleJob.run (node:internal/modules/esm/module_job:371:25)
    at async onImport.tracePromise.__proto__ (node:internal/modules/esm/loader:702:26)
    at async asyncRunEntryPointWithESMLoader (node:internal/modules/run_main:101:5) {
  generatedMessage: false,
  code: 'ERR_ASSERTION',
  actual: 1,
  expected: 0,
  operator: 'strictEqual',
  diff: 'simple'
}

Node.js v24.8.0
✖ tests/codegen/datetime-instant-ffi.mjs (1372.138375ms)
26-deep boxed/native constructor reads: bounded compilation, lifetime, identity, single evaluation and invalid paths passed in Rc/Arc.
✔ tests/codegen/deep-constructor-fields.mjs (8277.879959ms)
Discarded callback parameters skip unused conversions; used and captured parameters retain their checks.
✔ tests/codegen/discarded-callbacks.mjs (2973.67925ms)
Effect FFI: pure, bind and loops preserve deferral, order and replay.
✔ tests/codegen/effect-ffi.mjs (3234.877709ms)
Erased abstractions: captured, binary, uncurried and partial binder Rust checks passed.
✔ tests/codegen/erased-abstractions.mjs (2192.986333ms)
✔ FFI Cargo: absent declaration preserves output; pinned dependencies retain their options (6.97825ms)
✔ FFI Cargo: reject malformed declarations, injection, unsupported sources and reserved/colliding names (4.543208ms)
Erased FFI values: append, map, array comparison and unsafePartial Rust checks passed.
✔ tests/codegen/ffi-erased-values.mjs (3218.166083ms)
Field reads preserve shared children, persistent parents, conversions and single evaluation.
✔ tests/codegen/field-borrows.mjs (2955.239084ms)
Field permutations: 53 accepted/rejected proofs, six layouts/directions executed under Rc and Arc with unique/shared/weak cells, staged scalars and preserved frontiers.
✔ tests/codegen/field-permutations.mjs (6425.685583ms)
✔ tests/codegen/foreign-error.mjs (155.793584ms)
/Users/0x1/Documents/htdocs/b8x/run/bak/rust/output/purust-object-foldm-jRX1Wt
node:internal/modules/run_main:107
    triggerUncaughtException(
    ^

AssertionError [ERR_ASSERTION]: normal: 

permission denied while trying to connect to the docker API at unix:///Users/0x1/.orbstack/run/docker.sock


1 !== 0

    at file:///Users/0x1/Documents/htdocs/purust/purust/tests/codegen/foreign-object-foldm.mjs:114:12 {
  generatedMessage: false,
  code: 'ERR_ASSERTION',
  actual: 1,
  expected: 0,
  operator: 'strictEqual',
  diff: 'simple'
}

Node.js v24.8.0
✖ tests/codegen/foreign-object-foldm.mjs (497.151ms)
Foreign.Object bridges native records only, preserving fields and existing object identity in Rc/Arc.
✔ tests/codegen/foreign-object-values.mjs (6049.528791ms)
Foreign opaque declarations retain identity, respect supplied layouts and cannot be instantiated in Rc/Arc.
✔ tests/codegen/foreign-types.mjs (572.81125ms)
✔ tests/codegen/free-val.mjs (185.787834ms)
arity 12: typed/boxed/curried normal/threaded checks passed; /var/folders/w9/l8bnb22d6c75c401f71djbt00000gn/T/purust-arity12-lWVWY0
✔ tests/codegen/function-arity12.mjs (5760.224458ms)
Borrowed calls: native and TypeApp wrappers, conversions, computed callees, argument order and unwind releases checked.
✔ tests/codegen/function-borrows.mjs (3183.767458ms)
Counted function fusion: typed shape, renamed/local identities, callback order, counter captures, conversions, opaque calls and recursive groups checked.
✔ tests/codegen/function-fusion.mjs (217.606292ms)
Imported main values keep distinct qualified symbols and entry aliases.
✔ tests/codegen/imported-main.mjs (2680.736125ms)
normal: JSON: 1287 differential cases and native property-order checks passed
threaded: JSON: 1287 differential cases and native property-order checks passed
/var/folders/w9/l8bnb22d6c75c401f71djbt00000gn/T/purust-json-34xdGB
✔ tests/codegen/json-ffi.mjs (19618.206583ms)
normal: JSON: 1588 valid, 638 rejected, 72 pretty-print and 1287 stringify cases passed
threaded: JSON: 1588 valid, 638 rejected, 72 pretty-print and 1287 stringify cases passed
/var/folders/w9/l8bnb22d6c75c401f71djbt00000gn/T/purust-json-parse-fgZZoc
✔ tests/codegen/json-parse.mjs (20852.674458ms)
Known nullary boundaries: tested calls run once; conversions, false arms, payload tags and deferred captures checked.
✔ tests/codegen/known-nullaries.mjs (2732.46525ms)
normal: test result: ok. 12 passed; 0 failed; 0 ignored; 0 measured; 0 filtered out; finished in 0.00s
threaded: test result: ok. 10 passed; 0 failed; 0 ignored; 0 measured; 0 filtered out; finished in 0.56s
✔ Data.Lazy (normal): memoization, ownership, unwind and contention (3001.241458ms)
✔ Data.Lazy (threaded): memoization, ownership, unwind and contention (3551.567625ms)
Local names: recursive groups, global references and effect shadowing checks passed.
✔ tests/codegen/local-names.mjs (68.3255ms)
Lexical locals preserve values across name collisions and nested abstractions.
✔ tests/codegen/local-shadowing.mjs (3014.90875ms)
Module values: original closed TAST eligibility and explicit normal/threaded typed storage
✔ tests/codegen/module-values.mjs (64.750875ms)
Typed annotations and type applications: 4 generated Rust checks passed.
✔ tests/codegen/nested-typed.mjs (2995.203916ms)
✔ Effect.Now.now (normal): deferred clock, replay and Effect bind (3028.201291ms)
✔ Effect.Now.now (threaded): deferred clock, replay and Effect bind (3010.754084ms)
Owned String boxing preserves UTF-16 and compiles diverging expressions without an unsized str.
✔ tests/codegen/owned-string.mjs (3022.169041ms)
Partial applications, global not signatures, array-pattern fields and boxed bit operations passed.
✔ tests/codegen/partial-application-types.mjs (3024.88175ms)
Partial polymorphic aliases preserve emitted arity and callback execution in Rc/Arc.
✔ tests/codegen/partial-function-alias.mjs (6049.497541ms)
✔ tests/codegen/pipes-x.mjs (77.399375ms)
✔ polymorphic identity preserves the caller value and its type scope (1.063333ms)
✔ identity does not invoke or force a function, effect, or delayed reference (0.115584ms)
✔ the guard retains other polymorphic implementations and unsupported spines (0.1555ms)
✔ identity reduction respects explicit inlining directives (0.223959ms)
Post-child helpers preserve constructor-helper names and omit always-false predicates.
✔ tests/codegen/post-child-helpers.mjs (2844.038583ms)
Post-child call: both arms, single evaluation, unique/shared/Weak unwind and allocation balance checked.
✔ tests/codegen/post-child-panic.mjs (2999.6825ms)
Primitive modulo: 12 generated Rust checks passed.
✔ tests/codegen/primitive-modulo.mjs (3011.387208ms)
Promise.Rejection: transparent payload, native Error identity, curried/uncurried ABI passed in Rc/Arc.
✔ tests/codegen/promise-rejection.mjs (6038.573709ms)
Pure effects and primitive ST refs preserve values, defer execution, replay and share cells with the FFI.
✔ tests/codegen/pure-effect-values.mjs (3002.561208ms)
Quoted instance names: declarations and imported references agree; /var/folders/w9/l8bnb22d6c75c401f71djbt00000gn/T/purust-quoted-instances-P8cOJq
✔ tests/codegen/quoted-instance-names.mjs (3016.739666ms)
Record borrowing: closed TAST paths, four native scalars, root storage, annotations and opaque boundaries checked.
✔ tests/codegen/record-borrows.mjs (55.650417ms)
Record child reuse: closed TAST rows, same local/field, wrappers, one path across three child levels, sibling limit, sharing/liveness and fallback guards checked.
✔ tests/codegen/record-child-reuse.mjs (93.246333ms)
record keywords: closed/generic/dynamic fields preserve labels in Rc/Arc; /var/folders/w9/l8bnb22d6c75c401f71djbt00000gn/T/purust-record-keywords-2ef1x0
✔ tests/codegen/record-keyword.mjs (5889.854541ms)
record metadata fields: normal/threaded native checks passed; /var/folders/w9/l8bnb22d6c75c401f71djbt00000gn/T/purust-record-metadata-ap0AoB
✔ tests/codegen/record-metadata-fields.mjs (6035.5385ms)
record name: normal/threaded native checks passed; /var/folders/w9/l8bnb22d6c75c401f71djbt00000gn/T/purust-record-name-cSZTWA
✔ tests/codegen/record-name.mjs (5468.075541ms)
Record root move: last use, compatible wrappers, live/captured bases, calls, open rows, conversions and already movable bases checked.
✔ tests/codegen/record-root-move.mjs (84.136333ms)
normal: test result: ok. 10 passed; 0 failed; 0 ignored; 0 measured; 0 filtered out; finished in 0.00s
threaded: test result: ok. 7 passed; 0 failed; 0 ignored; 0 measured; 0 filtered out; finished in 0.00s
✔ tests/codegen/record-set-ffi.mjs (5625.603958ms)
Recursive values: opaque identity, aliases, primitives, records and function adapters passed in local and threaded modes.
✔ tests/codegen/recursive-values.mjs (5377.330792ms)
Foreign names retain their declarations and meaning at worker/helper boundaries.
✔ tests/codegen/return-cell-names.mjs (5680.564083ms)
A local Value ADT cannot shadow runtime boxing, callbacks, records or effects in Rc/Arc.
✔ tests/codegen/runtime-value-shadow.mjs (6021.815209ms)
Test.Spec.Console.write: silent construction, replay, UTF-16/ANSI bytes and closed stdout passed in normal/threaded modes (closed stdout: Unix only).
✔ tests/codegen/spec-console-ffi.mjs (6034.66825ms)
Native superclass thunk results survive two unannotated projections.
✔ tests/codegen/superclass-fields.mjs (2925.5925ms)
Tag tests preserve shared parents, opaque sum/value-enum checks, conversions and single evaluation.
✔ tests/codegen/tag-borrows.mjs (2771.753917ms)
Tail calls: local and global loops preserve Value/int conversions and argument swaps.
✔ tests/codegen/tail-call-values.mjs (2904.888292ms)
threaded runtime: Send + Sync, 8000 atomic Ref updates, shared thunk initialization, literal preservation
✔ tests/codegen/threaded-runtime.mjs (2988.258584ms)
Thunk fusion guards: demand counts, closed inputs, Int bounds, proof budget, deferred/opaque calls, recursive scopes, fresh names and unchanged fallback verified.
✔ tests/codegen/thunk-fusion.mjs (110.268333ms)
Typed Let results: deferred effects, nested scopes, recursive bindings and retained functions passed.
✔ tests/codegen/typed-let-results.mjs (2898.839958ms)
Opaque Fn2/Fn10 bindings return callable Values and retain captures across repeated calls.
✔ tests/codegen/uncurried-binding-values.mjs (3435.387833ms)
Unit construction x1000: allocations=0, requested_bytes=0, deallocations=0
Unit passage x1000: allocations=0, requested_bytes=0, deallocations=0
Minimal runtime: Value=24 bytes, Record_a=96 bytes
✔ tests/codegen/unit-values.mjs (3693.196166ms)
Unsafe primitives: first-class coercion, preserved identities, deferred function results and Partial crash diagnostics passed.
✔ tests/codegen/unsafe-primitives.mjs (3166.100334ms)
UTF-16 literals, all Char units and order, Show, PUA separation and UTF-8 console boundaries passed.
(node:61528) [MODULE_TYPELESS_PACKAGE_JSON] Warning: Module type of file:///Users/0x1/Documents/htdocs/purust/purust-prelude/src/Data/Show.js is not specified and it doesn't parse as CommonJS.
Reparsing as ES module because module syntax was detected. This incurs a performance overhead.
To eliminate this warning, add "type": "module" to /Users/0x1/Documents/htdocs/purust/purust-prelude/package.json.
(Use `node --trace-warnings ...` to show where the warning was created)
✔ tests/codegen/utf16-values.mjs (3428.544459ms)
/Users/0x1/Documents/htdocs/b8x/run/bak/rust/output/purust-uuid-FNVs19
node:internal/modules/run_main:107
    triggerUncaughtException(
    ^

AssertionError [ERR_ASSERTION]: reference: 

permission denied while trying to connect to the docker API at unix:///Users/0x1/.orbstack/run/docker.sock


1 !== 0

    at run (file:///Users/0x1/Documents/htdocs/purust/purust/tests/codegen/uuid-ffi.mjs:39:10)
    at file:///Users/0x1/Documents/htdocs/purust/purust/tests/codegen/uuid-ffi.mjs:170:32
    at ModuleJob.run (node:internal/modules/esm/module_job:371:25)
    at async onImport.tracePromise.__proto__ (node:internal/modules/esm/loader:702:26)
    at async asyncRunEntryPointWithESMLoader (node:internal/modules/run_main:101:5) {
  generatedMessage: false,
  code: 'ERR_ASSERTION',
  actual: 1,
  expected: 0,
  operator: 'strictEqual',
  diff: 'simple'
}

Node.js v24.8.0
✖ tests/codegen/uuid-ffi.mjs (752.313333ms)
Color: 1 byte(s); 1000 native iterations: 0 allocations; one tree node: 1 allocation
✔ tests/codegen/value-enums.mjs (3186.758541ms)
✔ tests/codegen/variant-case.mjs (81.905375ms)
Variant: 44 mapping boundaries; Value/native literals, scalar projections, native identity and negative receivers passed in Rc/Arc.
✔ tests/codegen/variant-public.mjs (3583.202542ms)
ℹ tests 77
ℹ suites 0
ℹ pass 73
ℹ fail 4
ℹ cancelled 0
ℹ skipped 0
ℹ todo 0
ℹ duration_ms 24368.8405

✖ failing tests:

test at tests/codegen/crypto-hash-ffi.mjs:1:1
✖ tests/codegen/crypto-hash-ffi.mjs (1280.052458ms)
  'test failed'

test at tests/codegen/datetime-instant-ffi.mjs:1:1
✖ tests/codegen/datetime-instant-ffi.mjs (1372.138375ms)
  'test failed'

test at tests/codegen/foreign-object-foldm.mjs:1:1
✖ tests/codegen/foreign-object-foldm.mjs (497.151ms)
  'test failed'

test at tests/codegen/uuid-ffi.mjs:1:1
✖ tests/codegen/uuid-ffi.mjs (752.313333ms)
  'test failed'
