=== RUN   TestFixedRSS
RSS workload n20 iterations=10000 result=1200
--- PASS: TestFixedRSS (0.86s)
PASS
        0.86 real         0.93 user         0.02 sys
            43515904  maximum resident set size
                   0  average shared memory size
                   0  average unshared data size
                   0  average unshared stack size
                2855  page reclaims
                   0  page faults
                   0  swaps
                   0  block input operations
                   0  block output operations
                   0  messages sent
                   0  messages received
                 687  signals received
                  31  voluntary context switches
                3045  involuntary context switches
         19020328111  instructions retired
          3842129457  cycles elapsed
            40911376  peak memory footprint
