=== RUN   TestFixedRSS
RSS workload n20 iterations=10000 result=1200
--- PASS: TestFixedRSS (1.45s)
PASS
        1.45 real         1.58 user         0.05 sys
            44580864  maximum resident set size
                   0  average shared memory size
                   0  average unshared data size
                   0  average unshared stack size
                2918  page reclaims
                   0  page faults
                   0  swaps
                   0  block input operations
                   0  block output operations
                   0  messages sent
                   0  messages received
                1428  signals received
                 212  voluntary context switches
                5746  involuntary context switches
         31240764949  instructions retired
          6204817226  cycles elapsed
            41976336  peak memory footprint
