=== RUN   TestFixedRSS
RSS workload n20 iterations=10000 result=1200
--- PASS: TestFixedRSS (0.95s)
PASS
        0.95 real         1.06 user         0.03 sys
            43925504  maximum resident set size
                   0  average shared memory size
                   0  average unshared data size
                   0  average unshared stack size
                2881  page reclaims
                   0  page faults
                   0  swaps
                   0  block input operations
                   0  block output operations
                   0  messages sent
                   0  messages received
                 902  signals received
                 116  voluntary context switches
                4297  involuntary context switches
         19045550145  instructions retired
          4132526881  cycles elapsed
            41337360  peak memory footprint
