=== RUN   TestFixedRSS
RSS workload n20 iterations=10000 result=1200
--- PASS: TestFixedRSS (0.96s)
PASS
        0.96 real         1.05 user         0.03 sys
            43155456  maximum resident set size
                   0  average shared memory size
                   0  average unshared data size
                   0  average unshared stack size
                2836  page reclaims
                   0  page faults
                   0  swaps
                   0  block input operations
                   0  block output operations
                   0  messages sent
                   0  messages received
                 971  signals received
                 125  voluntary context switches
                3915  involuntary context switches
         19038106359  instructions retired
          4118852690  cycles elapsed
            40567336  peak memory footprint
