=== RUN   TestFixedRSS
RSS workload n20 iterations=10000 result=1200
--- PASS: TestFixedRSS (1.47s)
PASS
        1.47 real         1.60 user         0.05 sys
            43778048  maximum resident set size
                   0  average shared memory size
                   0  average unshared data size
                   0  average unshared stack size
                2877  page reclaims
                   0  page faults
                   0  swaps
                   0  block input operations
                   0  block output operations
                   0  messages sent
                   0  messages received
                1337  signals received
                 211  voluntary context switches
                6257  involuntary context switches
         31258134648  instructions retired
          6270379772  cycles elapsed
            41157136  peak memory footprint
