=== RUN   TestFixedRSS
RSS workload n20 iterations=10000 result=1200
--- PASS: TestFixedRSS (0.96s)
PASS
        0.96 real         1.06 user         0.03 sys
            43728896  maximum resident set size
                   0  average shared memory size
                   0  average unshared data size
                   0  average unshared stack size
                2867  page reclaims
                   0  page faults
                   0  swaps
                   0  block input operations
                   0  block output operations
                   0  messages sent
                   0  messages received
                 919  signals received
                 109  voluntary context switches
                3955  involuntary context switches
         19028593383  instructions retired
          4140911026  cycles elapsed
            41108008  peak memory footprint
