=== RUN   TestFixedRSS
RSS workload n900 iterations=10000 result=202950
--- PASS: TestFixedRSS (0.10s)
PASS
        0.10 real         0.10 user         0.00 sys
            41730048  maximum resident set size
                   0  average shared memory size
                   0  average unshared data size
                   0  average unshared stack size
                2743  page reclaims
                   0  page faults
                   0  swaps
                   0  block input operations
                   0  block output operations
                   0  messages sent
                   0  messages received
                 108  signals received
                   9  voluntary context switches
                 855  involuntary context switches
          2313111868  instructions retired
           451889965  cycles elapsed
            39174720  peak memory footprint
