=== RUN   TestFixedRSS
RSS workload n90000 iterations=100 result=2025045000
--- PASS: TestFixedRSS (0.10s)
PASS
        0.10 real         0.11 user         0.00 sys
            44400640  maximum resident set size
                   0  average shared memory size
                   0  average unshared data size
                   0  average unshared stack size
                2909  page reclaims
                   0  page faults
                   0  swaps
                   0  block input operations
                   0  block output operations
                   0  messages sent
                   0  messages received
                 233  signals received
                  20  voluntary context switches
                1126  involuntary context switches
          2559915589  instructions retired
           458319204  cycles elapsed
            41812496  peak memory footprint
