=== RUN   TestFixedRSS
RSS workload n90000 iterations=100 result=2025045000
--- PASS: TestFixedRSS (0.10s)
PASS
        0.10 real         0.10 user         0.01 sys
            51625984  maximum resident set size
                   0  average shared memory size
                   0  average unshared data size
                   0  average unshared stack size
                3365  page reclaims
                   0  page faults
                   0  swaps
                   0  block input operations
                   0  block output operations
                   0  messages sent
                   0  messages received
                 205  signals received
                  26  voluntary context switches
                1144  involuntary context switches
          2548403039  instructions retired
           464306926  cycles elapsed
            48955944  peak memory footprint
