=== RUN   TestFixedRSS
RSS workload n900 iterations=10000 result=202950
--- PASS: TestFixedRSS (0.10s)
PASS
        0.10 real         0.10 user         0.00 sys
            42123264  maximum resident set size
                   0  average shared memory size
                   0  average unshared data size
                   0  average unshared stack size
                2770  page reclaims
                   0  page faults
                   0  swaps
                   0  block input operations
                   0  block output operations
                   0  messages sent
                   0  messages received
                  89  signals received
                   4  voluntary context switches
                 638  involuntary context switches
          2256997146  instructions retired
           431310531  cycles elapsed
            39567912  peak memory footprint
