=== RUN   TestFixedRSS
RSS workload n900 iterations=10000 result=202950
--- PASS: TestFixedRSS (0.10s)
PASS
        0.10 real         0.11 user         0.00 sys
            41844736  maximum resident set size
                   0  average shared memory size
                   0  average unshared data size
                   0  average unshared stack size
                2755  page reclaims
                   0  page faults
                   0  swaps
                   0  block input operations
                   0  block output operations
                   0  messages sent
                   0  messages received
                 112  signals received
                   8  voluntary context switches
                 848  involuntary context switches
          2313963621  instructions retired
           466642646  cycles elapsed
            39240208  peak memory footprint
