=== RUN   TestFixedRSS
RSS workload n90000 iterations=100 result=2025045000
--- PASS: TestFixedRSS (0.10s)
PASS
        0.10 real         0.10 user         0.00 sys
            48840704  maximum resident set size
                   0  average shared memory size
                   0  average unshared data size
                   0  average unshared stack size
                3194  page reclaims
                   0  page faults
                   0  swaps
                   0  block input operations
                   0  block output operations
                   0  messages sent
                   0  messages received
                 199  signals received
                  28  voluntary context switches
                1189  involuntary context switches
          2490576556  instructions retired
           452937182  cycles elapsed
            46137896  peak memory footprint
