=== RUN   TestFixedRSS
RSS workload n90000 iterations=100 result=2025045000
--- PASS: TestFixedRSS (0.10s)
PASS
        0.10 real         0.10 user         0.01 sys
            49774592  maximum resident set size
                   0  average shared memory size
                   0  average unshared data size
                   0  average unshared stack size
                3241  page reclaims
                   0  page faults
                   0  swaps
                   0  block input operations
                   0  block output operations
                   0  messages sent
                   0  messages received
                 195  signals received
                  15  voluntary context switches
                1137  involuntary context switches
          2527412036  instructions retired
           461380422  cycles elapsed
            47071784  peak memory footprint
