=== RUN   TestFixedRSS
RSS workload n90000 iterations=100 result=2025045000
--- PASS: TestFixedRSS (0.10s)
PASS
        0.10 real         0.11 user         0.01 sys
            48758784  maximum resident set size
                   0  average shared memory size
                   0  average unshared data size
                   0  average unshared stack size
                3180  page reclaims
                   0  page faults
                   0  swaps
                   0  block input operations
                   0  block output operations
                   0  messages sent
                   0  messages received
                 208  signals received
                  27  voluntary context switches
                1301  involuntary context switches
          2548237141  instructions retired
           469229889  cycles elapsed
            46137896  peak memory footprint
