=== RUN   TestFixedRSS
RSS workload n90000 iterations=100 result=2025045000
--- PASS: TestFixedRSS (0.10s)
PASS
        0.10 real         0.10 user         0.00 sys
            48021504  maximum resident set size
                   0  average shared memory size
                   0  average unshared data size
                   0  average unshared stack size
                3135  page reclaims
                   0  page faults
                   0  swaps
                   0  block input operations
                   0  block output operations
                   0  messages sent
                   0  messages received
                 176  signals received
                  18  voluntary context switches
                1093  involuntary context switches
          2528278648  instructions retired
           451268893  cycles elapsed
            45367824  peak memory footprint
