=== RUN   TestFixedRSS
RSS workload n90000 iterations=100 result=2025045000
--- PASS: TestFixedRSS (0.11s)
PASS
        0.11 real         0.11 user         0.01 sys
            53952512  maximum resident set size
                   0  average shared memory size
                   0  average unshared data size
                   0  average unshared stack size
                3504  page reclaims
                   0  page faults
                   0  swaps
                   0  block input operations
                   0  block output operations
                   0  messages sent
                   0  messages received
                 234  signals received
                  14  voluntary context switches
                1345  involuntary context switches
          2594844132  instructions retired
           482726799  cycles elapsed
            51331624  peak memory footprint
