
> sharpurs@0.1.0 build
> spago build && spago bundle --module Main --platform node --outfile bin/sharpurs.js --bundle-type app

Reading Spago workspace configuration...

✓ Selecting package to build: sharpurs

Downloading dependencies...
Building...
[1 of 5] Compiling Sharpurs.AdtKernel
[2 of 5] Compiling Sharpurs.CodeGen
[3 of 5] Compiling Test.Main
[4 of 5] Compiling Main
[5 of 5] Compiling Sharpurs.AdtInterop
[WARNING 1/15 UnusedImport] src/Main.purs:9:1

  9  import Effect.Class.Console as Console
     ^^^^^^^^^^^^^^^^^^^^^^^^^^^^^^^^^^^^^^

  The qualified import of Effect.Class.Console as Console is redundant

[WARNING 2/15 UnusedImport] src/Main.purs:21:1

  21  import Data.List (List(..))
      ^^^^^^^^^^^^^^^^^^^^^^^^^^^

  The import of Data.List is redundant

[WARNING 3/15 UnusedExplicitImport] src/Main.purs:22:1

  22  import PureScript.Backend.Optimizer.App (coreFnModulesFromOutput, parseCLIArgs, checkCache, writeCache, loadDirectives)
      ^^^^^^^^^^^^^^^^^^^^^^^^^^^^^^^^^^^^^^^^^^^^^^^^^^^^^^^^^^^^^^^^^^^^^^^^^^^^^^^^^^^^^^^^^^^^^^^^^^^^^^^^^^^^^^^^^^^^^^^

  The import of module PureScript.Backend.Optimizer.App contains the following unused references:
    checkCache
    writeCache
  It could be replaced with:
    import PureScript.Backend.Optimizer.App (coreFnModulesFromOutput, loadDirectives, parseCLIArgs)

[WARNING 4/15 UnusedImport] src/Main.purs:33:1

  33  import Data.String (joinWith)
      ^^^^^^^^^^^^^^^^^^^^^^^^^^^^^

  The import of Data.String is redundant

[WARNING 5/15 UnusedName] src/Main.purs:98:7

  98    let cacheVersion = "1.0.0"
            ^^^^^^^^^^^^^^^^^^^^^^

  Name cacheVersion was introduced but not used.
  in value declaration main

[WARNING 6/15 UnusedName] src/Main.purs:113:13

  113          let modNameStr = unwrap coreFnMod.name
                   ^^^^^^^^^^^^^^^^^^^^^^^^^^^^^^^^^^

  Name modNameStr was introduced but not used.
  in value declaration main

[WARNING 7/15 ShadowedName] src/Main.purs:138:17

  138              let wrappers = appendFfiWrappers modNameStr requiredForeigns content
                       ^^^^^^^^^^^^^^^^^^^^^^^^^^^^^^^^^^^^^^^^^^^^^^^^^^^^^^^^^^^^^^^^

  Name wrappers was shadowed.
  in value declaration main

[WARNING 8/15 ShadowedName] src/Sharpurs/AdtKernel.purs:238:9

  238      let publicName = sanitizeName (String.replaceAll (Pattern ".") (Replacement "_") layout.moduleName <> "_" <> unwrap name)
               ^^^^^^^^^^^^^^^^^^^^^^^^^^^^^^^^^^^^^^^^^^^^^^^^^^^^^^^^^^^^^^^^^^^^^^^^^^^^^^^^^^^^^^^^^^^^^^^^^^^^^^^^^^^^^^^^^^^^^

  Name publicName was shadowed.
  in value declaration fromModule

[WARNING 9/15 UnusedImport] src/Sharpurs/CodeGen.purs:9:1

  9  import Data.String.CodeUnits as CU
     ^^^^^^^^^^^^^^^^^^^^^^^^^^^^^^^^^^

  The qualified import of Data.String.CodeUnits as CU is redundant

[WARNING 10/15 DuplicateImport] src/Sharpurs/CodeGen.purs:18:1

  18  import Data.Maybe (Maybe(..), fromMaybe)
      ^^^^^^^^^^^^^^^^^^^^^^^^^^^^^^^^^^^^^^^^

  Duplicate import of Data.Maybe (Maybe(..), fromMaybe)

[WARNING 11/15 ShadowedName] src/Sharpurs/CodeGen.purs:77:5

  77      translateDataDecl decl = FsDeclData (modPrefix <> "_" <> sanitizeName decl.name) (map translateDataCtor decl.constructors)
          ^^^^^^^^^^^^^^^^^^^^^^^^^^^^^^^^^^^^^^^^^^^^^^^^^^^^^^^^^^^^^^^^^^^^^^^^^^^^^^^^^^^^^^^^^^^^^^^^^^^^^^^^^^^^^^^^^^^^^^^^^^

  Name translateDataDecl was shadowed.
  in value declaration translateModuleUsing

[WARNING 12/15 ShadowedName] src/Sharpurs/CodeGen.purs:195:16

  195      expandBind adtCtors currentMod (Binding _ (Ident name) val) =
                      ^^^^^^^^

  Name adtCtors was shadowed.
  in value declaration translateBindUsing

[WARNING 13/15 ShadowedName] src/Sharpurs/CodeGen.purs:195:25

  195      expandBind adtCtors currentMod (Binding _ (Ident name) val) =
                               ^^^^^^^^^^

  Name currentMod was shadowed.
  in value declaration translateBindUsing

[WARNING 14/15 ShadowedName] src/Sharpurs/CodeGen.purs:379:17

  379    ExprTypeApp _ expr _ -> translateExpr adtCtors localEnv currentMod expr
                       ^^^^

  Name expr was shadowed.
  in value declaration translateExprFallback

[WARNING 15/15 ShadowedName] src/Sharpurs/CodeGen.purs:412:60

  412              recStrs = Array.concat (Array.mapWithIndex (\i b -> makeLocalRec b i) bindings)
                                                                  ^

  Name b was shadowed.
  in value declaration translateExprFallback

           Src   Lib   All
Warnings    15     0    15
Errors       0     0     0

✓ Build succeeded.

Reading Spago workspace configuration...

✓ Selecting package to build: sharpurs

Downloading dependencies...
Building...
           Src   Lib   All
Warnings     0     0     0
Errors       0     0     0

✓ Build succeeded.

Bundling...

  bin/sharpurs.js  1.0mb ⚠️

⚡ Done in 25ms

✓ Bundle succeeded.

