
> sharpurs@0.1.0 build
> spago build && spago bundle --module Main --platform node --outfile bin/sharpurs.js --bundle-type app

Reading Spago workspace configuration...

✓ Selecting package to build: sharpurs

Downloading dependencies...
Building...
[  1 of 422] Compiling Spago.Generated.BuildInfo
[  3 of 422] Compiling Type.Row
[  4 of 422] Compiling Type.Proxy
[  5 of 422] Compiling Type.Function
[  2 of 422] Compiling Type.Equality
[  6 of 422] Compiling Sharpurs.FfiSupport
[  7 of 422] Compiling Unsafe.Coerce
[  8 of 422] Compiling Record.Unsafe
[  9 of 422] Compiling PureScript.Backend.Optimizer.Directives.Defaults
[ 10 of 422] Compiling Partial
[ 11 of 422] Compiling Data.Unit
[ 12 of 422] Compiling Data.Void
[ 13 of 422] Compiling Data.String.Unsafe
[ 14 of 422] Compiling Data.Traversable.Accum
[ 15 of 422] Compiling Data.NaturalTransformation
[ 16 of 422] Compiling Data.Int.Bits
[ 17 of 422] Compiling Data.Boolean
[ 19 of 422] Compiling Data.ArrayBuffer.Types
[ 18 of 422] Compiling Control.Semigroupoid
[ 20 of 422] Compiling Data.Symbol
[ 21 of 422] Compiling Data.Function.Uncurried
[ 22 of 422] Compiling Control.Lazy
[ 23 of 422] Compiling Partial.Unsafe
[ 24 of 422] Compiling Type.Data.Boolean
[ 25 of 422] Compiling Safe.Coerce
[ 26 of 422] Compiling Data.Exists
[ 27 of 422] Compiling Control.Category
[ 28 of 422] Compiling Data.Semigroup
[ 29 of 422] Compiling Data.Semiring
[ 30 of 422] Compiling Data.HeytingAlgebra
[ 31 of 422] Compiling Record.Unsafe.Union
[ 32 of 422] Compiling Data.Show
[ 33 of 422] Compiling Data.Ring
[ 34 of 422] Compiling Data.Generic.Rep
[ 35 of 422] Compiling Data.BooleanAlgebra
[ 36 of 422] Compiling Data.Eq
[ 37 of 422] Compiling Data.CommutativeRing
[ 39 of 422] Compiling Data.Ordering
[ 38 of 422] Compiling Data.EuclideanRing
[ 40 of 422] Compiling Type.Data.Ordering
[ 41 of 422] Compiling Data.Ord
[ 42 of 422] Compiling Data.DivisionRing
[ 43 of 422] Compiling Data.Field
[ 44 of 422] Compiling Type.Data.Symbol
[ 45 of 422] Compiling Type.RowList
[ 46 of 422] Compiling Type.Prelude
[ 47 of 422] Compiling Type.Row.Homogeneous
[ 48 of 422] Compiling Data.Monoid
[ 49 of 422] Compiling Data.Function
[ 50 of 422] Compiling Data.Reflectable
[ 51 of 422] Compiling Data.Bounded
[ 52 of 422] Compiling Data.Functor
[ 53 of 422] Compiling Data.Monoid.Generic
[ 54 of 422] Compiling Control.Alt
[ 55 of 422] Compiling Control.Extend
[ 56 of 422] Compiling Data.Bounded.Generic
[ 57 of 422] Compiling Control.Apply
[ 58 of 422] Compiling Control.Plus
[ 59 of 422] Compiling Control.Comonad
[ 60 of 422] Compiling Control.Applicative
[ 62 of 422] Compiling Control.Alternative
[ 61 of 422] Compiling Control.Bind
[ 63 of 422] Compiling Control.Monad
[ 64 of 422] Compiling Prelude
[ 65 of 422] Compiling Control.MonadPlus
[ 66 of 422] Compiling Data.Semigroup.First
[ 67 of 422] Compiling Data.Monoid.Conj
[ 68 of 422] Compiling Data.HeytingAlgebra.Generic
[ 69 of 422] Compiling Data.Traversable.Accum.Internal
[ 70 of 422] Compiling Data.Monoid.Disj
[ 71 of 422] Compiling Node.Buffer.Types
[ 72 of 422] Compiling Data.Semigroup.Last
[ 73 of 422] Compiling Data.Monoid.Dual
[ 75 of 422] Compiling Data.Show.Generic
[ 76 of 422] Compiling Control.Monad.Cont.Class
[ 74 of 422] Compiling Node.FS.Constants
[ 77 of 422] Compiling Data.Monoid.Multiplicative
[ 78 of 422] Compiling Record.Builder
[ 79 of 422] Compiling Effect
[ 80 of 422] Compiling Data.Ord.Generic
[ 81 of 422] Compiling Data.Number.Format
[ 82 of 422] Compiling Data.Ring.Generic
[ 83 of 422] Compiling Node.Encoding
[ 84 of 422] Compiling Control.Monad.Reader.Class
[ 85 of 422] Compiling Data.Monoid.Additive
[ 86 of 422] Compiling Control.Monad.Trans.Class
[ 87 of 422] Compiling Data.Semiring.Generic
[ 88 of 422] Compiling Record
[ 89 of 422] Compiling Data.Monoid.Endo
[ 90 of 422] Compiling Data.Eq.Generic
[ 92 of 422] Compiling Control.Monad.Gen.Class
[ 91 of 422] Compiling Data.Semigroup.Generic
[ 95 of 422] Compiling Effect.Uncurried
[ 96 of 422] Compiling Effect.Class
[ 98 of 422] Compiling Node.Buffer.Constants
[ 93 of 422] Compiling Debug
[ 97 of 422] Compiling Node.Path
[100 of 422] Compiling Effect.Unsafe
[ 94 of 422] Compiling Effect.Ref
[102 of 422] Compiling Data.Yoneda
[ 99 of 422] Compiling Effect.Console
[101 of 422] Compiling Node.FS
[103 of 422] Compiling Data.Newtype
[104 of 422] Compiling Effect.Class.Console
[105 of 422] Compiling Data.Ord.Max
[106 of 422] Compiling Data.Posix
[107 of 422] Compiling Data.Ord.Min
[108 of 422] Compiling Data.String.Pattern
[109 of 422] Compiling Data.Ord.Down
[111 of 422] Compiling Data.Monoid.Alternate
[112 of 422] Compiling Data.Profunctor
[110 of 422] Compiling Data.Functor.App
[113 of 422] Compiling Data.Time.Duration
[115 of 422] Compiling Data.Profunctor.Closed
[114 of 422] Compiling Data.Lens.Internal.Exchange
[116 of 422] Compiling Data.String.Common
[117 of 422] Compiling Data.Functor.Invariant
[118 of 422] Compiling Data.Lens.Internal.Zipping
[119 of 422] Compiling Data.Lens.Internal.Grating
[120 of 422] Compiling Data.Functor.Compose
[121 of 422] Compiling Data.Tuple
[122 of 422] Compiling Data.Identity
[124 of 422] Compiling Data.Const
[123 of 422] Compiling Data.Maybe
[125 of 422] Compiling Data.Profunctor.Split
[126 of 422] Compiling Data.Profunctor.Join
[127 of 422] Compiling Data.Functor.Contravariant
[128 of 422] Compiling Data.Comparison
[129 of 422] Compiling Data.Predicate
[130 of 422] Compiling Data.Op
[131 of 422] Compiling Data.Equivalence
[133 of 422] Compiling Node.Platform
[134 of 422] Compiling Data.Nullable
[132 of 422] Compiling Data.Either
[135 of 422] Compiling Data.Maybe.First
[136 of 422] Compiling Data.Posix.Signal
[138 of 422] Compiling Data.Maybe.Last
[137 of 422] Compiling Data.String.CodeUnits
[139 of 422] Compiling Data.Number
[141 of 422] Compiling Data.Number.Approximate
[140 of 422] Compiling Data.Int
[142 of 422] Compiling Node.Symbol
[143 of 422] Compiling Node.Buffer.Immutable
[144 of 422] Compiling PureScript.Backend.Optimizer.FfiSupport
[145 of 422] Compiling Data.Divide
[146 of 422] Compiling Control.Monad.State.Class
[147 of 422] Compiling Data.Profunctor.Costrong
[148 of 422] Compiling Control.Monad.Writer.Class
[150 of 422] Compiling Data.Profunctor.Strong
[149 of 422] Compiling Data.Tuple.Nested
[151 of 422] Compiling Dodo.Internal
[152 of 422] Compiling Data.Distributive
[153 of 422] Compiling Data.Lens.Internal.Focusing
[154 of 422] Compiling Data.Lens.Internal.Shop
[155 of 422] Compiling Data.Divisible
[156 of 422] Compiling Node.Buffer.Class
[157 of 422] Compiling Data.Decide
[159 of 422] Compiling Effect.Exception
[161 of 422] Compiling Data.Profunctor.Cochoice
[160 of 422] Compiling Node.EventEmitter
[162 of 422] Compiling Data.Profunctor.Choice
[158 of 422] Compiling Data.Either.Nested
[163 of 422] Compiling Data.Bifunctor
[164 of 422] Compiling Data.Either.Inject
[165 of 422] Compiling Node.Buffer
[166 of 422] Compiling Effect.Exception.Unsafe
[167 of 422] Compiling Control.Monad.Error.Class
[168 of 422] Compiling Data.Lens.Internal.Re
[169 of 422] Compiling Data.Profunctor.Star
[170 of 422] Compiling Data.Lens.Internal.Stall
[171 of 422] Compiling Data.Functor.Product
[172 of 422] Compiling Data.Lens.Internal.Market
[173 of 422] Compiling Data.Functor.Costar
[174 of 422] Compiling Data.Decidable
[175 of 422] Compiling Data.Functor.Coproduct
[176 of 422] Compiling Control.Monad.Rec.Class
[177 of 422] Compiling Control.Biapply
[178 of 422] Compiling Node.EventEmitter.UtilTypes
[179 of 422] Compiling Node.Stream
[180 of 422] Compiling Control.Biapplicative
[181 of 422] Compiling Data.Functor.Product.Nested
[182 of 422] Compiling Data.Functor.Product2
[183 of 422] Compiling Data.Functor.Joker
[184 of 422] Compiling Data.Bifunctor.Join
[185 of 422] Compiling Data.Functor.Flip
[186 of 422] Compiling Data.Functor.Clown
[188 of 422] Compiling Data.Functor.Coproduct.Inject
[187 of 422] Compiling Data.Functor.Coproduct.Nested
[189 of 422] Compiling Data.Foldable
[190 of 422] Compiling Data.FunctorWithIndex
[191 of 422] Compiling Data.Lens.Internal.Wander
[192 of 422] Compiling Control.Monad.ST.Internal
[193 of 422] Compiling Data.Lens.Internal.Indexed
[194 of 422] Compiling Data.Lens.Internal.Forget
[196 of 422] Compiling Control.Monad.ST
[195 of 422] Compiling Control.Monad.ST.Uncurried
[197 of 422] Compiling Control.Monad.ST.Ref
[198 of 422] Compiling Node.Buffer.ST
[199 of 422] Compiling Foreign.Object.ST
[200 of 422] Compiling Control.Monad.ST.Global
[201 of 422] Compiling Control.Monad.ST.Class
[202 of 422] Compiling Control.Monad.Except.Trans
[203 of 422] Compiling Control.Monad.RWS.Trans
[204 of 422] Compiling Control.Monad.Reader.Trans
[205 of 422] Compiling Control.Monad.Writer.Trans
[206 of 422] Compiling Control.Monad.Maybe.Trans
[207 of 422] Compiling Control.Monad.Cont.Trans
[208 of 422] Compiling Control.Monad.State.Trans
[209 of 422] Compiling Node.FS.Stream
[210 of 422] Compiling Data.Array.ST
[211 of 422] Compiling Data.Array.ST.Partial
[212 of 422] Compiling Data.Array.ST.Iterator
[213 of 422] Compiling Control.Monad.Cont
[214 of 422] Compiling Control.Monad.Reader
[215 of 422] Compiling Control.Monad.Except
[216 of 422] Compiling Control.Parallel.Class
[217 of 422] Compiling Control.Monad.Writer
[218 of 422] Compiling Control.Monad.State
[219 of 422] Compiling Control.Monad.RWS
[221 of 422] Compiling Data.Traversable
[220 of 422] Compiling Data.Bifoldable
[222 of 422] Compiling Data.FoldableWithIndex
[223 of 422] Compiling Data.Semigroup.Foldable
[224 of 422] Compiling Data.Bitraversable
[225 of 422] Compiling Data.Lens.Internal.Tagged
[226 of 422] Compiling Data.Semigroup.Traversable
[227 of 422] Compiling Control.Monad.Identity.Trans
[228 of 422] Compiling Control.Parallel
[229 of 422] Compiling Effect.Aff
[230 of 422] Compiling Data.Coyoneda
[231 of 422] Compiling Data.Unfoldable1
[232 of 422] Compiling Data.TraversableWithIndex
[233 of 422] Compiling Control.Comonad.Trans.Class
[234 of 422] Compiling Control.Comonad.Store.Trans
[235 of 422] Compiling Control.Comonad.Traced.Trans
[236 of 422] Compiling Data.Unfoldable
[237 of 422] Compiling Data.Lens.Internal.Bazaar
[239 of 422] Compiling Control.Monad.Gen
[238 of 422] Compiling Data.Enum
[240 of 422] Compiling Data.Lens.Types
[241 of 422] Compiling Data.Lens.Getter
[242 of 422] Compiling Data.Lens.Zoom
[243 of 422] Compiling Data.Lens.AffineTraversal
[244 of 422] Compiling Data.Lens.Prism
[245 of 422] Compiling Data.Lens.Lens
[246 of 422] Compiling Data.Lens.Iso
[247 of 422] Compiling Data.Lens.Setter
[248 of 422] Compiling Data.Lens.Grate
[249 of 422] Compiling Data.Lazy
[250 of 422] Compiling Data.Time.Duration.Gen
[251 of 422] Compiling Data.Array.NonEmpty.Internal
[252 of 422] Compiling Control.Comonad.Env.Trans
[253 of 422] Compiling Data.NonEmpty
[254 of 422] Compiling Effect.Aff.Compat
[255 of 422] Compiling Data.Lens.Lens.Tuple
[256 of 422] Compiling Data.Lens.Lens.Void
[257 of 422] Compiling Data.Lens.Lens.Unit
[258 of 422] Compiling Data.Lens.Prism.Maybe
[259 of 422] Compiling Data.Lens.Prism.Either
[260 of 422] Compiling Data.Lens.Common
[261 of 422] Compiling Data.Lens.Iso.Newtype
[264 of 422] Compiling Data.Lens.Lens.Product
[263 of 422] Compiling Data.Lens.Prism.Coproduct
[262 of 422] Compiling Data.Array
[265 of 422] Compiling Data.Lens.Indexed
[266 of 422] Compiling Control.Comonad.Store.Class
[267 of 422] Compiling Data.Lens.Traversal
[268 of 422] Compiling Data.Char
[269 of 422] Compiling Data.Time.Component
[270 of 422] Compiling Data.Enum.Generic
[271 of 422] Compiling Data.Date.Component
[272 of 422] Compiling Control.Monad.List.Trans
[273 of 422] Compiling Control.Comonad.Store
[275 of 422] Compiling Data.Enum.Gen
[274 of 422] Compiling Data.List.Lazy.Types
[276 of 422] Compiling Control.Monad.Gen.Common
[277 of 422] Compiling Data.Char.Gen
[278 of 422] Compiling Data.List.Types
[279 of 422] Compiling Control.Comonad.Env.Class
[280 of 422] Compiling Data.String.Gen
[281 of 422] Compiling Data.Time
[282 of 422] Compiling Data.Time.Component.Gen
[283 of 422] Compiling Control.Comonad.Env
[284 of 422] Compiling Control.Comonad.Traced.Class
[285 of 422] Compiling Data.Date.Component.Gen
[286 of 422] Compiling Data.Date
[287 of 422] Compiling Control.Comonad.Traced
[288 of 422] Compiling Data.Time.Gen
[289 of 422] Compiling Data.String.CodePoints
[291 of 422] Compiling Sharpurs.FsAst
[290 of 422] Compiling Foreign.Object
[293 of 422] Compiling Data.Array.Partial
[292 of 422] Compiling Data.Array.NonEmpty
[294 of 422] Compiling Data.Date.Gen
[295 of 422] Compiling Data.DateTime
[296 of 422] Compiling Effect.Aff.Class
[297 of 422] Compiling Data.List.Internal
[299 of 422] Compiling Data.DateTime.Gen
[298 of 422] Compiling Data.DateTime.Instant
[300 of 422] Compiling Node.Stream.Aff
[301 of 422] Compiling Data.String
[302 of 422] Compiling Data.List.Lazy
[303 of 422] Compiling Data.List
[304 of 422] Compiling Node.FS.Perms
[305 of 422] Compiling Data.String.NonEmpty.Internal
[306 of 422] Compiling Data.String.CaseInsensitive
[307 of 422] Compiling Data.String.Regex.Flags
[308 of 422] Compiling Sharpurs.Printer
[310 of 422] Compiling Foreign.Object.Unsafe
[309 of 422] Compiling Data.Argonaut.Core
[311 of 422] Compiling Foreign.Object.ST.Unsafe
[312 of 422] Compiling Data.String.NonEmpty.CodePoints
[313 of 422] Compiling Data.String.Regex
[315 of 422] Compiling PureScript.Backend.Optimizer.Utils
[316 of 422] Compiling PureScript.CST.Types
[314 of 422] Compiling Data.String.NonEmpty.CodeUnits
[317 of 422] Compiling Data.Argonaut.Gen
[318 of 422] Compiling Data.Argonaut.Parser
[319 of 422] Compiling Data.Argonaut.Decode.Error
[320 of 422] Compiling Data.String.Regex.Unsafe
[321 of 422] Compiling Data.String.NonEmpty
[322 of 422] Compiling Data.String.NonEmpty.CaseInsensitive
[323 of 422] Compiling Data.Argonaut.Decode.Parser
[324 of 422] Compiling PureScript.CST.Range.TokenList
[325 of 422] Compiling PureScript.CST.Print
[327 of 422] Compiling Data.List.ZipList
[326 of 422] Compiling Data.List.Lazy.NonEmpty
[328 of 422] Compiling PureScript.CST.Layout
[329 of 422] Compiling Data.List.Partial
[330 of 422] Compiling Foreign.Object.Gen
[333 of 422] Compiling Data.CatQueue
[334 of 422] Compiling Dodo.Internal.Buffer
[335 of 422] Compiling PureScript.CST.Errors
[331 of 422] Compiling Data.Map.Internal
[332 of 422] Compiling Data.Lens.Fold
[336 of 422] Compiling Data.List.NonEmpty
[337 of 422] Compiling Dodo
[338 of 422] Compiling PureScript.CST.Range
[339 of 422] Compiling Data.CatList
[340 of 422] Compiling Data.Lens
[341 of 422] Compiling Data.Lens.Fold.Partial
[342 of 422] Compiling Foreign
[343 of 422] Compiling Data.Argonaut.Traversals
[344 of 422] Compiling Data.Argonaut.Prisms
[345 of 422] Compiling Data.Lens.Record
[346 of 422] Compiling Ansi.Codes
[347 of 422] Compiling Control.Monad.Free
[348 of 422] Compiling Dodo.Common
[349 of 422] Compiling Dodo.Box
[350 of 422] Compiling Foreign.Index
[351 of 422] Compiling Data.JSDate
[352 of 422] Compiling Foreign.Keys
[353 of 422] Compiling Node.Process
[354 of 422] Compiling Node.FS.Stats
[355 of 422] Compiling PureScript.CST.TokenStream
[356 of 422] Compiling Control.Monad.Trampoline
[357 of 422] Compiling PureScript.CST.Traversal
[358 of 422] Compiling Control.Monad.Free.Class
[359 of 422] Compiling Control.Comonad.Cofree
[360 of 422] Compiling PureScript.CST.Parser.Monad
[361 of 422] Compiling PureScript.CST.Lexer
[362 of 422] Compiling Node.FS.Async
[363 of 422] Compiling Node.FS.Sync
[364 of 422] Compiling Dodo.Ansi
[365 of 422] Compiling Data.Set
[366 of 422] Compiling Ansi.Output
[367 of 422] Compiling Control.Comonad.Cofree.Class
[368 of 422] Compiling Node.FS.Aff
[369 of 422] Compiling Data.Map
[370 of 422] Compiling Data.Set.NonEmpty
[371 of 422] Compiling PureScript.CST.Parser
[372 of 422] Compiling Data.Argonaut.Encode.Encoders
[373 of 422] Compiling Data.Argonaut.Decode.Decoders
[374 of 422] Compiling PureScript.Backend.Optimizer.CoreFn
[375 of 422] Compiling Data.Lens.Index
[376 of 422] Compiling Data.Interval.Duration
[377 of 422] Compiling PureScript.CST.ModuleGraph
[378 of 422] Compiling Data.Map.Gen
[379 of 422] Compiling Data.Interval.Duration.Iso
[380 of 422] Compiling Data.Interval
[381 of 422] Compiling Data.Argonaut.Encode.Class
[382 of 422] Compiling Data.Lens.At
[383 of 422] Compiling Data.Argonaut.Encode.Combinators
[384 of 422] Compiling Data.Argonaut.Encode
[385 of 422] Compiling Data.Argonaut.Decode.Class
[386 of 422] Compiling Data.Argonaut.Decode.Combinators
[388 of 422] Compiling PureScript.Backend.Optimizer.Syntax
[387 of 422] Compiling Sharpurs.AdtLayout
[389 of 422] Compiling PureScript.Backend.Optimizer.TypeSubstitution
[390 of 422] Compiling PureScript.Backend.Optimizer.CoreFn.Sort
[391 of 422] Compiling Data.Argonaut.Decode
[392 of 422] Compiling Data.Argonaut.JCursor
[393 of 422] Compiling Sharpurs.DirectCall
[394 of 422] Compiling Data.Argonaut
[395 of 422] Compiling Data.Argonaut.JCursor.Gen
[396 of 422] Compiling PureScript.Backend.Optimizer.CoreFn.TypeTable
[397 of 422] Compiling PureScript.CST
[398 of 422] Compiling Sharpurs.IntArithmetic
[399 of 422] Compiling Sharpurs.IntComparison
[400 of 422] Compiling PureScript.Backend.Optimizer.Analysis
[401 of 422] Compiling PureScript.Backend.Optimizer.CoreFn.Json
[402 of 422] Compiling PureScript.Backend.Optimizer.Semantics
[403 of 422] Compiling PureScript.Backend.Optimizer.Cache
[405 of 422] Compiling Sharpurs.IntKernel
[404 of 422] Compiling PureScript.Backend.Optimizer.Semantics.Foreign
[407 of 422] Compiling PureScript.Backend.Optimizer.Reachability
[406 of 422] Compiling PureScript.Backend.Optimizer.Directives
[408 of 422] Compiling PureScript.Backend.Optimizer.Codegen.Tco
[409 of 422] Compiling PureScript.Backend.Optimizer.App
[410 of 422] Compiling Sharpurs.IntKernel.CodeGen
[411 of 422] Compiling Sharpurs.Optimized
[413 of 422] Compiling PureScript.Backend.Optimizer.FreeVars
[412 of 422] Compiling PureScript.Backend.Optimizer.Substitute
[414 of 422] Compiling PureScript.Backend.Optimizer.Convert
[415 of 422] Compiling PureScript.Backend.Optimizer.Monomorphize
[416 of 422] Compiling PureScript.Backend.Optimizer.Builder
[417 of 422] Compiling PureScript.Backend.Optimizer.Tracer.Printer
[418 of 422] Compiling Sharpurs.AdtKernel
[419 of 422] Compiling Sharpurs.CodeGen
[420 of 422] Compiling Sharpurs.AdtInterop
[421 of 422] Compiling Main
[422 of 422] Compiling Test.Main
[WARNING 1/26 UnusedDctorImport] ../../purescript-backend-optimizer-sharpurs/src/PureScript/Backend/Optimizer/CoreFn/Json.purs:38:1

  38  import PureScript.Backend.Optimizer.CoreFn (Ann(..), Bind(..), Binder(..), Binding(..), CaseAlternative(..), CaseGuard(..), ClassDecl, Comment(..), ConstructorType(..), DataConstructor, DataDecl, Expr(..), ExprType(..), Guard(..), Ident(..), Import(..), Literal(..), Meta(..), Module(..), ModuleName(..), Prop(..), ProperName(..), Qualified(..), ReExport(..), SourcePos, SourceSpan, emptySpan)
      ^^^^^^^^^^^^^^^^^^^^^^^^^^^^^^^^^^^^^^^^^^^^^^^^^^^^^^^^^^^^^^^^^^^^^^^^^^^^^^^^^^^^^^^^^^^^^^^^^^^^^^^^^^^^^^^^^^^^^^^^^^^^^^^^^^^^^^^^^^^^^^^^^^^^^^^^^^^^^^^^^^^^^^^^^^^^^^^^^^^^^^^^^^^^^^^^^^^^^^^^^^^^^^^^^^^^^^^^^^^^^^^^^^^^^^^^^^^^^^^^^^^^^^^^^^^^^^^^^^^^^^^^^^^^^^^^^^^^^^^^^^^^^^^^^^^^^^^^^^^^^^^^^^^^^^^^^^^^^^^^^^^^^^^^^^^^^^^^^^^^^^^^^^^^^^^^^^^^^^^^^^^^^^^^^^^^^^^^^^^^^^^^^^^^^^^^^

  The import of type ExprType from module PureScript.Backend.Optimizer.CoreFn includes data constructors but only the type is used
  It could be replaced with:
    import PureScript.Backend.Optimizer.CoreFn (Ann(..), Bind(..), Binder(..), Binding(..), CaseAlternative(..), CaseGuard(..), ClassDecl, Comment(..), ConstructorType(..), DataConstructor, DataDecl, Expr(..), ExprType, Guard(..), Ident(..), Import(..), Literal(..), Meta(..), Module(..), ModuleName(..), Prop(..), ProperName(..), Qualified(..), ReExport(..), SourcePos, SourceSpan, emptySpan)

[WARNING 2/26 UnusedName] ../../purescript-backend-optimizer-sharpurs/src/PureScript/Backend/Optimizer/CoreFn/TypeTable.purs:111:18

  111              Left err -> pure $ Just (Left (TypeMismatch "ExprType"))
                        ^^^

  Name err was introduced but not used.
  in value declaration decodeTypeTableST

[WARNING 3/26 ShadowedName] ../../purescript-backend-optimizer-sharpurs/src/PureScript/Backend/Optimizer/Monomorphize.purs:243:31

  243                   s1 = foldl (\acc (Tuple paramType arg) ->
                                     ^^^

  Name acc was shadowed.
  in value declaration collectExpr

[WARNING 4/26 ShadowedName] ../../purescript-backend-optimizer-sharpurs/src/PureScript/Backend/Optimizer/Monomorphize.purs:317:30

  317                  s1 = foldl (\acc (Tuple paramType arg) ->
                                    ^^^

  Name acc was shadowed.
  in value declaration collectLocalExpr

[WARNING 5/26 ShadowedName] ../../purescript-backend-optimizer-sharpurs/src/PureScript/Backend/Optimizer/Monomorphize.purs:317:51

  317                  s1 = foldl (\acc (Tuple paramType arg) ->
                                                         ^^^

  Name arg was shadowed.
  in value declaration collectLocalExpr

[WARNING 6/26 ShadowedName] ../../purescript-backend-optimizer-sharpurs/src/PureScript/Backend/Optimizer/Monomorphize.purs:550:11

  550    goGuard subst (Unconditional e) = Unconditional (substituteVars subst e)
                 ^^^^^

  Name subst was shadowed.
  in value declaration substituteVars

[WARNING 7/26 ShadowedName] ../../purescript-backend-optimizer-sharpurs/src/PureScript/Backend/Optimizer/Monomorphize.purs:551:11

  551    goGuard subst (Guarded guards) = Guarded (map (\(Guard e1 e2) -> Guard (substituteVars subst e1) (substituteVars subst e2)) guards)
                 ^^^^^

  Name subst was shadowed.
  in value declaration substituteVars

[WARNING 8/26 ShadowedName] ../../purescript-backend-optimizer-sharpurs/src/PureScript/Backend/Optimizer/Monomorphize.purs:747:3

  747    expr | isAppOrTypeApp expr ->
         ^^^^

  Name expr was shadowed.
  in value declaration monomorphizeExpr

[WARNING 9/26 ShadowedName] ../../purescript-backend-optimizer-sharpurs/src/PureScript/Backend/Optimizer/Monomorphize.purs:826:25

  826            injectType ty expr =
                               ^^^^

  Name expr was shadowed.
  in value declaration monomorphizeExpr

[WARNING 10/26 ShadowedName] ../../purescript-backend-optimizer-sharpurs/src/PureScript/Backend/Optimizer/Monomorphize.purs:905:14

  905            go expr = case expr of
                    ^^^^

  Name expr was shadowed.
  in value declaration monomorphizeExpr

[WARNING 11/26 UnusedImport] src/Main.purs:9:1

  9  import Effect.Class.Console as Console
     ^^^^^^^^^^^^^^^^^^^^^^^^^^^^^^^^^^^^^^

  The qualified import of Effect.Class.Console as Console is redundant

[WARNING 12/26 UnusedImport] src/Main.purs:21:1

  21  import Data.List (List(..))
      ^^^^^^^^^^^^^^^^^^^^^^^^^^^

  The import of Data.List is redundant

[WARNING 13/26 UnusedExplicitImport] src/Main.purs:22:1

  22  import PureScript.Backend.Optimizer.App (coreFnModulesFromOutput, parseCLIArgs, checkCache, writeCache, loadDirectives)
      ^^^^^^^^^^^^^^^^^^^^^^^^^^^^^^^^^^^^^^^^^^^^^^^^^^^^^^^^^^^^^^^^^^^^^^^^^^^^^^^^^^^^^^^^^^^^^^^^^^^^^^^^^^^^^^^^^^^^^^^

  The import of module PureScript.Backend.Optimizer.App contains the following unused references:
    checkCache
    writeCache
  It could be replaced with:
    import PureScript.Backend.Optimizer.App (coreFnModulesFromOutput, loadDirectives, parseCLIArgs)

[WARNING 14/26 UnusedImport] src/Main.purs:33:1

  33  import Data.String (joinWith)
      ^^^^^^^^^^^^^^^^^^^^^^^^^^^^^

  The import of Data.String is redundant

[WARNING 15/26 UnusedName] src/Main.purs:98:7

  98    let cacheVersion = "1.0.0"
            ^^^^^^^^^^^^^^^^^^^^^^

  Name cacheVersion was introduced but not used.
  in value declaration main

[WARNING 16/26 UnusedName] src/Main.purs:113:13

  113          let modNameStr = unwrap coreFnMod.name
                   ^^^^^^^^^^^^^^^^^^^^^^^^^^^^^^^^^^

  Name modNameStr was introduced but not used.
  in value declaration main

[WARNING 17/26 ShadowedName] src/Main.purs:138:17

  138              let wrappers = appendFfiWrappers modNameStr requiredForeigns content
                       ^^^^^^^^^^^^^^^^^^^^^^^^^^^^^^^^^^^^^^^^^^^^^^^^^^^^^^^^^^^^^^^^

  Name wrappers was shadowed.
  in value declaration main

[WARNING 18/26 ShadowedName] src/Sharpurs/AdtKernel.purs:247:9

  247      let publicName = sanitizeName (String.replaceAll (Pattern ".") (Replacement "_") layout.moduleName <> "_" <> unwrap name)
               ^^^^^^^^^^^^^^^^^^^^^^^^^^^^^^^^^^^^^^^^^^^^^^^^^^^^^^^^^^^^^^^^^^^^^^^^^^^^^^^^^^^^^^^^^^^^^^^^^^^^^^^^^^^^^^^^^^^^^

  Name publicName was shadowed.
  in value declaration fromModule

[WARNING 19/26 UnusedImport] src/Sharpurs/CodeGen.purs:9:1

  9  import Data.String.CodeUnits as CU
     ^^^^^^^^^^^^^^^^^^^^^^^^^^^^^^^^^^

  The qualified import of Data.String.CodeUnits as CU is redundant

[WARNING 20/26 DuplicateImport] src/Sharpurs/CodeGen.purs:18:1

  18  import Data.Maybe (Maybe(..), fromMaybe)
      ^^^^^^^^^^^^^^^^^^^^^^^^^^^^^^^^^^^^^^^^

  Duplicate import of Data.Maybe (Maybe(..), fromMaybe)

[WARNING 21/26 ShadowedName] src/Sharpurs/CodeGen.purs:77:5

  77      translateDataDecl decl = FsDeclData (modPrefix <> "_" <> sanitizeName decl.name) (map translateDataCtor decl.constructors)
          ^^^^^^^^^^^^^^^^^^^^^^^^^^^^^^^^^^^^^^^^^^^^^^^^^^^^^^^^^^^^^^^^^^^^^^^^^^^^^^^^^^^^^^^^^^^^^^^^^^^^^^^^^^^^^^^^^^^^^^^^^^

  Name translateDataDecl was shadowed.
  in value declaration translateModuleUsing

[WARNING 22/26 ShadowedName] src/Sharpurs/CodeGen.purs:195:16

  195      expandBind adtCtors currentMod (Binding _ (Ident name) val) =
                      ^^^^^^^^

  Name adtCtors was shadowed.
  in value declaration translateBindUsing

[WARNING 23/26 ShadowedName] src/Sharpurs/CodeGen.purs:195:25

  195      expandBind adtCtors currentMod (Binding _ (Ident name) val) =
                               ^^^^^^^^^^

  Name currentMod was shadowed.
  in value declaration translateBindUsing

[WARNING 24/26 ShadowedName] src/Sharpurs/CodeGen.purs:379:17

  379    ExprTypeApp _ expr _ -> translateExpr adtCtors localEnv currentMod expr
                       ^^^^

  Name expr was shadowed.
  in value declaration translateExprFallback

[WARNING 25/26 ShadowedName] src/Sharpurs/CodeGen.purs:412:60

  412              recStrs = Array.concat (Array.mapWithIndex (\i b -> makeLocalRec b i) bindings)
                                                                  ^

  Name b was shadowed.
  in value declaration translateExprFallback

[WARNING 26/26 UnusedName] src/Sharpurs/Printer.purs:11:23

  11  printModule (FsModule name decls) =
                            ^^^^

  Name name was introduced but not used.
  in value declaration printModule

           Src   Lib   All
Warnings    16    10    26
Errors       0     0     0

✓ Build succeeded.

Reading Spago workspace configuration...

✓ Selecting package to build: sharpurs

Downloading dependencies...
Building...
           Src   Lib   All
Warnings     0     0     0
Errors       0     0     0

✓ Build succeeded.

Bundling...

  bin/sharpurs.js  1.0mb ⚠️

⚡ Done in 30ms

✓ Bundle succeeded.

