Reading Spago workspace configuration...

✓ Selecting package to build: sharpurs

Downloading dependencies...
Building...
[1 of 5] Compiling Sharpurs.ThunkKernel
[2 of 5] Compiling Sharpurs.CodeGen
[3 of 5] Compiling Sharpurs.AdtInterop
[4 of 5] Compiling Main
[5 of 5] Compiling Test.Main
[WARNING 1/14 UnusedImport] src/Main.purs:9:1

  9  import Effect.Class.Console as Console
     ^^^^^^^^^^^^^^^^^^^^^^^^^^^^^^^^^^^^^^

  The qualified import of Effect.Class.Console as Console is redundant

[WARNING 2/14 UnusedImport] src/Main.purs:21:1

  21  import Data.List (List(..))
      ^^^^^^^^^^^^^^^^^^^^^^^^^^^

  The import of Data.List is redundant

[WARNING 3/14 UnusedExplicitImport] src/Main.purs:22:1

  22  import PureScript.Backend.Optimizer.App (coreFnModulesFromOutput, parseCLIArgs, checkCache, writeCache, loadDirectives)
      ^^^^^^^^^^^^^^^^^^^^^^^^^^^^^^^^^^^^^^^^^^^^^^^^^^^^^^^^^^^^^^^^^^^^^^^^^^^^^^^^^^^^^^^^^^^^^^^^^^^^^^^^^^^^^^^^^^^^^^^

  The import of module PureScript.Backend.Optimizer.App contains the following unused references:
    checkCache
    writeCache
  It could be replaced with:
    import PureScript.Backend.Optimizer.App (coreFnModulesFromOutput, loadDirectives, parseCLIArgs)

[WARNING 4/14 UnusedImport] src/Main.purs:34:1

  34  import Data.String (joinWith)
      ^^^^^^^^^^^^^^^^^^^^^^^^^^^^^

  The import of Data.String is redundant

[WARNING 5/14 UnusedName] src/Main.purs:99:7

  99    let cacheVersion = "1.0.0"
            ^^^^^^^^^^^^^^^^^^^^^^

  Name cacheVersion was introduced but not used.
  in value declaration main

[WARNING 6/14 UnusedName] src/Main.purs:114:13

  114          let modNameStr = unwrap coreFnMod.name
                   ^^^^^^^^^^^^^^^^^^^^^^^^^^^^^^^^^^

  Name modNameStr was introduced but not used.
  in value declaration main

[WARNING 7/14 ShadowedName] src/Main.purs:140:17

  140              let wrappers = appendFfiWrappers modNameStr requiredForeigns content
                       ^^^^^^^^^^^^^^^^^^^^^^^^^^^^^^^^^^^^^^^^^^^^^^^^^^^^^^^^^^^^^^^^

  Name wrappers was shadowed.
  in value declaration main

[WARNING 8/14 UnusedImport] src/Sharpurs/CodeGen.purs:9:1

  9  import Data.String.CodeUnits as CU
     ^^^^^^^^^^^^^^^^^^^^^^^^^^^^^^^^^^

  The qualified import of Data.String.CodeUnits as CU is redundant

[WARNING 9/14 DuplicateImport] src/Sharpurs/CodeGen.purs:18:1

  18  import Data.Maybe (Maybe(..), fromMaybe)
      ^^^^^^^^^^^^^^^^^^^^^^^^^^^^^^^^^^^^^^^^

  Duplicate import of Data.Maybe (Maybe(..), fromMaybe)

[WARNING 10/14 ShadowedName] src/Sharpurs/CodeGen.purs:82:5

  82      translateDataDecl decl = FsDeclData (modPrefix <> "_" <> sanitizeName decl.name) (map translateDataCtor decl.constructors)
          ^^^^^^^^^^^^^^^^^^^^^^^^^^^^^^^^^^^^^^^^^^^^^^^^^^^^^^^^^^^^^^^^^^^^^^^^^^^^^^^^^^^^^^^^^^^^^^^^^^^^^^^^^^^^^^^^^^^^^^^^^^

  Name translateDataDecl was shadowed.
  in value declaration translateModuleUsing

[WARNING 11/14 ShadowedName] src/Sharpurs/CodeGen.purs:200:16

  200      expandBind adtCtors currentMod (Binding _ (Ident name) val) =
                      ^^^^^^^^

  Name adtCtors was shadowed.
  in value declaration translateBindUsing

[WARNING 12/14 ShadowedName] src/Sharpurs/CodeGen.purs:200:25

  200      expandBind adtCtors currentMod (Binding _ (Ident name) val) =
                               ^^^^^^^^^^

  Name currentMod was shadowed.
  in value declaration translateBindUsing

[WARNING 13/14 ShadowedName] src/Sharpurs/CodeGen.purs:390:17

  390    ExprTypeApp _ expr _ -> translateExpr adtCtors localEnv currentMod expr
                       ^^^^

  Name expr was shadowed.
  in value declaration translateExprFallback

[WARNING 14/14 ShadowedName] src/Sharpurs/CodeGen.purs:423:60

  423              recStrs = Array.concat (Array.mapWithIndex (\i b -> makeLocalRec b i) bindings)
                                                                  ^

  Name b was shadowed.
  in value declaration translateExprFallback

           Src   Lib   All
Warnings    14     0    14
Errors       0     0     0

✓ Build succeeded.

