["spago", "build"]
Reading Spago workspace configuration...

✓ Selecting package to build: ps-rust-test

Downloading dependencies...
Building...
[  1 of 301] Compiling Unsafe.Coerce
[  2 of 301] Compiling Type.Proxy
[  3 of 301] Compiling Spago.Generated.BuildInfo
[  4 of 301] Compiling Type.Equality
[  5 of 301] Compiling Record.Unsafe
[  6 of 301] Compiling Data.Void
[  7 of 301] Compiling Partial
[  8 of 301] Compiling Data.Unit
[  9 of 301] Compiling Data.Traversable.Accum
[ 10 of 301] Compiling Data.String.Unsafe
[ 11 of 301] Compiling Data.Int.Bits
[ 12 of 301] Compiling Data.NaturalTransformation
[ 13 of 301] Compiling Control.Semigroupoid
[ 14 of 301] Compiling Data.Boolean
[ 15 of 301] Compiling Data.Function.Uncurried
[ 16 of 301] Compiling Data.Symbol
[ 19 of 301] Compiling Partial.Unsafe
[ 17 of 301] Compiling Control.Lazy
[ 18 of 301] Compiling Control.Category
[ 20 of 301] Compiling Data.Exists
[ 21 of 301] Compiling Safe.Coerce
[ 22 of 301] Compiling Data.Semiring
[ 23 of 301] Compiling Data.HeytingAlgebra
[ 24 of 301] Compiling Data.Semigroup
[ 25 of 301] Compiling Data.Show
[ 26 of 301] Compiling Data.Ring
[ 27 of 301] Compiling Data.Generic.Rep
[ 29 of 301] Compiling Data.BooleanAlgebra
[ 28 of 301] Compiling Data.Eq
[ 30 of 301] Compiling Data.CommutativeRing
[ 31 of 301] Compiling Data.Ordering
[ 32 of 301] Compiling Data.EuclideanRing
[ 33 of 301] Compiling Data.Ord
[ 34 of 301] Compiling Data.DivisionRing
[ 35 of 301] Compiling Data.Field
[ 36 of 301] Compiling Data.Monoid
[ 37 of 301] Compiling Data.Bounded
[ 38 of 301] Compiling Data.Reflectable
[ 39 of 301] Compiling Data.Function
[ 40 of 301] Compiling Data.Functor
[ 41 of 301] Compiling Data.Bounded.Generic
[ 42 of 301] Compiling Control.Alt
[ 44 of 301] Compiling Control.Extend
[ 43 of 301] Compiling Control.Apply
[ 45 of 301] Compiling Data.Monoid.Generic
[ 46 of 301] Compiling Control.Plus
[ 47 of 301] Compiling Control.Comonad
[ 48 of 301] Compiling Control.Applicative
[ 49 of 301] Compiling Control.Alternative
[ 50 of 301] Compiling Control.Bind
[ 51 of 301] Compiling Control.Monad
[ 52 of 301] Compiling Control.MonadPlus
[ 53 of 301] Compiling Prelude
[ 54 of 301] Compiling Data.Semigroup.Generic
[ 56 of 301] Compiling Control.Monad.Trans.Class
[ 57 of 301] Compiling Control.Monad.Reader.Class
[ 55 of 301] Compiling Data.Monoid.Additive
[ 58 of 301] Compiling Data.Monoid.Multiplicative
[ 59 of 301] Compiling Effect
[ 60 of 301] Compiling Data.Monoid.Conj
[ 61 of 301] Compiling Data.Ring.Generic
[ 62 of 301] Compiling Data.Semiring.Generic
[ 64 of 301] Compiling Data.Number.Format
[ 65 of 301] Compiling Control.Monad.Gen.Class
[ 63 of 301] Compiling Data.HeytingAlgebra.Generic
[ 66 of 301] Compiling Control.Monad.Cont.Class
[ 67 of 301] Compiling Data.Monoid.Disj
[ 68 of 301] Compiling Data.Show.Generic
[ 69 of 301] Compiling Data.Monoid.Endo
[ 71 of 301] Compiling Data.Eq.Generic
[ 70 of 301] Compiling Data.Semigroup.First
[ 72 of 301] Compiling Data.Monoid.Dual
[ 73 of 301] Compiling Data.Ord.Generic
[ 75 of 301] Compiling Data.Semigroup.Last
[ 76 of 301] Compiling Effect.Console
[ 77 of 301] Compiling Effect.Unsafe
[ 74 of 301] Compiling Data.Traversable.Accum.Internal
[ 79 of 301] Compiling Effect.Class
[ 80 of 301] Compiling Effect.Ref
[ 81 of 301] Compiling Effect.Class.Console
[ 78 of 301] Compiling Effect.Uncurried
[ 82 of 301] Compiling Bench
[ 83 of 301] Compiling Test.TC
[ 84 of 301] Compiling Data.Newtype
[ 86 of 301] Compiling Data.Ord.Down
[ 85 of 301] Compiling Data.Profunctor
[ 87 of 301] Compiling Data.String.Pattern
[ 88 of 301] Compiling Data.Monoid.Alternate
[ 90 of 301] Compiling Data.Time.Duration
[ 89 of 301] Compiling Data.Functor.App
[ 91 of 301] Compiling Data.Ord.Min
[ 92 of 301] Compiling Data.Ord.Max
[ 93 of 301] Compiling Data.String.Common
[ 94 of 301] Compiling Data.Profunctor.Closed
[ 95 of 301] Compiling Data.Functor.Invariant
[ 96 of 301] Compiling Test.RowToListFFICheatcode
[ 97 of 301] Compiling Test.PrimesFFICheatcode
[ 98 of 301] Compiling Test.ChurchFFI
[ 99 of 301] Compiling Test.ArrayOpsFFI
[100 of 301] Compiling Test.StateMonadFFICheatcode
[101 of 301] Compiling Test.Fib
[102 of 301] Compiling Test.ChurchFFICheatcode
[103 of 301] Compiling Test.AckermannFFI
[104 of 301] Compiling Test.AstTree
[106 of 301] Compiling Test.LazyEvaluationFFI
[105 of 301] Compiling Test.AckermannFFICheatcode
[107 of 301] Compiling Test.RBTreeFFI
[108 of 301] Compiling Test.FibFFI
[109 of 301] Compiling Test.StateMonad
[110 of 301] Compiling Test.RecordsFFICheatcode
[111 of 301] Compiling Test.FibFFICheatcode
[114 of 301] Compiling Test.PolymorphismFFICheatcode
[113 of 301] Compiling Test.RBTree
[112 of 301] Compiling Test.Ackermann
[115 of 301] Compiling Test.ArrayOpsFFICheatcode
[117 of 301] Compiling Test.PolymorphismFFI
[118 of 301] Compiling Test.TCO
[119 of 301] Compiling Test.Primes
[120 of 301] Compiling Test.ListOpsFFI
[116 of 301] Compiling Test.StateMonadFFI
[122 of 301] Compiling Test.LazyEvaluation
[124 of 301] Compiling Test.PrimesFFI
[123 of 301] Compiling Test.Church
[121 of 301] Compiling Test.Records
[125 of 301] Compiling Test.AstTreeFFI
[126 of 301] Compiling Test.Polymorphism
[128 of 301] Compiling Test.TCOFFI
[127 of 301] Compiling Test.RowToListFFI
[129 of 301] Compiling Test.TCOFFICheatcode
[130 of 301] Compiling Test.LazyEvaluationFFICheatcode
[132 of 301] Compiling Test.RowToList
[133 of 301] Compiling Test.RBTreeFFICheatcode
[131 of 301] Compiling Test.RecordsFFI
[134 of 301] Compiling Test.AstTreeFFICheatcode
[135 of 301] Compiling Test.ListOpsFFICheatcode
[136 of 301] Compiling Test.ListOps
[137 of 301] Compiling Data.Const
[138 of 301] Compiling Data.Profunctor.Join
[139 of 301] Compiling Data.Maybe
[140 of 301] Compiling Data.Profunctor.Split
[141 of 301] Compiling Data.Tuple
[142 of 301] Compiling Data.Functor.Compose
[143 of 301] Compiling Data.Identity
[144 of 301] Compiling AppFFI
[145 of 301] Compiling AppFFICheatcode
[146 of 301] Compiling Data.Functor.Contravariant
[147 of 301] Compiling AppCppFFI
[148 of 301] Compiling Data.Predicate
[150 of 301] Compiling Data.Op
[149 of 301] Compiling Data.Comparison
[151 of 301] Compiling AppCppFFICheatcode
[152 of 301] Compiling Main
[153 of 301] Compiling Data.Equivalence
[154 of 301] Compiling Data.Maybe.First
[156 of 301] Compiling Data.Maybe.Last
[155 of 301] Compiling Data.Number
[157 of 301] Compiling Data.Either
[158 of 301] Compiling Data.String.CodeUnits
[159 of 301] Compiling Data.Number.Approximate
[160 of 301] Compiling Data.Int
[161 of 301] Compiling Data.Divide
[162 of 301] Compiling Control.Monad.Writer.Class
[163 of 301] Compiling Data.Profunctor.Costrong
[164 of 301] Compiling Data.Tuple.Nested
[166 of 301] Compiling Data.Profunctor.Strong
[167 of 301] Compiling Control.Monad.State.Class
[165 of 301] Compiling Data.Distributive
[168 of 301] Compiling Data.Divisible
[170 of 301] Compiling Data.Profunctor.Cochoice
[169 of 301] Compiling Data.Decide
[171 of 301] Compiling Data.Either.Inject
[173 of 301] Compiling Data.Bifunctor
[172 of 301] Compiling Effect.Exception
[175 of 301] Compiling Data.Profunctor.Choice
[174 of 301] Compiling Data.Either.Nested
[176 of 301] Compiling Control.Monad.Error.Class
[177 of 301] Compiling Effect.Exception.Unsafe
[178 of 301] Compiling Data.Profunctor.Star
[179 of 301] Compiling Data.Functor.Coproduct
[180 of 301] Compiling Data.Functor.Product
[181 of 301] Compiling Control.Biapply
[182 of 301] Compiling Control.Monad.Rec.Class
[183 of 301] Compiling Data.Functor.Costar
[184 of 301] Compiling Data.Decidable
[185 of 301] Compiling Control.Biapplicative
[186 of 301] Compiling Data.Functor.Clown
[187 of 301] Compiling Data.Bifunctor.Join
[188 of 301] Compiling Data.Functor.Joker
[189 of 301] Compiling Data.Functor.Flip
[190 of 301] Compiling Data.Functor.Product2
[191 of 301] Compiling Data.Functor.Coproduct.Nested
[192 of 301] Compiling Data.Functor.Coproduct.Inject
[193 of 301] Compiling Data.FunctorWithIndex
[194 of 301] Compiling Data.Foldable
[195 of 301] Compiling Data.Functor.Product.Nested
[196 of 301] Compiling Control.Monad.ST.Internal
[197 of 301] Compiling Control.Monad.ST
[199 of 301] Compiling Control.Monad.ST.Ref
[198 of 301] Compiling Control.Monad.ST.Uncurried
[200 of 301] Compiling Control.Monad.ST.Global
[201 of 301] Compiling Control.Monad.ST.Class
[202 of 301] Compiling Control.Monad.Maybe.Trans
[203 of 301] Compiling Control.Monad.State.Trans
[204 of 301] Compiling Control.Monad.Writer.Trans
[205 of 301] Compiling Control.Monad.Reader.Trans
[206 of 301] Compiling Control.Monad.Except.Trans
[207 of 301] Compiling Control.Monad.Cont.Trans
[208 of 301] Compiling Control.Monad.RWS.Trans
[209 of 301] Compiling Data.Array.ST
[210 of 301] Compiling Data.Array.ST.Iterator
[211 of 301] Compiling Data.Array.ST.Partial
[212 of 301] Compiling Control.Monad.Cont
[213 of 301] Compiling Control.Monad.Except
[214 of 301] Compiling Control.Monad.Reader
[215 of 301] Compiling Control.Monad.State
[217 of 301] Compiling Control.Parallel.Class
[216 of 301] Compiling Control.Monad.Writer
[218 of 301] Compiling Control.Monad.RWS
[219 of 301] Compiling Data.Bifoldable
[220 of 301] Compiling Data.Traversable
[221 of 301] Compiling Data.Semigroup.Foldable
[222 of 301] Compiling Data.FoldableWithIndex
[223 of 301] Compiling Control.Monad.Identity.Trans
[224 of 301] Compiling Control.Parallel
[225 of 301] Compiling Data.Semigroup.Traversable
[226 of 301] Compiling Data.Bitraversable
[227 of 301] Compiling Effect.Aff
[228 of 301] Compiling Data.Unfoldable1
[229 of 301] Compiling Control.Comonad.Trans.Class
[231 of 301] Compiling Control.Comonad.Store.Trans
[230 of 301] Compiling Control.Comonad.Traced.Trans
[232 of 301] Compiling Data.TraversableWithIndex
[233 of 301] Compiling Data.Unfoldable
[235 of 301] Compiling Control.Monad.Gen
[234 of 301] Compiling Data.Enum
[236 of 301] Compiling Data.Time.Duration.Gen
[237 of 301] Compiling Effect.Aff.Compat
[238 of 301] Compiling Bench.Aff
[239 of 301] Compiling Data.NonEmpty
[240 of 301] Compiling Data.Lazy
[241 of 301] Compiling Control.Comonad.Env.Trans
[242 of 301] Compiling Data.Array.NonEmpty.Internal
[243 of 301] Compiling Data.Array
[244 of 301] Compiling Data.Enum.Generic
[245 of 301] Compiling Data.Char
[246 of 301] Compiling Data.Time.Component
[247 of 301] Compiling Data.Date.Component
[248 of 301] Compiling Control.Comonad.Store.Class
[249 of 301] Compiling Control.Monad.List.Trans
[250 of 301] Compiling Data.List.Lazy.Types
[251 of 301] Compiling Data.Enum.Gen
[252 of 301] Compiling Data.Char.Gen
[253 of 301] Compiling Control.Monad.Gen.Common
[254 of 301] Compiling Data.List.Types
[255 of 301] Compiling Control.Comonad.Store
[256 of 301] Compiling Data.String.Gen
[257 of 301] Compiling Data.Time.Component.Gen
[258 of 301] Compiling Data.Time
[259 of 301] Compiling Control.Comonad.Env.Class
[261 of 301] Compiling Data.Date.Component.Gen
[260 of 301] Compiling Data.Date
[262 of 301] Compiling Control.Comonad.Env
[263 of 301] Compiling Control.Comonad.Traced.Class
[264 of 301] Compiling Data.Time.Gen
[265 of 301] Compiling Control.Comonad.Traced
[266 of 301] Compiling Data.Date.Gen
[267 of 301] Compiling Data.DateTime
[268 of 301] Compiling Data.String.CodePoints
[270 of 301] Compiling Test.ArrayOps
[271 of 301] Compiling Data.Array.Partial
[269 of 301] Compiling Data.Array.NonEmpty
[272 of 301] Compiling App
[274 of 301] Compiling Data.DateTime.Gen
[273 of 301] Compiling Data.DateTime.Instant
[275 of 301] Compiling Effect.Aff.Class
[276 of 301] Compiling Data.List.Internal
[277 of 301] Compiling Effect.Now
[278 of 301] Compiling Data.String
[279 of 301] Compiling Data.String.CaseInsensitive
[281 of 301] Compiling Data.String.Regex.Flags
[280 of 301] Compiling Data.String.NonEmpty.Internal
[282 of 301] Compiling Data.List.Lazy
[283 of 301] Compiling Data.List
[284 of 301] Compiling Data.String.NonEmpty.CodePoints
[285 of 301] Compiling Data.String.Regex
[286 of 301] Compiling Data.String.NonEmpty.CodeUnits
[287 of 301] Compiling Data.String.Regex.Unsafe
[288 of 301] Compiling Data.String.NonEmpty
[289 of 301] Compiling Data.String.NonEmpty.CaseInsensitive
[291 of 301] Compiling Data.List.NonEmpty
[290 of 301] Compiling Data.Map.Internal
[292 of 301] Compiling Data.List.Partial
[294 of 301] Compiling Data.List.ZipList
[293 of 301] Compiling Data.List.Lazy.NonEmpty
[295 of 301] Compiling Data.Set
[297 of 301] Compiling Data.Map
[296 of 301] Compiling Data.Set.NonEmpty
[299 of 301] Compiling Data.Map.Gen
[298 of 301] Compiling Data.Interval.Duration
[300 of 301] Compiling Data.Interval
[301 of 301] Compiling Data.Interval.Duration.Iso
           Src   Lib   All
Warnings     0     0     0
Errors       0     0     0

✓ Build succeeded.

