node:internal/modules/run_main:107
    triggerUncaughtException(
    ^

AssertionError [ERR_ASSERTION]: The input did not match the regular expression /#\[derive\(Clone, Copy\)\]\npub enum Color/. Input:

'#![allow(warnings)]\n' +
  'use perceus_ptr::PerceusPtr;\n' +
  'use purust_core::*;\n' +
  '\n' +
  '\n' +
  '\n' +
  '// Code generated by purust for module EnumTypes\n' +
  '\n' +
  '#[derive(Clone)]\n' +
  'pub enum Color {\n' +
  '    R,\n' +
  '    B\n' +
  '}\n' +
  '\n' +
  '#[derive(Clone)]\n' +
  'pub enum Tree {\n' +
  '    E,\n' +
  '    T(std::rc::Rc<crate::Color>, std::rc::Rc<crate::Tree>, i64, std::rc::Rc<crate::Tree>)\n' +
  '}\n' +
  '\n' +
  '\n' +
  'pub fn EnumTypes_R() -> std::rc::Rc<crate::Color> {\n' +
  '    // AST: Typed(Typed(CtorDef))\n' +
  '/* Typed std::rc::Rc<crate::Color> <- std::rc::Rc<crate::Color> : CtorDef */std::rc::Rc::new(crate::Color::R)\n' +
  '}\n' +
  '\n' +
  'pub fn EnumTypes_B() -> std::rc::Rc<crate::Color> {\n' +
  '    // AST: Typed(Typed(CtorDef))\n' +
  '/* Typed std::rc::Rc<crate::Color> <- std::rc::Rc<crate::Color> : CtorDef */std::rc::Rc::new(crate::Color::B)\n' +
  '}\n' +
  '\n' +
  'pub fn EnumTypes_E() -> std::rc::Rc<crate::Tree> {\n' +
  '    // AST: Typed(Typed(CtorDef))\n' +
  '/* Typed std::rc::Rc<crate::Tree> <- std::rc::Rc<crate::Tree> : CtorDef */std::rc::Rc::new(crate::Tree::E)\n' +
  '}\n' +
  '\n' +
  'pub fn EnumTypes_T(mut a0: std::rc::Rc<crate::Color>, mut a1: std::rc::Rc<crate::Tree>, mut a2: i64, mut a3: std::rc::Rc<crate::Tree>) -> std::rc::Rc<crate::Tree> {\n' +
  '    // AST: Typed(Typed(CtorDef))\n' +
  '(/* Typed purust_core::Func4<std::rc::Rc<crate::Color>, std::rc::Rc<crate::Tree>, i64, std::rc::Rc<crate::Tree>, std::rc::Rc<crate::Tree>> <- purust_core::Func4<std::rc::Rc<crate::Color>, std::rc::Rc<crate::Tree>, i64, std::rc::Rc<crate::Tree>, std::rc::Rc<crate::Tree>> : CtorDef */purust_core::Func4::Static(|mut a0: std::rc::Rc<crate::Color>, mut a1: std::rc::Rc<crate::Tree>, mut a2: i64, mut a3: std::rc::Rc<crate::Tree>| -> std::rc::Rc<crate::Tree> { std::rc::Rc::new(crate::Tree::T(a0.clone(), a1.clone(), a2.clone(), a3.clone())) } as fn(std::rc::Rc<crate::Color>, std::rc::Rc<crate::Tree>, i64, std::rc::Rc<crate::Tree>) -> std::rc::Rc<crate::Tree>))(a0.clone(), a1.clone(), a2.clone(), a3.clone())\n' +
  '}\n' +
  '\n' +
  'pub fn EnumTypes_red() -> std::rc::Rc<crate::Color> {\n' +
  '    // AST: Typed(Typed(CtorSaturated(...)))\n' +
  '/* Typed std::rc::Rc<crate::Color> <- std::rc::Rc<crate::Color> : CtorSaturated(...) */std::rc::Rc::new(crate::Color::R)\n' +
  '}\n' +
  '\n' +
  '\n' +
  '\n' +
  '\n' +
  '\n'

    at file:///Users/0x1/Documents/htdocs/purust/purust/tests/tast/value-enums-interop.mjs:30:10
    at ModuleJob.run (node:internal/modules/esm/module_job:371:25)
    at async onImport.tracePromise.__proto__ (node:internal/modules/esm/loader:702:26)
    at async asyncRunEntryPointWithESMLoader (node:internal/modules/run_main:101:5) {
  generatedMessage: true,
  code: 'ERR_ASSERTION',
  actual: '#![allow(warnings)]\n' +
    'use perceus_ptr::PerceusPtr;\n' +
    'use purust_core::*;\n' +
    '\n' +
    '\n' +
    '\n' +
    '// Code generated by purust for module EnumTypes\n' +
    '\n' +
    '#[derive(Clone)]\n' +
    'pub enum Color {\n' +
    '    R,\n' +
    '    B\n' +
    '}\n' +
    '\n' +
    '#[derive(Clone)]\n' +
    'pub enum Tree {\n' +
    '    E,\n' +
    '    T(std::rc::Rc<crate::Color>, std::rc::Rc<crate::Tree>, i64, std::rc::Rc<crate::Tree>)\n' +
    '}\n' +
    '\n' +
    '\n' +
    'pub fn EnumTypes_R() -> std::rc::Rc<crate::Color> {\n' +
    '    // AST: Typed(Typed(CtorDef))\n' +
    '/* Typed std::rc::Rc<crate::Color> <- std::rc::Rc<crate::Color> : CtorDef */std::rc::Rc::new(crate::Color::R)\n' +
    '}\n' +
    '\n' +
    'pub fn EnumTypes_B() -> std::rc::Rc<crate::Color> {\n' +
    '    // AST: Typed(Typed(CtorDef))\n' +
    '/* Typed std::rc::Rc<crate::Color> <- std::rc::Rc<crate::Color> : CtorDef */std::rc::Rc::new(crate::Color::B)\n' +
    '}\n' +
    '\n' +
    'pub fn EnumTypes_E() -> std::rc::Rc<crate::Tree> {\n' +
    '    // AST: Typed(Typed(CtorDef))\n' +
    '/* Typed std::rc::Rc<crate::Tree> <- std::rc::Rc<crate::Tree> : CtorDef */std::rc::Rc::new(crate::Tree::E)\n' +
    '}\n' +
    '\n' +
    'pub fn EnumTypes_T(mut a0: std::rc::Rc<crate::Color>, mut a1: std::rc::Rc<crate::Tree>, mut a2: i64, mut a3: std::rc::Rc<crate::Tree>) -> std::rc::Rc<crate::Tree> {\n' +
    '    // AST: Typed(Typed(CtorDef))\n' +
    '(/* Typed purust_core::Func4<std::rc::Rc<crate::Color>, std::rc::Rc<crate::Tree>, i64, std::rc::Rc<crate::Tree>, std::rc::Rc<crate::Tree>> <- purust_core::Func4<std::rc::Rc<crate::Color>, std::rc::Rc<crate::Tree>, i64, std::rc::Rc<crate::Tree>, std::rc::Rc<crate::Tree>> : CtorDef */purust_core::Func4::Static(|mut a0: std::rc::Rc<crate::Color>, mut a1: std::rc::Rc<crate::Tree>, mut a2: i64, mut a3: std::rc::Rc<crate::Tree>| -> std::rc::Rc<crate::Tree> { std::rc::Rc::new(crate::Tree::T(a0.clone(), a1.clone(), a2.clone(), a3.clone())) } as fn(std::rc::Rc<crate::Color>, std::rc::Rc<crate::Tree>, i64, std::rc::Rc<crate::Tree>) -> std::rc::Rc<crate::Tree>))(a0.clone(), a1.clone(), a2.clone(), a3.clone())\n' +
    '}\n' +
    '\n' +
    'pub fn EnumTypes_red() -> std::rc::Rc<crate::Color> {\n' +
    '    // AST: Typed(Typed(CtorSaturated(...)))\n' +
    '/* Typed std::rc::Rc<crate::Color> <- std::rc::Rc<crate::Color> : CtorSaturated(...) */std::rc::Rc::new(crate::Color::R)\n' +
    '}\n' +
    '\n' +
    '\n' +
    '\n' +
    '\n' +
    '\n',
  expected: /#\[derive\(Clone, Copy\)\]\npub enum Color/,
  operator: 'match',
  diff: 'simple'
}

Node.js v24.8.0
✖ tests/tast/value-enums-interop.mjs (600.201958ms)
ℹ tests 1
ℹ suites 0
ℹ pass 0
ℹ fail 1
ℹ cancelled 0
ℹ skipped 0
ℹ todo 0
ℹ duration_ms 603.665625

✖ failing tests:

test at tests/tast/value-enums-interop.mjs:1:1
✖ tests/tast/value-enums-interop.mjs (600.201958ms)
  'test failed'
