ENUM ADTS: ["Data.Date.Component.Month","Data.Date.Component.Weekday","Data.Generic.Rep.NoArguments","Data.Int.Parity","Data.Interval.Duration.DurationComponent","Data.Ordering.Ordering","Data.Reflectable.Reifiable","Test.RBTree.Color","Type.Proxy.Proxy"]
structFieldGoType ty: (ForAll [b, c, d] (Func [(TypeApp (TypeVar a) [(TypeVar c), (TypeVar d)]), (TypeApp (TypeVar a) [(TypeVar b), (TypeVar c)])] (TypeApp (TypeVar a) [(TypeVar b), (TypeVar d)])))
structFieldGoType ty: Any
structFieldGoType ty: (ForAll [t] (TypeApp (TypeVar a) [(TypeVar t), (TypeVar t)]))
structFieldGoType ty: (Func [(ADT ["Type","Proxy","Proxy"] [(TypeVar sym)])] String)
structFieldGoType ty: (Func [(ADT ["Type","Proxy","Proxy"] [(TypeVar rowlist)]), (Record (Row [] (TypeVar row))), (Record (Row [] (TypeVar row)))] (Record (Row [] (TypeVar subrow))))
structFieldGoType ty: (Func [(ADT ["Type","Proxy","Proxy"] [(TypeVar rowlist)]), (Record (Row [] (TypeVar row))), (Record (Row [] (TypeVar row)))] (Record (Row [] (TypeVar subrow))))
structFieldGoType ty: (Func [(ADT ["Type","Proxy","Proxy"] [(TypeVar rowlist)]), (ADT ["Type","Proxy","Proxy"] [(TypeVar row)])] (Record (Row [] (TypeVar subrow))))
structFieldGoType ty: (Func [(ADT ["Type","Proxy","Proxy"] [(TypeVar rowlist)]), (Record (Row [] (TypeVar row))), (Record (Row [] (TypeVar row)))] (Record (Row [] (TypeVar subrow))))
structFieldGoType ty: (Func [(ADT ["Type","Proxy","Proxy"] [(TypeVar rowlist)]), (Record (Row [] (TypeVar row)))] (Record (Row [] (TypeVar subrow))))
structFieldGoType ty: (Func [(ADT ["Type","Proxy","Proxy"] [(TypeVar rowlist)]), (ADT ["Type","Proxy","Proxy"] [(TypeVar row)])] (Record (Row [] (TypeVar subrow))))
structFieldGoType ty: (Func [(TypeVar a), (TypeVar a)] (TypeVar a))
structFieldGoType ty: (Func [(TypeVar a), (TypeVar a)] (TypeVar a))
structFieldGoType ty: (TypeVar a)
structFieldGoType ty: (Func [(TypeVar a), (TypeVar a)] (TypeVar a))
structFieldGoType ty: (Func [(TypeVar a)] (TypeVar a))
structFieldGoType ty: (TypeVar a)
structFieldGoType ty: (Func [(ADT ["Type","Proxy","Proxy"] [(TypeVar rowlist)]), (Record (Row [] (TypeVar row))), (Record (Row [] (TypeVar row)))] Boolean)
structFieldGoType ty: (Func [(TypeVar a), (TypeVar a)] Boolean)
structFieldGoType ty: (ForAll [a] (ConstrainedType (Func [(TypeApp (TypeVar f) [(TypeVar a)]), (TypeApp (TypeVar f) [(TypeVar a)])] Boolean)))
structFieldGoType ty: (Func [(ADT ["Type","Proxy","Proxy"] [(TypeVar rowlist)]), (Record (Row [] (TypeVar row))), (Record (Row [] (TypeVar row)))] (Record (Row [] (TypeVar subrow))))
structFieldGoType ty: (Func [(TypeVar a), (TypeVar a)] (TypeVar a))
structFieldGoType ty: (Func [(ADT ["Type","Proxy","Proxy"] [(TypeVar rowlist)]), (Record (Row [] (TypeVar row)))] String)
structFieldGoType ty: (Func [(TypeVar a)] String)
structFieldGoType ty: (Func [(ADT ["Type","Proxy","Proxy"] [(TypeVar rowlist)]), (Record (Row [] (TypeVar row))), (Record (Row [] (TypeVar row)))] (Record (Row [] (TypeVar subrow))))
structFieldGoType ty: (Func [(ADT ["Type","Proxy","Proxy"] [(TypeVar rowlist)]), (Record (Row [] (TypeVar row))), (Record (Row [] (TypeVar row)))] (Record (Row [] (TypeVar subrow))))
structFieldGoType ty: (Func [(ADT ["Type","Proxy","Proxy"] [(TypeVar rowlist)]), (ADT ["Type","Proxy","Proxy"] [(TypeVar row)])] (Record (Row [] (TypeVar subrow))))
structFieldGoType ty: (Func [(ADT ["Type","Proxy","Proxy"] [(TypeVar rowlist)]), (ADT ["Type","Proxy","Proxy"] [(TypeVar row)])] (Record (Row [] (TypeVar subrow))))
structFieldGoType ty: (Func [(TypeVar a), (TypeVar a)] (TypeVar a))
structFieldGoType ty: (Func [(TypeVar a), (TypeVar a)] (TypeVar a))
structFieldGoType ty: (TypeVar a)
structFieldGoType ty: (TypeVar a)
structFieldGoType ty: Any
structFieldGoType ty: (Func [(ADT ["Type","Proxy","Proxy"] [(TypeVar rowlist)]), (Record (Row [] (TypeVar row))), (Record (Row [] (TypeVar row)))] (Record (Row [] (TypeVar subrow))))
structFieldGoType ty: Any
structFieldGoType ty: (Func [(TypeVar a), (TypeVar a)] (TypeVar a))
structFieldGoType ty: Any
structFieldGoType ty: (Func [(ADT ["Type","Proxy","Proxy"] [(TypeVar rowlist)]), (Record (Row [] (TypeVar row))), (Record (Row [] (TypeVar row)))] (ADT ["Data","Ordering","Ordering"] []))
structFieldGoType ty: Any
structFieldGoType ty: (Func [(TypeVar a), (TypeVar a)] (ADT ["Data","Ordering","Ordering"] []))
structFieldGoType ty: Any
structFieldGoType ty: (ForAll [a] (ConstrainedType (Func [(TypeApp (TypeVar f) [(TypeVar a)]), (TypeApp (TypeVar f) [(TypeVar a)])] (ADT ["Data","Ordering","Ordering"] []))))
structFieldGoType ty: (ForAll [a, b] (Func [(Func [(TypeVar a)] (TypeVar b)), (TypeApp (TypeVar f) [(TypeVar a)])] (TypeApp (TypeVar f) [(TypeVar b)])))
structFieldGoType ty: Any
structFieldGoType ty: (ForAll [a, b] (Func [(TypeApp (TypeVar f) [(Func [(TypeVar a)] (TypeVar b))]), (TypeApp (TypeVar f) [(TypeVar a)])] (TypeApp (TypeVar f) [(TypeVar b)])))
structFieldGoType ty: Any
structFieldGoType ty: (ForAll [a] (Func [(TypeVar a)] (TypeApp (TypeVar f) [(TypeVar a)])))
structFieldGoType ty: Any
structFieldGoType ty: (ForAll [a, b] (Func [(TypeApp (TypeVar m) [(TypeVar a)]), (Func [(TypeVar a)] (TypeApp (TypeVar m) [(TypeVar b)]))] (TypeApp (TypeVar m) [(TypeVar b)])))
structFieldGoType ty: (ForAll [f, b] (ConstrainedType (Func [(TypeApp (TypeVar f) [(TypeVar a)]), (Func [(TypeVar a)] (TypeApp (TypeVar f) [(TypeVar b)]))] (TypeApp (TypeVar f) [(TypeVar b)]))))
structFieldGoType ty: Any
structFieldGoType ty: Any
structFieldGoType ty: Any
structFieldGoType ty: Any
structFieldGoType ty: Any
structFieldGoType ty: Any
structFieldGoType ty: Any
structFieldGoType ty: (Func [(TypeVar a)] Int)
structFieldGoType ty: (Func [(TypeVar a), (TypeVar a)] (TypeVar a))
structFieldGoType ty: (Func [(TypeVar a), (TypeVar a)] (TypeVar a))
structFieldGoType ty: Any
structFieldGoType ty: (Func [(ADT ["Type","Proxy","Proxy"] [(TypeVar rowlist)])] (Record (Row [] (TypeVar subrow))))
structFieldGoType ty: Any
structFieldGoType ty: (TypeVar m)
structFieldGoType ty: Any
structFieldGoType ty: (Func [(ADT ["Type","Proxy","Proxy"] [(TypeVar rowlist)]), (ADT ["Type","Proxy","Proxy"] [(TypeVar row)])] (Record (Row [] (TypeVar subrow))))
structFieldGoType ty: (Func [(ADT ["Type","Proxy","Proxy"] [(TypeVar rowlist)]), (ADT ["Type","Proxy","Proxy"] [(TypeVar row)])] (Record (Row [] (TypeVar subrow))))
structFieldGoType ty: Any
structFieldGoType ty: (TypeVar a)
structFieldGoType ty: (TypeVar a)
structFieldGoType ty: Any
structFieldGoType ty: (Func [(TypeVar a)] (TypeVar a))
structFieldGoType ty: Any
structFieldGoType ty: Any
structFieldGoType ty: Any
structFieldGoType ty: (ForAll [a] (Func [(TypeApp (TypeVar f) [(TypeVar a)]), (TypeApp (TypeVar f) [(TypeVar a)])] (TypeApp (TypeVar f) [(TypeVar a)])))
structFieldGoType ty: Any
structFieldGoType ty: (ForAll [a] (TypeApp (TypeVar f) [(TypeVar a)]))
structFieldGoType ty: Any
structFieldGoType ty: Any
structFieldGoType ty: (Func [(Func [Unit] (TypeVar l))] (TypeVar l))
structFieldGoType ty: Any
structFieldGoType ty: (ForAll [b, a] (Func [(Func [(TypeApp (TypeVar w) [(TypeVar a)])] (TypeVar b)), (TypeApp (TypeVar w) [(TypeVar a)])] (TypeApp (TypeVar w) [(TypeVar b)])))
structFieldGoType ty: Any
structFieldGoType ty: (ForAll [a] (Func [(TypeApp (TypeVar w) [(TypeVar a)])] (TypeVar a)))
structFieldGoType ty: Any
structFieldGoType ty: (ForAll [a, b] (Func [(Func [(TypeVar a)] (TypeVar b)), (Func [(TypeVar b)] (TypeVar a)), (TypeApp (TypeVar f) [(TypeVar a)])] (TypeApp (TypeVar f) [(TypeVar b)])))
structFieldGoType ty: (TypeVar a)
structFieldGoType ty: (TypeVar b)
structFieldGoType ty: (TypeVar a)
structFieldGoType ty: (TypeVar b)
structFieldGoType ty: (Func [(TypeVar a)] (TypeVar rep))
structFieldGoType ty: (Func [(TypeVar rep)] (TypeVar a))
structFieldGoType ty: (TypeVar a)
structFieldGoType ty: (TypeVar a)
structFieldGoType ty: (TypeVar b)
structFieldGoType ty: Any
structFieldGoType ty: (ForAll [a] (Func [(TypeVar e)] (TypeApp (TypeVar m) [(TypeVar a)])))
structFieldGoType ty: Any
structFieldGoType ty: (ForAll [a] (Func [(TypeApp (TypeVar m) [(TypeVar a)]), (Func [(TypeVar e)] (TypeApp (TypeVar m) [(TypeVar a)]))] (TypeApp (TypeVar m) [(TypeVar a)])))
structFieldGoType ty: (TypeVar a)
structFieldGoType ty: (TypeVar b)
structFieldGoType ty: (ForAll [a, b, c, d] (Func [(Func [(TypeVar a)] (TypeVar b)), (Func [(TypeVar c)] (TypeVar d)), (TypeApp (TypeVar f) [(TypeVar a), (TypeVar c)])] (TypeApp (TypeVar f) [(TypeVar b), (TypeVar d)])))
structFieldGoType ty: (TypeVar a)
structFieldGoType ty: (TypeVar b)
structFieldGoType ty: Any
structFieldGoType ty: (ForAll [a, b] (Func [(Func [(TypeVar a)] (TypeApp (TypeVar m) [(ADT ["Control","Monad","Rec","Class","Step"] [(TypeVar a), (TypeVar b)])])), (TypeVar a)] (TypeApp (TypeVar m) [(TypeVar b)])))
structFieldGoType ty: Any
structFieldGoType ty: (TypeApp Any [(ADT ["Control","Monad","ST","Internal","ST"] [(TypeVar s)]), (TypeVar m)])
structFieldGoType ty: Any
structFieldGoType ty: (ForAll [a] (Func [(Func [(ForAll [b] (Func [(TypeVar a)] (TypeApp (TypeVar m) [(TypeVar b)])))] (TypeApp (TypeVar m) [(TypeVar a)]))] (TypeApp (TypeVar m) [(TypeVar a)])))
structFieldGoType ty: Any
structFieldGoType ty: (TypeApp (TypeVar m) [(TypeVar r)])
structFieldGoType ty: Any
structFieldGoType ty: (ForAll [a] (Func [(Func [(TypeVar r)] (TypeVar r)), (TypeApp (TypeVar m) [(TypeVar a)])] (TypeApp (TypeVar m) [(TypeVar a)])))
structFieldGoType ty: Any
structFieldGoType ty: (ForAll [a] (Func [(Func [(TypeVar s)] (ADT ["Data","Tuple","Tuple"] [(TypeVar a), (TypeVar s)]))] (TypeApp (TypeVar m) [(TypeVar a)])))
structFieldGoType ty: (ForAll [m, a] (ConstrainedType (Func [(TypeApp (TypeVar m) [(TypeVar a)])] (TypeApp (TypeVar t) [(TypeVar m), (TypeVar a)]))))
structFieldGoType ty: Any
structFieldGoType ty: (ForAll [a] (Func [(ADT ["Effect","Effect"] [(TypeVar a)])] (TypeApp (TypeVar m) [(TypeVar a)])))
structFieldGoType ty: Any
structFieldGoType ty: Any
structFieldGoType ty: (Func [(TypeVar w)] (TypeApp (TypeVar m) [Unit]))
structFieldGoType ty: Any
structFieldGoType ty: Any
structFieldGoType ty: (ForAll [a] (Func [(TypeApp (TypeVar m) [(TypeVar a)])] (TypeApp (TypeVar m) [(ADT ["Data","Tuple","Tuple"] [(TypeVar a), (TypeVar w)])])))
structFieldGoType ty: (ForAll [a] (Func [(TypeApp (TypeVar m) [(ADT ["Data","Tuple","Tuple"] [(TypeVar a), (Func [(TypeVar w)] (TypeVar w))])])] (TypeApp (TypeVar m) [(TypeVar a)])))
structFieldGoType ty: Any
structFieldGoType ty: Any
structFieldGoType ty: Any
structFieldGoType ty: (ForAll [p] (Func [(TypeApp (TypeVar p) [(TypeVar a)])] (TypeApp (TypeVar p) [(TypeVar b)])))
structFieldGoType ty: Any
structFieldGoType ty: (ForAll [a, b, g] (ConstrainedType (Func [(Func [(TypeVar a)] (TypeApp (TypeVar f) [(TypeVar b)])), (TypeApp (TypeVar g) [(TypeVar a)])] (TypeApp (TypeVar f) [(TypeApp (TypeVar g) [(TypeVar b)])]))))
structFieldGoType ty: (ForAll [a, g] (ConstrainedType (Func [(TypeApp (TypeVar g) [(TypeApp (TypeVar f) [(TypeVar a)])])] (TypeApp (TypeVar f) [(TypeApp (TypeVar g) [(TypeVar a)])]))))
structFieldGoType ty: (ForAll [a, b] (Func [(Func [(TypeVar b)] (TypeVar a)), (TypeApp (TypeVar f) [(TypeVar a)])] (TypeApp (TypeVar f) [(TypeVar b)])))
structFieldGoType ty: (ForAll [a, b, c, d] (Func [(Func [(TypeVar a)] (TypeVar b)), (Func [(TypeVar c)] (TypeVar d)), (TypeApp (TypeVar p) [(TypeVar b), (TypeVar c)])] (TypeApp (TypeVar p) [(TypeVar a), (TypeVar d)])))
structFieldGoType ty: Any
structFieldGoType ty: (ForAll [a, b, x] (Func [(TypeApp (TypeVar p) [(TypeVar a), (TypeVar b)])] (TypeApp (TypeVar p) [(Func [(TypeVar x)] (TypeVar a)), (Func [(TypeVar x)] (TypeVar b))])))
structFieldGoType ty: Any
structFieldGoType ty: (ForAll [a, b, c] (Func [(TypeApp (TypeVar p) [(TypeVar a), (TypeVar b)])] (TypeApp (TypeVar p) [(ADT ["Data","Tuple","Tuple"] [(TypeVar a), (TypeVar c)]), (ADT ["Data","Tuple","Tuple"] [(TypeVar b), (TypeVar c)])])))
structFieldGoType ty: (ForAll [a, b, c] (Func [(TypeApp (TypeVar p) [(TypeVar b), (TypeVar c)])] (TypeApp (TypeVar p) [(ADT ["Data","Tuple","Tuple"] [(TypeVar a), (TypeVar b)]), (ADT ["Data","Tuple","Tuple"] [(TypeVar a), (TypeVar c)])])))
structFieldGoType ty: Any
structFieldGoType ty: (ForAll [a, b, c] (Func [(TypeApp (TypeVar p) [(TypeVar a), (TypeVar b)])] (TypeApp (TypeVar p) [(ADT ["Data","Either","Either"] [(TypeVar a), (TypeVar c)]), (ADT ["Data","Either","Either"] [(TypeVar b), (TypeVar c)])])))
structFieldGoType ty: (ForAll [a, b, c] (Func [(TypeApp (TypeVar p) [(TypeVar b), (TypeVar c)])] (TypeApp (TypeVar p) [(ADT ["Data","Either","Either"] [(TypeVar a), (TypeVar b)]), (ADT ["Data","Either","Either"] [(TypeVar a), (TypeVar c)])])))
structFieldGoType ty: Any
structFieldGoType ty: Any
structFieldGoType ty: (TypeApp Any [(TypeVar m), (TypeVar f)])
structFieldGoType ty: (TypeApp Any [(TypeVar f), (TypeVar m)])
structFieldGoType ty: (TypeVar a)
structFieldGoType ty: (ADT ["Data","Foldable","FreeMonoidTree"] [(TypeVar a)])
structFieldGoType ty: (ADT ["Data","Foldable","FreeMonoidTree"] [(TypeVar a)])
structFieldGoType ty: (ForAll [a, m] (ConstrainedType (Func [(Func [(TypeVar a)] (TypeVar m)), (TypeApp (TypeVar f) [(TypeVar a)])] (TypeVar m))))
structFieldGoType ty: (ForAll [a, b] (Func [(Func [(TypeVar b), (TypeVar a)] (TypeVar b)), (TypeVar b), (TypeApp (TypeVar f) [(TypeVar a)])] (TypeVar b)))
structFieldGoType ty: (ForAll [a, b] (Func [(Func [(TypeVar a), (TypeVar b)] (TypeVar b)), (TypeVar b), (TypeApp (TypeVar f) [(TypeVar a)])] (TypeVar b)))
structFieldGoType ty: Any
structFieldGoType ty: Any
structFieldGoType ty: (ForAll [a, m] (ConstrainedType (Func [(TypeApp (TypeVar t) [(TypeApp (TypeVar m) [(TypeVar a)])])] (TypeApp (TypeVar m) [(TypeApp (TypeVar t) [(TypeVar a)])]))))
structFieldGoType ty: (ForAll [a, b, m] (ConstrainedType (Func [(Func [(TypeVar a)] (TypeApp (TypeVar m) [(TypeVar b)])), (TypeApp (TypeVar t) [(TypeVar a)])] (TypeApp (TypeVar m) [(TypeApp (TypeVar t) [(TypeVar b)])]))))
structFieldGoType ty: (Func [(TypeVar a)] Number)
structFieldGoType ty: (Func [Number] (TypeVar a))
structFieldGoType ty: Any
structFieldGoType ty: (ForAll [a, b] (Func [(Func [(TypeVar i), (TypeVar a)] (TypeVar b)), (TypeApp (TypeVar f) [(TypeVar a)])] (TypeApp (TypeVar f) [(TypeVar b)])))
structFieldGoType ty: Any
structFieldGoType ty: (ForAll [a, m] (ConstrainedType (Func [(Func [(TypeVar i), (TypeVar a)] (TypeVar m)), (TypeApp (TypeVar f) [(TypeVar a)])] (TypeVar m))))
structFieldGoType ty: (ForAll [a, b] (Func [(Func [(TypeVar i), (TypeVar b), (TypeVar a)] (TypeVar b)), (TypeVar b), (TypeApp (TypeVar f) [(TypeVar a)])] (TypeVar b)))
structFieldGoType ty: (ForAll [a, b] (Func [(Func [(TypeVar i), (TypeVar a), (TypeVar b)] (TypeVar b)), (TypeVar b), (TypeApp (TypeVar f) [(TypeVar a)])] (TypeVar b)))
structFieldGoType ty: (Func [(TypeVar a), (Func [(TypeVar a), (TypeVar a)] (TypeVar a))] (TypeVar a))
structFieldGoType ty: (TypeVar a)
structFieldGoType ty: Any
structFieldGoType ty: (ForAll [a, m] (ConstrainedType (Func [(Func [(TypeVar a)] (TypeVar m)), (TypeApp (TypeVar t) [(TypeVar a)])] (TypeVar m))))
structFieldGoType ty: (ForAll [a] (Func [(Func [(TypeVar a), (TypeVar a)] (TypeVar a)), (TypeApp (TypeVar t) [(TypeVar a)])] (TypeVar a)))
structFieldGoType ty: (ForAll [a] (Func [(Func [(TypeVar a), (TypeVar a)] (TypeVar a)), (TypeApp (TypeVar t) [(TypeVar a)])] (TypeVar a)))
structFieldGoType ty: Any
structFieldGoType ty: Any
structFieldGoType ty: (ForAll [b, f] (ConstrainedType (Func [(TypeApp (TypeVar t) [(TypeApp (TypeVar f) [(TypeVar b)])])] (TypeApp (TypeVar f) [(TypeApp (TypeVar t) [(TypeVar b)])]))))
structFieldGoType ty: (ForAll [a, b, f] (ConstrainedType (Func [(Func [(TypeVar a)] (TypeApp (TypeVar f) [(TypeVar b)])), (TypeApp (TypeVar t) [(TypeVar a)])] (TypeApp (TypeVar f) [(TypeApp (TypeVar t) [(TypeVar b)])]))))
structFieldGoType ty: Any
structFieldGoType ty: Any
structFieldGoType ty: Any
structFieldGoType ty: (ForAll [a, b, m] (ConstrainedType (Func [(Func [(TypeVar i), (TypeVar a)] (TypeApp (TypeVar m) [(TypeVar b)])), (TypeApp (TypeVar t) [(TypeVar a)])] (TypeApp (TypeVar m) [(TypeApp (TypeVar t) [(TypeVar b)])]))))
structFieldGoType ty: (ForAll [a, b] (Func [(Func [(TypeVar b)] (ADT ["Data","Tuple","Tuple"] [(TypeVar a), (ADT ["Data","Maybe","Maybe"] [(TypeVar b)])])), (TypeVar b)] (TypeApp (TypeVar t) [(TypeVar a)])))
structFieldGoType ty: (Func [Int] (ADT ["Data","Maybe","Maybe"] [(TypeVar a)]))
structFieldGoType ty: (ADT ["Control","Monad","ST","Internal","STRef"] [(TypeVar r), Int])
structFieldGoType ty: Any
structFieldGoType ty: (ForAll [a, b] (Func [(Func [(TypeVar b)] (ADT ["Data","Maybe","Maybe"] [(ADT ["Data","Tuple","Tuple"] [(TypeVar a), (TypeVar b)])])), (TypeVar b)] (TypeApp (TypeVar t) [(TypeVar a)])))
structFieldGoType ty: Int
structFieldGoType ty: (ADT ["Test","AstTree","Expr"] [])
structFieldGoType ty: (ADT ["Test","AstTree","Expr"] [])
structFieldGoType ty: (ADT ["Test","AstTree","Expr"] [])
structFieldGoType ty: (ADT ["Test","AstTree","Expr"] [])
structFieldGoType ty: (ADT ["Test","AstTree","Expr"] [])
structFieldGoType ty: (ADT ["Test","AstTree","Expr"] [])
structFieldGoType ty: (TypeVar a)
structFieldGoType ty: (ADT ["Test","ListOps","List"] [(TypeVar a)])
structFieldGoType ty: (Func [(TypeVar a), (TypeVar a)] (TypeVar a))
structFieldGoType ty: (TypeVar a)
structFieldGoType ty: (TypeVar a)
structFieldGoType ty: (ADT ["Test","Primes","List"] [(TypeVar a)])
structFieldGoType ty: (ADT ["Test","RBTree","Color"] [])
structFieldGoType ty: (ADT ["Test","RBTree","Tree"] [])
structFieldGoType ty: Int
structFieldGoType ty: (ADT ["Test","RBTree","Tree"] [])
structFieldGoType ty: Any
structFieldGoType ty: (ForAll [a, b, c, d] (Func [(TypeApp (TypeVar w) [(Func [(TypeVar a)] (TypeVar b)), (Func [(TypeVar c)] (TypeVar d))]), (TypeApp (TypeVar w) [(TypeVar a), (TypeVar c)])] (TypeApp (TypeVar w) [(TypeVar b), (TypeVar d)])))
structFieldGoType ty: Any
structFieldGoType ty: (ForAll [a, b] (Func [(TypeVar a), (TypeVar b)] (TypeApp (TypeVar w) [(TypeVar a), (TypeVar b)])))
structFieldGoType ty: (ForAll [w, a] (ConstrainedType (Func [(TypeApp (TypeVar f) [(TypeVar w), (TypeVar a)])] (TypeApp (TypeVar w) [(TypeVar a)]))))
structFieldGoType ty: Any
structFieldGoType ty: (ForAll [a] (Func [(TypeVar s), (TypeApp (TypeVar w) [(TypeVar a)])] (TypeVar a)))
structFieldGoType ty: (ForAll [a] (Func [(TypeApp (TypeVar w) [(TypeVar a)])] (TypeVar s)))
structFieldGoType ty: Any
structFieldGoType ty: (ForAll [a] (Func [(TypeApp (TypeVar w) [(TypeVar a)])] (TypeVar e)))
structFieldGoType ty: Any
structFieldGoType ty: (ForAll [a] (Func [(Func [(TypeVar e)] (TypeVar e)), (TypeApp (TypeVar w) [(TypeVar a)])] (TypeApp (TypeVar w) [(TypeVar a)])))
structFieldGoType ty: Any
structFieldGoType ty: (ForAll [a] (Func [(TypeVar t), (TypeApp (TypeVar w) [(TypeVar a)])] (TypeVar a)))
structFieldGoType ty: Any
structFieldGoType ty: (TypeApp (TypeVar m) [Boolean])
structFieldGoType ty: (Func [Number, Number] (TypeApp (TypeVar m) [Number]))
structFieldGoType ty: (Func [Int, Int] (TypeApp (TypeVar m) [Int]))
structFieldGoType ty: (ForAll [a] (Func [(Func [Any] Any), (TypeApp (TypeVar m) [(TypeVar a)])] (TypeApp (TypeVar m) [(TypeVar a)])))
structFieldGoType ty: (ForAll [a] (Func [(Func [Any] (TypeApp (TypeVar m) [(TypeVar a)]))] (TypeApp (TypeVar m) [(TypeVar a)])))
structFieldGoType ty: (TypeVar a)
structFieldGoType ty: (ADT ["Control","Monad","Gen","LL"] [(TypeVar a)])
structFieldGoType ty: (TypeVar a)
structFieldGoType ty: (TypeApp (TypeVar f) [(TypeVar a)])
structFieldGoType ty: (TypeVar a)
structFieldGoType ty: (ADT ["Data","Lazy","Lazy"] [(TypeVar s)])
structFieldGoType ty: (ADT ["Data","Lazy","Lazy"] [(TypeVar s)])
structFieldGoType ty: (TypeVar state)
structFieldGoType ty: (TypeVar result)
structFieldGoType ty: (TypeVar writer)
structFieldGoType ty: (TypeApp (TypeVar f) [(TypeVar a), (TypeVar b)])
structFieldGoType ty: (TypeApp (TypeVar g) [(TypeVar a), (TypeVar b)])
structFieldGoType ty: (ForAll [m, a, b] (ConstrainedType (Func [(Func [(TypeVar a)] (TypeVar m)), (Func [(TypeVar b)] (TypeVar m)), (TypeApp (TypeVar p) [(TypeVar a), (TypeVar b)])] (TypeVar m))))
structFieldGoType ty: (ForAll [a, b, c] (Func [(Func [(TypeVar c), (TypeVar a)] (TypeVar c)), (Func [(TypeVar c), (TypeVar b)] (TypeVar c)), (TypeVar c), (TypeApp (TypeVar p) [(TypeVar a), (TypeVar b)])] (TypeVar c)))
structFieldGoType ty: (ForAll [a, b, c] (Func [(Func [(TypeVar a), (TypeVar c)] (TypeVar c)), (Func [(TypeVar b), (TypeVar c)] (TypeVar c)), (TypeVar c), (TypeApp (TypeVar p) [(TypeVar a), (TypeVar b)])] (TypeVar c)))
structFieldGoType ty: Any
structFieldGoType ty: Any
structFieldGoType ty: (ForAll [f, a, b] (ConstrainedType (Func [(TypeApp (TypeVar t) [(TypeApp (TypeVar f) [(TypeVar a)]), (TypeApp (TypeVar f) [(TypeVar b)])])] (TypeApp (TypeVar f) [(TypeApp (TypeVar t) [(TypeVar a), (TypeVar b)])]))))
structFieldGoType ty: (ForAll [f, a, b, c, d] (ConstrainedType (Func [(Func [(TypeVar a)] (TypeApp (TypeVar f) [(TypeVar c)])), (Func [(TypeVar b)] (TypeApp (TypeVar f) [(TypeVar d)])), (TypeApp (TypeVar t) [(TypeVar a), (TypeVar b)])] (TypeApp (TypeVar f) [(TypeApp (TypeVar t) [(TypeVar c), (TypeVar d)])]))))
structFieldGoType ty: (TypeVar a)
structFieldGoType ty: (TypeVar a)
structFieldGoType ty: Any
structFieldGoType ty: (Func [(TypeVar a)] (ADT ["Data","Maybe","Maybe"] [(TypeVar a)]))
structFieldGoType ty: (Func [(TypeVar a)] (ADT ["Data","Maybe","Maybe"] [(TypeVar a)]))
structFieldGoType ty: Any
structFieldGoType ty: Any
structFieldGoType ty: Int
structFieldGoType ty: (Func [(TypeVar a)] Int)
structFieldGoType ty: (Func [Int] (ADT ["Data","Maybe","Maybe"] [(TypeVar a)]))
structFieldGoType ty: Int
structFieldGoType ty: (ADT ["Data","Date","Component","Month"] [])
structFieldGoType ty: Int
structFieldGoType ty: Int
structFieldGoType ty: Int
structFieldGoType ty: Int
structFieldGoType ty: Int
structFieldGoType ty: (ADT ["Data","Date","Date"] [])
structFieldGoType ty: (ADT ["Data","Time","Time"] [])
structFieldGoType ty: Any
structFieldGoType ty: (ForAll [a, b, c] (Func [(Func [(TypeVar a)] (ADT ["Data","Tuple","Tuple"] [(TypeVar b), (TypeVar c)])), (TypeApp (TypeVar f) [(TypeVar b)]), (TypeApp (TypeVar f) [(TypeVar c)])] (TypeApp (TypeVar f) [(TypeVar a)])))
structFieldGoType ty: Any
structFieldGoType ty: (ForAll [a, b, c] (Func [(Func [(TypeVar a)] (ADT ["Data","Either","Either"] [(TypeVar b), (TypeVar c)])), (TypeApp (TypeVar f) [(TypeVar b)]), (TypeApp (TypeVar f) [(TypeVar c)])] (TypeApp (TypeVar f) [(TypeVar a)])))
structFieldGoType ty: Any
structFieldGoType ty: (ForAll [a] (TypeApp (TypeVar f) [(TypeVar a)]))
structFieldGoType ty: Any
structFieldGoType ty: Any
structFieldGoType ty: (ForAll [a] (Func [(Func [(TypeVar a)] (ADT ["Data","Void","Void"] []))] (TypeApp (TypeVar f) [(TypeVar a)])))
structFieldGoType ty: (Func [(TypeVar a)] (TypeVar b))
structFieldGoType ty: (Func [(TypeVar b)] (ADT ["Data","Maybe","Maybe"] [(TypeVar a)]))
structFieldGoType ty: (Func [(TypeVar a)] (ADT ["Data","Maybe","Maybe"] [(TypeVar a)]))
structFieldGoType ty: (Func [(TypeVar a)] (ADT ["Data","Maybe","Maybe"] [(TypeVar a)]))
structFieldGoType ty: Int
structFieldGoType ty: (Func [(TypeVar a)] Int)
structFieldGoType ty: (Func [Int] (ADT ["Data","Maybe","Maybe"] [(TypeVar a)]))
structFieldGoType ty: (Func [(TypeVar a), (TypeVar a)] Boolean)
structFieldGoType ty: (ForAll [a] (Func [(TypeApp (TypeVar f) [(TypeVar a)])] (TypeApp (TypeVar g) [(TypeVar a)])))
structFieldGoType ty: (ForAll [a] (Func [(TypeApp (TypeVar g) [(TypeVar a)])] (ADT ["Data","Maybe","Maybe"] [(TypeApp (TypeVar f) [(TypeVar a)])])))
structFieldGoType ty: (Func [(TypeVar a), (TypeVar a)] (TypeVar a))
structFieldGoType ty: (Func [(TypeVar a), (TypeVar a)] (TypeVar a))
structFieldGoType ty: (TypeVar a)
structFieldGoType ty: (Func [(TypeVar a), (TypeVar a)] (TypeVar a))
structFieldGoType ty: (Func [(TypeVar a)] (TypeVar a))
structFieldGoType ty: (TypeVar a)
structFieldGoType ty: (TypeVar a)
structFieldGoType ty: (ADT ["Data","List","Types","List"] [(TypeVar a)])
structFieldGoType ty: (ADT ["Data","List","Internal","Set"] [(TypeVar k)])
structFieldGoType ty: (TypeVar k)
structFieldGoType ty: (ADT ["Data","List","Internal","Set"] [(TypeVar k)])
structFieldGoType ty: (ADT ["Data","List","Internal","Set"] [(TypeVar k)])
structFieldGoType ty: (TypeVar k)
structFieldGoType ty: (ADT ["Data","List","Internal","Set"] [(TypeVar k)])
structFieldGoType ty: (TypeVar k)
structFieldGoType ty: (ADT ["Data","List","Internal","Set"] [(TypeVar k)])
structFieldGoType ty: (TypeVar k)
structFieldGoType ty: (ADT ["Data","List","Internal","Set"] [(TypeVar k)])
structFieldGoType ty: (ADT ["Data","List","Internal","Set"] [(TypeVar k)])
structFieldGoType ty: (TypeVar k)
structFieldGoType ty: (TypeVar k)
structFieldGoType ty: (ADT ["Data","List","Internal","Set"] [(TypeVar k)])
structFieldGoType ty: (TypeVar k)
structFieldGoType ty: (ADT ["Data","List","Internal","Set"] [(TypeVar k)])
structFieldGoType ty: (ADT ["Data","List","Internal","Set"] [(TypeVar k)])
structFieldGoType ty: (TypeVar k)
structFieldGoType ty: (TypeVar k)
structFieldGoType ty: (ADT ["Data","List","Internal","Set"] [(TypeVar k)])
structFieldGoType ty: (ADT ["Data","List","Internal","Set"] [(TypeVar k)])
structFieldGoType ty: (TypeVar k)
structFieldGoType ty: (ADT ["Data","List","Internal","Set"] [(TypeVar k)])
structFieldGoType ty: (TypeVar k)
structFieldGoType ty: (ADT ["Data","List","Internal","Set"] [(TypeVar k)])
structFieldGoType ty: (TypeVar k)
structFieldGoType ty: (ADT ["Data","List","Internal","Set"] [(TypeVar k)])
structFieldGoType ty: Int
structFieldGoType ty: Int
structFieldGoType ty: (TypeVar k)
structFieldGoType ty: (TypeVar v)
structFieldGoType ty: (ADT ["Data","Map","Internal","Map"] [(TypeVar k), (TypeVar v)])
structFieldGoType ty: (ADT ["Data","Map","Internal","Map"] [(TypeVar k), (TypeVar v)])
structFieldGoType ty: (TypeVar k)
structFieldGoType ty: (TypeVar v)
structFieldGoType ty: (ADT ["Data","Map","Internal","MapIter"] [(TypeVar k), (TypeVar v)])
structFieldGoType ty: (ADT ["Data","Map","Internal","Map"] [(TypeVar k), (TypeVar v)])
structFieldGoType ty: (ADT ["Data","Map","Internal","MapIter"] [(TypeVar k), (TypeVar v)])
structFieldGoType ty: (TypeVar k)
structFieldGoType ty: (TypeVar v)
structFieldGoType ty: (ADT ["Data","Map","Internal","MapIter"] [(TypeVar k), (TypeVar v)])
structFieldGoType ty: (ADT ["Data","Maybe","Maybe"] [(TypeVar v)])
structFieldGoType ty: (ADT ["Data","Map","Internal","Map"] [(TypeVar k), (TypeVar v)])
structFieldGoType ty: (ADT ["Data","Map","Internal","Map"] [(TypeVar k), (TypeVar v)])
structFieldGoType ty: (TypeVar k)
structFieldGoType ty: (TypeVar v)
structFieldGoType ty: (ADT ["Data","Map","Internal","Map"] [(TypeVar k), (TypeVar v)])
structFieldGoType ty: (TypeVar a)
structFieldGoType ty: (TypeVar a)
structFieldGoType ty: (TypeVar d)
structFieldGoType ty: (TypeVar a)
structFieldGoType ty: (TypeVar a)
structFieldGoType ty: (TypeVar d)
structFieldGoType ty: (TypeVar d)
structFieldGoType ty: (ADT ["Data","Maybe","Maybe"] [Int])
structFieldGoType ty: (ADT ["Data","Interval","Interval"] [(TypeVar d), (TypeVar a)])
structFieldGoType ty: (ADT ["Data","Interval","Duration","DurationComponent"] [])
structFieldGoType ty: (ADT ["Data","Interval","Duration","DurationComponent"] [])
structFieldGoType ty: (TypeVar a)
structFieldGoType ty: (ADT ["Data","Lazy","Lazy"] [(ADT ["Data","List","Lazy","Types","Step"] [(TypeVar a)])])
structFieldGoType ty: (TypeVar a)
structFieldGoType ty: Int
structFieldGoType ty: Int
structFieldGoType ty: Int
structFieldGoType ty: (Func [(TypeVar a), (TypeVar a)] (ADT ["Data","Ordering","Ordering"] []))
structFieldGoType ty: Any
structFieldGoType ty: (ForAll [a, b, c] (Func [(TypeApp (TypeVar p) [(ADT ["Data","Either","Either"] [(TypeVar a), (TypeVar c)]), (ADT ["Data","Either","Either"] [(TypeVar b), (TypeVar c)])])] (TypeApp (TypeVar p) [(TypeVar a), (TypeVar b)])))
structFieldGoType ty: (ForAll [a, b, c] (Func [(TypeApp (TypeVar p) [(ADT ["Data","Either","Either"] [(TypeVar a), (TypeVar b)]), (ADT ["Data","Either","Either"] [(TypeVar a), (TypeVar c)])])] (TypeApp (TypeVar p) [(TypeVar b), (TypeVar c)])))
structFieldGoType ty: Any
structFieldGoType ty: (ForAll [a, b, c] (Func [(TypeApp (TypeVar p) [(ADT ["Data","Tuple","Tuple"] [(TypeVar a), (TypeVar c)]), (ADT ["Data","Tuple","Tuple"] [(TypeVar b), (TypeVar c)])])] (TypeApp (TypeVar p) [(TypeVar a), (TypeVar b)])))
structFieldGoType ty: (ForAll [a, b, c] (Func [(TypeApp (TypeVar p) [(ADT ["Data","Tuple","Tuple"] [(TypeVar a), (TypeVar b)]), (ADT ["Data","Tuple","Tuple"] [(TypeVar a), (TypeVar c)])])] (TypeApp (TypeVar p) [(TypeVar b), (TypeVar c)])))
structFieldGoType ty: (Func [(TypeVar a)] (TypeVar x))
structFieldGoType ty: (Func [(TypeVar x)] (TypeVar b))
structFieldGoType ty: (TypeApp (TypeVar f) [(TypeVar x)])
structFieldGoType ty: (Func [(ADT ["Type","Proxy","Proxy"] [(TypeVar v)])] (TypeVar t))
structFieldGoType ty: (Func [(TypeVar a), (TypeVar a)] (TypeVar a))
structFieldGoType ty: (Func [(TypeVar a), (TypeVar a)] (TypeVar a))
structFieldGoType ty: (Func [(TypeVar a), (TypeVar a)] (TypeVar a))
structFieldGoType ty: (Func [(TypeVar a), (TypeVar a)] (TypeVar a))
structFieldGoType ty: (TypeVar a)
structFieldGoType ty: (TypeVar a)
structFieldGoType ty: (Func [(TypeVar a)] (Array String))
structFieldGoType ty: (Func [(TypeVar a)] String)
structFieldGoType ty: (Func [(ADT ["Type","Proxy","Proxy"] [(TypeVar s)])] String)
structFieldGoType ty: Any
structFieldGoType ty: (TypeApp Any [(ADT ["Effect","Aff","Aff"] []), (TypeVar m)])
structFieldGoType ty: Int
structFieldGoType ty: Int
structFieldGoType ty: Int
