Reading Spago workspace configuration...

✓ Selecting package to build: sharpurs

Downloading dependencies...
Building...
[1 of 4] Compiling Spago.Generated.BuildInfo
[2 of 4] Compiling Sharpurs.IntKernel.CodeGen
[3 of 4] Compiling Sharpurs.CodeGen
[4 of 4] Compiling Main
[WARNING 1/15 UnusedImport] src/Main.purs:9:1

  9  import Effect.Class.Console as Console
     ^^^^^^^^^^^^^^^^^^^^^^^^^^^^^^^^^^^^^^

  The qualified import of Effect.Class.Console as Console is redundant

[WARNING 2/15 UnusedImport] src/Main.purs:20:1

  20  import Data.List (List(..))
      ^^^^^^^^^^^^^^^^^^^^^^^^^^^

  The import of Data.List is redundant

[WARNING 3/15 UnusedExplicitImport] src/Main.purs:21:1

  21  import PureScript.Backend.Optimizer.App (coreFnModulesFromOutput, parseCLIArgs, checkCache, writeCache, loadDirectives)
      ^^^^^^^^^^^^^^^^^^^^^^^^^^^^^^^^^^^^^^^^^^^^^^^^^^^^^^^^^^^^^^^^^^^^^^^^^^^^^^^^^^^^^^^^^^^^^^^^^^^^^^^^^^^^^^^^^^^^^^^

  The import of module PureScript.Backend.Optimizer.App contains the following unused references:
    checkCache
    writeCache
  It could be replaced with:
    import PureScript.Backend.Optimizer.App (coreFnModulesFromOutput, loadDirectives, parseCLIArgs)

[WARNING 4/15 UnusedImport] src/Main.purs:31:1

  31  import Data.String (joinWith)
      ^^^^^^^^^^^^^^^^^^^^^^^^^^^^^

  The import of Data.String is redundant

[WARNING 5/15 UnusedName] src/Main.purs:96:7

  96    let cacheVersion = "1.0.0"
            ^^^^^^^^^^^^^^^^^^^^^^

  Name cacheVersion was introduced but not used.
  in value declaration main

[WARNING 6/15 UnusedName] src/Main.purs:110:13

  110          let modNameStr = unwrap coreFnMod.name
                   ^^^^^^^^^^^^^^^^^^^^^^^^^^^^^^^^^^

  Name modNameStr was introduced but not used.
  in value declaration main

[WARNING 7/15 UnusedImport] src/Sharpurs/CodeGen.purs:9:1

  9  import Data.String.CodeUnits as CU
     ^^^^^^^^^^^^^^^^^^^^^^^^^^^^^^^^^^

  The qualified import of Data.String.CodeUnits as CU is redundant

[WARNING 8/15 UnusedImport] src/Sharpurs/CodeGen.purs:13:1

  13  import Data.Set as Set
      ^^^^^^^^^^^^^^^^^^^^^^

  The qualified import of Data.Set as Set is redundant

[WARNING 9/15 UnusedImport] src/Sharpurs/CodeGen.purs:14:1

  14  import Data.Set (Set)
      ^^^^^^^^^^^^^^^^^^^^^

  The import of Data.Set is redundant

[WARNING 10/15 DuplicateImport] src/Sharpurs/CodeGen.purs:18:1

  18  import Data.Maybe (Maybe(..), fromMaybe)
      ^^^^^^^^^^^^^^^^^^^^^^^^^^^^^^^^^^^^^^^^

  Duplicate import of Data.Maybe (Maybe(..), fromMaybe)

[WARNING 11/15 ShadowedName] src/Sharpurs/CodeGen.purs:40:5

  40      translateDataDecl decl = FsDeclData (modPrefix <> "_" <> sanitizeName decl.name) (map translateDataCtor decl.constructors)
          ^^^^^^^^^^^^^^^^^^^^^^^^^^^^^^^^^^^^^^^^^^^^^^^^^^^^^^^^^^^^^^^^^^^^^^^^^^^^^^^^^^^^^^^^^^^^^^^^^^^^^^^^^^^^^^^^^^^^^^^^^^

  Name translateDataDecl was shadowed.
  in value declaration translateModuleWithKernels

[WARNING 12/15 ShadowedName] src/Sharpurs/CodeGen.purs:94:16

  94      expandBind adtCtors currentMod (Binding _ (Ident name) val) =
                     ^^^^^^^^

  Name adtCtors was shadowed.
  in value declaration translateBind

[WARNING 13/15 ShadowedName] src/Sharpurs/CodeGen.purs:94:25

  94      expandBind adtCtors currentMod (Binding _ (Ident name) val) =
                              ^^^^^^^^^^

  Name currentMod was shadowed.
  in value declaration translateBind

[WARNING 14/15 ShadowedName] src/Sharpurs/CodeGen.purs:230:17

  230    ExprTypeApp _ expr _ -> translateExpr adtCtors localEnv currentMod expr
                       ^^^^

  Name expr was shadowed.
  in value declaration translateExpr

[WARNING 15/15 ShadowedName] src/Sharpurs/CodeGen.purs:263:60

  263              recStrs = Array.concat (Array.mapWithIndex (\i b -> makeLocalRec b i) bindings)
                                                                  ^

  Name b was shadowed.
  in value declaration translateExpr

           Src   Lib   All
Warnings    15     0    15
Errors       0     0     0

✓ Build succeeded.

Reading Spago workspace configuration...

✓ Selecting package to build: sharpurs

Downloading dependencies...
Building...
           Src   Lib   All
Warnings     0     0     0
Errors       0     0     0

✓ Build succeeded.

Bundling...

  bin/sharpurs.js  962.8kb

⚡ Done in 25ms

✓ Bundle succeeded.

