=== RUN   TestFourRotations
=== RUN   TestFourRotations/[3_2_1]
=== RUN   TestFourRotations/[3_1_2]
=== RUN   TestFourRotations/[1_3_2]
=== RUN   TestFourRotations/[1_2_3]
--- PASS: TestFourRotations (0.00s)
    --- PASS: TestFourRotations/[3_2_1] (0.00s)
    --- PASS: TestFourRotations/[3_1_2] (0.00s)
    --- PASS: TestFourRotations/[1_3_2] (0.00s)
    --- PASS: TestFourRotations/[1_2_3] (0.00s)
=== RUN   TestPersistentHistories
=== RUN   TestPersistentHistories/0
=== RUN   TestPersistentHistories/1
=== RUN   TestPersistentHistories/2
=== RUN   TestPersistentHistories/3
=== RUN   TestPersistentHistories/4
=== RUN   TestPersistentHistories/5
--- PASS: TestPersistentHistories (0.13s)
    --- PASS: TestPersistentHistories/0 (0.00s)
    --- PASS: TestPersistentHistories/1 (0.00s)
    --- PASS: TestPersistentHistories/2 (0.00s)
    --- PASS: TestPersistentHistories/3 (0.06s)
    --- PASS: TestPersistentHistories/4 (0.04s)
    --- PASS: TestPersistentHistories/5 (0.04s)
=== RUN   TestRetainedSubtreeAndSharedChild
--- PASS: TestRetainedSubtreeAndSharedChild (0.00s)
=== RUN   TestNominalBuild
    persistence_test.go:156: reachable nodes=100000 depth=22
--- PASS: TestNominalBuild (0.01s)
=== RUN   TestOwnedFreshSequences
=== RUN   TestOwnedFreshSequences/0
=== RUN   TestOwnedFreshSequences/1
=== RUN   TestOwnedFreshSequences/2
=== RUN   TestOwnedFreshSequences/3
=== RUN   TestOwnedFreshSequences/4
=== RUN   TestOwnedFreshSequences/5
=== RUN   TestOwnedFreshSequences/6
=== RUN   TestOwnedFreshSequences/7
=== RUN   TestOwnedFreshSequences/8
--- PASS: TestOwnedFreshSequences (0.00s)
    --- PASS: TestOwnedFreshSequences/0 (0.00s)
    --- PASS: TestOwnedFreshSequences/1 (0.00s)
    --- PASS: TestOwnedFreshSequences/2 (0.00s)
    --- PASS: TestOwnedFreshSequences/3 (0.00s)
    --- PASS: TestOwnedFreshSequences/4 (0.00s)
    --- PASS: TestOwnedFreshSequences/5 (0.00s)
    --- PASS: TestOwnedFreshSequences/6 (0.00s)
    --- PASS: TestOwnedFreshSequences/7 (0.00s)
    --- PASS: TestOwnedFreshSequences/8 (0.00s)
=== RUN   TestFreshBuildMatchesPersistent
--- PASS: TestFreshBuildMatchesPersistent (0.00s)
=== RUN   TestRecolorCopiesFieldsIntoDistinctDonor
--- PASS: TestRecolorCopiesFieldsIntoDistinctDonor (0.00s)
=== RUN   TestInsertWithDistinctDonorPreservesShape
--- PASS: TestInsertWithDistinctDonorPreservesShape (0.00s)
PASS
ok  	adt-reuse-validation	0.548s
