Global warm-up in progress (this may take a moment)...

Global warm-up complete. Starting benchmarks...

--------------------------------------------------

(Test)

AST Evaluation FFI:

(Output & Warm-up)

7

(Execution time - best of 10)

1.63 μs

--------------------------------------------------

(Test)

Fibonacci FFI:

(Output & Warm-up)

55

(Execution time - best of 10)

1.96 μs

--------------------------------------------------

(Test)

List Processing FFI (900 elements):

(Output & Warm-up)

202950

(Execution time - best of 10)

33.29 μs

--------------------------------------------------

(Test)

Tail Call Optimization FFI (100k calls):

(Output & Warm-up)

100000

(Execution time - best of 10)

52.50 μs

--------------------------------------------------

(Test)

Deep Record Updates FFI (10k iterations):

(Output & Warm-up)

20000

(Execution time - best of 10)

49.42 μs

--------------------------------------------------

(Test)

Ackermann FFI (3, 4):

(Output & Warm-up)

125

(Execution time - best of 10)

42.13 μs

--------------------------------------------------

(Test)

Church Numerals FFI (100k Closure Applications):

(Output & Warm-up)

100000

(Execution time - best of 10)

1424.29 μs

--------------------------------------------------

(Test)

Prime Sieve FFI (sum primes up to 500):

(Output & Warm-up)

21536

(Execution time - best of 10)

118.13 μs

--------------------------------------------------

(Test)

Red-Black Tree FFI (100k Worst-Case Insertions):

(Output & Warm-up)

22

(Execution time - best of 10)

37416.71 μs

--------------------------------------------------

(Test)

Polymorphism FFI (10M Type Class Dict Lookups):

(Output & Warm-up)

10000000

(Execution time - best of 10)

5223.33 μs

--------------------------------------------------

(Test)

State Monad FFI (1.2k Binds, 60 Stack Depth):

(Output & Warm-up)

1200

(Execution time - best of 10)

92.50 μs

--------------------------------------------------

(Test)

Lazy Evaluation FFI (1M Thunks Forced, 1k Depth):

(Output & Warm-up)

1000000

(Execution time - best of 10)

27379.21 μs

--------------------------------------------------

(Test)

Array Processing FFI (900 elements):

(Output & Warm-up)

202950

(Execution time - best of 10)

26.13 μs

--------------------------------------------------

(Test)

RowToList FFI (Keys Count):

(Output & Warm-up)

5

(Execution time - best of 10)

1.42 μs


==================================================

Total exec time: 71.86 ms

Validated output: /Users/0x1/Documents/htdocs/altbak.pub/run/bak/js/output-runs/ffi-focrjqzx/validated.json
