java: mode=fficc, profile={"inherited_jvm_options": {"JAVA_TOOL_OPTIONS": "", "JDK_JAVA_OPTIONS": "", "_JAVA_OPTIONS": ""}, "jar": "/opt/homebrew/opt/openjdk/bin/jar", "java": "/opt/homebrew/opt/openjdk/bin/java", "javac": "/opt/homebrew/opt/openjdk/bin/javac", "javac_flags": [], "jvm_flags": ["-Xss100M"]}
/opt/homebrew/opt/openjdk/bin/java -Xss100M -jar /Users/0x1/Documents/htdocs/altbak.pub/run/bak/java/modes/fficc/benchmark.jar
Global warm-up in progress (this may take a moment)...

Global warm-up complete. Starting benchmarks...

--------------------------------------------------

(Test)

AST Evaluation FFICheatcode:

(Output & Warm-up)

7

(Execution time - best of 10)

108.38 μs

--------------------------------------------------

(Test)

Fibonacci FFICheatcode:

(Output & Warm-up)

55

(Execution time - best of 10)

4.00 μs

--------------------------------------------------

(Test)

List Processing FFICheatcode (900 elements):

(Output & Warm-up)

202950

(Execution time - best of 10)

7.83 μs

--------------------------------------------------

(Test)

Tail Call Optimization FFICheatcode (100k calls):

(Output & Warm-up)

100000

(Execution time - best of 10)

37.67 μs

--------------------------------------------------

(Test)

Deep Record Updates FFICheatcode (10k iterations):

(Output & Warm-up)

20000

(Execution time - best of 10)

27.46 μs

--------------------------------------------------

(Test)

Ackermann FFICheatcode (3, 4):

(Output & Warm-up)

125

(Execution time - best of 10)

9.13 μs

--------------------------------------------------

(Test)

Church Numerals FFICheatcode (100k Closure Applications):

(Output & Warm-up)

100000

(Execution time - best of 10)

13.96 μs

--------------------------------------------------

(Test)

Prime Sieve FFICheatcode (sum primes up to 500):

(Output & Warm-up)

21536

(Execution time - best of 10)

9.21 μs

--------------------------------------------------

(Test)

Red-Black Tree FFICheatcode (100k Worst-Case Insertions):

(Output & Warm-up)

22

(Execution time - best of 10)

9261.42 μs

--------------------------------------------------

(Test)

Polymorphism FFICheatcode (10M Type Class Dict Lookups):

(Output & Warm-up)

10000000

(Execution time - best of 10)

2.67 μs

--------------------------------------------------

(Test)

State Monad FFICheatcode (1.2k Binds, 60 Stack Depth):

(Output & Warm-up)

1200

(Execution time - best of 10)

7.46 μs

--------------------------------------------------

(Test)

Lazy Evaluation FFICheatcode (1M Thunks Forced, 1k Depth):

(Output & Warm-up)

1000000

(Execution time - best of 10)

2.54 μs

--------------------------------------------------

(Test)

Array Processing FFICheatcode (900 elements):

(Output & Warm-up)

202950

(Execution time - best of 10)

8.25 μs

--------------------------------------------------

(Test)

RowToList FFICheatcode (Keys Count):

(Output & Warm-up)

5

(Execution time - best of 10)

2.33 μs


==================================================

Total exec time: 9.50 ms

