Global warm-up in progress (this may take a moment)...

Global warm-up complete. Starting benchmarks...

--------------------------------------------------

(Test)

AST Evaluation FFI:

(Output & Warm-up)

7

(Execution time - best of 10)

4.83 μs

--------------------------------------------------

(Test)

Fibonacci FFI:

(Output & Warm-up)

55

(Execution time - best of 10)

3.92 μs

--------------------------------------------------

(Test)

List Processing FFI (900 elements):

(Output & Warm-up)

202950

(Execution time - best of 10)

161.46 μs

--------------------------------------------------

(Test)

Tail Call Optimization FFI (100k calls):

(Output & Warm-up)

100000

(Execution time - best of 10)

51.50 μs

--------------------------------------------------

(Test)

Deep Record Updates FFI (10k iterations):

(Output & Warm-up)

20000

(Execution time - best of 10)

1742.08 μs

--------------------------------------------------

(Test)

Ackermann FFI (3, 4):

(Output & Warm-up)

125

(Execution time - best of 10)

100.46 μs

--------------------------------------------------

(Test)

Church Numerals FFI (100k Closure Applications):

(Output & Warm-up)

100000

(Execution time - best of 10)

7001.71 μs

--------------------------------------------------

(Test)

Prime Sieve FFI (sum primes up to 500):

(Output & Warm-up)

21536

(Execution time - best of 10)

882.04 μs

--------------------------------------------------

(Test)

Red-Black Tree FFI (100k Worst-Case Insertions):

(Output & Warm-up)

22

(Execution time - best of 10)

530606.50 μs

--------------------------------------------------

(Test)

Polymorphism FFI (10M Type Class Dict Lookups):

(Output & Warm-up)

10000000

(Execution time - best of 10)

433586.38 μs

--------------------------------------------------

(Test)

State Monad FFI (1.2k Binds, 60 Stack Depth):

(Output & Warm-up)

1200

(Execution time - best of 10)

519.67 μs

--------------------------------------------------

(Test)

Lazy Evaluation FFI (1M Thunks Forced, 1k Depth):

(Output & Warm-up)

1000000

(Execution time - best of 10)

104217.71 μs

--------------------------------------------------

(Test)

Array Processing FFI (900 elements):

(Output & Warm-up)

202950

(Execution time - best of 10)

11.17 μs

--------------------------------------------------

(Test)

RowToList FFI (Keys Count):

(Output & Warm-up)

5

(Execution time - best of 10)

2.13 μs


==================================================

Total exec time: 1078.89 ms

