java: mode=ffi, profile={"inherited_jvm_options": {"JAVA_TOOL_OPTIONS": "", "JDK_JAVA_OPTIONS": "", "_JAVA_OPTIONS": ""}, "jar": "/opt/homebrew/opt/openjdk/bin/jar", "java": "/opt/homebrew/opt/openjdk/bin/java", "javac": "/opt/homebrew/opt/openjdk/bin/javac", "javac_flags": [], "jvm_flags": ["-Xss100M"]}
/opt/homebrew/opt/openjdk/bin/java -Xss100M -jar /Users/0x1/Documents/htdocs/altbak.pub/run/bak/java/modes/ffi/benchmark.jar
Global warm-up in progress (this may take a moment)...

Global warm-up complete. Starting benchmarks...

--------------------------------------------------

(Test)

AST Evaluation FFI:

(Output & Warm-up)

7

(Execution time - best of 10)

81.63 μs

--------------------------------------------------

(Test)

Fibonacci FFI:

(Output & Warm-up)

55

(Execution time - best of 10)

2.63 μs

--------------------------------------------------

(Test)

List Processing FFI (900 elements):

(Output & Warm-up)

202950

(Execution time - best of 10)

56.25 μs

--------------------------------------------------

(Test)

Tail Call Optimization FFI (100k calls):

(Output & Warm-up)

100000

(Execution time - best of 10)

36.79 μs

--------------------------------------------------

(Test)

Deep Record Updates FFI (10k iterations):

(Output & Warm-up)

20000

(Execution time - best of 10)

133.83 μs

--------------------------------------------------

(Test)

Ackermann FFI (3, 4):

(Output & Warm-up)

125

(Execution time - best of 10)

10.54 μs

--------------------------------------------------

(Test)

Church Numerals FFI (100k Closure Applications):

(Output & Warm-up)

100000

(Execution time - best of 10)

463.17 μs

--------------------------------------------------

(Test)

Prime Sieve FFI (sum primes up to 500):

(Output & Warm-up)

21536

(Execution time - best of 10)

64.00 μs

--------------------------------------------------

(Test)

Red-Black Tree FFI (100k Worst-Case Insertions):

(Output & Warm-up)

22

(Execution time - best of 10)

18681.04 μs

--------------------------------------------------

(Test)

Polymorphism FFI (10M Type Class Dict Lookups):

(Output & Warm-up)

10000000

(Execution time - best of 10)

145.50 μs

--------------------------------------------------

(Test)

State Monad FFI (1.2k Binds, 60 Stack Depth):

(Output & Warm-up)

1200

(Execution time - best of 10)

28.04 μs

--------------------------------------------------

(Test)

Lazy Evaluation FFI (1M Thunks Forced, 1k Depth):

(Output & Warm-up)

1000000

(Execution time - best of 10)

4864.54 μs

--------------------------------------------------

(Test)

Array Processing FFI (900 elements):

(Output & Warm-up)

202950

(Execution time - best of 10)

41.13 μs

--------------------------------------------------

(Test)

RowToList FFI (Keys Count):

(Output & Warm-up)

5

(Execution time - best of 10)

2.46 μs


==================================================

Total exec time: 24.61 ms

