Generating Rust code for AppX
[purust] optimize Control.Semigroupoid
[purust] codegen Control.Semigroupoid
[purust] generated Control.Semigroupoid
[purust] optimize Control.Category
[purust] codegen Control.Category
[purust] generated Control.Category
[purust] optimize Data.Boolean
[purust] codegen Data.Boolean
[purust] generated Data.Boolean
[purust] optimize Type.Proxy
[purust] codegen Type.Proxy
[purust] generated Type.Proxy
[purust] optimize Data.Symbol
[purust] codegen Data.Symbol
[purust] generated Data.Symbol
[purust] optimize Data.Unit
[purust] codegen Data.Unit
[purust] generated Data.Unit
[purust] optimize Record.Unsafe
[purust] codegen Record.Unsafe
[purust] generated Record.Unsafe
[purust] optimize Data.HeytingAlgebra
[purust] codegen Data.HeytingAlgebra
[purust] generated Data.HeytingAlgebra
[purust] optimize Data.Void
[purust] codegen Data.Void
[purust] generated Data.Void
[purust] optimize Data.Eq
[purust] codegen Data.Eq
[purust] generated Data.Eq
[purust] optimize Data.Semigroup
[purust] codegen Data.Semigroup
[purust] generated Data.Semigroup
[purust] optimize Data.Show
[purust] codegen Data.Show
[purust] generated Data.Show
[purust] optimize Data.Ordering
[purust] codegen Data.Ordering
[purust] generated Data.Ordering
[purust] optimize Data.Semiring
[purust] codegen Data.Semiring
[purust] generated Data.Semiring
[purust] optimize Data.Ring
[purust] codegen Data.Ring
[purust] generated Data.Ring
[purust] optimize Data.Ord
[purust] codegen Data.Ord
[purust] generated Data.Ord
[purust] optimize Data.Function
[purust] codegen Data.Function
[purust] generated Data.Function
[purust] optimize Data.Functor
[purust] codegen Data.Functor
[purust] generated Data.Functor
[purust] optimize Control.Apply
[purust] codegen Control.Apply
[purust] generated Control.Apply
[purust] optimize Control.Applicative
[purust] codegen Control.Applicative
[purust] generated Control.Applicative
[purust] optimize Control.Bind
[purust] codegen Control.Bind
[purust] generated Control.Bind
[purust] optimize Control.Monad
[purust] codegen Control.Monad
[purust] generated Control.Monad
[purust] optimize Data.BooleanAlgebra
[purust] codegen Data.BooleanAlgebra
[purust] generated Data.BooleanAlgebra
[purust] optimize Data.CommutativeRing
[purust] codegen Data.CommutativeRing
[purust] generated Data.CommutativeRing
[purust] optimize Data.EuclideanRing
[purust] codegen Data.EuclideanRing
[purust] generated Data.EuclideanRing
[purust] optimize Data.Monoid
[purust] codegen Data.Monoid
[purust] generated Data.Monoid
[purust] optimize Data.Bounded
[purust] codegen Data.Bounded
[purust] generated Data.Bounded
[purust] optimize Data.DivisionRing
[purust] codegen Data.DivisionRing
[purust] generated Data.DivisionRing
[purust] optimize Data.Field
[purust] codegen Data.Field
[purust] generated Data.Field
[purust] optimize Data.NaturalTransformation
[purust] codegen Data.NaturalTransformation
[purust] generated Data.NaturalTransformation
[purust] optimize Prelude
[purust] codegen Prelude
[purust] generated Prelude
[purust] optimize Effect
[purust] codegen Effect
[purust] generated Effect
[purust] optimize Effect.Console
[purust] codegen Effect.Console
[purust] generated Effect.Console
[purust] optimize Bench
[purust] codegen Bench
[purust] generated Bench
[purust] optimize Test.Ackermann
[purust] codegen Test.Ackermann
[purust] generated Test.Ackermann
[purust] optimize Control.Alt
[purust] codegen Control.Alt
[purust] generated Control.Alt
[purust] optimize Control.Plus
[purust] codegen Control.Plus
[purust] generated Control.Plus
[purust] optimize Control.Alternative
[purust] codegen Control.Alternative
[purust] generated Control.Alternative
[purust] optimize Control.Lazy
[purust] codegen Control.Lazy
[purust] generated Control.Lazy
[purust] optimize Data.Monoid.Additive
[purust] codegen Data.Monoid.Additive
[purust] generated Data.Monoid.Additive
[purust] optimize Control.Extend
[purust] codegen Control.Extend
[purust] generated Control.Extend
[purust] optimize Control.Comonad
[purust] codegen Control.Comonad
[purust] generated Control.Comonad
[purust] optimize Data.Monoid.Conj
[purust] codegen Data.Monoid.Conj
[purust] generated Data.Monoid.Conj
[purust] optimize Data.Monoid.Disj
[purust] codegen Data.Monoid.Disj
[purust] generated Data.Monoid.Disj
[purust] optimize Data.Monoid.Dual
[purust] codegen Data.Monoid.Dual
[purust] generated Data.Monoid.Dual
[purust] optimize Data.Monoid.Endo
[purust] codegen Data.Monoid.Endo
[purust] generated Data.Monoid.Endo
[purust] optimize Data.Monoid.Multiplicative
[purust] codegen Data.Monoid.Multiplicative
[purust] generated Data.Monoid.Multiplicative
[purust] optimize Data.Semigroup.First
[purust] codegen Data.Semigroup.First
[purust] generated Data.Semigroup.First
[purust] optimize Data.Semigroup.Last
[purust] codegen Data.Semigroup.Last
[purust] generated Data.Semigroup.Last
[purust] optimize Unsafe.Coerce
[purust] codegen Unsafe.Coerce
[purust] generated Unsafe.Coerce
[purust] optimize Safe.Coerce
[purust] codegen Safe.Coerce
[purust] generated Safe.Coerce
[purust] optimize Data.Newtype
[purust] codegen Data.Newtype
[purust] generated Data.Newtype
[purust] optimize Data.Monoid.Alternate
[purust] codegen Data.Monoid.Alternate
[purust] generated Data.Monoid.Alternate
[purust] optimize Data.Functor.Invariant
[purust] codegen Data.Functor.Invariant
[purust] generated Data.Functor.Invariant
[purust] optimize Data.Const
[purust] codegen Data.Const
[purust] generated Data.Const
[purust] optimize Data.Generic.Rep
[purust] codegen Data.Generic.Rep
[purust] generated Data.Generic.Rep
[purust] optimize Data.Maybe
[purust] codegen Data.Maybe
[purust] generated Data.Maybe
[purust] optimize Data.Either
[purust] codegen Data.Either
[purust] generated Data.Either
[purust] optimize Data.Tuple
[purust] codegen Data.Tuple
[purust] generated Data.Tuple
[purust] optimize Data.Bifunctor
[purust] codegen Data.Bifunctor
[purust] generated Data.Bifunctor
[purust] optimize Data.Identity
[purust] codegen Data.Identity
[purust] generated Data.Identity
[purust] optimize Effect.Ref
[purust] codegen Effect.Ref
[purust] generated Effect.Ref
[purust] optimize Partial
[purust] codegen Partial
[purust] generated Partial
[purust] optimize Partial.Unsafe
[purust] codegen Partial.Unsafe
[purust] generated Partial.Unsafe
[purust] optimize Control.Monad.Rec.Class
[purust] codegen Control.Monad.Rec.Class
[purust] generated Control.Monad.Rec.Class
[purust] optimize Control.Monad.ST.Internal
[purust] codegen Control.Monad.ST.Internal
[purust] generated Control.Monad.ST.Internal
[purust] optimize Control.Monad.ST
[purust] codegen Control.Monad.ST
[purust] generated Control.Monad.ST
[purust] optimize Control.MonadPlus
[purust] codegen Control.MonadPlus
[purust] generated Control.MonadPlus
[purust] optimize Data.Functor.App
[purust] codegen Data.Functor.App
[purust] generated Data.Functor.App
[purust] optimize Data.Functor.Compose
[purust] codegen Data.Functor.Compose
[purust] generated Data.Functor.Compose
[purust] optimize Data.Functor.Coproduct
[purust] codegen Data.Functor.Coproduct
[purust] generated Data.Functor.Coproduct
[purust] optimize Data.Functor.Product
[purust] codegen Data.Functor.Product
[purust] generated Data.Functor.Product
[purust] optimize Data.Maybe.First
[purust] codegen Data.Maybe.First
[purust] generated Data.Maybe.First
[purust] optimize Data.Maybe.Last
[purust] codegen Data.Maybe.Last
[purust] generated Data.Maybe.Last
[purust] optimize Data.Foldable
[purust] codegen Data.Foldable
[purust] generated Data.Foldable
[purust] optimize Data.FunctorWithIndex
[purust] codegen Data.FunctorWithIndex
[purust] generated Data.FunctorWithIndex
[purust] optimize Data.FoldableWithIndex
[purust] codegen Data.FoldableWithIndex
[purust] generated Data.FoldableWithIndex
[purust] optimize Data.Function.Uncurried
[purust] codegen Data.Function.Uncurried
[purust] generated Data.Function.Uncurried
[purust] optimize Data.Ord.Max
[purust] codegen Data.Ord.Max
[purust] generated Data.Ord.Max
[purust] optimize Data.Ord.Min
[purust] codegen Data.Ord.Min
[purust] generated Data.Ord.Min
[purust] optimize Data.Semigroup.Foldable
[purust] codegen Data.Semigroup.Foldable
[purust] generated Data.Semigroup.Foldable
[purust] optimize Data.Traversable.Accum
[purust] codegen Data.Traversable.Accum
[purust] generated Data.Traversable.Accum
[purust] optimize Data.Traversable.Accum.Internal
[purust] codegen Data.Traversable.Accum.Internal
[purust] generated Data.Traversable.Accum.Internal
[purust] optimize Data.Traversable
[purust] codegen Data.Traversable
[purust] generated Data.Traversable
[purust] optimize Data.Semigroup.Traversable
[purust] codegen Data.Semigroup.Traversable
[purust] generated Data.Semigroup.Traversable
[purust] optimize Data.TraversableWithIndex
[purust] codegen Data.TraversableWithIndex
[purust] generated Data.TraversableWithIndex
[purust] optimize Data.Unfoldable1
[purust] codegen Data.Unfoldable1
[purust] generated Data.Unfoldable1
[purust] optimize Data.Array.NonEmpty.Internal
[purust] codegen Data.Array.NonEmpty.Internal
[purust] generated Data.Array.NonEmpty.Internal
[purust] optimize Control.Monad.ST.Uncurried
[purust] codegen Control.Monad.ST.Uncurried
[purust] generated Control.Monad.ST.Uncurried
[purust] optimize Data.Array.ST
[purust] codegen Data.Array.ST
genApp valueEnums runSTFn3 fnTy: ForAll(Func) expectedArgTys len: 4
genApp valueEnums runSTFn3 arg 0: expectedTy=Other, argTy=Other
genApp valueEnums runSTFn3 fnTy: ForAll(Func) expectedArgTys len: 4
genApp valueEnums runSTFn3 arg 0: expectedTy=Other, argTy=Other
genApp valueEnums runSTFn3 arg 1: expectedTy=TypeVar, argTy=Func
genApp valueEnums runSTFn3 arg 2: expectedTy=TypeVar, argTy=Other
genApp valueEnums runSTFn3 fnTy: ForAll(Func) expectedArgTys len: 4
genApp valueEnums runSTFn3 arg 0: expectedTy=Other, argTy=Other
genApp valueEnums runSTFn3 arg 1: expectedTy=TypeVar, argTy=Func
genApp valueEnums runSTFn3 arg 2: expectedTy=TypeVar, argTy=Other
genApp valueEnums runSTFn3 fnTy: ForAll(Func) expectedArgTys len: 4
genApp valueEnums runSTFn3 arg 0: expectedTy=Other, argTy=Other
genApp valueEnums runSTFn3 arg 1: expectedTy=TypeVar, argTy=Func
genApp valueEnums runSTFn3 arg 2: expectedTy=TypeVar, argTy=Func
[purust] generated Data.Array.ST
[purust] optimize Control.Monad.ST.Ref
[purust] codegen Control.Monad.ST.Ref
[purust] generated Control.Monad.ST.Ref
[purust] optimize Data.Array.ST.Iterator
[purust] codegen Data.Array.ST.Iterator
[purust] generated Data.Array.ST.Iterator
[purust] optimize Data.Unfoldable
[purust] codegen Data.Unfoldable
[purust] generated Data.Unfoldable
[purust] optimize Data.Array
[purust] codegen Data.Array
[purust] generated Data.Array
[purust] optimize Test.ArrayOps
[purust] codegen Test.ArrayOps
[purust] generated Test.ArrayOps
[purust] optimize Test.AstTree
[purust] codegen Test.AstTree
[purust] generated Test.AstTree
[purust] optimize Test.Church
[purust] codegen Test.Church
[purust] generated Test.Church
[purust] optimize Test.Fib
[purust] codegen Test.Fib
[purust] generated Test.Fib
[purust] optimize Test.LazyEvaluation
[purust] codegen Test.LazyEvaluation
[purust] generated Test.LazyEvaluation
[purust] optimize Test.ListOps
[purust] codegen Test.ListOps
[purust] generated Test.ListOps
[purust] optimize Test.Polymorphism
[purust] codegen Test.Polymorphism
[purust] generated Test.Polymorphism
[purust] optimize Test.Primes
[purust] codegen Test.Primes
[purust] generated Test.Primes
[purust] optimize Test.RBTree
[purust] codegen Test.RBTree
[purust] generated Test.RBTree
[purust] optimize Test.Records
[purust] codegen Test.Records
[purust] generated Test.Records
[purust] optimize Test.RowToList
[purust] codegen Test.RowToList
[purust] generated Test.RowToList
[purust] optimize Test.StateMonad
[purust] codegen Test.StateMonad
[purust] generated Test.StateMonad
[purust] optimize Test.TCO
[purust] codegen Test.TCO
[purust] generated Test.TCO
[purust] optimize App
[purust] codegen App
[purust] generated App
[purust] optimize Test.AckermannFFI
[purust] codegen Test.AckermannFFI
[purust] generated Test.AckermannFFI
[purust] optimize Test.ArrayOpsFFI
[purust] codegen Test.ArrayOpsFFI
[purust] generated Test.ArrayOpsFFI
[purust] optimize Test.AstTreeFFI
[purust] codegen Test.AstTreeFFI
[purust] generated Test.AstTreeFFI
[purust] optimize Test.ChurchFFI
[purust] codegen Test.ChurchFFI
[purust] generated Test.ChurchFFI
[purust] optimize Test.FibFFI
[purust] codegen Test.FibFFI
[purust] generated Test.FibFFI
[purust] optimize Test.LazyEvaluationFFI
[purust] codegen Test.LazyEvaluationFFI
[purust] generated Test.LazyEvaluationFFI
[purust] optimize Test.ListOpsFFI
[purust] codegen Test.ListOpsFFI
[purust] generated Test.ListOpsFFI
[purust] optimize Test.PolymorphismFFI
[purust] codegen Test.PolymorphismFFI
[purust] generated Test.PolymorphismFFI
[purust] optimize Test.PrimesFFI
[purust] codegen Test.PrimesFFI
[purust] generated Test.PrimesFFI
[purust] optimize Test.RBTreeFFI
[purust] codegen Test.RBTreeFFI
[purust] generated Test.RBTreeFFI
[purust] optimize Test.RecordsFFI
[purust] codegen Test.RecordsFFI
[purust] generated Test.RecordsFFI
[purust] optimize Test.RowToListFFI
[purust] codegen Test.RowToListFFI
[purust] generated Test.RowToListFFI
[purust] optimize Test.StateMonadFFI
[purust] codegen Test.StateMonadFFI
[purust] generated Test.StateMonadFFI
[purust] optimize Test.TCOFFI
[purust] codegen Test.TCOFFI
[purust] generated Test.TCOFFI
[purust] optimize AppFFI
[purust] codegen AppFFI
[purust] generated AppFFI
[purust] optimize AppCppFFI
[purust] codegen AppCppFFI
[purust] generated AppCppFFI
[purust] optimize Test.AckermannFFICheatcode
[purust] codegen Test.AckermannFFICheatcode
[purust] generated Test.AckermannFFICheatcode
[purust] optimize Test.ArrayOpsFFICheatcode
[purust] codegen Test.ArrayOpsFFICheatcode
[purust] generated Test.ArrayOpsFFICheatcode
[purust] optimize Test.AstTreeFFICheatcode
[purust] codegen Test.AstTreeFFICheatcode
[purust] generated Test.AstTreeFFICheatcode
[purust] optimize Test.ChurchFFICheatcode
[purust] codegen Test.ChurchFFICheatcode
[purust] generated Test.ChurchFFICheatcode
[purust] optimize Test.FibFFICheatcode
[purust] codegen Test.FibFFICheatcode
[purust] generated Test.FibFFICheatcode
[purust] optimize Test.LazyEvaluationFFICheatcode
[purust] codegen Test.LazyEvaluationFFICheatcode
[purust] generated Test.LazyEvaluationFFICheatcode
[purust] optimize Test.ListOpsFFICheatcode
[purust] codegen Test.ListOpsFFICheatcode
[purust] generated Test.ListOpsFFICheatcode
[purust] optimize Test.PolymorphismFFICheatcode
[purust] codegen Test.PolymorphismFFICheatcode
[purust] generated Test.PolymorphismFFICheatcode
[purust] optimize Test.PrimesFFICheatcode
[purust] codegen Test.PrimesFFICheatcode
[purust] generated Test.PrimesFFICheatcode
[purust] optimize Test.RBTreeFFICheatcode
[purust] codegen Test.RBTreeFFICheatcode
[purust] generated Test.RBTreeFFICheatcode
[purust] optimize Test.RecordsFFICheatcode
[purust] codegen Test.RecordsFFICheatcode
[purust] generated Test.RecordsFFICheatcode
[purust] optimize Test.RowToListFFICheatcode
[purust] codegen Test.RowToListFFICheatcode
[purust] generated Test.RowToListFFICheatcode
[purust] optimize Test.StateMonadFFICheatcode
[purust] codegen Test.StateMonadFFICheatcode
[purust] generated Test.StateMonadFFICheatcode
[purust] optimize Test.TCOFFICheatcode
[purust] codegen Test.TCOFFICheatcode
[purust] generated Test.TCOFFICheatcode
[purust] optimize AppFFICheatcode
[purust] codegen AppFFICheatcode
[purust] generated AppFFICheatcode
[purust] optimize AppCppFFICheatcode
[purust] codegen AppCppFFICheatcode
[purust] generated AppCppFFICheatcode
[purust] optimize AppX
[purust] codegen AppX
[purust] generated AppX
[purust] optimize Effect.Exception
[purust] codegen Effect.Exception
[purust] generated Effect.Exception
[purust] optimize Control.Monad.Error.Class
[purust] codegen Control.Monad.Error.Class
[purust] generated Control.Monad.Error.Class
[purust] optimize Control.Monad.ST.Global
[purust] codegen Control.Monad.ST.Global
[purust] generated Control.Monad.ST.Global
[purust] optimize Control.Monad.ST.Class
[purust] codegen Control.Monad.ST.Class
[purust] generated Control.Monad.ST.Class
[purust] optimize Control.Monad.Cont.Class
[purust] codegen Control.Monad.Cont.Class
[purust] generated Control.Monad.Cont.Class
[purust] optimize Control.Monad.Reader.Class
[purust] codegen Control.Monad.Reader.Class
[purust] generated Control.Monad.Reader.Class
[purust] optimize Control.Monad.State.Class
[purust] codegen Control.Monad.State.Class
[purust] generated Control.Monad.State.Class
[purust] optimize Control.Monad.Trans.Class
[purust] codegen Control.Monad.Trans.Class
[purust] generated Control.Monad.Trans.Class
[purust] optimize Effect.Class
[purust] codegen Effect.Class
[purust] generated Effect.Class
[purust] optimize Control.Monad.Cont.Trans
[purust] codegen Control.Monad.Cont.Trans
[purust] generated Control.Monad.Cont.Trans
[purust] optimize Control.Monad.Writer.Class
[purust] codegen Control.Monad.Writer.Class
[purust] generated Control.Monad.Writer.Class
[purust] optimize Control.Monad.Except.Trans
[purust] codegen Control.Monad.Except.Trans
[purust] generated Control.Monad.Except.Trans
[purust] optimize Control.Monad.Maybe.Trans
[purust] codegen Control.Monad.Maybe.Trans
[purust] generated Control.Monad.Maybe.Trans
[purust] optimize Type.Equality
[purust] codegen Type.Equality
[purust] generated Type.Equality
[purust] optimize Data.Distributive
[purust] codegen Data.Distributive
[purust] generated Data.Distributive
[purust] optimize Control.Monad.Reader.Trans
[purust] codegen Control.Monad.Reader.Trans
[purust] generated Control.Monad.Reader.Trans
[purust] optimize Control.Monad.Writer.Trans
[purust] codegen Control.Monad.Writer.Trans
[purust] generated Control.Monad.Writer.Trans
[purust] optimize Data.Functor.Contravariant
[purust] codegen Data.Functor.Contravariant
[purust] generated Data.Functor.Contravariant
[purust] optimize Data.Profunctor
[purust] codegen Data.Profunctor
[purust] generated Data.Profunctor
[purust] optimize Data.Profunctor.Closed
[purust] codegen Data.Profunctor.Closed
[purust] generated Data.Profunctor.Closed
[purust] optimize Data.Profunctor.Strong
[purust] codegen Data.Profunctor.Strong
[purust] generated Data.Profunctor.Strong
[purust] optimize Data.Functor.Costar
[purust] codegen Data.Functor.Costar
[purust] generated Data.Functor.Costar
[purust] optimize Data.Profunctor.Choice
[purust] codegen Data.Profunctor.Choice
[purust] generated Data.Profunctor.Choice
[purust] optimize Data.Profunctor.Star
[purust] codegen Data.Profunctor.Star
[purust] generated Data.Profunctor.Star
[purust] optimize Control.Parallel.Class
[purust] codegen Control.Parallel.Class
[purust] generated Control.Parallel.Class
[purust] optimize Control.Parallel
[purust] codegen Control.Parallel
[purust] generated Control.Parallel
[purust] optimize Data.Time.Duration
[purust] codegen Data.Time.Duration
[purust] generated Data.Time.Duration
[purust] optimize Effect.Unsafe
[purust] codegen Effect.Unsafe
[purust] generated Effect.Unsafe
[purust] optimize Effect.Aff
[purust] codegen Effect.Aff
[purust] generated Effect.Aff
[purust] optimize Bench.Aff
[purust] codegen Bench.Aff
[purust] generated Bench.Aff
[purust] optimize Control.Biapply
[purust] codegen Control.Biapply
[purust] generated Control.Biapply
[purust] optimize Control.Biapplicative
[purust] codegen Control.Biapplicative
[purust] generated Control.Biapplicative
[purust] optimize Control.Monad.Identity.Trans
[purust] codegen Control.Monad.Identity.Trans
[purust] generated Control.Monad.Identity.Trans
[purust] optimize Control.Comonad.Trans.Class
[purust] codegen Control.Comonad.Trans.Class
[purust] generated Control.Comonad.Trans.Class
[purust] optimize Control.Comonad.Env.Trans
[purust] codegen Control.Comonad.Env.Trans
[purust] generated Control.Comonad.Env.Trans
[purust] optimize Control.Comonad.Store.Trans
[purust] codegen Control.Comonad.Store.Trans
[purust] generated Control.Comonad.Store.Trans
[purust] optimize Control.Comonad.Traced.Trans
[purust] codegen Control.Comonad.Traced.Trans
[purust] generated Control.Comonad.Traced.Trans
[purust] optimize Control.Comonad.Store.Class
[purust] codegen Control.Comonad.Store.Class
[purust] generated Control.Comonad.Store.Class
[purust] optimize Control.Comonad.Store
[purust] codegen Control.Comonad.Store
[purust] generated Control.Comonad.Store
[purust] optimize Control.Comonad.Env.Class
[purust] codegen Control.Comonad.Env.Class
[purust] generated Control.Comonad.Env.Class
[purust] optimize Control.Comonad.Env
[purust] codegen Control.Comonad.Env
[purust] generated Control.Comonad.Env
[purust] optimize Control.Comonad.Traced.Class
[purust] codegen Control.Comonad.Traced.Class
[purust] generated Control.Comonad.Traced.Class
[purust] optimize Control.Comonad.Traced
[purust] codegen Control.Comonad.Traced
[purust] generated Control.Comonad.Traced
[purust] optimize Control.Monad.Cont
[purust] codegen Control.Monad.Cont
[purust] generated Control.Monad.Cont
[purust] optimize Control.Monad.Except
[purust] codegen Control.Monad.Except
[purust] generated Control.Monad.Except
[purust] optimize Control.Monad.Gen.Class
[purust] codegen Control.Monad.Gen.Class
[purust] generated Control.Monad.Gen.Class
[purust] optimize Control.Monad.Gen
[purust] codegen Control.Monad.Gen
[purust] generated Control.Monad.Gen
[purust] optimize Data.NonEmpty
[purust] codegen Data.NonEmpty
[purust] generated Data.NonEmpty
[purust] optimize Control.Monad.Gen.Common
[purust] codegen Control.Monad.Gen.Common
[purust] generated Control.Monad.Gen.Common
[purust] optimize Data.Lazy
[purust] codegen Data.Lazy
[purust] generated Data.Lazy
[purust] optimize Control.Monad.List.Trans
[purust] codegen Control.Monad.List.Trans
[purust] generated Control.Monad.List.Trans
[purust] optimize Control.Monad.RWS.Trans
[purust] codegen Control.Monad.RWS.Trans
[purust] generated Control.Monad.RWS.Trans
[purust] optimize Control.Monad.RWS
[purust] codegen Control.Monad.RWS
[purust] generated Control.Monad.RWS
[purust] optimize Control.Monad.Reader
[purust] codegen Control.Monad.Reader
[purust] generated Control.Monad.Reader
[purust] optimize Control.Monad.State.Trans
[purust] codegen Control.Monad.State.Trans
[purust] generated Control.Monad.State.Trans
[purust] optimize Control.Monad.State
[purust] codegen Control.Monad.State
[purust] generated Control.Monad.State
[purust] optimize Control.Monad.Writer
[purust] codegen Control.Monad.Writer
[purust] generated Control.Monad.Writer
[purust] optimize Data.Array.NonEmpty
[purust] codegen Data.Array.NonEmpty
[purust] generated Data.Array.NonEmpty
[purust] optimize Data.Array.Partial
[purust] codegen Data.Array.Partial
[purust] generated Data.Array.Partial
[purust] optimize Data.Array.ST.Partial
[purust] codegen Data.Array.ST.Partial
genApp valueEnums runSTFn3 fnTy: ForAll(Func) expectedArgTys len: 4
genApp valueEnums runSTFn3 arg 0: expectedTy=Other, argTy=Other
[purust] generated Data.Array.ST.Partial
[purust] optimize Data.Functor.Clown
[purust] codegen Data.Functor.Clown
[purust] generated Data.Functor.Clown
[purust] optimize Data.Functor.Flip
[purust] codegen Data.Functor.Flip
[purust] generated Data.Functor.Flip
[purust] optimize Data.Functor.Joker
[purust] codegen Data.Functor.Joker
[purust] generated Data.Functor.Joker
[purust] optimize Data.Functor.Product2
[purust] codegen Data.Functor.Product2
[purust] generated Data.Functor.Product2
[purust] optimize Data.Bifoldable
[purust] codegen Data.Bifoldable
[purust] generated Data.Bifoldable
[purust] optimize Data.Bifunctor.Join
[purust] codegen Data.Bifunctor.Join
[purust] generated Data.Bifunctor.Join
[purust] optimize Data.Bitraversable
[purust] codegen Data.Bitraversable
[purust] generated Data.Bitraversable
[purust] optimize Data.Bounded.Generic
[purust] codegen Data.Bounded.Generic
[purust] generated Data.Bounded.Generic
[purust] optimize Data.Enum
[purust] codegen Data.Enum
[purust] generated Data.Enum
[purust] optimize Data.Char
[purust] codegen Data.Char
[purust] generated Data.Char
[purust] optimize Data.Char.Gen
[purust] codegen Data.Char.Gen
[purust] generated Data.Char.Gen
[purust] optimize Data.Comparison
[purust] codegen Data.Comparison
[purust] generated Data.Comparison
[purust] optimize Data.Date.Component
[purust] codegen Data.Date.Component
[purust] generated Data.Date.Component
[purust] optimize Data.Int.Bits
[purust] codegen Data.Int.Bits
[purust] generated Data.Int.Bits
[purust] optimize Data.Number
[purust] codegen Data.Number
[purust] generated Data.Number
[purust] optimize Data.Int
[purust] codegen Data.Int
[purust] generated Data.Int
[purust] optimize Data.Date
[purust] codegen Data.Date
[purust] generated Data.Date
[purust] optimize Data.Enum.Gen
[purust] codegen Data.Enum.Gen
[purust] generated Data.Enum.Gen
[purust] optimize Data.Date.Component.Gen
[purust] codegen Data.Date.Component.Gen
[purust] generated Data.Date.Component.Gen
[purust] optimize Data.Date.Gen
[purust] codegen Data.Date.Gen
[purust] generated Data.Date.Gen
[purust] optimize Data.Time.Component
[purust] codegen Data.Time.Component
[purust] generated Data.Time.Component
[purust] optimize Data.Time
[purust] codegen Data.Time
[purust] generated Data.Time
[purust] optimize Data.DateTime
[purust] codegen Data.DateTime
[purust] generated Data.DateTime
[purust] optimize Data.Time.Component.Gen
[purust] codegen Data.Time.Component.Gen
[purust] generated Data.Time.Component.Gen
[purust] optimize Data.Time.Gen
[purust] codegen Data.Time.Gen
[purust] generated Data.Time.Gen
[purust] optimize Data.DateTime.Gen
[purust] codegen Data.DateTime.Gen
[purust] generated Data.DateTime.Gen
[purust] optimize Data.DateTime.Instant
[purust] codegen Data.DateTime.Instant
[purust] generated Data.DateTime.Instant
[purust] optimize Data.Equivalence
[purust] codegen Data.Equivalence
[purust] generated Data.Equivalence
[purust] optimize Data.Op
[purust] codegen Data.Op
[purust] generated Data.Op
[purust] optimize Data.Predicate
[purust] codegen Data.Predicate
[purust] generated Data.Predicate
[purust] optimize Data.Divide
[purust] codegen Data.Divide
[purust] generated Data.Divide
[purust] optimize Data.Decide
[purust] codegen Data.Decide
[purust] generated Data.Decide
[purust] optimize Data.Divisible
[purust] codegen Data.Divisible
[purust] generated Data.Divisible
[purust] optimize Data.Decidable
[purust] codegen Data.Decidable
[purust] generated Data.Decidable
[purust] optimize Data.Either.Inject
[purust] codegen Data.Either.Inject
[purust] generated Data.Either.Inject
[purust] optimize Data.Either.Nested
[purust] codegen Data.Either.Nested
[purust] generated Data.Either.Nested
[purust] optimize Data.Enum.Generic
[purust] codegen Data.Enum.Generic
[purust] generated Data.Enum.Generic
[purust] optimize Data.Eq.Generic
[purust] codegen Data.Eq.Generic
[purust] generated Data.Eq.Generic
[purust] optimize Data.Exists
[purust] codegen Data.Exists
[purust] generated Data.Exists
[purust] optimize Data.Functor.Coproduct.Inject
[purust] codegen Data.Functor.Coproduct.Inject
[purust] generated Data.Functor.Coproduct.Inject
[purust] optimize Data.Functor.Coproduct.Nested
[purust] codegen Data.Functor.Coproduct.Nested
[purust] generated Data.Functor.Coproduct.Nested
[purust] optimize Data.Functor.Product.Nested
[purust] codegen Data.Functor.Product.Nested
[purust] generated Data.Functor.Product.Nested
[purust] optimize Data.HeytingAlgebra.Generic
[purust] codegen Data.HeytingAlgebra.Generic
[purust] generated Data.HeytingAlgebra.Generic
[purust] optimize Data.List.Types
[purust] codegen Data.List.Types
[purust] generated Data.List.Types
[purust] optimize Data.List.Internal
[purust] codegen Data.List.Internal
[purust] generated Data.List.Internal
[purust] optimize Data.List
[purust] codegen Data.List
[purust] generated Data.List
[purust] optimize Data.Map.Internal
[purust] codegen Data.Map.Internal
[purust] generated Data.Map.Internal
[purust] optimize Data.Set
[purust] codegen Data.Set
[purust] generated Data.Set
[purust] optimize Data.Map
[purust] codegen Data.Map
[purust] generated Data.Map
[purust] optimize Data.Interval.Duration
[purust] codegen Data.Interval.Duration
[purust] generated Data.Interval.Duration
[purust] optimize Data.Interval
[purust] codegen Data.Interval
[purust] generated Data.Interval
[purust] optimize Data.List.NonEmpty
[purust] codegen Data.List.NonEmpty
[purust] generated Data.List.NonEmpty
[purust] optimize Data.Interval.Duration.Iso
[purust] codegen Data.Interval.Duration.Iso
[purust] generated Data.Interval.Duration.Iso
[purust] optimize Data.List.Lazy.Types
[purust] codegen Data.List.Lazy.Types
[purust] generated Data.List.Lazy.Types
[purust] optimize Data.List.Lazy
[purust] codegen Data.List.Lazy
[purust] generated Data.List.Lazy
[purust] optimize Data.List.Lazy.NonEmpty
[purust] codegen Data.List.Lazy.NonEmpty
[purust] generated Data.List.Lazy.NonEmpty
[purust] optimize Data.List.Partial
[purust] codegen Data.List.Partial
[purust] generated Data.List.Partial
[purust] optimize Data.List.ZipList
[purust] codegen Data.List.ZipList
[purust] generated Data.List.ZipList
[purust] optimize Data.Map.Gen
[purust] codegen Data.Map.Gen
[purust] generated Data.Map.Gen
[purust] optimize Data.Monoid.Generic
[purust] codegen Data.Monoid.Generic
[purust] generated Data.Monoid.Generic
[purust] optimize Data.Number.Approximate
[purust] codegen Data.Number.Approximate
[purust] generated Data.Number.Approximate
[purust] optimize Data.Number.Format
[purust] codegen Data.Number.Format
[purust] generated Data.Number.Format
[purust] optimize Data.Ord.Down
[purust] codegen Data.Ord.Down
[purust] generated Data.Ord.Down
[purust] optimize Data.Ord.Generic
[purust] codegen Data.Ord.Generic
[purust] generated Data.Ord.Generic
[purust] optimize Data.Profunctor.Cochoice
[purust] codegen Data.Profunctor.Cochoice
[purust] generated Data.Profunctor.Cochoice
[purust] optimize Data.Profunctor.Costrong
[purust] codegen Data.Profunctor.Costrong
[purust] generated Data.Profunctor.Costrong
[purust] optimize Data.Profunctor.Join
[purust] codegen Data.Profunctor.Join
[purust] generated Data.Profunctor.Join
[purust] optimize Data.Profunctor.Split
[purust] codegen Data.Profunctor.Split
[purust] generated Data.Profunctor.Split
[purust] optimize Data.Reflectable
[purust] codegen Data.Reflectable
[purust] generated Data.Reflectable
[purust] optimize Data.Ring.Generic
[purust] codegen Data.Ring.Generic
[purust] generated Data.Ring.Generic
[purust] optimize Data.Semigroup.Generic
[purust] codegen Data.Semigroup.Generic
[purust] generated Data.Semigroup.Generic
[purust] optimize Data.Semiring.Generic
[purust] codegen Data.Semiring.Generic
[purust] generated Data.Semiring.Generic
[purust] optimize Data.Set.NonEmpty
[purust] codegen Data.Set.NonEmpty
[purust] generated Data.Set.NonEmpty
[purust] optimize Data.Show.Generic
[purust] codegen Data.Show.Generic
[purust] generated Data.Show.Generic
[purust] optimize Data.String.Pattern
[purust] codegen Data.String.Pattern
[purust] generated Data.String.Pattern
[purust] optimize Data.String.Unsafe
[purust] codegen Data.String.Unsafe
[purust] generated Data.String.Unsafe
[purust] optimize Data.String.CodeUnits
[purust] codegen Data.String.CodeUnits
[purust] generated Data.String.CodeUnits
[purust] optimize Data.String.Common
[purust] codegen Data.String.Common
[purust] generated Data.String.Common
[purust] optimize Data.String.CodePoints
[purust] codegen Data.String.CodePoints
[purust] generated Data.String.CodePoints
[purust] optimize Data.String
[purust] codegen Data.String
[purust] generated Data.String
[purust] optimize Data.String.CaseInsensitive
[purust] codegen Data.String.CaseInsensitive
[purust] generated Data.String.CaseInsensitive
[purust] optimize Data.String.Gen
[purust] codegen Data.String.Gen
[purust] generated Data.String.Gen
[purust] optimize Data.String.NonEmpty.Internal
[purust] codegen Data.String.NonEmpty.Internal
[purust] generated Data.String.NonEmpty.Internal
[purust] optimize Data.String.NonEmpty.CodePoints
[purust] codegen Data.String.NonEmpty.CodePoints
[purust] generated Data.String.NonEmpty.CodePoints
[purust] optimize Data.String.NonEmpty
[purust] codegen Data.String.NonEmpty
[purust] generated Data.String.NonEmpty
[purust] optimize Data.String.NonEmpty.CaseInsensitive
[purust] codegen Data.String.NonEmpty.CaseInsensitive
[purust] generated Data.String.NonEmpty.CaseInsensitive
[purust] optimize Data.String.NonEmpty.CodeUnits
[purust] codegen Data.String.NonEmpty.CodeUnits
[purust] generated Data.String.NonEmpty.CodeUnits
[purust] optimize Data.String.Regex.Flags
[purust] codegen Data.String.Regex.Flags
[purust] generated Data.String.Regex.Flags
[purust] optimize Data.String.Regex
[purust] codegen Data.String.Regex
[purust] generated Data.String.Regex
[purust] optimize Data.String.Regex.Unsafe
[purust] codegen Data.String.Regex.Unsafe
[purust] generated Data.String.Regex.Unsafe
[purust] optimize Data.Time.Duration.Gen
[purust] codegen Data.Time.Duration.Gen
[purust] generated Data.Time.Duration.Gen
[purust] optimize Data.Tuple.Nested
[purust] codegen Data.Tuple.Nested
[purust] generated Data.Tuple.Nested
[purust] optimize Effect.Aff.Class
[purust] codegen Effect.Aff.Class
[purust] generated Effect.Aff.Class
[purust] optimize Effect.Uncurried
[purust] codegen Effect.Uncurried
[purust] generated Effect.Uncurried
[purust] optimize Effect.Aff.Compat
[purust] codegen Effect.Aff.Compat
[purust] generated Effect.Aff.Compat
[purust] optimize Effect.Class.Console
[purust] codegen Effect.Class.Console
[purust] generated Effect.Class.Console
[purust] optimize Effect.Exception.Unsafe
[purust] codegen Effect.Exception.Unsafe
[purust] generated Effect.Exception.Unsafe
[purust] optimize Effect.Now
[purust] codegen Effect.Now
[purust] generated Effect.Now
[purust] optimize Main
[purust] codegen Main
[purust] generated Main
[purust] optimize Spago.Generated.BuildInfo
[purust] codegen Spago.Generated.BuildInfo
[purust] generated Spago.Generated.BuildInfo
[purust] optimize Test.TC
[purust] codegen Test.TC
[purust] generated Test.TC
Successfully generated Rust code.
