Generating Rust code for AppX
PHASE optimize Control.Semigroupoid
PHASE codegen Control.Semigroupoid
PHASE optimize Control.Category
PHASE codegen Control.Category
PHASE optimize Data.Boolean
PHASE codegen Data.Boolean
PHASE optimize Type.Proxy
PHASE codegen Type.Proxy
PHASE optimize Data.Symbol
PHASE codegen Data.Symbol
PHASE optimize Data.Unit
PHASE codegen Data.Unit
PHASE optimize Record.Unsafe
PHASE codegen Record.Unsafe
PHASE optimize Data.HeytingAlgebra
PHASE codegen Data.HeytingAlgebra
PHASE optimize Data.Void
PHASE codegen Data.Void
PHASE optimize Data.Eq
PHASE codegen Data.Eq
PHASE optimize Data.Semigroup
PHASE codegen Data.Semigroup
PHASE optimize Data.Show
PHASE codegen Data.Show
PHASE optimize Data.Ordering
PHASE codegen Data.Ordering
PHASE optimize Data.Semiring
PHASE codegen Data.Semiring
PHASE optimize Data.Ring
PHASE codegen Data.Ring
PHASE optimize Data.Ord
PHASE codegen Data.Ord
PHASE optimize Data.Function
PHASE codegen Data.Function
PHASE optimize Data.Functor
PHASE codegen Data.Functor
PHASE optimize Control.Apply
PHASE codegen Control.Apply
PHASE optimize Control.Applicative
PHASE codegen Control.Applicative
PHASE optimize Control.Bind
PHASE codegen Control.Bind
PHASE optimize Control.Monad
PHASE codegen Control.Monad
PHASE optimize Data.BooleanAlgebra
PHASE codegen Data.BooleanAlgebra
PHASE optimize Data.CommutativeRing
PHASE codegen Data.CommutativeRing
PHASE optimize Data.EuclideanRing
PHASE codegen Data.EuclideanRing
PHASE optimize Data.Monoid
PHASE codegen Data.Monoid
PHASE optimize Data.Bounded
PHASE codegen Data.Bounded
PHASE optimize Data.DivisionRing
PHASE codegen Data.DivisionRing
PHASE optimize Data.Field
PHASE codegen Data.Field
PHASE optimize Data.NaturalTransformation
PHASE codegen Data.NaturalTransformation
PHASE optimize Prelude
PHASE codegen Prelude
PHASE optimize Effect
PHASE codegen Effect
PHASE optimize Effect.Console
PHASE codegen Effect.Console
PHASE optimize Bench
PHASE codegen Bench
PHASE optimize Test.Ackermann
PHASE codegen Test.Ackermann
CODEGEN calls 10000 Test_Ackermann Typed2
PHASE optimize Control.Alt
PHASE codegen Control.Alt
PHASE optimize Control.Plus
PHASE codegen Control.Plus
PHASE optimize Control.Alternative
PHASE codegen Control.Alternative
PHASE optimize Control.Lazy
PHASE codegen Control.Lazy
PHASE optimize Data.Monoid.Additive
PHASE codegen Data.Monoid.Additive
PHASE optimize Control.Extend
PHASE codegen Control.Extend
PHASE optimize Control.Comonad
PHASE codegen Control.Comonad
PHASE optimize Data.Monoid.Conj
PHASE codegen Data.Monoid.Conj
PHASE optimize Data.Monoid.Disj
PHASE codegen Data.Monoid.Disj
PHASE optimize Data.Monoid.Dual
PHASE codegen Data.Monoid.Dual
PHASE optimize Data.Monoid.Endo
PHASE codegen Data.Monoid.Endo
PHASE optimize Data.Monoid.Multiplicative
PHASE codegen Data.Monoid.Multiplicative
PHASE optimize Data.Semigroup.First
PHASE codegen Data.Semigroup.First
PHASE optimize Data.Semigroup.Last
PHASE codegen Data.Semigroup.Last
PHASE optimize Unsafe.Coerce
PHASE codegen Unsafe.Coerce
PHASE optimize Safe.Coerce
PHASE codegen Safe.Coerce
PHASE optimize Data.Newtype
PHASE codegen Data.Newtype
PHASE optimize Data.Monoid.Alternate
PHASE codegen Data.Monoid.Alternate
PHASE optimize Data.Functor.Invariant
PHASE codegen Data.Functor.Invariant
PHASE optimize Data.Const
PHASE codegen Data.Const
PHASE optimize Data.Generic.Rep
PHASE codegen Data.Generic.Rep
PHASE optimize Data.Maybe
PHASE codegen Data.Maybe
PHASE optimize Data.Either
PHASE codegen Data.Either
PHASE optimize Data.Tuple
PHASE codegen Data.Tuple
PHASE optimize Data.Bifunctor
PHASE codegen Data.Bifunctor
PHASE optimize Data.Identity
PHASE codegen Data.Identity
PHASE optimize Effect.Ref
PHASE codegen Effect.Ref
PHASE optimize Partial
PHASE codegen Partial
PHASE optimize Partial.Unsafe
PHASE codegen Partial.Unsafe
PHASE optimize Control.Monad.Rec.Class
PHASE codegen Control.Monad.Rec.Class
PHASE optimize Control.Monad.ST.Internal
PHASE codegen Control.Monad.ST.Internal
CODEGEN calls 20000 Control_Monad_ST_Internal Var2
PHASE optimize Control.Monad.ST
PHASE codegen Control.Monad.ST
PHASE optimize Control.MonadPlus
PHASE codegen Control.MonadPlus
PHASE optimize Data.Functor.App
PHASE codegen Data.Functor.App
PHASE optimize Data.Functor.Compose
PHASE codegen Data.Functor.Compose
PHASE optimize Data.Functor.Coproduct
PHASE codegen Data.Functor.Coproduct
PHASE optimize Data.Functor.Product
PHASE codegen Data.Functor.Product
PHASE optimize Data.Maybe.First
PHASE codegen Data.Maybe.First
PHASE optimize Data.Maybe.Last
PHASE codegen Data.Maybe.Last
PHASE optimize Data.Foldable
PHASE codegen Data.Foldable
PHASE optimize Data.FunctorWithIndex
PHASE codegen Data.FunctorWithIndex
PHASE optimize Data.FoldableWithIndex
PHASE codegen Data.FoldableWithIndex
PHASE optimize Data.Function.Uncurried
PHASE codegen Data.Function.Uncurried
PHASE optimize Data.Ord.Max
PHASE codegen Data.Ord.Max
PHASE optimize Data.Ord.Min
PHASE codegen Data.Ord.Min
CODEGEN calls 30000 Data_Ord_Min Lit2
PHASE optimize Data.Semigroup.Foldable
PHASE codegen Data.Semigroup.Foldable
PHASE optimize Data.Traversable.Accum
PHASE codegen Data.Traversable.Accum
PHASE optimize Data.Traversable.Accum.Internal
PHASE codegen Data.Traversable.Accum.Internal
PHASE optimize Data.Traversable
PHASE codegen Data.Traversable
PHASE optimize Data.Semigroup.Traversable
PHASE codegen Data.Semigroup.Traversable
PHASE optimize Data.TraversableWithIndex
PHASE codegen Data.TraversableWithIndex
PHASE optimize Data.Unfoldable1
PHASE codegen Data.Unfoldable1
PHASE optimize Data.Array.NonEmpty.Internal
PHASE codegen Data.Array.NonEmpty.Internal
PHASE optimize Control.Monad.ST.Uncurried
PHASE codegen Control.Monad.ST.Uncurried
PHASE optimize Data.Array.ST
PHASE codegen Data.Array.ST
genApp valueEnums runSTFn3 fnTy: ForAll(Func) expectedArgTys len: 4
genApp valueEnums runSTFn3 arg 0: expectedTy=Other, argTy=Other
genApp valueEnums runSTFn3 fnTy: ForAll(Func) expectedArgTys len: 4
genApp valueEnums runSTFn3 arg 0: expectedTy=Other, argTy=Other
genApp valueEnums runSTFn3 fnTy: ForAll(Func) expectedArgTys len: 4
genApp valueEnums runSTFn3 arg 0: expectedTy=Other, argTy=Other
genApp valueEnums runSTFn3 fnTy: ForAll(Func) expectedArgTys len: 4
genApp valueEnums runSTFn3 arg 0: expectedTy=Other, argTy=Other
PHASE optimize Control.Monad.ST.Ref
PHASE codegen Control.Monad.ST.Ref
PHASE optimize Data.Array.ST.Iterator
PHASE codegen Data.Array.ST.Iterator
PHASE optimize Data.Unfoldable
PHASE codegen Data.Unfoldable
PHASE optimize Data.Array
PHASE codegen Data.Array
CODEGEN calls 40000 Data_Array TypeApp3
PHASE optimize Test.ArrayOps
PHASE codegen Test.ArrayOps
PHASE optimize Test.AstTree
PHASE codegen Test.AstTree
PHASE optimize Test.Church
PHASE codegen Test.Church
PHASE optimize Test.Fib
PHASE codegen Test.Fib
PHASE optimize Test.LazyEvaluation
PHASE codegen Test.LazyEvaluation
PHASE optimize Test.ListOps
PHASE codegen Test.ListOps
PHASE optimize Test.Polymorphism
PHASE codegen Test.Polymorphism
PHASE optimize Test.Primes
PHASE codegen Test.Primes
PHASE optimize Test.RBTree
PHASE codegen Test.RBTree
PHASE optimize Test.Records
PHASE codegen Test.Records
PHASE optimize Test.RowToList
PHASE codegen Test.RowToList
PHASE optimize Test.StateMonad
PHASE codegen Test.StateMonad
PHASE optimize Test.TCO
PHASE codegen Test.TCO
PHASE optimize App
PHASE codegen App
PHASE optimize Test.AckermannFFI
PHASE codegen Test.AckermannFFI
PHASE optimize Test.ArrayOpsFFI
PHASE codegen Test.ArrayOpsFFI
PHASE optimize Test.AstTreeFFI
PHASE codegen Test.AstTreeFFI
PHASE optimize Test.ChurchFFI
PHASE codegen Test.ChurchFFI
PHASE optimize Test.FibFFI
PHASE codegen Test.FibFFI
PHASE optimize Test.LazyEvaluationFFI
PHASE codegen Test.LazyEvaluationFFI
PHASE optimize Test.ListOpsFFI
PHASE codegen Test.ListOpsFFI
PHASE optimize Test.PolymorphismFFI
PHASE codegen Test.PolymorphismFFI
PHASE optimize Test.PrimesFFI
PHASE codegen Test.PrimesFFI
PHASE optimize Test.RBTreeFFI
PHASE codegen Test.RBTreeFFI
PHASE optimize Test.RecordsFFI
PHASE codegen Test.RecordsFFI
PHASE optimize Test.RowToListFFI
PHASE codegen Test.RowToListFFI
PHASE optimize Test.StateMonadFFI
PHASE codegen Test.StateMonadFFI
PHASE optimize Test.TCOFFI
PHASE codegen Test.TCOFFI
PHASE optimize AppFFI
PHASE codegen AppFFI
CODEGEN calls 50000 AppFFI Typed2
PHASE optimize AppCppFFI
PHASE codegen AppCppFFI
PHASE optimize Test.AckermannFFICheatcode
PHASE codegen Test.AckermannFFICheatcode
PHASE optimize Test.ArrayOpsFFICheatcode
PHASE codegen Test.ArrayOpsFFICheatcode
PHASE optimize Test.AstTreeFFICheatcode
PHASE codegen Test.AstTreeFFICheatcode
PHASE optimize Test.ChurchFFICheatcode
PHASE codegen Test.ChurchFFICheatcode
PHASE optimize Test.FibFFICheatcode
PHASE codegen Test.FibFFICheatcode
PHASE optimize Test.LazyEvaluationFFICheatcode
PHASE codegen Test.LazyEvaluationFFICheatcode
PHASE optimize Test.ListOpsFFICheatcode
PHASE codegen Test.ListOpsFFICheatcode
PHASE optimize Test.PolymorphismFFICheatcode
PHASE codegen Test.PolymorphismFFICheatcode
PHASE optimize Test.PrimesFFICheatcode
PHASE codegen Test.PrimesFFICheatcode
PHASE optimize Test.RBTreeFFICheatcode
PHASE codegen Test.RBTreeFFICheatcode
PHASE optimize Test.RecordsFFICheatcode
PHASE codegen Test.RecordsFFICheatcode
PHASE optimize Test.RowToListFFICheatcode
PHASE codegen Test.RowToListFFICheatcode
PHASE optimize Test.StateMonadFFICheatcode
PHASE codegen Test.StateMonadFFICheatcode
PHASE optimize Test.TCOFFICheatcode
PHASE codegen Test.TCOFFICheatcode
PHASE optimize AppFFICheatcode
PHASE codegen AppFFICheatcode
PHASE optimize AppCppFFICheatcode
PHASE codegen AppCppFFICheatcode
PHASE optimize AppX
PHASE codegen AppX
PHASE optimize Effect.Exception
PHASE codegen Effect.Exception
PHASE optimize Control.Monad.Error.Class
PHASE codegen Control.Monad.Error.Class
PHASE optimize Control.Monad.ST.Global
PHASE codegen Control.Monad.ST.Global
PHASE optimize Control.Monad.ST.Class
PHASE codegen Control.Monad.ST.Class
PHASE optimize Control.Monad.Cont.Class
PHASE codegen Control.Monad.Cont.Class
PHASE optimize Control.Monad.Reader.Class
PHASE codegen Control.Monad.Reader.Class
PHASE optimize Control.Monad.State.Class
PHASE codegen Control.Monad.State.Class
PHASE optimize Control.Monad.Trans.Class
PHASE codegen Control.Monad.Trans.Class
PHASE optimize Effect.Class
PHASE codegen Effect.Class
PHASE optimize Control.Monad.Cont.Trans
PHASE codegen Control.Monad.Cont.Trans
PHASE optimize Control.Monad.Writer.Class
PHASE codegen Control.Monad.Writer.Class
PHASE optimize Control.Monad.Except.Trans
PHASE codegen Control.Monad.Except.Trans
PHASE optimize Control.Monad.Maybe.Trans
PHASE codegen Control.Monad.Maybe.Trans
PHASE optimize Type.Equality
PHASE codegen Type.Equality
PHASE optimize Data.Distributive
PHASE codegen Data.Distributive
PHASE optimize Control.Monad.Reader.Trans
PHASE codegen Control.Monad.Reader.Trans
PHASE optimize Control.Monad.Writer.Trans
PHASE codegen Control.Monad.Writer.Trans
CODEGEN calls 60000 Control_Monad_Writer_Trans App3
PHASE optimize Data.Functor.Contravariant
PHASE codegen Data.Functor.Contravariant
PHASE optimize Data.Profunctor
PHASE codegen Data.Profunctor
PHASE optimize Data.Profunctor.Closed
PHASE codegen Data.Profunctor.Closed
PHASE optimize Data.Profunctor.Strong
PHASE codegen Data.Profunctor.Strong
PHASE optimize Data.Functor.Costar
PHASE codegen Data.Functor.Costar
PHASE optimize Data.Profunctor.Choice
PHASE codegen Data.Profunctor.Choice
PHASE optimize Data.Profunctor.Star
PHASE codegen Data.Profunctor.Star
PHASE optimize Control.Parallel.Class
PHASE codegen Control.Parallel.Class
PHASE optimize Control.Parallel
PHASE codegen Control.Parallel
PHASE optimize Data.Time.Duration
PHASE codegen Data.Time.Duration
PHASE optimize Effect.Unsafe
PHASE codegen Effect.Unsafe
PHASE optimize Effect.Aff
PHASE codegen Effect.Aff
CODEGEN calls 70000 Effect_Aff UsageMeta2
CODEGEN calls 80000 Effect_Aff Lit2
PHASE optimize Bench.Aff
PHASE codegen Bench.Aff
CODEGEN calls 90000 Bench_Aff App3
CALLED GLOBAL GC
PHASE optimize Control.Biapply
PHASE codegen Control.Biapply
PHASE optimize Control.Biapplicative
PHASE codegen Control.Biapplicative
PHASE optimize Control.Monad.Identity.Trans
PHASE codegen Control.Monad.Identity.Trans
PHASE optimize Control.Comonad.Trans.Class
PHASE codegen Control.Comonad.Trans.Class
PHASE optimize Control.Comonad.Env.Trans
PHASE codegen Control.Comonad.Env.Trans
PHASE optimize Control.Comonad.Store.Trans
PHASE codegen Control.Comonad.Store.Trans
PHASE optimize Control.Comonad.Traced.Trans
PHASE codegen Control.Comonad.Traced.Trans
PHASE optimize Control.Comonad.Store.Class
PHASE codegen Control.Comonad.Store.Class
PHASE optimize Control.Comonad.Store
PHASE codegen Control.Comonad.Store
PHASE optimize Control.Comonad.Env.Class
PHASE codegen Control.Comonad.Env.Class
PHASE optimize Control.Comonad.Env
PHASE codegen Control.Comonad.Env
PHASE optimize Control.Comonad.Traced.Class
PHASE codegen Control.Comonad.Traced.Class
PHASE optimize Control.Comonad.Traced
PHASE codegen Control.Comonad.Traced
PHASE optimize Control.Monad.Cont
PHASE codegen Control.Monad.Cont
PHASE optimize Control.Monad.Except
PHASE codegen Control.Monad.Except
PHASE optimize Control.Monad.Gen.Class
PHASE codegen Control.Monad.Gen.Class
PHASE optimize Control.Monad.Gen
PHASE codegen Control.Monad.Gen
PHASE optimize Data.NonEmpty
PHASE codegen Data.NonEmpty
CODEGEN calls 100000 Data_NonEmpty App3
PHASE optimize Control.Monad.Gen.Common
PHASE codegen Control.Monad.Gen.Common
PHASE optimize Data.Lazy
PHASE codegen Data.Lazy
PHASE optimize Control.Monad.List.Trans
PHASE codegen Control.Monad.List.Trans
PHASE optimize Control.Monad.RWS.Trans
PHASE codegen Control.Monad.RWS.Trans
PHASE optimize Control.Monad.RWS
PHASE codegen Control.Monad.RWS
PHASE optimize Control.Monad.Reader
PHASE codegen Control.Monad.Reader
PHASE optimize Control.Monad.State.Trans
PHASE codegen Control.Monad.State.Trans
PHASE optimize Control.Monad.State
PHASE codegen Control.Monad.State
PHASE optimize Control.Monad.Writer
PHASE codegen Control.Monad.Writer
PHASE optimize Data.Array.NonEmpty
PHASE codegen Data.Array.NonEmpty
CODEGEN calls 110000 Data_Array_NonEmpty TypeApp3
PHASE optimize Data.Array.Partial
PHASE codegen Data.Array.Partial
PHASE optimize Data.Array.ST.Partial
PHASE codegen Data.Array.ST.Partial
genApp valueEnums runSTFn3 fnTy: ForAll(Func) expectedArgTys len: 4
genApp valueEnums runSTFn3 arg 0: expectedTy=Other, argTy=Other
PHASE optimize Data.Functor.Clown
PHASE codegen Data.Functor.Clown
PHASE optimize Data.Functor.Flip
PHASE codegen Data.Functor.Flip
PHASE optimize Data.Functor.Joker
PHASE codegen Data.Functor.Joker
PHASE optimize Data.Functor.Product2
PHASE codegen Data.Functor.Product2
PHASE optimize Data.Bifoldable
PHASE codegen Data.Bifoldable
PHASE optimize Data.Bifunctor.Join
PHASE codegen Data.Bifunctor.Join
PHASE optimize Data.Bitraversable
PHASE codegen Data.Bitraversable
PHASE optimize Data.Bounded.Generic
PHASE codegen Data.Bounded.Generic
PHASE optimize Data.Enum
PHASE codegen Data.Enum
PHASE optimize Data.Char
PHASE codegen Data.Char
PHASE optimize Data.Char.Gen
PHASE codegen Data.Char.Gen
PHASE optimize Data.Comparison
PHASE codegen Data.Comparison
PHASE optimize Data.Date.Component
PHASE codegen Data.Date.Component
CODEGEN calls 120000 Data_Date_Component PrimOp2
PHASE optimize Data.Int.Bits
PHASE codegen Data.Int.Bits
PHASE optimize Data.Number
PHASE codegen Data.Number
PHASE optimize Data.Int
PHASE codegen Data.Int
PHASE optimize Data.Date
PHASE codegen Data.Date
PHASE optimize Data.Enum.Gen
PHASE codegen Data.Enum.Gen
PHASE optimize Data.Date.Component.Gen
PHASE codegen Data.Date.Component.Gen
PHASE optimize Data.Date.Gen
PHASE codegen Data.Date.Gen
PHASE optimize Data.Time.Component
PHASE codegen Data.Time.Component
PHASE optimize Data.Time
PHASE codegen Data.Time
PHASE optimize Data.DateTime
PHASE codegen Data.DateTime
CODEGEN calls 130000 Data_DateTime Local2
PHASE optimize Data.Time.Component.Gen
PHASE codegen Data.Time.Component.Gen
PHASE optimize Data.Time.Gen
PHASE codegen Data.Time.Gen
PHASE optimize Data.DateTime.Gen
PHASE codegen Data.DateTime.Gen
PHASE optimize Data.DateTime.Instant
PHASE codegen Data.DateTime.Instant
PHASE optimize Data.Equivalence
PHASE codegen Data.Equivalence
PHASE optimize Data.Op
PHASE codegen Data.Op
PHASE optimize Data.Predicate
PHASE codegen Data.Predicate
PHASE optimize Data.Divide
PHASE codegen Data.Divide
PHASE optimize Data.Decide
PHASE codegen Data.Decide
PHASE optimize Data.Divisible
PHASE codegen Data.Divisible
PHASE optimize Data.Decidable
PHASE codegen Data.Decidable
PHASE optimize Data.Either.Inject
PHASE codegen Data.Either.Inject
PHASE optimize Data.Either.Nested
PHASE codegen Data.Either.Nested
PHASE optimize Data.Enum.Generic
PHASE codegen Data.Enum.Generic
PHASE optimize Data.Eq.Generic
PHASE codegen Data.Eq.Generic
PHASE optimize Data.Exists
PHASE codegen Data.Exists
PHASE optimize Data.Functor.Coproduct.Inject
PHASE codegen Data.Functor.Coproduct.Inject
PHASE optimize Data.Functor.Coproduct.Nested
PHASE codegen Data.Functor.Coproduct.Nested
CODEGEN calls 140000 Data_Functor_Coproduct_Nested Var2
PHASE optimize Data.Functor.Product.Nested
PHASE codegen Data.Functor.Product.Nested
PHASE optimize Data.HeytingAlgebra.Generic
PHASE codegen Data.HeytingAlgebra.Generic
PHASE optimize Data.List.Types
PHASE codegen Data.List.Types
CODEGEN calls 150000 Data_List_Types Typed2
CODEGEN calls 160000 Data_List_Types TypeApp3
CODEGEN calls 170000 Data_List_Types Typed2
CODEGEN calls 180000 Data_List_Types Var2
CODEGEN calls 190000 Data_List_Types UsageMeta2
PHASE optimize Data.List.Internal
PHASE codegen Data.List.Internal
PHASE optimize Data.List
PHASE codegen Data.List
PHASE optimize Data.Map.Internal
PHASE codegen Data.Map.Internal
CODEGEN calls 200000 Data_Map_Internal Local2
file:///Users/0x1/Documents/htdocs/altbak.pub/scratch/purust-fbip-20260916/diagnostic.mjs:8883
                  throw util2.fromLeft(step2);
                  ^

Error: Codegen diagnostic budget exhausted: Data_Map_Internal UsageMeta2
    at file:///Users/0x1/Documents/htdocs/altbak.pub/scratch/purust-fbip-20260916/diagnostic.mjs:38943:61
    at genBranchBody (file:///Users/0x1/Documents/htdocs/altbak.pub/scratch/purust-fbip-20260916/diagnostic.mjs:39912:162)
    at file:///Users/0x1/Documents/htdocs/altbak.pub/scratch/purust-fbip-20260916/diagnostic.mjs:39933:76
    at file:///Users/0x1/Documents/htdocs/altbak.pub/scratch/purust-fbip-20260916/diagnostic.mjs:3612:23
    at file:///Users/0x1/Documents/htdocs/altbak.pub/scratch/purust-fbip-20260916/diagnostic.mjs:39935:27
    at file:///Users/0x1/Documents/htdocs/altbak.pub/scratch/purust-fbip-20260916/diagnostic.mjs:39385:174
    at file:///Users/0x1/Documents/htdocs/altbak.pub/scratch/purust-fbip-20260916/diagnostic.mjs:40499:263
    at file:///Users/0x1/Documents/htdocs/altbak.pub/scratch/purust-fbip-20260916/diagnostic.mjs:39175:167
    at genBranchBody (file:///Users/0x1/Documents/htdocs/altbak.pub/scratch/purust-fbip-20260916/diagnostic.mjs:39912:162)
    at file:///Users/0x1/Documents/htdocs/altbak.pub/scratch/purust-fbip-20260916/diagnostic.mjs:39933:76

Node.js v24.8.0
