["spago", "build"]
Reading Spago workspace configuration...

✓ Selecting package to build: ps-rust-test

Refreshing the Registry Index...
Downloading dependencies...
No lockfile found, generating it...
Lockfile written to spago.lock. Please commit this file.
Building...
[  1 of 302] Compiling Unsafe.Coerce
[  2 of 302] Compiling Type.Proxy
[  3 of 302] Compiling Type.Equality
[  4 of 302] Compiling Spago.Generated.BuildInfo
[  5 of 302] Compiling Data.Unit
[  6 of 302] Compiling Partial
[  7 of 302] Compiling Record.Unsafe
[  8 of 302] Compiling Data.Void
[  9 of 302] Compiling Data.Traversable.Accum
[ 10 of 302] Compiling Data.String.Unsafe
[ 11 of 302] Compiling Data.Int.Bits
[ 12 of 302] Compiling Data.NaturalTransformation
[ 13 of 302] Compiling Data.Boolean
[ 14 of 302] Compiling Control.Semigroupoid
[ 17 of 302] Compiling Data.Exists
[ 16 of 302] Compiling Control.Lazy
[ 15 of 302] Compiling Data.Function.Uncurried
[ 18 of 302] Compiling Safe.Coerce
[ 19 of 302] Compiling Partial.Unsafe
[ 20 of 302] Compiling Data.Symbol
[ 21 of 302] Compiling Control.Category
[ 23 of 302] Compiling Data.Semiring
[ 24 of 302] Compiling Data.HeytingAlgebra
[ 22 of 302] Compiling Data.Semigroup
[ 25 of 302] Compiling Data.Show
[ 26 of 302] Compiling Data.Ring
[ 27 of 302] Compiling Data.Generic.Rep
[ 29 of 302] Compiling Data.BooleanAlgebra
[ 28 of 302] Compiling Data.Eq
[ 30 of 302] Compiling Data.CommutativeRing
[ 32 of 302] Compiling Data.EuclideanRing
[ 31 of 302] Compiling Data.Ordering
[ 33 of 302] Compiling Data.Ord
[ 34 of 302] Compiling Data.DivisionRing
[ 35 of 302] Compiling Data.Field
[ 36 of 302] Compiling Data.Reflectable
[ 39 of 302] Compiling Data.Bounded
[ 38 of 302] Compiling Data.Monoid
[ 37 of 302] Compiling Data.Function
[ 40 of 302] Compiling Data.Functor
[ 43 of 302] Compiling Control.Alt
[ 42 of 302] Compiling Control.Extend
[ 41 of 302] Compiling Control.Apply
[ 44 of 302] Compiling Control.Plus
[ 45 of 302] Compiling Data.Monoid.Generic
[ 46 of 302] Compiling Data.Bounded.Generic
[ 47 of 302] Compiling Control.Comonad
[ 48 of 302] Compiling Control.Applicative
[ 50 of 302] Compiling Control.Alternative
[ 49 of 302] Compiling Control.Bind
[ 51 of 302] Compiling Control.Monad
[ 53 of 302] Compiling Control.MonadPlus
[ 52 of 302] Compiling Prelude
[ 55 of 302] Compiling Data.Semigroup.Generic
[ 54 of 302] Compiling Control.Monad.Reader.Class
[ 56 of 302] Compiling Control.Monad.Trans.Class
[ 57 of 302] Compiling Data.Monoid.Conj
[ 58 of 302] Compiling Control.Monad.Gen.Class
[ 59 of 302] Compiling Data.Number.Format
[ 60 of 302] Compiling Data.Monoid.Additive
[ 61 of 302] Compiling Data.Traversable.Accum.Internal
[ 62 of 302] Compiling Effect
[ 63 of 302] Compiling Data.Monoid.Dual
[ 66 of 302] Compiling Data.Monoid.Disj
[ 64 of 302] Compiling Data.Semigroup.First
[ 65 of 302] Compiling Data.Ord.Generic
[ 67 of 302] Compiling Data.Monoid.Multiplicative
[ 68 of 302] Compiling Control.Monad.Cont.Class
[ 69 of 302] Compiling Data.HeytingAlgebra.Generic
[ 71 of 302] Compiling Data.Semiring.Generic
[ 70 of 302] Compiling Data.Monoid.Endo
[ 72 of 302] Compiling Data.Ring.Generic
[ 73 of 302] Compiling Data.Show.Generic
[ 74 of 302] Compiling Data.Semigroup.Last
[ 75 of 302] Compiling Data.Eq.Generic
[ 76 of 302] Compiling Effect.Ref
[ 77 of 302] Compiling Effect.Class
[ 78 of 302] Compiling Effect.Uncurried
[ 80 of 302] Compiling Effect.Console
[ 79 of 302] Compiling Effect.Unsafe
[ 81 of 302] Compiling Data.Newtype
[ 83 of 302] Compiling Test.TC
[ 82 of 302] Compiling Effect.Class.Console
[ 84 of 302] Compiling Bench
[ 85 of 302] Compiling Data.String.Pattern
[ 86 of 302] Compiling Data.Ord.Max
[ 87 of 302] Compiling Data.Functor.App
[ 88 of 302] Compiling Data.Ord.Down
[ 89 of 302] Compiling Data.Ord.Min
[ 90 of 302] Compiling Data.Time.Duration
[ 92 of 302] Compiling Data.Monoid.Alternate
[ 91 of 302] Compiling Data.Profunctor
[ 93 of 302] Compiling Data.String.Common
[ 94 of 302] Compiling Data.Profunctor.Closed
[ 95 of 302] Compiling Data.Functor.Invariant
[ 96 of 302] Compiling Data.Functor.Compose
[ 97 of 302] Compiling Test.StateMonadFFICheatcode
[ 98 of 302] Compiling Test.AstTreeFFI
[ 99 of 302] Compiling Test.PrimesFFI
[100 of 302] Compiling Test.PolymorphismFFICheatcode
[102 of 302] Compiling Test.RowToListFFI
[103 of 302] Compiling Test.RowToList
[101 of 302] Compiling Test.StateMonad
[104 of 302] Compiling Test.ArrayOpsFFI
[105 of 302] Compiling Test.RecordsFFICheatcode
[106 of 302] Compiling Test.ListOps
[107 of 302] Compiling Test.FibFFICheatcode
[108 of 302] Compiling Test.AckermannFFI
[109 of 302] Compiling Test.Polymorphism
[110 of 302] Compiling Test.LazyEvaluationFFICheatcode
[111 of 302] Compiling Test.ChurchFFICheatcode
[112 of 302] Compiling Test.AckermannFFICheatcode
[114 of 302] Compiling Test.TCOFFI
[115 of 302] Compiling Test.FibFFI
[113 of 302] Compiling Test.AstTree
[116 of 302] Compiling Test.RBTree
[118 of 302] Compiling Test.Records
[117 of 302] Compiling Test.PrimesFFICheatcode
[119 of 302] Compiling Test.ListOpsFFICheatcode
[120 of 302] Compiling Test.LazyEvaluation
[121 of 302] Compiling Test.ListOpsFFI
[122 of 302] Compiling Test.ArrayOpsFFICheatcode
[123 of 302] Compiling Test.Fib
[124 of 302] Compiling Test.AstTreeFFICheatcode
[125 of 302] Compiling Test.TCOFFICheatcode
[126 of 302] Compiling Test.RBTreeFFI
[127 of 302] Compiling Test.Ackermann
[128 of 302] Compiling Test.Primes
[129 of 302] Compiling Test.RecordsFFI
[130 of 302] Compiling Test.StateMonadFFI
[131 of 302] Compiling Test.RowToListFFICheatcode
[132 of 302] Compiling Test.LazyEvaluationFFI
[133 of 302] Compiling Test.PolymorphismFFI
[134 of 302] Compiling Test.TCO
[135 of 302] Compiling Test.ChurchFFI
[136 of 302] Compiling Test.Church
[137 of 302] Compiling Test.RBTreeFFICheatcode
[138 of 302] Compiling Data.Tuple
[139 of 302] Compiling Data.Const
[140 of 302] Compiling Data.Profunctor.Join
[141 of 302] Compiling Data.Identity
[142 of 302] Compiling Data.Profunctor.Split
[143 of 302] Compiling Data.Maybe
[144 of 302] Compiling AppFFI
[145 of 302] Compiling AppFFICheatcode
[146 of 302] Compiling AppX
[147 of 302] Compiling Data.Functor.Contravariant
[148 of 302] Compiling AppCppFFI
[149 of 302] Compiling Data.Op
[150 of 302] Compiling Data.Predicate
[151 of 302] Compiling Data.Comparison
[152 of 302] Compiling AppCppFFICheatcode
[153 of 302] Compiling Main
[154 of 302] Compiling Data.Equivalence
[155 of 302] Compiling Data.String.CodeUnits
[156 of 302] Compiling Data.Either
[157 of 302] Compiling Data.Maybe.Last
[158 of 302] Compiling Data.Maybe.First
[159 of 302] Compiling Data.Number
[160 of 302] Compiling Data.Int
[161 of 302] Compiling Data.Number.Approximate
[162 of 302] Compiling Data.Divide
[164 of 302] Compiling Control.Monad.State.Class
[163 of 302] Compiling Data.Tuple.Nested
[165 of 302] Compiling Data.Profunctor.Strong
[166 of 302] Compiling Data.Distributive
[167 of 302] Compiling Data.Profunctor.Costrong
[168 of 302] Compiling Control.Monad.Writer.Class
[169 of 302] Compiling Data.Divisible
[170 of 302] Compiling Data.Decide
[171 of 302] Compiling Data.Bifunctor
[172 of 302] Compiling Effect.Exception
[173 of 302] Compiling Data.Either.Inject
[174 of 302] Compiling Data.Profunctor.Choice
[176 of 302] Compiling Data.Profunctor.Cochoice
[175 of 302] Compiling Data.Either.Nested
[177 of 302] Compiling Control.Monad.Error.Class
[178 of 302] Compiling Effect.Exception.Unsafe
[179 of 302] Compiling Data.Profunctor.Star
[180 of 302] Compiling Control.Biapply
[181 of 302] Compiling Data.Functor.Product
[182 of 302] Compiling Data.Functor.Coproduct
[183 of 302] Compiling Control.Monad.Rec.Class
[184 of 302] Compiling Data.Functor.Costar
[185 of 302] Compiling Data.Decidable
[186 of 302] Compiling Control.Biapplicative
[187 of 302] Compiling Data.Functor.Clown
[188 of 302] Compiling Data.Functor.Product2
[189 of 302] Compiling Data.Bifunctor.Join
[190 of 302] Compiling Data.Functor.Joker
[191 of 302] Compiling Data.Functor.Flip
[193 of 302] Compiling Data.Functor.Coproduct.Inject
[192 of 302] Compiling Data.Functor.Coproduct.Nested
[194 of 302] Compiling Data.Functor.Product.Nested
[195 of 302] Compiling Data.Foldable
[196 of 302] Compiling Data.FunctorWithIndex
[197 of 302] Compiling Control.Monad.ST.Internal
[198 of 302] Compiling Control.Monad.ST
[199 of 302] Compiling Control.Monad.ST.Ref
[200 of 302] Compiling Control.Monad.ST.Uncurried
[201 of 302] Compiling Control.Monad.ST.Global
[202 of 302] Compiling Control.Monad.ST.Class
[203 of 302] Compiling Control.Monad.Except.Trans
[204 of 302] Compiling Control.Monad.RWS.Trans
[206 of 302] Compiling Control.Monad.Maybe.Trans
[205 of 302] Compiling Control.Monad.State.Trans
[207 of 302] Compiling Control.Monad.Cont.Trans
[208 of 302] Compiling Control.Monad.Reader.Trans
[209 of 302] Compiling Control.Monad.Writer.Trans
[210 of 302] Compiling Data.Array.ST
[211 of 302] Compiling Data.Array.ST.Iterator
[212 of 302] Compiling Data.Array.ST.Partial
[213 of 302] Compiling Control.Monad.Cont
[214 of 302] Compiling Control.Monad.Reader
[215 of 302] Compiling Control.Monad.Except
[216 of 302] Compiling Control.Monad.State
[218 of 302] Compiling Control.Parallel.Class
[217 of 302] Compiling Control.Monad.Writer
[219 of 302] Compiling Control.Monad.RWS
[220 of 302] Compiling Data.Bifoldable
[221 of 302] Compiling Data.FoldableWithIndex
[222 of 302] Compiling Data.Traversable
[223 of 302] Compiling Data.Semigroup.Foldable
[224 of 302] Compiling Data.Semigroup.Traversable
[225 of 302] Compiling Data.Bitraversable
[227 of 302] Compiling Control.Monad.Identity.Trans
[226 of 302] Compiling Control.Parallel
[228 of 302] Compiling Effect.Aff
[229 of 302] Compiling Data.Unfoldable1
[230 of 302] Compiling Control.Comonad.Trans.Class
[231 of 302] Compiling Data.TraversableWithIndex
[232 of 302] Compiling Control.Comonad.Store.Trans
[233 of 302] Compiling Control.Comonad.Traced.Trans
[234 of 302] Compiling Data.Unfoldable
[235 of 302] Compiling Control.Monad.Gen
[236 of 302] Compiling Data.Enum
[237 of 302] Compiling Data.Time.Duration.Gen
[238 of 302] Compiling Data.Array.NonEmpty.Internal
[239 of 302] Compiling Data.Lazy
[240 of 302] Compiling Control.Comonad.Env.Trans
[241 of 302] Compiling Data.NonEmpty
[243 of 302] Compiling Effect.Aff.Compat
[242 of 302] Compiling Bench.Aff
[244 of 302] Compiling Data.Array
[245 of 302] Compiling Data.Time.Component
[246 of 302] Compiling Data.Enum.Generic
[247 of 302] Compiling Data.Char
[248 of 302] Compiling Data.Date.Component
[249 of 302] Compiling Control.Comonad.Store.Class
[250 of 302] Compiling Control.Monad.List.Trans
[251 of 302] Compiling Data.List.Types
[252 of 302] Compiling Data.Char.Gen
[253 of 302] Compiling Data.Enum.Gen
[254 of 302] Compiling Data.List.Lazy.Types
[255 of 302] Compiling Control.Monad.Gen.Common
[256 of 302] Compiling Control.Comonad.Store
[257 of 302] Compiling Control.Comonad.Env.Class
[258 of 302] Compiling Data.String.Gen
[259 of 302] Compiling Data.Time.Component.Gen
[260 of 302] Compiling Data.Time
[261 of 302] Compiling Control.Comonad.Env
[262 of 302] Compiling Control.Comonad.Traced.Class
[263 of 302] Compiling Data.Date.Component.Gen
[264 of 302] Compiling Data.Date
[265 of 302] Compiling Control.Comonad.Traced
[266 of 302] Compiling Data.Time.Gen
[268 of 302] Compiling Data.Date.Gen
[267 of 302] Compiling Data.DateTime
[269 of 302] Compiling Data.String.CodePoints
[270 of 302] Compiling Test.ArrayOps
[272 of 302] Compiling Data.Array.Partial
[271 of 302] Compiling Data.Array.NonEmpty
[273 of 302] Compiling App
[275 of 302] Compiling Data.DateTime.Gen
[274 of 302] Compiling Data.DateTime.Instant
[276 of 302] Compiling Data.List.Internal
[277 of 302] Compiling Effect.Aff.Class
[278 of 302] Compiling Effect.Now
[279 of 302] Compiling Data.String
[280 of 302] Compiling Data.String.NonEmpty.Internal
[281 of 302] Compiling Data.String.CaseInsensitive
[282 of 302] Compiling Data.String.Regex.Flags
[283 of 302] Compiling Data.List.Lazy
[284 of 302] Compiling Data.List
[285 of 302] Compiling Data.String.NonEmpty.CodePoints
[286 of 302] Compiling Data.String.Regex
[287 of 302] Compiling Data.String.NonEmpty.CodeUnits
[288 of 302] Compiling Data.String.Regex.Unsafe
[289 of 302] Compiling Data.String.NonEmpty
[290 of 302] Compiling Data.String.NonEmpty.CaseInsensitive
[291 of 302] Compiling Data.List.ZipList
[292 of 302] Compiling Data.List.Lazy.NonEmpty
[295 of 302] Compiling Data.List.Partial
[294 of 302] Compiling Data.List.NonEmpty
[293 of 302] Compiling Data.Map.Internal
[296 of 302] Compiling Data.Set
[298 of 302] Compiling Data.Map
[297 of 302] Compiling Data.Set.NonEmpty
[300 of 302] Compiling Data.Map.Gen
[299 of 302] Compiling Data.Interval.Duration
[302 of 302] Compiling Data.Interval
[301 of 302] Compiling Data.Interval.Duration.Iso
           Src   Lib   All
Warnings     0     0     0
Errors       0     0     0

✓ Build succeeded.

