     Removed 26 files, 8.2MiB total
   Compiling purust_core v0.1.0 (/Users/0x1/Documents/htdocs/altbak.pub-purust/run/bak/rust/output/purust_output/purust_core)
   Compiling Purs_Record_Unsafe v0.1.0 (/Users/0x1/Documents/htdocs/altbak.pub-purust/run/bak/rust/output/purust_output/Purs_Record_Unsafe)
   Compiling Purs_Type_Proxy v0.1.0 (/Users/0x1/Documents/htdocs/altbak.pub-purust/run/bak/rust/output/purust_output/Purs_Type_Proxy)
   Compiling Purs_Data_Unit v0.1.0 (/Users/0x1/Documents/htdocs/altbak.pub-purust/run/bak/rust/output/purust_output/Purs_Data_Unit)
   Compiling Purs_Data_Void v0.1.0 (/Users/0x1/Documents/htdocs/altbak.pub-purust/run/bak/rust/output/purust_output/Purs_Data_Void)
   Compiling Purs_Data_Boolean v0.1.0 (/Users/0x1/Documents/htdocs/altbak.pub-purust/run/bak/rust/output/purust_output/Purs_Data_Boolean)
   Compiling Purs_Unsafe_Coerce v0.1.0 (/Users/0x1/Documents/htdocs/altbak.pub-purust/run/bak/rust/output/purust_output/Purs_Unsafe_Coerce)
   Compiling Purs_Partial v0.1.0 (/Users/0x1/Documents/htdocs/altbak.pub-purust/run/bak/rust/output/purust_output/Purs_Partial)
   Compiling Purs_Control_Monad_ST_Uncurried v0.1.0 (/Users/0x1/Documents/htdocs/altbak.pub-purust/run/bak/rust/output/purust_output/Purs_Control_Monad_ST_Uncurried)
   Compiling Purs_Data_Function_Uncurried v0.1.0 (/Users/0x1/Documents/htdocs/altbak.pub-purust/run/bak/rust/output/purust_output/Purs_Data_Function_Uncurried)
   Compiling Purs_Data_Symbol v0.1.0 (/Users/0x1/Documents/htdocs/altbak.pub-purust/run/bak/rust/output/purust_output/Purs_Data_Symbol)
   Compiling Purs_Control_Semigroupoid v0.1.0 (/Users/0x1/Documents/htdocs/altbak.pub-purust/run/bak/rust/output/purust_output/Purs_Control_Semigroupoid)
   Compiling Purs_Control_Comonad v0.1.0 (/Users/0x1/Documents/htdocs/altbak.pub-purust/run/bak/rust/output/purust_output/Purs_Control_Comonad)
   Compiling Purs_Control_Lazy v0.1.0 (/Users/0x1/Documents/htdocs/altbak.pub-purust/run/bak/rust/output/purust_output/Purs_Control_Lazy)
   Compiling Purs_Safe_Coerce v0.1.0 (/Users/0x1/Documents/htdocs/altbak.pub-purust/run/bak/rust/output/purust_output/Purs_Safe_Coerce)
   Compiling Purs_Partial_Unsafe v0.1.0 (/Users/0x1/Documents/htdocs/altbak.pub-purust/run/bak/rust/output/purust_output/Purs_Partial_Unsafe)
   Compiling Purs_Data_HeytingAlgebra v0.1.0 (/Users/0x1/Documents/htdocs/altbak.pub-purust/run/bak/rust/output/purust_output/Purs_Data_HeytingAlgebra)
   Compiling Purs_Data_Semiring v0.1.0 (/Users/0x1/Documents/htdocs/altbak.pub-purust/run/bak/rust/output/purust_output/Purs_Data_Semiring)
   Compiling Purs_Data_Semigroup v0.1.0 (/Users/0x1/Documents/htdocs/altbak.pub-purust/run/bak/rust/output/purust_output/Purs_Data_Semigroup)
   Compiling Purs_Data_Show v0.1.0 (/Users/0x1/Documents/htdocs/altbak.pub-purust/run/bak/rust/output/purust_output/Purs_Data_Show)
   Compiling Purs_Data_Ring v0.1.0 (/Users/0x1/Documents/htdocs/altbak.pub-purust/run/bak/rust/output/purust_output/Purs_Data_Ring)
   Compiling Purs_Control_Category v0.1.0 (/Users/0x1/Documents/htdocs/altbak.pub-purust/run/bak/rust/output/purust_output/Purs_Control_Category)
   Compiling Purs_Data_Eq v0.1.0 (/Users/0x1/Documents/htdocs/altbak.pub-purust/run/bak/rust/output/purust_output/Purs_Data_Eq)
   Compiling Purs_Data_Newtype v0.1.0 (/Users/0x1/Documents/htdocs/altbak.pub-purust/run/bak/rust/output/purust_output/Purs_Data_Newtype)
   Compiling Purs_Data_Generic_Rep v0.1.0 (/Users/0x1/Documents/htdocs/altbak.pub-purust/run/bak/rust/output/purust_output/Purs_Data_Generic_Rep)
   Compiling Purs_Data_BooleanAlgebra v0.1.0 (/Users/0x1/Documents/htdocs/altbak.pub-purust/run/bak/rust/output/purust_output/Purs_Data_BooleanAlgebra)
   Compiling Purs_Data_Ordering v0.1.0 (/Users/0x1/Documents/htdocs/altbak.pub-purust/run/bak/rust/output/purust_output/Purs_Data_Ordering)
   Compiling Purs_Data_Ord v0.1.0 (/Users/0x1/Documents/htdocs/altbak.pub-purust/run/bak/rust/output/purust_output/Purs_Data_Ord)
   Compiling Purs_Data_CommutativeRing v0.1.0 (/Users/0x1/Documents/htdocs/altbak.pub-purust/run/bak/rust/output/purust_output/Purs_Data_CommutativeRing)
   Compiling Purs_Data_EuclideanRing v0.1.0 (/Users/0x1/Documents/htdocs/altbak.pub-purust/run/bak/rust/output/purust_output/Purs_Data_EuclideanRing)
   Compiling Purs_Data_Function v0.1.0 (/Users/0x1/Documents/htdocs/altbak.pub-purust/run/bak/rust/output/purust_output/Purs_Data_Function)
   Compiling Purs_Data_Monoid v0.1.0 (/Users/0x1/Documents/htdocs/altbak.pub-purust/run/bak/rust/output/purust_output/Purs_Data_Monoid)
   Compiling Purs_Data_Bounded v0.1.0 (/Users/0x1/Documents/htdocs/altbak.pub-purust/run/bak/rust/output/purust_output/Purs_Data_Bounded)
   Compiling Purs_Data_Functor v0.1.0 (/Users/0x1/Documents/htdocs/altbak.pub-purust/run/bak/rust/output/purust_output/Purs_Data_Functor)
   Compiling Purs_Control_Apply v0.1.0 (/Users/0x1/Documents/htdocs/altbak.pub-purust/run/bak/rust/output/purust_output/Purs_Control_Apply)
   Compiling Purs_Control_Alt v0.1.0 (/Users/0x1/Documents/htdocs/altbak.pub-purust/run/bak/rust/output/purust_output/Purs_Control_Alt)
   Compiling Purs_Control_Applicative v0.1.0 (/Users/0x1/Documents/htdocs/altbak.pub-purust/run/bak/rust/output/purust_output/Purs_Control_Applicative)
   Compiling Purs_Control_Bind v0.1.0 (/Users/0x1/Documents/htdocs/altbak.pub-purust/run/bak/rust/output/purust_output/Purs_Control_Bind)
   Compiling Purs_Control_Plus v0.1.0 (/Users/0x1/Documents/htdocs/altbak.pub-purust/run/bak/rust/output/purust_output/Purs_Control_Plus)
   Compiling Purs_Control_Monad v0.1.0 (/Users/0x1/Documents/htdocs/altbak.pub-purust/run/bak/rust/output/purust_output/Purs_Control_Monad)
   Compiling Purs_Control_Alternative v0.1.0 (/Users/0x1/Documents/htdocs/altbak.pub-purust/run/bak/rust/output/purust_output/Purs_Control_Alternative)
   Compiling Purs_Control_Extend v0.1.0 (/Users/0x1/Documents/htdocs/altbak.pub-purust/run/bak/rust/output/purust_output/Purs_Control_Extend)
   Compiling Purs_Data_Monoid_Dual v0.1.0 (/Users/0x1/Documents/htdocs/altbak.pub-purust/run/bak/rust/output/purust_output/Purs_Data_Monoid_Dual)
   Compiling Purs_Data_Monoid_Alternate v0.1.0 (/Users/0x1/Documents/htdocs/altbak.pub-purust/run/bak/rust/output/purust_output/Purs_Data_Monoid_Alternate)
   Compiling Purs_Data_Monoid_Disj v0.1.0 (/Users/0x1/Documents/htdocs/altbak.pub-purust/run/bak/rust/output/purust_output/Purs_Data_Monoid_Disj)
   Compiling Purs_Data_Monoid_Conj v0.1.0 (/Users/0x1/Documents/htdocs/altbak.pub-purust/run/bak/rust/output/purust_output/Purs_Data_Monoid_Conj)
   Compiling Purs_Data_Monoid_Additive v0.1.0 (/Users/0x1/Documents/htdocs/altbak.pub-purust/run/bak/rust/output/purust_output/Purs_Data_Monoid_Additive)
   Compiling Purs_Data_Monoid_Multiplicative v0.1.0 (/Users/0x1/Documents/htdocs/altbak.pub-purust/run/bak/rust/output/purust_output/Purs_Data_Monoid_Multiplicative)
   Compiling Purs_Data_Monoid_Endo v0.1.0 (/Users/0x1/Documents/htdocs/altbak.pub-purust/run/bak/rust/output/purust_output/Purs_Data_Monoid_Endo)
   Compiling Purs_Effect v0.1.0 (/Users/0x1/Documents/htdocs/altbak.pub-purust/run/bak/rust/output/purust_output/Purs_Effect)
   Compiling Purs_Data_Functor_Invariant v0.1.0 (/Users/0x1/Documents/htdocs/altbak.pub-purust/run/bak/rust/output/purust_output/Purs_Data_Functor_Invariant)
   Compiling Purs_Effect_Console v0.1.0 (/Users/0x1/Documents/htdocs/altbak.pub-purust/run/bak/rust/output/purust_output/Purs_Effect_Console)
   Compiling Purs_Control_MonadPlus v0.1.0 (/Users/0x1/Documents/htdocs/altbak.pub-purust/run/bak/rust/output/purust_output/Purs_Control_MonadPlus)
   Compiling Purs_Data_Traversable_Accum_Internal v0.1.0 (/Users/0x1/Documents/htdocs/altbak.pub-purust/run/bak/rust/output/purust_output/Purs_Data_Traversable_Accum_Internal)
   Compiling Purs_Data_Ord_Max v0.1.0 (/Users/0x1/Documents/htdocs/altbak.pub-purust/run/bak/rust/output/purust_output/Purs_Data_Ord_Max)
   Compiling Purs_Data_Ord_Min v0.1.0 (/Users/0x1/Documents/htdocs/altbak.pub-purust/run/bak/rust/output/purust_output/Purs_Data_Ord_Min)
   Compiling Purs_Effect_Ref v0.1.0 (/Users/0x1/Documents/htdocs/altbak.pub-purust/run/bak/rust/output/purust_output/Purs_Effect_Ref)
   Compiling Purs_Data_Maybe v0.1.0 (/Users/0x1/Documents/htdocs/altbak.pub-purust/run/bak/rust/output/purust_output/Purs_Data_Maybe)
   Compiling Purs_Data_Const v0.1.0 (/Users/0x1/Documents/htdocs/altbak.pub-purust/run/bak/rust/output/purust_output/Purs_Data_Const)
   Compiling Purs_Data_Tuple v0.1.0 (/Users/0x1/Documents/htdocs/altbak.pub-purust/run/bak/rust/output/purust_output/Purs_Data_Tuple)
   Compiling Purs_Data_Identity v0.1.0 (/Users/0x1/Documents/htdocs/altbak.pub-purust/run/bak/rust/output/purust_output/Purs_Data_Identity)
   Compiling Purs_Bench v0.1.0 (/Users/0x1/Documents/htdocs/altbak.pub-purust/run/bak/rust/output/purust_output/Purs_Bench)
   Compiling Purs_Data_Functor_App v0.1.0 (/Users/0x1/Documents/htdocs/altbak.pub-purust/run/bak/rust/output/purust_output/Purs_Data_Functor_App)
   Compiling Purs_Data_Either v0.1.0 (/Users/0x1/Documents/htdocs/altbak.pub-purust/run/bak/rust/output/purust_output/Purs_Data_Either)
   Compiling Purs_Data_Functor_Compose v0.1.0 (/Users/0x1/Documents/htdocs/altbak.pub-purust/run/bak/rust/output/purust_output/Purs_Data_Functor_Compose)
   Compiling Purs_Data_Maybe_Last v0.1.0 (/Users/0x1/Documents/htdocs/altbak.pub-purust/run/bak/rust/output/purust_output/Purs_Data_Maybe_Last)
   Compiling Purs_Data_Bifunctor v0.1.0 (/Users/0x1/Documents/htdocs/altbak.pub-purust/run/bak/rust/output/purust_output/Purs_Data_Bifunctor)
   Compiling Purs_Data_Maybe_First v0.1.0 (/Users/0x1/Documents/htdocs/altbak.pub-purust/run/bak/rust/output/purust_output/Purs_Data_Maybe_First)
   Compiling Purs_Data_Functor_Coproduct v0.1.0 (/Users/0x1/Documents/htdocs/altbak.pub-purust/run/bak/rust/output/purust_output/Purs_Data_Functor_Coproduct)
   Compiling Purs_Data_Functor_Product v0.1.0 (/Users/0x1/Documents/htdocs/altbak.pub-purust/run/bak/rust/output/purust_output/Purs_Data_Functor_Product)
   Compiling Purs_Control_Monad_Rec_Class v0.1.0 (/Users/0x1/Documents/htdocs/altbak.pub-purust/run/bak/rust/output/purust_output/Purs_Control_Monad_Rec_Class)
   Compiling Purs_Test_RBTree v0.1.0 (/Users/0x1/Documents/htdocs/altbak.pub-purust/scratch/rust-borrowed-depth-20260910/build/full-output/Purs_Test_RBTree)
   Compiling Purs_Test_ListOps v0.1.0 (/Users/0x1/Documents/htdocs/altbak.pub-purust/run/bak/rust/output/purust_output/Purs_Test_ListOps)
   Compiling Purs_Data_Foldable v0.1.0 (/Users/0x1/Documents/htdocs/altbak.pub-purust/run/bak/rust/output/purust_output/Purs_Data_Foldable)
   Compiling Purs_Data_FunctorWithIndex v0.1.0 (/Users/0x1/Documents/htdocs/altbak.pub-purust/run/bak/rust/output/purust_output/Purs_Data_FunctorWithIndex)
   Compiling Purs_Control_Monad_ST_Internal v0.1.0 (/Users/0x1/Documents/htdocs/altbak.pub-purust/run/bak/rust/output/purust_output/Purs_Control_Monad_ST_Internal)
   Compiling Purs_Test_Primes v0.1.0 (/Users/0x1/Documents/htdocs/altbak.pub-purust/run/bak/rust/output/purust_output/Purs_Test_Primes)
   Compiling Purs_Data_Array_ST v0.1.0 (/Users/0x1/Documents/htdocs/altbak.pub-purust/run/bak/rust/output/purust_output/Purs_Data_Array_ST)
   Compiling Purs_Test_Fib v0.1.0 (/Users/0x1/Documents/htdocs/altbak.pub-purust/run/bak/rust/output/purust_output/Purs_Test_Fib)
   Compiling Purs_Test_Records v0.1.0 (/Users/0x1/Documents/htdocs/altbak.pub-purust/run/bak/rust/output/purust_output/Purs_Test_Records)
   Compiling Purs_Data_Traversable v0.1.0 (/Users/0x1/Documents/htdocs/altbak.pub-purust/run/bak/rust/output/purust_output/Purs_Data_Traversable)
   Compiling Purs_Data_Semigroup_Foldable v0.1.0 (/Users/0x1/Documents/htdocs/altbak.pub-purust/run/bak/rust/output/purust_output/Purs_Data_Semigroup_Foldable)
   Compiling Purs_Data_FoldableWithIndex v0.1.0 (/Users/0x1/Documents/htdocs/altbak.pub-purust/run/bak/rust/output/purust_output/Purs_Data_FoldableWithIndex)
   Compiling Purs_Data_Array_ST_Iterator v0.1.0 (/Users/0x1/Documents/htdocs/altbak.pub-purust/run/bak/rust/output/purust_output/Purs_Data_Array_ST_Iterator)
   Compiling Purs_Data_Semigroup_Traversable v0.1.0 (/Users/0x1/Documents/htdocs/altbak.pub-purust/run/bak/rust/output/purust_output/Purs_Data_Semigroup_Traversable)
   Compiling Purs_Test_Polymorphism v0.1.0 (/Users/0x1/Documents/htdocs/altbak.pub-purust/run/bak/rust/output/purust_output/Purs_Test_Polymorphism)
   Compiling Purs_Data_Unfoldable1 v0.1.0 (/Users/0x1/Documents/htdocs/altbak.pub-purust/run/bak/rust/output/purust_output/Purs_Data_Unfoldable1)
   Compiling Purs_Data_TraversableWithIndex v0.1.0 (/Users/0x1/Documents/htdocs/altbak.pub-purust/run/bak/rust/output/purust_output/Purs_Data_TraversableWithIndex)
   Compiling Purs_Data_Unfoldable v0.1.0 (/Users/0x1/Documents/htdocs/altbak.pub-purust/run/bak/rust/output/purust_output/Purs_Data_Unfoldable)
   Compiling Purs_Test_RowToList v0.1.0 (/Users/0x1/Documents/htdocs/altbak.pub-purust/run/bak/rust/output/purust_output/Purs_Test_RowToList)
   Compiling Purs_Test_Ackermann v0.1.0 (/Users/0x1/Documents/htdocs/altbak.pub-purust/run/bak/rust/output/purust_output/Purs_Test_Ackermann)
   Compiling Purs_Data_Array_NonEmpty_Internal v0.1.0 (/Users/0x1/Documents/htdocs/altbak.pub-purust/run/bak/rust/output/purust_output/Purs_Data_Array_NonEmpty_Internal)
   Compiling Purs_Test_TCO v0.1.0 (/Users/0x1/Documents/htdocs/altbak.pub-purust/run/bak/rust/output/purust_output/Purs_Test_TCO)
   Compiling Purs_Test_StateMonad v0.1.0 (/Users/0x1/Documents/htdocs/altbak.pub-purust/run/bak/rust/output/purust_output/Purs_Test_StateMonad)
   Compiling Purs_Test_AstTree v0.1.0 (/Users/0x1/Documents/htdocs/altbak.pub-purust/run/bak/rust/output/purust_output/Purs_Test_AstTree)
   Compiling Purs_Test_Church v0.1.0 (/Users/0x1/Documents/htdocs/altbak.pub-purust/run/bak/rust/output/purust_output/Purs_Test_Church)
   Compiling Purs_Data_Array v0.1.0 (/Users/0x1/Documents/htdocs/altbak.pub-purust/run/bak/rust/output/purust_output/Purs_Data_Array)
   Compiling Purs_Test_LazyEvaluation v0.1.0 (/Users/0x1/Documents/htdocs/altbak.pub-purust/run/bak/rust/output/purust_output/Purs_Test_LazyEvaluation)
   Compiling Purs_Test_ArrayOps v0.1.0 (/Users/0x1/Documents/htdocs/altbak.pub-purust/run/bak/rust/output/purust_output/Purs_Test_ArrayOps)
   Compiling Purs_App v0.1.0 (/Users/0x1/Documents/htdocs/altbak.pub-purust/scratch/rust-borrowed-depth-20260910/build/full-output/Purs_App)
   Compiling purust_output v0.1.0 (/Users/0x1/Documents/htdocs/altbak.pub-purust/scratch/rust-borrowed-depth-20260910/build/full-output)
    Finished `release` profile [optimized + debuginfo] target(s) in 8.38s
